[17:38:52.636] [INFO ] Control handle opened  (0xFFC0): \\?\HID#VID_1038&PID_12E0&MI_04&Col01#8&26fe868d&0&0000#{4d1e55b2-f16f-11cf-88cb-001111000030}
[17:38:52.638] [INFO ] Events  handle opened  (0xFF00): \\?\HID#VID_1038&PID_12E0&MI_04&Col02#8&26fe868d&0&0001#{4d1e55b2-f16f-11cf-88cb-001111000030}
[17:38:52.638] 
[17:38:52.638] [INFO ] Sending candidate query commands (Nova 7X origin, verifying on Nova Pro)…
[17:38:52.638] [QUERY] TX  0xB0  status        (battery %, charging, game/chat vol, sleep, mute)
[17:38:52.639] [QUERY]     06 B0 00 00 00 00 00 00 00 00 00 00 00 00 00 00 00 00 00 00 00 00 00 00 00 00 00 00 00 00 00 00 00 00 00 00 00 00 00 00 00 00 00 00 00 00 00 00 00 00 00 00 00 00 00 00 00 00 00 00 00 00 00 00
[17:38:52.734] [QUERY] TX  0xA0  config        (idle timeout, LED brightness)
[17:38:52.734] [QUERY]     06 A0 00 00 00 00 00 00 00 00 00 00 00 00 00 00 00 00 00 00 00 00 00 00 00 00 00 00 00 00 00 00 00 00 00 00 00 00 00 00 00 00 00 00 00 00 00 00 00 00 00 00 00 00 00 00 00 00 00 00 00 00 00 00
[17:38:52.830] [QUERY] TX  0x20  mic params    (volume, sidetone level, volume limiter)
[17:38:52.830] [QUERY]     06 20 00 00 00 00 00 00 00 00 00 00 00 00 00 00 00 00 00 00 00 00 00 00 00 00 00 00 00 00 00 00 00 00 00 00 00 00 00 00 00 00 00 00 00 00 00 00 00 00 00 00 00 00 00 00 00 00 00 00 00 00 00 00
[17:38:52.926] [QUERY] TX  0x10  firmware ver  (ASCII string)
[17:38:52.926] [QUERY]     06 10 00 00 00 00 00 00 00 00 00 00 00 00 00 00 00 00 00 00 00 00 00 00 00 00 00 00 00 00 00 00 00 00 00 00 00 00 00 00 00 00 00 00 00 00 00 00 00 00 00 00 00 00 00 00 00 00 00 00 00 00 00 00
[17:38:53.023] [QUERY] TX  0x12  serial number (ASCII string)
[17:38:53.023] [QUERY]     06 12 00 00 00 00 00 00 00 00 00 00 00 00 00 00 00 00 00 00 00 00 00 00 00 00 00 00 00 00 00 00 00 00 00 00 00 00 00 00 00 00 00 00 00 00 00 00 00 00 00 00 00 00 00 00 00 00 00 00 00 00 00 00
[17:38:53.118] 
[17:38:53.118] [INFO ] Event loop active – interact with the headset. Ctrl+C to stop.
[17:38:53.118] [INFO ] Try: volume wheel, mute button, ANC button, ChatMix dial.
[17:38:53.118] 
[17:38:53.118] [CTRL ] RAW: 06 B0 00 00 01 00 06 08 08 00 02 0A 05 00 08 08 00 00 00 00 00 00 00 00 00 00 00 00 00 00 00 00 00 00 00 00 00 00 00 00 00 00 00 00 00 00 00 00 00 00 00 00 00 00 00 00 00 00 00 00 00 00 00 00
[17:38:53.119] [CTRL ] 0xB0  Status          → sleep=0x00  battery=0%  charging=0x01  game_vol=0  chat_vol=6
[17:38:53.170] [CTRL ] RAW: 06 20 01 21 02 00 00 14 14 14 14 14 14 14 14 14 14 0A 00 01 64 53 64 00 64 64 00 00 00 00 00 00 00 00 00 00 00 00 00 00 00 00 00 00 00 00 00 00 00 00 00 00 00 00 00 00 00 00 00 00 00 00 00 00
[17:38:53.170] [CTRL ] 0x20  Mic Params      → volume=1  sidetone=33  limiter=2
[17:38:53.232] [CTRL ] RAW: 06 10 30 30 30 30 2E 30 30 33 2E 30 38 32 30 30 30 31 2E 30 33 31 2E 30 30 30 30 30 30 32 2E 30 30 32 2E 30 30 31 30 30 30 32 2E 30 30 31 2E 30 30 30 00 00 00 00 00 00 00 00 00 00 00 00 00 00
[17:38:53.232] [CTRL ] 0x10  Firmware        → '0000.003.0820001.031.0000002.002.0010002.001.000'
[17:38:53.294] [CTRL ] RAW: 06 12 36 31 35 32 30 34 38 33 31 33 32 32 32 35 30 30 37 34 37 00 00 00 00 00 00 00 00 00 00 00 00 00 00 00 00 00 00 00 00 00 00 00 00 00 00 00 00 00 00 00 00 00 00 00 00 00 00 00 00 00 00 00
[17:38:53.294] [CTRL ] 0x12  Serial          → '6152048313222500747'
[17:38:53.789] [CTRL ] RAW: 06 10 30 30 30 30 2E 30 30 33 2E 30 38 32 30 30 30 31 2E 30 33 31 2E 30 30 30 30 30 30 32 2E 30 30 32 2E 30 30 31 30 30 30 32 2E 30 30 31 2E 30 30 30 00 00 00 00 00 00 00 00 00 00 00 00 00 00
[17:38:53.790] [CTRL ] 0x10  Firmware        → '0000.003.0820001.031.0000002.002.0010002.001.000'
[17:38:54.238] [CTRL ] RAW: 06 20 01 21 02 00 00 14 14 14 14 14 14 14 14 14 14 0A 00 01 64 53 64 00 64 64 00 00 00 00 00 00 00 00 00 00 00 00 00 00 00 00 00 00 00 00 00 00 00 00 00 00 00 00 00 00 00 00 00 00 00 00 00 00
[17:38:54.238] [CTRL ] 0x20  Mic Params      → volume=1  sidetone=33  limiter=2
[17:38:54.318] [CTRL ] RAW: 06 10 30 30 30 30 2E 30 30 33 2E 30 38 32 30 30 30 31 2E 30 33 31 2E 30 30 30 30 30 30 32 2E 30 30 32 2E 30 30 31 30 30 30 32 2E 30 30 31 2E 30 30 30 00 00 00 00 00 00 00 00 00 00 00 00 00 00
[17:38:54.318] [CTRL ] 0x10  Firmware        → '0000.003.0820001.031.0000002.002.0010002.001.000'
[17:38:54.430] [CTRL ] RAW: 06 20 01 21 02 00 00 14 14 14 14 14 14 14 14 14 14 0A 00 01 64 53 64 00 64 64 00 00 00 00 00 00 00 00 00 00 00 00 00 00 00 00 00 00 00 00 00 00 00 00 00 00 00 00 00 00 00 00 00 00 00 00 00 00
[17:38:54.430] [CTRL ] 0x20  Mic Params      → volume=1  sidetone=33  limiter=2
[17:38:54.510] [CTRL ] RAW: 06 80 03 0A 01 01 00 01 00 00 00 00 00 00 00 00 00 00 00 00 00 00 00 00 00 00 00 00 00 00 00 00 00 00 00 00 00 00 00 00 00 00 00 00 00 00 00 00 00 00 00 00 00 00 00 00 00 00 00 00 00 00 00 00
[17:38:54.510] [CTRL ] 0x80  (unknown – raw bytes above)
[17:38:54.605] [CTRL ] RAW: 06 B0 00 00 01 00 06 08 08 00 02 0A 05 00 08 08 00 00 00 00 00 00 00 00 00 00 00 00 00 00 00 00 00 00 00 00 00 00 00 00 00 00 00 00 00 00 00 00 00 00 00 00 00 00 00 00 00 00 00 00 00 00 00 00
[17:38:54.606] [CTRL ] 0xB0  Status          → sleep=0x00  battery=0%  charging=0x01  game_vol=0  chat_vol=6
[17:38:55.934] [CTRL ] RAW: 06 B0 00 00 01 00 06 08 08 00 02 0A 05 00 08 08 00 00 00 00 00 00 00 00 00 00 00 00 00 00 00 00 00 00 00 00 00 00 00 00 00 00 00 00 00 00 00 00 00 00 00 00 00 00 00 00 00 00 00 00 00 00 00 00
[17:38:55.934] [CTRL ] 0xB0  Status          → sleep=0x00  battery=0%  charging=0x01  game_vol=0  chat_vol=6
[17:39:16.236] [CTRL ] RAW: 06 B0 00 00 01 00 06 08 08 00 02 0A 05 00 08 08 00 00 00 00 00 00 00 00 00 00 00 00 00 00 00 00 00 00 00 00 00 00 00 00 00 00 00 00 00 00 00 00 00 00 00 00 00 00 00 00 00 00 00 00 00 00 00 00
[17:39:16.236] [CTRL ] 0xB0  Status          → sleep=0x00  battery=0%  charging=0x01  game_vol=0  chat_vol=6
[17:39:16.301] [CTRL ] RAW: 06 B7 06 08 08 00 00 00 00 00 00 00 00 00 00 00 00 00 00 00 00 00 00 00 00 00 00 00 00 00 00 00 00 00 00 00 00 00 00 00 00 00 00 00 00 00 00 00 00 00 00 00 00 00 00 00 00 00 00 00 00 00 00 00
[17:39:16.302] [CTRL ] 0xB7  Battery         → headset=75% dock=100%
[17:39:16.382] [CTRL ] RAW: 06 B7 06 08 08 00 00 00 00 00 00 00 00 00 00 00 00 00 00 00 00 00 00 00 00 00 00 00 00 00 00 00 00 00 00 00 00 00 00 00 00 00 00 00 00 00 00 00 00 00 00 00 00 00 00 00 00 00 00 00 00 00 00 00
[17:39:16.382] [CTRL ] 0xB7  Battery         → headset=75% dock=100%
[17:39:16.462] [CTRL ] RAW: 06 B0 00 00 01 00 06 08 08 00 02 0A 05 00 08 08 00 00 00 00 00 00 00 00 00 00 00 00 00 00 00 00 00 00 00 00 00 00 00 00 00 00 00 00 00 00 00 00 00 00 00 00 00 00 00 00 00 00 00 00 00 00 00 00
[17:39:16.462] [CTRL ] 0xB0  Status          → sleep=0x00  battery=0%  charging=0x01  game_vol=0  chat_vol=6
[17:39:16.541] [CTRL ] RAW: 06 B7 06 08 08 00 00 00 00 00 00 00 00 00 00 00 00 00 00 00 00 00 00 00 00 00 00 00 00 00 00 00 00 00 00 00 00 00 00 00 00 00 00 00 00 00 00 00 00 00 00 00 00 00 00 00 00 00 00 00 00 00 00 00
[17:39:16.541] [CTRL ] 0xB7  Battery         → headset=75% dock=100%
[17:39:16.622] [CTRL ] RAW: 06 B0 00 00 01 00 06 08 08 00 02 0A 05 00 08 08 00 00 00 00 00 00 00 00 00 00 00 00 00 00 00 00 00 00 00 00 00 00 00 00 00 00 00 00 00 00 00 00 00 00 00 00 00 00 00 00 00 00 00 00 00 00 00 00
[17:39:16.622] [CTRL ] 0xB0  Status          → sleep=0x00  battery=0%  charging=0x01  game_vol=0  chat_vol=6
[17:39:16.862] [CTRL ] RAW: 06 10 30 30 30 30 2E 30 30 33 2E 30 38 32 30 30 30 31 2E 30 33 31 2E 30 30 30 30 30 30 32 2E 30 30 32 2E 30 30 31 30 30 30 32 2E 30 30 31 2E 30 30 30 00 00 00 00 00 00 00 00 00 00 00 00 00 00
[17:39:16.862] [CTRL ] 0x10  Firmware        → '0000.003.0820001.031.0000002.002.0010002.001.000'
[17:39:17.170] [CTRL ] RAW: 06 10 30 30 30 30 2E 30 30 33 2E 30 38 32 30 30 30 31 2E 30 33 31 2E 30 30 30 30 30 30 32 2E 30 30 32 2E 30 30 31 30 30 30 32 2E 30 30 31 2E 30 30 30 00 00 00 00 00 00 00 00 00 00 00 00 00 00
[17:39:17.170] [CTRL ] 0x10  Firmware        → '0000.003.0820001.031.0000002.002.0010002.001.000'
[17:39:17.262] [CTRL ] RAW: 06 10 30 30 30 30 2E 30 30 33 2E 30 38 32 30 30 30 31 2E 30 33 31 2E 30 30 30 30 30 30 32 2E 30 30 32 2E 30 30 31 30 30 30 32 2E 30 30 31 2E 30 30 30 00 00 00 00 00 00 00 00 00 00 00 00 00 00
[17:39:17.262] [CTRL ] 0x10  Firmware        → '0000.003.0820001.031.0000002.002.0010002.001.000'
[17:40:37.353] [CTRL ] RAW: 06 B7 06 08 08 00 00 00 00 00 00 00 00 00 00 00 00 00 00 00 00 00 00 00 00 00 00 00 00 00 00 00 00 00 00 00 00 00 00 00 00 00 00 00 00 00 00 00 00 00 00 00 00 00 00 00 00 00 00 00 00 00 00 00
[17:40:37.353] [CTRL ] 0xB7  Battery         → headset=75% dock=100%
[17:40:37.415] [CTRL ] RAW: 06 B0 00 00 01 00 06 08 08 00 02 0A 05 00 08 08 00 00 00 00 00 00 00 00 00 00 00 00 00 00 00 00 00 00 00 00 00 00 00 00 00 00 00 00 00 00 00 00 00 00 00 00 00 00 00 00 00 00 00 00 00 00 00 00
[17:40:37.415] [CTRL ] 0xB0  Status          → sleep=0x00  battery=0%  charging=0x01  game_vol=0  chat_vol=6
[17:40:37.485] [CTRL ] RAW: 06 B7 06 08 08 00 00 00 00 00 00 00 00 00 00 00 00 00 00 00 00 00 00 00 00 00 00 00 00 00 00 00 00 00 00 00 00 00 00 00 00 00 00 00 00 00 00 00 00 00 00 00 00 00 00 00 00 00 00 00 00 00 00 00
[17:40:37.485] [CTRL ] 0xB7  Battery         → headset=75% dock=100%
[17:40:37.566] [CTRL ] RAW: 06 B0 00 00 01 00 06 08 08 00 02 0A 05 00 08 08 00 00 00 00 00 00 00 00 00 00 00 00 00 00 00 00 00 00 00 00 00 00 00 00 00 00 00 00 00 00 00 00 00 00 00 00 00 00 00 00 00 00 00 00 00 00 00 00
[17:40:37.566] [CTRL ] 0xB0  Status          → sleep=0x00  battery=0%  charging=0x01  game_vol=0  chat_vol=6
[17:40:37.998] [CTRL ] RAW: 06 10 30 30 30 30 2E 30 30 33 2E 30 38 32 30 30 30 31 2E 30 33 31 2E 30 30 30 30 30 30 32 2E 30 30 32 2E 30 30 31 30 30 30 32 2E 30 30 31 2E 30 30 30 00 00 00 00 00 00 00 00 00 00 00 00 00 00
[17:40:37.998] [CTRL ] 0x10  Firmware        → '0000.003.0820001.031.0000002.002.0010002.001.000'
[17:40:38.058] [CTRL ] RAW: 06 10 30 30 30 30 2E 30 30 33 2E 30 38 32 30 30 30 31 2E 30 33 31 2E 30 30 30 30 30 30 32 2E 30 30 32 2E 30 30 31 30 30 30 32 2E 30 30 31 2E 30 30 30 00 00 00 00 00 00 00 00 00 00 00 00 00 00
[17:40:38.058] [CTRL ] 0x10  Firmware        → '0000.003.0820001.031.0000002.002.0010002.001.000'
[17:40:38.120] [CTRL ] RAW: 06 10 30 30 30 30 2E 30 30 33 2E 30 38 32 30 30 30 31 2E 30 33 31 2E 30 30 30 30 30 30 32 2E 30 30 32 2E 30 30 31 30 30 30 32 2E 30 30 31 2E 30 30 30 00 00 00 00 00 00 00 00 00 00 00 00 00 00
[17:40:38.120] [CTRL ] 0x10  Firmware        → '0000.003.0820001.031.0000002.002.0010002.001.000'
[17:40:38.190] [CTRL ] RAW: 06 10 30 30 30 30 2E 30 30 33 2E 30 38 32 30 30 30 31 2E 30 33 31 2E 30 30 30 30 30 30 32 2E 30 30 32 2E 30 30 31 30 30 30 32 2E 30 30 31 2E 30 30 30 00 00 00 00 00 00 00 00 00 00 00 00 00 00
[17:40:38.190] [CTRL ] 0x10  Firmware        → '0000.003.0820001.031.0000002.002.0010002.001.000'
[17:41:22.956] 
[INFO ] Stopped by user.
