[06:21:05.569] [INFO ] Control handle opened  (0xFFC0): \\?\HID#VID_1038&PID_12E0&MI_04&Col01#8&26fe868d&0&0000#{4d1e55b2-f16f-11cf-88cb-001111000030}
[06:21:05.572] [INFO ] Events  handle opened  (0xFF00): \\?\HID#VID_1038&PID_12E0&MI_04&Col02#8&26fe868d&0&0001#{4d1e55b2-f16f-11cf-88cb-001111000030}
[06:21:05.572] 
[06:21:05.572] [INFO ] Sending candidate query commands (Nova 7X origin, verifying on Nova Pro)…
[06:21:05.572] [QUERY] TX  0xB0  status        (battery, partial decode – see HidCommands.md §6.1)
[06:21:05.572] [QUERY]     06 B0 00 00 00 00 00 00 00 00 00 00 00 00 00 00 00 00 00 00 00 00 00 00 00 00 00 00 00 00 00 00 00 00 00 00 00 00 00 00 00 00 00 00 00 00 00 00 00 00 00 00 00 00 00 00 00 00 00 00 00 00 00 00
[06:21:05.664] [QUERY] TX  0x20  mic / EQ      (gain level, sidetone raw, 10 EQ band values)
[06:21:05.664] [QUERY]     06 20 00 00 00 00 00 00 00 00 00 00 00 00 00 00 00 00 00 00 00 00 00 00 00 00 00 00 00 00 00 00 00 00 00 00 00 00 00 00 00 00 00 00 00 00 00 00 00 00 00 00 00 00 00 00 00 00 00 00 00 00 00 00
[06:21:05.759] [QUERY] TX  0x10  firmware ver  (ASCII string)
[06:21:05.759] [QUERY]     06 10 00 00 00 00 00 00 00 00 00 00 00 00 00 00 00 00 00 00 00 00 00 00 00 00 00 00 00 00 00 00 00 00 00 00 00 00 00 00 00 00 00 00 00 00 00 00 00 00 00 00 00 00 00 00 00 00 00 00 00 00 00 00
[06:21:05.855] [QUERY] TX  0x12  serial number (ASCII string)
[06:21:05.855] [QUERY]     06 12 00 00 00 00 00 00 00 00 00 00 00 00 00 00 00 00 00 00 00 00 00 00 00 00 00 00 00 00 00 00 00 00 00 00 00 00 00 00 00 00 00 00 00 00 00 00 00 00 00 00 00 00 00 00 00 00 00 00 00 00 00 00
[06:21:05.951] 
[06:21:05.951] [INFO ] Event loop active – interact with the headset. Ctrl+C to stop.
[06:21:05.951] [INFO ] Try: volume wheel, mute button, ANC button, ChatMix dial, gain button.
[06:21:05.951] 
[06:21:05.951] [CTRL ] RAW: 06 B0 00 00 01 00 02 08 08 00 02 0A 05 00 08 08 00 00 00 00 00 00 00 00 00 00 00 00 00 00 00 00 00 00 00 00 00 00 00 00 00 00 00 00 00 00 00 00 00 00 00 00 00 00 00 00 00 00 00 00 00 00 00 00
[06:21:05.952] [CTRL ] 0xB0  Status          → headset_bat=25%  dock_bat=100%  conn=2.4GHz  mic_mute=unmuted  anc=anc  bt=off  oled_brightness=10
[06:21:06.008] [CTRL ] RAW: 06 20 01 1B 01 00 00 14 14 14 14 14 14 14 14 14 14 05 00 02 5B 64 64 00 64 64 00 00 00 00 00 00 00 00 00 00 00 00 00 00 00 00 00 00 00 00 00 00 00 00 00 00 00 00 00 00 00 00 00 00 00 00 00 00
[06:21:06.008] [CTRL ] 0x20  Mic/EQ          → gain=low  mic_vol=5  sidetone=off  vol=52%  chatmix_game=91  chatmix_chat=100  [2]=0x01  eq_bands=[14 14 14 14 14 14 14 14 14 14]
[06:21:06.071] [CTRL ] RAW: 06 10 30 30 30 30 2E 30 30 33 2E 30 38 32 30 30 30 31 2E 30 33 31 2E 30 30 30 30 30 30 32 2E 30 30 32 2E 30 30 31 30 30 30 32 2E 30 30 31 2E 30 30 30 00 00 00 00 00 00 00 00 00 00 00 00 00 00
[06:21:06.071] [CTRL ] 0x10  Firmware        → '0000.003.0820001.031.0000002.002.0010002.001.000'
[06:21:06.134] [CTRL ] RAW: 06 12 36 31 35 32 30 34 38 33 31 33 32 32 32 35 30 30 37 34 37 00 00 00 00 00 00 00 00 00 00 00 00 00 00 00 00 00 00 00 00 00 00 00 00 00 00 00 00 00 00 00 00 00 00 00 00 00 00 00 00 00 00 00
[06:21:06.134] [CTRL ] 0x12  Serial          → '6152048313222500747'
[06:21:14.127] [EVT  ] RAW: 07 B5 01 00 04 00 00 00 00 00 00 00 00 00 00 00 00 00 00 00 00 00 00 00 00 00 00 00 00 00 00 00 00 00 00 00 00 00 00 00 00 00 00 00 00 00 00 00 00 00 00 00 00 00 00 00 00 00 00 00 00 00 00 00
[06:21:14.127] [EVT  ] 0xB5  Connectivity    → wireless=False bluetooth=False  [2]=0x01 [3]=0x00
[06:21:14.223] [EVT  ] RAW: 07 B7 00 08 01 00 00 00 00 00 00 00 00 00 00 00 00 00 00 00 00 00 00 00 00 00 00 00 00 00 00 00 00 00 00 00 00 00 00 00 00 00 00 00 00 00 00 00 00 00 00 00 00 00 00 00 00 00 00 00 00 00 00 00
[06:21:14.223] [EVT  ] 0xB7  Battery         → headset=0% dock=100%  [4]=0x01
[06:21:15.167] [EVT  ] RAW: 07 B5 01 00 08 00 00 00 00 00 00 00 00 00 00 00 00 00 00 00 00 00 00 00 00 00 00 00 00 00 00 00 00 00 00 00 00 00 00 00 00 00 00 00 00 00 00 00 00 00 00 00 00 00 00 00 00 00 00 00 00 00 00 00
[06:21:15.167] [EVT  ] 0xB5  Connectivity    → wireless=True bluetooth=False  [2]=0x01 [3]=0x00
[06:21:15.262] [EVT  ] RAW: 07 B7 02 08 08 00 00 00 00 00 00 00 00 00 00 00 00 00 00 00 00 00 00 00 00 00 00 00 00 00 00 00 00 00 00 00 00 00 00 00 00 00 00 00 00 00 00 00 00 00 00 00 00 00 00 00 00 00 00 00 00 00 00 00
[06:21:15.262] [EVT  ] 0xB7  Battery         → headset=25% dock=100%  [4]=0x08
[06:21:15.295] [CTRL ] RAW: 06 10 30 30 30 30 2E 30 30 33 2E 30 38 32 30 30 30 31 2E 30 33 31 2E 30 30 30 30 30 30 30 2E 30 30 30 2E 30 30 30 30 30 30 30 2E 30 30 30 2E 30 30 30 00 00 00 00 00 00 00 00 00 00 00 00 00 00
[06:21:15.295] [CTRL ] 0x10  Firmware        → '0000.003.0820001.031.0000000.000.0000000.000.000'
[06:21:15.470] [CTRL ] RAW: 06 10 30 30 30 30 2E 30 30 33 2E 30 38 32 30 30 30 31 2E 30 33 31 2E 30 30 30 30 30 30 30 2E 30 30 30 2E 30 30 30 30 30 30 30 2E 30 30 30 2E 30 30 30 00 00 00 00 00 00 00 00 00 00 00 00 00 00
[06:21:15.470] [CTRL ] 0x10  Firmware        → '0000.003.0820001.031.0000000.000.0000000.000.000'
[06:21:15.550] [CTRL ] RAW: 06 10 30 30 30 30 2E 30 30 33 2E 30 38 32 30 30 30 31 2E 30 33 31 2E 30 30 30 30 30 30 30 2E 30 30 30 2E 30 30 30 30 30 30 30 2E 30 30 30 2E 30 30 30 00 00 00 00 00 00 00 00 00 00 00 00 00 00
[06:21:15.550] [CTRL ] 0x10  Firmware        → '0000.003.0820001.031.0000000.000.0000000.000.000'
[06:21:15.732] [CTRL ] RAW: 06 10 30 30 30 30 2E 30 30 33 2E 30 38 32 30 30 30 31 2E 30 33 31 2E 30 30 30 30 30 30 30 2E 30 30 30 2E 30 30 30 30 30 30 30 2E 30 30 30 2E 30 30 30 00 00 00 00 00 00 00 00 00 00 00 00 00 00
[06:21:15.732] [CTRL ] 0x10  Firmware        → '0000.003.0820001.031.0000000.000.0000000.000.000'
[06:21:15.794] [CTRL ] RAW: 06 10 30 30 30 30 2E 30 30 33 2E 30 38 32 30 30 30 31 2E 30 33 31 2E 30 30 30 30 30 30 30 2E 30 30 30 2E 30 30 30 30 30 30 30 2E 30 30 30 2E 30 30 30 00 00 00 00 00 00 00 00 00 00 00 00 00 00
[06:21:15.794] [CTRL ] 0x10  Firmware        → '0000.003.0820001.031.0000000.000.0000000.000.000'
[06:21:15.856] [CTRL ] RAW: 06 10 30 30 30 30 2E 30 30 33 2E 30 38 32 30 30 30 31 2E 30 33 31 2E 30 30 30 30 30 30 30 2E 30 30 30 2E 30 30 30 30 30 30 30 2E 30 30 30 2E 30 30 30 00 00 00 00 00 00 00 00 00 00 00 00 00 00
[06:21:15.856] [CTRL ] 0x10  Firmware        → '0000.003.0820001.031.0000000.000.0000000.000.000'
[06:21:15.934] [CTRL ] RAW: 06 10 30 30 30 30 2E 30 30 33 2E 30 38 32 30 30 30 31 2E 30 33 31 2E 30 30 30 30 30 30 30 2E 30 30 30 2E 30 30 30 30 30 30 30 2E 30 30 30 2E 30 30 30 00 00 00 00 00 00 00 00 00 00 00 00 00 00
[06:21:15.935] [CTRL ] 0x10  Firmware        → '0000.003.0820001.031.0000000.000.0000000.000.000'
[06:21:16.123] [CTRL ] RAW: 06 10 30 30 30 30 2E 30 30 33 2E 30 38 32 30 30 30 31 2E 30 33 31 2E 30 30 30 30 30 30 32 2E 30 30 32 2E 30 30 31 30 30 30 32 2E 30 30 31 2E 30 30 30 00 00 00 00 00 00 00 00 00 00 00 00 00 00
[06:21:16.123] [CTRL ] 0x10  Firmware        → '0000.003.0820001.031.0000002.002.0010002.001.000'
[06:21:16.185] [CTRL ] RAW: 06 10 30 30 30 30 2E 30 30 33 2E 30 38 32 30 30 30 31 2E 30 33 31 2E 30 30 30 30 30 30 32 2E 30 30 32 2E 30 30 31 30 30 30 32 2E 30 30 31 2E 30 30 30 00 00 00 00 00 00 00 00 00 00 00 00 00 00
[06:21:16.185] [CTRL ] 0x10  Firmware        → '0000.003.0820001.031.0000002.002.0010002.001.000'
[06:21:16.246] [CTRL ] RAW: 06 B7 02 08 08 00 00 00 00 00 00 00 00 00 00 00 00 00 00 00 00 00 00 00 00 00 00 00 00 00 00 00 00 00 00 00 00 00 00 00 00 00 00 00 00 00 00 00 00 00 00 00 00 00 00 00 00 00 00 00 00 00 00 00
[06:21:16.246] [CTRL ] 0xB7  Battery         → headset=25% dock=100%  [4]=0x08
[06:21:16.309] [CTRL ] RAW: 06 B0 00 00 01 00 02 08 08 00 02 0A 05 01 08 08 00 00 00 00 00 00 00 00 00 00 00 00 00 00 00 00 00 00 00 00 00 00 00 00 00 00 00 00 00 00 00 00 00 00 00 00 00 00 00 00 00 00 00 00 00 00 00 00
[06:21:16.309] [CTRL ] 0xB0  Status          → headset_bat=25%  dock_bat=100%  conn=2.4GHz  mic_mute=unmuted  anc=anc  bt=off  oled_brightness=10
[06:21:16.383] [CTRL ] RAW: 06 B7 02 08 08 00 00 00 00 00 00 00 00 00 00 00 00 00 00 00 00 00 00 00 00 00 00 00 00 00 00 00 00 00 00 00 00 00 00 00 00 00 00 00 00 00 00 00 00 00 00 00 00 00 00 00 00 00 00 00 00 00 00 00
[06:21:16.383] [CTRL ] 0xB7  Battery         → headset=25% dock=100%  [4]=0x08
[06:21:16.478] [CTRL ] RAW: 06 B0 00 00 01 00 02 08 08 00 02 0A 05 01 08 08 00 00 00 00 00 00 00 00 00 00 00 00 00 00 00 00 00 00 00 00 00 00 00 00 00 00 00 00 00 00 00 00 00 00 00 00 00 00 00 00 00 00 00 00 00 00 00 00
[06:21:16.478] [CTRL ] 0xB0  Status          → headset_bat=25%  dock_bat=100%  conn=2.4GHz  mic_mute=unmuted  anc=anc  bt=off  oled_brightness=10
[06:21:16.558] [CTRL ] RAW: 06 B7 02 08 08 00 00 00 00 00 00 00 00 00 00 00 00 00 00 00 00 00 00 00 00 00 00 00 00 00 00 00 00 00 00 00 00 00 00 00 00 00 00 00 00 00 00 00 00 00 00 00 00 00 00 00 00 00 00 00 00 00 00 00
[06:21:16.558] [CTRL ] 0xB7  Battery         → headset=25% dock=100%  [4]=0x08
[06:21:16.638] [CTRL ] RAW: 06 B0 00 00 01 00 02 08 08 00 02 0A 05 01 08 08 00 00 00 00 00 00 00 00 00 00 00 00 00 00 00 00 00 00 00 00 00 00 00 00 00 00 00 00 00 00 00 00 00 00 00 00 00 00 00 00 00 00 00 00 00 00 00 00
[06:21:16.638] [CTRL ] 0xB0  Status          → headset_bat=25%  dock_bat=100%  conn=2.4GHz  mic_mute=unmuted  anc=anc  bt=off  oled_brightness=10
[06:21:16.719] [CTRL ] RAW: 06 B7 02 08 08 00 00 00 00 00 00 00 00 00 00 00 00 00 00 00 00 00 00 00 00 00 00 00 00 00 00 00 00 00 00 00 00 00 00 00 00 00 00 00 00 00 00 00 00 00 00 00 00 00 00 00 00 00 00 00 00 00 00 00
[06:21:16.719] [CTRL ] 0xB7  Battery         → headset=25% dock=100%  [4]=0x08
[06:21:16.798] [CTRL ] RAW: 06 B0 00 00 01 00 02 08 08 00 02 0A 05 01 08 08 00 00 00 00 00 00 00 00 00 00 00 00 00 00 00 00 00 00 00 00 00 00 00 00 00 00 00 00 00 00 00 00 00 00 00 00 00 00 00 00 00 00 00 00 00 00 00 00
[06:21:16.798] [CTRL ] 0xB0  Status          → headset_bat=25%  dock_bat=100%  conn=2.4GHz  mic_mute=unmuted  anc=anc  bt=off  oled_brightness=10
[06:21:16.879] [CTRL ] RAW: 06 B7 02 08 08 00 00 00 00 00 00 00 00 00 00 00 00 00 00 00 00 00 00 00 00 00 00 00 00 00 00 00 00 00 00 00 00 00 00 00 00 00 00 00 00 00 00 00 00 00 00 00 00 00 00 00 00 00 00 00 00 00 00 00
[06:21:16.879] [CTRL ] 0xB7  Battery         → headset=25% dock=100%  [4]=0x08
[06:21:16.958] [CTRL ] RAW: 06 B0 00 00 01 00 02 08 08 00 02 0A 05 01 08 08 00 00 00 00 00 00 00 00 00 00 00 00 00 00 00 00 00 00 00 00 00 00 00 00 00 00 00 00 00 00 00 00 00 00 00 00 00 00 00 00 00 00 00 00 00 00 00 00
[06:21:16.958] [CTRL ] 0xB0  Status          → headset_bat=25%  dock_bat=100%  conn=2.4GHz  mic_mute=unmuted  anc=anc  bt=off  oled_brightness=10
[06:21:17.039] [CTRL ] RAW: 06 B7 02 08 08 00 00 00 00 00 00 00 00 00 00 00 00 00 00 00 00 00 00 00 00 00 00 00 00 00 00 00 00 00 00 00 00 00 00 00 00 00 00 00 00 00 00 00 00 00 00 00 00 00 00 00 00 00 00 00 00 00 00 00
[06:21:17.040] [CTRL ] 0xB7  Battery         → headset=25% dock=100%  [4]=0x08
[06:21:17.135] [CTRL ] RAW: 06 B0 00 00 01 00 02 08 08 00 02 0A 05 01 08 08 00 00 00 00 00 00 00 00 00 00 00 00 00 00 00 00 00 00 00 00 00 00 00 00 00 00 00 00 00 00 00 00 00 00 00 00 00 00 00 00 00 00 00 00 00 00 00 00
[06:21:17.135] [CTRL ] 0xB0  Status          → headset_bat=25%  dock_bat=100%  conn=2.4GHz  mic_mute=unmuted  anc=anc  bt=off  oled_brightness=10
[06:21:17.214] [CTRL ] RAW: 06 10 30 30 30 30 2E 30 30 33 2E 30 38 32 30 30 30 31 2E 30 33 31 2E 30 30 30 30 30 30 32 2E 30 30 32 2E 30 30 31 30 30 30 32 2E 30 30 31 2E 30 30 30 00 00 00 00 00 00 00 00 00 00 00 00 00 00
[06:21:17.214] [CTRL ] 0x10  Firmware        → '0000.003.0820001.031.0000002.002.0010002.001.000'
[06:21:17.295] [CTRL ] RAW: 06 10 30 30 30 30 2E 30 30 33 2E 30 38 32 30 30 30 31 2E 30 33 31 2E 30 30 30 30 30 30 32 2E 30 30 32 2E 30 30 31 30 30 30 32 2E 30 30 31 2E 30 30 30 00 00 00 00 00 00 00 00 00 00 00 00 00 00
[06:21:17.295] [CTRL ] 0x10  Firmware        → '0000.003.0820001.031.0000002.002.0010002.001.000'
[06:21:17.375] [CTRL ] RAW: 06 B7 02 08 08 00 00 00 00 00 00 00 00 00 00 00 00 00 00 00 00 00 00 00 00 00 00 00 00 00 00 00 00 00 00 00 00 00 00 00 00 00 00 00 00 00 00 00 00 00 00 00 00 00 00 00 00 00 00 00 00 00 00 00
[06:21:17.375] [CTRL ] 0xB7  Battery         → headset=25% dock=100%  [4]=0x08
[06:21:17.454] [CTRL ] RAW: 06 B0 00 00 01 00 02 08 08 00 02 0A 05 01 08 08 00 00 00 00 00 00 00 00 00 00 00 00 00 00 00 00 00 00 00 00 00 00 00 00 00 00 00 00 00 00 00 00 00 00 00 00 00 00 00 00 00 00 00 00 00 00 00 00
[06:21:17.455] [CTRL ] 0xB0  Status          → headset_bat=25%  dock_bat=100%  conn=2.4GHz  mic_mute=unmuted  anc=anc  bt=off  oled_brightness=10
[06:21:17.535] [CTRL ] RAW: 06 10 30 30 30 30 2E 30 30 33 2E 30 38 32 30 30 30 31 2E 30 33 31 2E 30 30 30 30 30 30 32 2E 30 30 32 2E 30 30 31 30 30 30 32 2E 30 30 31 2E 30 30 30 00 00 00 00 00 00 00 00 00 00 00 00 00 00
[06:21:17.535] [CTRL ] 0x10  Firmware        → '0000.003.0820001.031.0000002.002.0010002.001.000'
[06:21:17.614] [CTRL ] RAW: 06 10 30 30 30 30 2E 30 30 33 2E 30 38 32 30 30 30 31 2E 30 33 31 2E 30 30 30 30 30 30 32 2E 30 30 32 2E 30 30 31 30 30 30 32 2E 30 30 31 2E 30 30 30 00 00 00 00 00 00 00 00 00 00 00 00 00 00
[06:21:17.615] [CTRL ] 0x10  Firmware        → '0000.003.0820001.031.0000002.002.0010002.001.000'
[06:21:17.694] [CTRL ] RAW: 06 10 30 30 30 30 2E 30 30 33 2E 30 38 32 30 30 30 31 2E 30 33 31 2E 30 30 30 30 30 30 32 2E 30 30 32 2E 30 30 31 30 30 30 32 2E 30 30 31 2E 30 30 30 00 00 00 00 00 00 00 00 00 00 00 00 00 00
[06:21:17.695] [CTRL ] 0x10  Firmware        → '0000.003.0820001.031.0000002.002.0010002.001.000'
[06:21:17.791] [CTRL ] RAW: 06 10 30 30 30 30 2E 30 30 33 2E 30 38 32 30 30 30 31 2E 30 33 31 2E 30 30 30 30 30 30 32 2E 30 30 32 2E 30 30 31 30 30 30 32 2E 30 30 31 2E 30 30 30 00 00 00 00 00 00 00 00 00 00 00 00 00 00
[06:21:17.791] [CTRL ] 0x10  Firmware        → '0000.003.0820001.031.0000002.002.0010002.001.000'
[06:21:17.887] [CTRL ] RAW: 06 10 30 30 30 30 2E 30 30 33 2E 30 38 32 30 30 30 31 2E 30 33 31 2E 30 30 30 30 30 30 32 2E 30 30 32 2E 30 30 31 30 30 30 32 2E 30 30 31 2E 30 30 30 00 00 00 00 00 00 00 00 00 00 00 00 00 00
[06:21:17.887] [CTRL ] 0x10  Firmware        → '0000.003.0820001.031.0000002.002.0010002.001.000'
[06:21:17.967] [CTRL ] RAW: 06 10 30 30 30 30 2E 30 30 33 2E 30 38 32 30 30 30 31 2E 30 33 31 2E 30 30 30 30 30 30 32 2E 30 30 32 2E 30 30 31 30 30 30 32 2E 30 30 31 2E 30 30 30 00 00 00 00 00 00 00 00 00 00 00 00 00 00
[06:21:17.967] [CTRL ] 0x10  Firmware        → '0000.003.0820001.031.0000002.002.0010002.001.000'
[06:21:18.047] [CTRL ] RAW: 06 B7 02 08 08 00 00 00 00 00 00 00 00 00 00 00 00 00 00 00 00 00 00 00 00 00 00 00 00 00 00 00 00 00 00 00 00 00 00 00 00 00 00 00 00 00 00 00 00 00 00 00 00 00 00 00 00 00 00 00 00 00 00 00
[06:21:18.047] [CTRL ] 0xB7  Battery         → headset=25% dock=100%  [4]=0x08
[06:21:18.127] [CTRL ] RAW: 06 B0 00 00 01 00 02 08 08 00 02 0A 05 01 08 08 00 00 00 00 00 00 00 00 00 00 00 00 00 00 00 00 00 00 00 00 00 00 00 00 00 00 00 00 00 00 00 00 00 00 00 00 00 00 00 00 00 00 00 00 00 00 00 00
[06:21:18.127] [CTRL ] 0xB0  Status          → headset_bat=25%  dock_bat=100%  conn=2.4GHz  mic_mute=unmuted  anc=anc  bt=off  oled_brightness=10
[06:21:18.207] [CTRL ] RAW: 06 10 30 30 30 30 2E 30 30 33 2E 30 38 32 30 30 30 31 2E 30 33 31 2E 30 30 30 30 30 30 32 2E 30 30 32 2E 30 30 31 30 30 30 32 2E 30 30 31 2E 30 30 30 00 00 00 00 00 00 00 00 00 00 00 00 00 00
[06:21:18.207] [CTRL ] 0x10  Firmware        → '0000.003.0820001.031.0000002.002.0010002.001.000'
[06:21:18.287] [CTRL ] RAW: 06 10 30 30 30 30 2E 30 30 33 2E 30 38 32 30 30 30 31 2E 30 33 31 2E 30 30 30 30 30 30 32 2E 30 30 32 2E 30 30 31 30 30 30 32 2E 30 30 31 2E 30 30 30 00 00 00 00 00 00 00 00 00 00 00 00 00 00
[06:21:18.287] [CTRL ] 0x10  Firmware        → '0000.003.0820001.031.0000002.002.0010002.001.000'
[06:21:18.367] [CTRL ] RAW: 06 10 30 30 30 30 2E 30 30 33 2E 30 38 32 30 30 30 31 2E 30 33 31 2E 30 30 30 30 30 30 32 2E 30 30 32 2E 30 30 31 30 30 30 32 2E 30 30 31 2E 30 30 30 00 00 00 00 00 00 00 00 00 00 00 00 00 00
[06:21:18.367] [CTRL ] 0x10  Firmware        → '0000.003.0820001.031.0000002.002.0010002.001.000'
[06:21:18.462] [CTRL ] RAW: 06 10 30 30 30 30 2E 30 30 33 2E 30 38 32 30 30 30 31 2E 30 33 31 2E 30 30 30 30 30 30 32 2E 30 30 32 2E 30 30 31 30 30 30 32 2E 30 30 31 2E 30 30 30 00 00 00 00 00 00 00 00 00 00 00 00 00 00
[06:21:18.462] [CTRL ] 0x10  Firmware        → '0000.003.0820001.031.0000002.002.0010002.001.000'
[06:21:18.542] [CTRL ] RAW: 06 10 30 30 30 30 2E 30 30 33 2E 30 38 32 30 30 30 31 2E 30 33 31 2E 30 30 30 30 30 30 32 2E 30 30 32 2E 30 30 31 30 30 30 32 2E 30 30 31 2E 30 30 30 00 00 00 00 00 00 00 00 00 00 00 00 00 00
[06:21:18.542] [CTRL ] 0x10  Firmware        → '0000.003.0820001.031.0000002.002.0010002.001.000'
[06:21:18.623] [CTRL ] RAW: 06 10 30 30 30 30 2E 30 30 33 2E 30 38 32 30 30 30 31 2E 30 33 31 2E 30 30 30 30 30 30 32 2E 30 30 32 2E 30 30 31 30 30 30 32 2E 30 30 31 2E 30 30 30 00 00 00 00 00 00 00 00 00 00 00 00 00 00
[06:21:18.623] [CTRL ] 0x10  Firmware        → '0000.003.0820001.031.0000002.002.0010002.001.000'
[06:21:18.703] [CTRL ] RAW: 06 10 30 30 30 30 2E 30 30 33 2E 30 38 32 30 30 30 31 2E 30 33 31 2E 30 30 30 30 30 30 32 2E 30 30 32 2E 30 30 31 30 30 30 32 2E 30 30 31 2E 30 30 30 00 00 00 00 00 00 00 00 00 00 00 00 00 00
[06:21:18.703] [CTRL ] 0x10  Firmware        → '0000.003.0820001.031.0000002.002.0010002.001.000'
[06:21:18.783] [CTRL ] RAW: 06 10 30 30 30 30 2E 30 30 33 2E 30 38 32 30 30 30 31 2E 30 33 31 2E 30 30 30 30 30 30 32 2E 30 30 32 2E 30 30 31 30 30 30 32 2E 30 30 31 2E 30 30 30 00 00 00 00 00 00 00 00 00 00 00 00 00 00
[06:21:18.783] [CTRL ] 0x10  Firmware        → '0000.003.0820001.031.0000002.002.0010002.001.000'
[06:21:48.337] 
[INFO ] Stopped by user.
