[22:00:27.827] [INFO ] Control handle opened  (0xFFC0): \\?\HID#VID_1038&PID_12E0&MI_04&Col01#8&26fe868d&0&0000#{4d1e55b2-f16f-11cf-88cb-001111000030}
[22:00:27.827] [INFO ] Events  handle opened  (0xFF00): \\?\HID#VID_1038&PID_12E0&MI_04&Col02#8&26fe868d&0&0001#{4d1e55b2-f16f-11cf-88cb-001111000030}
[22:00:27.827] 
[22:00:27.829] [INFO ] Sending candidate query commands (Nova 7X origin, verifying on Nova Pro)…
[22:00:27.829] [QUERY] TX  0xB0  status        (battery, partial decode – see HidCommands.md §6.1)
[22:00:27.829] [QUERY]     06 B0 00 00 00 00 00 00 00 00 00 00 00 00 00 00 00 00 00 00 00 00 00 00 00 00 00 00 00 00 00 00 00 00 00 00 00 00 00 00 00 00 00 00 00 00 00 00 00 00 00 00 00 00 00 00 00 00 00 00 00 00 00 00
[22:00:27.917] [QUERY] TX  0x20  mic / EQ      (gain level, sidetone raw, 10 EQ band values)
[22:00:27.917] [QUERY]     06 20 00 00 00 00 00 00 00 00 00 00 00 00 00 00 00 00 00 00 00 00 00 00 00 00 00 00 00 00 00 00 00 00 00 00 00 00 00 00 00 00 00 00 00 00 00 00 00 00 00 00 00 00 00 00 00 00 00 00 00 00 00 00
[22:00:28.013] [QUERY] TX  0x10  firmware ver  (ASCII string)
[22:00:28.013] [QUERY]     06 10 00 00 00 00 00 00 00 00 00 00 00 00 00 00 00 00 00 00 00 00 00 00 00 00 00 00 00 00 00 00 00 00 00 00 00 00 00 00 00 00 00 00 00 00 00 00 00 00 00 00 00 00 00 00 00 00 00 00 00 00 00 00
[22:00:28.109] [QUERY] TX  0x12  serial number (ASCII string)
[22:00:28.109] [QUERY]     06 12 00 00 00 00 00 00 00 00 00 00 00 00 00 00 00 00 00 00 00 00 00 00 00 00 00 00 00 00 00 00 00 00 00 00 00 00 00 00 00 00 00 00 00 00 00 00 00 00 00 00 00 00 00 00 00 00 00 00 00 00 00 00
[22:00:28.205] 
[22:00:28.205] [INFO ] Event loop active – interact with the headset. Ctrl+C to stop.
[22:00:28.205] [INFO ] Try: volume wheel, mute button, ANC button, ChatMix dial, gain button.
[22:00:28.205] 
[22:00:28.205] [CTRL ] RAW: 06 B0 00 00 04 01 04 08 08 00 00 0A 06 00 08 08 00 00 00 00 00 00 00 00 00 00 00 00 00 00 00 00 00 00 00 00 00 00 00 00 00 00 00 00 00 00 00 00 00 00 00 00 00 00 00 00 00 00 00 00 00 00 00 00
[22:00:28.205] [CTRL ] 0xB0  Status          → headset_bat=50%  dock_bat=100%  conn=2.4GHz+BT  mic_mute=unmuted  vol?=10  anc?=0x00  [2-3]=00 00  [5]=1
[22:00:28.261] [CTRL ] RAW: 06 20 01 38 02 00 00 14 14 14 14 14 14 14 14 14 14 0A 00 02 64 64 64 00 64 64 00 00 00 00 00 00 00 00 00 00 00 00 00 00 00 00 00 00 00 00 00 00 00 00 00 00 00 00 00 00 00 00 00 00 00 00 00 00
[22:00:28.261] [CTRL ] 0x20  Mic/EQ          → gain=high  mic_vol=10  sidetone=off  [2]=0x01  [3]=0x38  chatmix_game?=100  chatmix_chat?=100  eq_bands=[14 14 14 14 14 14 14 14 14 14]
[22:00:28.322] [CTRL ] RAW: 06 10 30 30 30 30 2E 30 30 33 2E 30 38 32 30 30 30 31 2E 30 33 31 2E 30 30 30 30 30 30 32 2E 30 30 32 2E 30 30 31 30 30 30 32 2E 30 30 31 2E 30 30 30 00 00 00 00 00 00 00 00 00 00 00 00 00 00
[22:00:28.322] [CTRL ] 0x10  Firmware        → '0000.003.0820001.031.0000002.002.0010002.001.000'
[22:00:28.384] [CTRL ] RAW: 06 12 36 31 35 32 30 34 38 33 31 33 32 32 32 35 30 30 37 34 37 00 00 00 00 00 00 00 00 00 00 00 00 00 00 00 00 00 00 00 00 00 00 00 00 00 00 00 00 00 00 00 00 00 00 00 00 00 00 00 00 00 00 00
[22:00:28.384] [CTRL ] 0x12  Serial          → '6152048313222500747'
[22:00:29.751] [EVT  ] RAW: 07 25 37 00 00 00 00 00 00 00 00 00 00 00 00 00 00 00 00 00 00 00 00 00 00 00 00 00 00 00 00 00 00 00 00 00 00 00 00 00 00 00 00 00 00 00 00 00 00 00 00 00 00 00 00 00 00 00 00 00 00 00 00 00
[22:00:29.751] [EVT  ] 0x25  Volume          → 2% (raw=0x37)
[22:00:29.820] [EVT  ] RAW: 07 25 34 00 00 00 00 00 00 00 00 00 00 00 00 00 00 00 00 00 00 00 00 00 00 00 00 00 00 00 00 00 00 00 00 00 00 00 00 00 00 00 00 00 00 00 00 00 00 00 00 00 00 00 00 00 00 00 00 00 00 00 00 00
[22:00:29.820] [EVT  ] 0x25  Volume          → 7% (raw=0x34)
[22:00:29.915] [EVT  ] RAW: 07 25 33 00 00 00 00 00 00 00 00 00 00 00 00 00 00 00 00 00 00 00 00 00 00 00 00 00 00 00 00 00 00 00 00 00 00 00 00 00 00 00 00 00 00 00 00 00 00 00 00 00 00 00 00 00 00 00 00 00 00 00 00 00
[22:00:29.917] [EVT  ] 0x25  Volume          → 9% (raw=0x33)
[22:00:30.352] [EVT  ] RAW: 07 25 30 00 00 00 00 00 00 00 00 00 00 00 00 00 00 00 00 00 00 00 00 00 00 00 00 00 00 00 00 00 00 00 00 00 00 00 00 00 00 00 00 00 00 00 00 00 00 00 00 00 00 00 00 00 00 00 00 00 00 00 00 00
[22:00:30.352] [EVT  ] 0x25  Volume          → 14% (raw=0x30)
[22:00:30.444] [EVT  ] RAW: 07 25 2F 00 00 00 00 00 00 00 00 00 00 00 00 00 00 00 00 00 00 00 00 00 00 00 00 00 00 00 00 00 00 00 00 00 00 00 00 00 00 00 00 00 00 00 00 00 00 00 00 00 00 00 00 00 00 00 00 00 00 00 00 00
[22:00:30.444] [EVT  ] 0x25  Volume          → 16% (raw=0x2F)
[22:00:30.880] [EVT  ] RAW: 07 25 2C 00 00 00 00 00 00 00 00 00 00 00 00 00 00 00 00 00 00 00 00 00 00 00 00 00 00 00 00 00 00 00 00 00 00 00 00 00 00 00 00 00 00 00 00 00 00 00 00 00 00 00 00 00 00 00 00 00 00 00 00 00
[22:00:30.880] [EVT  ] 0x25  Volume          → 21% (raw=0x2C)
[22:00:30.957] [EVT  ] RAW: 07 25 2A 00 00 00 00 00 00 00 00 00 00 00 00 00 00 00 00 00 00 00 00 00 00 00 00 00 00 00 00 00 00 00 00 00 00 00 00 00 00 00 00 00 00 00 00 00 00 00 00 00 00 00 00 00 00 00 00 00 00 00 00 00
[22:00:30.957] [EVT  ] 0x25  Volume          → 25% (raw=0x2A)
[22:00:31.277] [EVT  ] RAW: 07 25 29 00 00 00 00 00 00 00 00 00 00 00 00 00 00 00 00 00 00 00 00 00 00 00 00 00 00 00 00 00 00 00 00 00 00 00 00 00 00 00 00 00 00 00 00 00 00 00 00 00 00 00 00 00 00 00 00 00 00 00 00 00
[22:00:31.277] [EVT  ] 0x25  Volume          → 27% (raw=0x29)
[22:00:31.372] [EVT  ] RAW: 07 25 26 00 00 00 00 00 00 00 00 00 00 00 00 00 00 00 00 00 00 00 00 00 00 00 00 00 00 00 00 00 00 00 00 00 00 00 00 00 00 00 00 00 00 00 00 00 00 00 00 00 00 00 00 00 00 00 00 00 00 00 00 00
[22:00:31.372] [EVT  ] 0x25  Volume          → 32% (raw=0x26)
[22:00:31.788] [EVT  ] RAW: 07 25 24 00 00 00 00 00 00 00 00 00 00 00 00 00 00 00 00 00 00 00 00 00 00 00 00 00 00 00 00 00 00 00 00 00 00 00 00 00 00 00 00 00 00 00 00 00 00 00 00 00 00 00 00 00 00 00 00 00 00 00 00 00
[22:00:31.789] [EVT  ] 0x25  Volume          → 36% (raw=0x24)
[22:00:31.901] [EVT  ] RAW: 07 25 22 00 00 00 00 00 00 00 00 00 00 00 00 00 00 00 00 00 00 00 00 00 00 00 00 00 00 00 00 00 00 00 00 00 00 00 00 00 00 00 00 00 00 00 00 00 00 00 00 00 00 00 00 00 00 00 00 00 00 00 00 00
[22:00:31.901] [EVT  ] 0x25  Volume          → 39% (raw=0x22)
[22:00:31.997] [EVT  ] RAW: 07 25 21 00 00 00 00 00 00 00 00 00 00 00 00 00 00 00 00 00 00 00 00 00 00 00 00 00 00 00 00 00 00 00 00 00 00 00 00 00 00 00 00 00 00 00 00 00 00 00 00 00 00 00 00 00 00 00 00 00 00 00 00 00
[22:00:31.997] [EVT  ] 0x25  Volume          → 41% (raw=0x21)
[22:00:32.220] [EVT  ] RAW: 07 25 20 00 00 00 00 00 00 00 00 00 00 00 00 00 00 00 00 00 00 00 00 00 00 00 00 00 00 00 00 00 00 00 00 00 00 00 00 00 00 00 00 00 00 00 00 00 00 00 00 00 00 00 00 00 00 00 00 00 00 00 00 00
[22:00:32.220] [EVT  ] 0x25  Volume          → 43% (raw=0x20)
[22:00:32.315] [EVT  ] RAW: 07 25 1E 00 00 00 00 00 00 00 00 00 00 00 00 00 00 00 00 00 00 00 00 00 00 00 00 00 00 00 00 00 00 00 00 00 00 00 00 00 00 00 00 00 00 00 00 00 00 00 00 00 00 00 00 00 00 00 00 00 00 00 00 00
[22:00:32.315] [EVT  ] 0x25  Volume          → 46% (raw=0x1E)
[22:00:32.427] [EVT  ] RAW: 07 25 1D 00 00 00 00 00 00 00 00 00 00 00 00 00 00 00 00 00 00 00 00 00 00 00 00 00 00 00 00 00 00 00 00 00 00 00 00 00 00 00 00 00 00 00 00 00 00 00 00 00 00 00 00 00 00 00 00 00 00 00 00 00
[22:00:32.429] [EVT  ] 0x25  Volume          → 48% (raw=0x1D)
[22:00:32.732] [EVT  ] RAW: 07 25 1B 00 00 00 00 00 00 00 00 00 00 00 00 00 00 00 00 00 00 00 00 00 00 00 00 00 00 00 00 00 00 00 00 00 00 00 00 00 00 00 00 00 00 00 00 00 00 00 00 00 00 00 00 00 00 00 00 00 00 00 00 00
[22:00:32.732] [EVT  ] 0x25  Volume          → 52% (raw=0x1B)
[22:00:32.844] [EVT  ] RAW: 07 25 19 00 00 00 00 00 00 00 00 00 00 00 00 00 00 00 00 00 00 00 00 00 00 00 00 00 00 00 00 00 00 00 00 00 00 00 00 00 00 00 00 00 00 00 00 00 00 00 00 00 00 00 00 00 00 00 00 00 00 00 00 00
[22:00:32.844] [EVT  ] 0x25  Volume          → 55% (raw=0x19)
[22:00:33.147] [EVT  ] RAW: 07 25 18 00 00 00 00 00 00 00 00 00 00 00 00 00 00 00 00 00 00 00 00 00 00 00 00 00 00 00 00 00 00 00 00 00 00 00 00 00 00 00 00 00 00 00 00 00 00 00 00 00 00 00 00 00 00 00 00 00 00 00 00 00
[22:00:33.147] [EVT  ] 0x25  Volume          → 57% (raw=0x18)
[22:00:33.260] [EVT  ] RAW: 07 25 15 00 00 00 00 00 00 00 00 00 00 00 00 00 00 00 00 00 00 00 00 00 00 00 00 00 00 00 00 00 00 00 00 00 00 00 00 00 00 00 00 00 00 00 00 00 00 00 00 00 00 00 00 00 00 00 00 00 00 00 00 00
[22:00:33.260] [EVT  ] 0x25  Volume          → 62% (raw=0x15)
[22:00:33.686] [EVT  ] RAW: 07 25 14 00 00 00 00 00 00 00 00 00 00 00 00 00 00 00 00 00 00 00 00 00 00 00 00 00 00 00 00 00 00 00 00 00 00 00 00 00 00 00 00 00 00 00 00 00 00 00 00 00 00 00 00 00 00 00 00 00 00 00 00 00
[22:00:33.686] [EVT  ] 0x25  Volume          → 64% (raw=0x14)
[22:00:33.771] [EVT  ] RAW: 07 25 11 00 00 00 00 00 00 00 00 00 00 00 00 00 00 00 00 00 00 00 00 00 00 00 00 00 00 00 00 00 00 00 00 00 00 00 00 00 00 00 00 00 00 00 00 00 00 00 00 00 00 00 00 00 00 00 00 00 00 00 00 00
[22:00:33.771] [EVT  ] 0x25  Volume          → 70% (raw=0x11)
[22:00:33.884] [EVT  ] RAW: 07 25 10 00 00 00 00 00 00 00 00 00 00 00 00 00 00 00 00 00 00 00 00 00 00 00 00 00 00 00 00 00 00 00 00 00 00 00 00 00 00 00 00 00 00 00 00 00 00 00 00 00 00 00 00 00 00 00 00 00 00 00 00 00
[22:00:33.884] [EVT  ] 0x25  Volume          → 71% (raw=0x10)
[22:00:34.187] [EVT  ] RAW: 07 25 0D 00 00 00 00 00 00 00 00 00 00 00 00 00 00 00 00 00 00 00 00 00 00 00 00 00 00 00 00 00 00 00 00 00 00 00 00 00 00 00 00 00 00 00 00 00 00 00 00 00 00 00 00 00 00 00 00 00 00 00 00 00
[22:00:34.189] [EVT  ] 0x25  Volume          → 77% (raw=0x0D)
[22:00:34.284] [EVT  ] RAW: 07 25 0C 00 00 00 00 00 00 00 00 00 00 00 00 00 00 00 00 00 00 00 00 00 00 00 00 00 00 00 00 00 00 00 00 00 00 00 00 00 00 00 00 00 00 00 00 00 00 00 00 00 00 00 00 00 00 00 00 00 00 00 00 00
[22:00:34.285] [EVT  ] 0x25  Volume          → 79% (raw=0x0C)
[22:00:34.604] [EVT  ] RAW: 07 25 0B 00 00 00 00 00 00 00 00 00 00 00 00 00 00 00 00 00 00 00 00 00 00 00 00 00 00 00 00 00 00 00 00 00 00 00 00 00 00 00 00 00 00 00 00 00 00 00 00 00 00 00 00 00 00 00 00 00 00 00 00 00
[22:00:34.604] [EVT  ] 0x25  Volume          → 80% (raw=0x0B)
[22:00:34.700] [EVT  ] RAW: 07 25 08 00 00 00 00 00 00 00 00 00 00 00 00 00 00 00 00 00 00 00 00 00 00 00 00 00 00 00 00 00 00 00 00 00 00 00 00 00 00 00 00 00 00 00 00 00 00 00 00 00 00 00 00 00 00 00 00 00 00 00 00 00
[22:00:34.701] [EVT  ] 0x25  Volume          → 86% (raw=0x08)
[22:00:35.140] [EVT  ] RAW: 07 25 06 00 00 00 00 00 00 00 00 00 00 00 00 00 00 00 00 00 00 00 00 00 00 00 00 00 00 00 00 00 00 00 00 00 00 00 00 00 00 00 00 00 00 00 00 00 00 00 00 00 00 00 00 00 00 00 00 00 00 00 00 00
[22:00:35.140] [EVT  ] 0x25  Volume          → 89% (raw=0x06)
[22:00:35.229] [EVT  ] RAW: 07 25 04 00 00 00 00 00 00 00 00 00 00 00 00 00 00 00 00 00 00 00 00 00 00 00 00 00 00 00 00 00 00 00 00 00 00 00 00 00 00 00 00 00 00 00 00 00 00 00 00 00 00 00 00 00 00 00 00 00 00 00 00 00
[22:00:35.229] [EVT  ] 0x25  Volume          → 93% (raw=0x04)
[22:00:35.532] [EVT  ] RAW: 07 25 02 00 00 00 00 00 00 00 00 00 00 00 00 00 00 00 00 00 00 00 00 00 00 00 00 00 00 00 00 00 00 00 00 00 00 00 00 00 00 00 00 00 00 00 00 00 00 00 00 00 00 00 00 00 00 00 00 00 00 00 00 00
[22:00:35.532] [EVT  ] 0x25  Volume          → 96% (raw=0x02)
[22:00:35.644] [EVT  ] RAW: 07 25 00 00 00 00 00 00 00 00 00 00 00 00 00 00 00 00 00 00 00 00 00 00 00 00 00 00 00 00 00 00 00 00 00 00 00 00 00 00 00 00 00 00 00 00 00 00 00 00 00 00 00 00 00 00 00 00 00 00 00 00 00 00
[22:00:35.644] [EVT  ] 0x25  Volume          → 100% (raw=0x00)
[22:00:37.136] 
[INFO ] Stopped by user.
