[23:17:41.594] [INFO ] Control handle opened  (0xFFC0): \\?\HID#VID_1038&PID_12E0&MI_04&Col01#8&26fe868d&0&0000#{4d1e55b2-f16f-11cf-88cb-001111000030}
[23:17:41.594] [INFO ] Events  handle opened  (0xFF00): \\?\HID#VID_1038&PID_12E0&MI_04&Col02#8&26fe868d&0&0001#{4d1e55b2-f16f-11cf-88cb-001111000030}
[23:17:41.594] 
[23:17:41.594] [INFO ] Event loop active – interact with the headset. Ctrl+C to stop.
[23:17:41.594] [INFO ] Try: volume wheel, mute button, ANC button, ChatMix dial, gain button.
[23:17:41.594] 
[23:17:49.279] [CTRL ] RAW: 06 B7 07 08 08 00 00 00 00 00 00 00 00 00 00 00 00 00 00 00 00 00 00 00 00 00 00 00 00 00 00 00 00 00 00 00 00 00 00 00 00 00 00 00 00 00 00 00 00 00 00 00 00 00 00 00 00 00 00 00 00 00 00 00
[23:17:49.280] [CTRL ] 0xB7  Battery         → headset=88% dock=100%  [4]=0x08
[23:17:49.359] [CTRL ] RAW: 06 B0 00 00 01 00 07 08 08 00 02 0A 00 00 08 08 00 00 00 00 00 00 00 00 00 00 00 00 00 00 00 00 00 00 00 00 00 00 00 00 00 00 00 00 00 00 00 00 00 00 00 00 00 00 00 00 00 00 00 00 00 00 00 00
[23:17:49.359] [CTRL ] 0xB0  Status          → headset_bat=88%  dock_bat=100%  conn=2.4GHz  mic_mute=unmuted  anc=anc  trans_level=8  bt=off  oled_brightness=10  2.4ghz_mode=performance
[23:17:49.439] [CTRL ] RAW: 06 B0 00 00 01 00 07 08 08 00 02 0A 00 00 08 08 00 00 00 00 00 00 00 00 00 00 00 00 00 00 00 00 00 00 00 00 00 00 00 00 00 00 00 00 00 00 00 00 00 00 00 00 00 00 00 00 00 00 00 00 00 00 00 00
[23:17:49.439] [CTRL ] 0xB0  Status          → headset_bat=88%  dock_bat=100%  conn=2.4GHz  mic_mute=unmuted  anc=anc  trans_level=8  bt=off  oled_brightness=10  2.4ghz_mode=performance
[23:17:49.520] [CTRL ] RAW: 06 B7 07 08 08 00 00 00 00 00 00 00 00 00 00 00 00 00 00 00 00 00 00 00 00 00 00 00 00 00 00 00 00 00 00 00 00 00 00 00 00 00 00 00 00 00 00 00 00 00 00 00 00 00 00 00 00 00 00 00 00 00 00 00
[23:17:49.520] [CTRL ] 0xB7  Battery         → headset=88% dock=100%  [4]=0x08
[23:17:49.616] [CTRL ] RAW: 06 B7 07 08 08 00 00 00 00 00 00 00 00 00 00 00 00 00 00 00 00 00 00 00 00 00 00 00 00 00 00 00 00 00 00 00 00 00 00 00 00 00 00 00 00 00 00 00 00 00 00 00 00 00 00 00 00 00 00 00 00 00 00 00
[23:17:49.616] [CTRL ] 0xB7  Battery         → headset=88% dock=100%  [4]=0x08
[23:17:49.696] [CTRL ] RAW: 06 B0 00 00 01 00 07 08 08 00 02 0A 00 00 08 08 00 00 00 00 00 00 00 00 00 00 00 00 00 00 00 00 00 00 00 00 00 00 00 00 00 00 00 00 00 00 00 00 00 00 00 00 00 00 00 00 00 00 00 00 00 00 00 00
[23:17:49.696] [CTRL ] 0xB0  Status          → headset_bat=88%  dock_bat=100%  conn=2.4GHz  mic_mute=unmuted  anc=anc  trans_level=8  bt=off  oled_brightness=10  2.4ghz_mode=performance
[23:17:49.903] [CTRL ] RAW: 06 10 30 30 30 30 2E 30 30 33 2E 30 38 32 30 30 30 31 2E 30 33 31 2E 30 30 30 30 30 30 32 2E 30 30 32 2E 30 30 31 30 30 30 32 2E 30 30 31 2E 30 30 30 00 00 00 00 00 00 00 00 00 00 00 00 00 00
[23:17:49.904] [CTRL ] 0x10  Firmware        → '0000.003.0820001.031.0000002.002.0010002.001.000'
[23:17:49.983] [CTRL ] RAW: 06 10 30 30 30 30 2E 30 30 33 2E 30 38 32 30 30 30 31 2E 30 33 31 2E 30 30 30 30 30 30 32 2E 30 30 32 2E 30 30 31 30 30 30 32 2E 30 30 31 2E 30 30 30 00 00 00 00 00 00 00 00 00 00 00 00 00 00
[23:17:49.984] [CTRL ] 0x10  Firmware        → '0000.003.0820001.031.0000002.002.0010002.001.000'
[23:17:50.284] [CTRL ] RAW: 06 10 30 30 30 30 2E 30 30 33 2E 30 38 32 30 30 30 31 2E 30 33 31 2E 30 30 30 30 30 30 32 2E 30 30 32 2E 30 30 31 30 30 30 32 2E 30 30 31 2E 30 30 30 00 00 00 00 00 00 00 00 00 00 00 00 00 00
[23:17:50.284] [CTRL ] 0x10  Firmware        → '0000.003.0820001.031.0000002.002.0010002.001.000'
[23:17:53.359] [CTRL ] RAW: 06 B7 07 08 08 00 00 00 00 00 00 00 00 00 00 00 00 00 00 00 00 00 00 00 00 00 00 00 00 00 00 00 00 00 00 00 00 00 00 00 00 00 00 00 00 00 00 00 00 00 00 00 00 00 00 00 00 00 00 00 00 00 00 00
[23:17:53.359] [CTRL ] 0xB7  Battery         → headset=88% dock=100%  [4]=0x08
[23:17:53.440] [CTRL ] RAW: 06 B0 00 00 01 00 07 08 08 00 02 0A 00 00 08 08 00 00 00 00 00 00 00 00 00 00 00 00 00 00 00 00 00 00 00 00 00 00 00 00 00 00 00 00 00 00 00 00 00 00 00 00 00 00 00 00 00 00 00 00 00 00 00 00
[23:17:53.440] [CTRL ] 0xB0  Status          → headset_bat=88%  dock_bat=100%  conn=2.4GHz  mic_mute=unmuted  anc=anc  trans_level=8  bt=off  oled_brightness=10  2.4ghz_mode=performance
[23:17:53.520] [CTRL ] RAW: 06 B7 07 08 08 00 00 00 00 00 00 00 00 00 00 00 00 00 00 00 00 00 00 00 00 00 00 00 00 00 00 00 00 00 00 00 00 00 00 00 00 00 00 00 00 00 00 00 00 00 00 00 00 00 00 00 00 00 00 00 00 00 00 00
[23:17:53.520] [CTRL ] 0xB7  Battery         → headset=88% dock=100%  [4]=0x08
[23:17:53.600] [CTRL ] RAW: 06 B0 00 00 01 00 07 08 08 00 02 0A 00 00 08 08 00 00 00 00 00 00 00 00 00 00 00 00 00 00 00 00 00 00 00 00 00 00 00 00 00 00 00 00 00 00 00 00 00 00 00 00 00 00 00 00 00 00 00 00 00 00 00 00
[23:17:53.600] [CTRL ] 0xB0  Status          → headset_bat=88%  dock_bat=100%  conn=2.4GHz  mic_mute=unmuted  anc=anc  trans_level=8  bt=off  oled_brightness=10  2.4ghz_mode=performance
[23:17:54.028] [CTRL ] RAW: 06 10 30 30 30 30 2E 30 30 33 2E 30 38 32 30 30 30 31 2E 30 33 31 2E 30 30 30 30 30 30 32 2E 30 30 32 2E 30 30 31 30 30 30 32 2E 30 30 31 2E 30 30 30 00 00 00 00 00 00 00 00 00 00 00 00 00 00
[23:17:54.028] [CTRL ] 0x10  Firmware        → '0000.003.0820001.031.0000002.002.0010002.001.000'
[23:17:54.090] [CTRL ] RAW: 06 10 30 30 30 30 2E 30 30 33 2E 30 38 32 30 30 30 31 2E 30 33 31 2E 30 30 30 30 30 30 32 2E 30 30 32 2E 30 30 31 30 30 30 32 2E 30 30 31 2E 30 30 30 00 00 00 00 00 00 00 00 00 00 00 00 00 00
[23:17:54.090] [CTRL ] 0x10  Firmware        → '0000.003.0820001.031.0000002.002.0010002.001.000'
[23:17:54.153] [CTRL ] RAW: 06 10 30 30 30 30 2E 30 30 33 2E 30 38 32 30 30 30 31 2E 30 33 31 2E 30 30 30 30 30 30 32 2E 30 30 32 2E 30 30 31 30 30 30 32 2E 30 30 31 2E 30 30 30 00 00 00 00 00 00 00 00 00 00 00 00 00 00
[23:17:54.153] [CTRL ] 0x10  Firmware        → '0000.003.0820001.031.0000002.002.0010002.001.000'
[23:17:54.223] [CTRL ] RAW: 06 10 30 30 30 30 2E 30 30 33 2E 30 38 32 30 30 30 31 2E 30 33 31 2E 30 30 30 30 30 30 32 2E 30 30 32 2E 30 30 31 30 30 30 32 2E 30 30 31 2E 30 30 30 00 00 00 00 00 00 00 00 00 00 00 00 00 00
[23:17:54.223] [CTRL ] 0x10  Firmware        → '0000.003.0820001.031.0000002.002.0010002.001.000'
[23:18:06.697] 
[INFO ] Stopped by user.
