[14:55:52.100] [INFO ] Control handle opened  (0xFFC0): \\?\HID#VID_1038&PID_12E0&MI_04&Col01#8&26fe868d&0&0000#{4d1e55b2-f16f-11cf-88cb-001111000030}
[14:55:52.107] [INFO ] Events  handle opened  (0xFF00): \\?\HID#VID_1038&PID_12E0&MI_04&Col02#8&26fe868d&0&0001#{4d1e55b2-f16f-11cf-88cb-001111000030}
[14:55:52.107] 
[14:55:52.107] [INFO ] Sending candidate query commands (Nova 7X origin, verifying on Nova Pro)…
[14:55:52.107] [QUERY] TX  0xB0  status        (battery, partial decode – see HidCommands.md §6.1)
[14:55:52.108] [QUERY]     06 B0 00 00 00 00 00 00 00 00 00 00 00 00 00 00 00 00 00 00 00 00 00 00 00 00 00 00 00 00 00 00 00 00 00 00 00 00 00 00 00 00 00 00 00 00 00 00 00 00 00 00 00 00 00 00 00 00 00 00 00 00 00 00
[14:55:52.193] [QUERY] TX  0x20  mic / EQ      (gain level, sidetone raw, 10 EQ band values)
[14:55:52.193] [QUERY]     06 20 00 00 00 00 00 00 00 00 00 00 00 00 00 00 00 00 00 00 00 00 00 00 00 00 00 00 00 00 00 00 00 00 00 00 00 00 00 00 00 00 00 00 00 00 00 00 00 00 00 00 00 00 00 00 00 00 00 00 00 00 00 00
[14:55:52.289] [QUERY] TX  0x10  firmware ver  (ASCII string)
[14:55:52.289] [QUERY]     06 10 00 00 00 00 00 00 00 00 00 00 00 00 00 00 00 00 00 00 00 00 00 00 00 00 00 00 00 00 00 00 00 00 00 00 00 00 00 00 00 00 00 00 00 00 00 00 00 00 00 00 00 00 00 00 00 00 00 00 00 00 00 00
[14:55:52.385] [QUERY] TX  0x12  serial number (ASCII string)
[14:55:52.385] [QUERY]     06 12 00 00 00 00 00 00 00 00 00 00 00 00 00 00 00 00 00 00 00 00 00 00 00 00 00 00 00 00 00 00 00 00 00 00 00 00 00 00 00 00 00 00 00 00 00 00 00 00 00 00 00 00 00 00 00 00 00 00 00 00 00 00
[14:55:52.481] 
[14:55:52.481] [INFO ] Event loop active – interact with the headset. Ctrl+C to stop.
[14:55:52.481] [INFO ] Try: volume wheel, mute button, ANC button, ChatMix dial, gain button.
[14:55:52.481] 
[14:55:52.481] [CTRL ] RAW: 06 B0 00 02 01 00 01 08 05 00 01 0A 00 00 08 08 00 00 00 00 00 00 00 00 00 00 00 00 00 00 00 00 00 00 00 00 00 00 00 00 00 00 00 00 00 00 00 00 00 00 00 00 00 00 00 00 00 00 00 00 00 00 00 00
[14:55:52.481] [CTRL ] 0xB0  Status          → headset_bat=12%  dock_bat=100%  conn=2.4GHz  mic_mute=unmuted  anc=transparency  bt=off  oled_brightness=10  2.4ghz_mode=performance
[14:55:52.536] [CTRL ] RAW: 06 20 01 20 01 00 04 14 14 14 14 14 14 14 14 14 14 05 00 02 5B 64 64 00 64 64 00 00 00 00 00 00 00 00 00 00 00 00 00 00 00 00 00 00 00 00 00 00 00 00 00 00 00 00 00 00 00 00 00 00 00 00 00 00
[14:55:52.536] [CTRL ] 0x20  Mic/EQ          → gain=low  mic_vol=5  sidetone=off  vol=43%  chatmix_game=91  chatmix_chat=100  [2]=0x01  eq_bands=[14 14 14 14 14 14 14 14 14 14]
[14:55:52.599] [CTRL ] RAW: 06 10 30 30 30 30 2E 30 30 33 2E 30 38 32 30 30 30 31 2E 30 33 31 2E 30 30 30 30 30 30 32 2E 30 30 32 2E 30 30 31 30 30 30 32 2E 30 30 31 2E 30 30 30 00 00 00 00 00 00 00 00 00 00 00 00 00 00
[14:55:52.599] [CTRL ] 0x10  Firmware        → '0000.003.0820001.031.0000002.002.0010002.001.000'
[14:55:52.662] [CTRL ] RAW: 06 12 36 31 35 32 30 34 38 33 31 33 32 32 32 35 30 30 37 34 37 00 00 00 00 00 00 00 00 00 00 00 00 00 00 00 00 00 00 00 00 00 00 00 00 00 00 00 00 00 00 00 00 00 00 00 00 00 00 00 00 00 00 00
[14:55:52.662] [CTRL ] 0x12  Serial          → '6152048313222500747'
[14:56:01.088] [EVT  ] RAW: 07 B9 06 00 00 00 00 00 00 00 00 00 00 00 00 00 00 00 00 00 00 00 00 00 00 00 00 00 00 00 00 00 00 00 00 00 00 00 00 00 00 00 00 00 00 00 00 00 00 00 00 00 00 00 00 00 00 00 00 00 00 00 00 00
[14:56:01.088] [EVT  ] 0xB9  Transparency Lvl→ 6/10
[14:56:01.201] [EVT  ] RAW: 07 B9 08 00 00 00 00 00 00 00 00 00 00 00 00 00 00 00 00 00 00 00 00 00 00 00 00 00 00 00 00 00 00 00 00 00 00 00 00 00 00 00 00 00 00 00 00 00 00 00 00 00 00 00 00 00 00 00 00 00 00 00 00 00
[14:56:01.201] [EVT  ] 0xB9  Transparency Lvl→ 8/10
[14:56:02.629] 
[INFO ] Stopped by user.
