[20:18:20.475] [INFO ] Control handle opened  (0xFFC0): \\?\HID#VID_1038&PID_12E0&MI_04&Col01#8&26fe868d&0&0000#{4d1e55b2-f16f-11cf-88cb-001111000030}
[20:18:20.481] [INFO ] Events  handle opened  (0xFF00): \\?\HID#VID_1038&PID_12E0&MI_04&Col02#8&26fe868d&0&0001#{4d1e55b2-f16f-11cf-88cb-001111000030}
[20:18:20.481] 
[20:18:20.481] [INFO ] Sending candidate query commands (Nova 7X origin, verifying on Nova Pro)…
[20:18:20.482] [QUERY] TX  0xB0  status        (battery, partial decode – see HidCommands.md §6.1)
[20:18:20.482] [QUERY]     06 B0 00 00 00 00 00 00 00 00 00 00 00 00 00 00 00 00 00 00 00 00 00 00 00 00 00 00 00 00 00 00 00 00 00 00 00 00 00 00 00 00 00 00 00 00 00 00 00 00 00 00 00 00 00 00 00 00 00 00 00 00 00 00
[20:18:20.578] [QUERY] TX  0x20  mic / EQ      (gain level, sidetone raw, 10 EQ band values)
[20:18:20.578] [QUERY]     06 20 00 00 00 00 00 00 00 00 00 00 00 00 00 00 00 00 00 00 00 00 00 00 00 00 00 00 00 00 00 00 00 00 00 00 00 00 00 00 00 00 00 00 00 00 00 00 00 00 00 00 00 00 00 00 00 00 00 00 00 00 00 00
[20:18:20.674] [QUERY] TX  0x10  firmware ver  (ASCII string)
[20:18:20.674] [QUERY]     06 10 00 00 00 00 00 00 00 00 00 00 00 00 00 00 00 00 00 00 00 00 00 00 00 00 00 00 00 00 00 00 00 00 00 00 00 00 00 00 00 00 00 00 00 00 00 00 00 00 00 00 00 00 00 00 00 00 00 00 00 00 00 00
[20:18:20.769] [QUERY] TX  0x12  serial number (ASCII string)
[20:18:20.769] [QUERY]     06 12 00 00 00 00 00 00 00 00 00 00 00 00 00 00 00 00 00 00 00 00 00 00 00 00 00 00 00 00 00 00 00 00 00 00 00 00 00 00 00 00 00 00 00 00 00 00 00 00 00 00 00 00 00 00 00 00 00 00 00 00 00 00
[20:18:20.866] 
[20:18:20.866] [INFO ] Event loop active – interact with the headset. Ctrl+C to stop.
[20:18:20.866] [INFO ] Try: volume wheel, mute button, ANC button, ChatMix dial, gain button.
[20:18:20.866] 
[20:18:20.866] [CTRL ] RAW: 06 B0 00 00 01 00 08 08 08 00 02 0A 00 00 08 08 00 00 00 00 00 00 00 00 00 00 00 00 00 00 00 00 00 00 00 00 00 00 00 00 00 00 00 00 00 00 00 00 00 00 00 00 00 00 00 00 00 00 00 00 00 00 00 00
[20:18:20.866] [CTRL ] 0xB0  Status          → headset_bat=100%  dock_bat=100%  conn=2.4GHz  mic_mute=unmuted  anc=anc  trans_level=8  bt=off  oled_brightness=10  2.4ghz_mode=performance  [undecoded from [14]]: 08 08 00 00 00 00 00 00 00 00 00 00 00 00 00 00 00 00 00 00 00 00 00 00 00 00 00 00 00 00 00 00 00 00 00 00 00 00 00 00 00 00 00 00 00 00 00 00 00 00
[20:18:20.927] [CTRL ] RAW: 06 20 01 16 02 00 06 14 14 14 14 14 14 14 14 14 14 05 00 01 64 64 64 00 64 64 00 00 00 00 00 00 00 00 00 00 00 00 00 00 00 00 00 00 00 00 00 00 00 00 00 00 00 00 00 00 00 00 00 00 00 00 00 00
[20:18:20.927] [CTRL ] 0x20  Mic/EQ          → gain=high  mic_vol=5  sidetone=off  vol=61%  audio_output=speaker  chatmix_game=100  chatmix_chat=100  stream_main=100  stream_aux=100  stream_mic=100  eq_bands=[14 14 14 14 14 14 14 14 14 14]  [undecoded from [26]]: 00 00 00 00 00 00 00 00 00 00 00 00 00 00 00 00 00 00 00 00 00 00 00 00 00 00 00 00 00 00 00 00 00 00 00 00 00 00
[20:18:20.991] [CTRL ] RAW: 06 10 30 30 30 30 2E 30 30 33 2E 30 38 32 30 30 30 31 2E 30 33 31 2E 30 30 30 30 30 30 32 2E 30 30 32 2E 30 30 31 30 30 30 32 2E 30 30 31 2E 30 30 30 00 00 00 00 00 00 00 00 00 00 00 00 00 00
[20:18:20.991] [CTRL ] 0x10  Firmware        → '0000.003.0820001.031.0000002.002.0010002.001.000'
[20:18:21.052] [CTRL ] RAW: 06 12 36 31 35 32 30 34 38 33 31 33 32 32 32 35 30 30 37 34 37 00 00 00 00 00 00 00 00 00 00 00 00 00 00 00 00 00 00 00 00 00 00 00 00 00 00 00 00 00 00 00 00 00 00 00 00 00 00 00 00 00 00 00
[20:18:21.052] [CTRL ] 0x12  Serial          → '6152048313222500747'
[20:18:27.166] [EVT  ] RAW: 07 2E 05 00 00 00 00 00 00 00 00 00 00 00 00 00 00 00 00 00 00 00 00 00 00 00 00 00 00 00 00 00 00 00 00 00 00 00 00 00 00 00 00 00 00 00 00 00 00 00 00 00 00 00 00 00 00 00 00 00 00 00 00 00
[20:18:27.166] [EVT  ] 0x2E  EQ Preset       → preset_index=5  (name mapping TBD; 0x04 was default at session start)
[20:18:29.967] 
[INFO ] Stopped by user.
