[22:30:55.197] [INFO ] Control handle opened  (0xFFC0): \\?\HID#VID_1038&PID_12E0&MI_04&Col01#8&26fe868d&0&0000#{4d1e55b2-f16f-11cf-88cb-001111000030}
[22:30:55.198] [INFO ] Events  handle opened  (0xFF00): \\?\HID#VID_1038&PID_12E0&MI_04&Col02#8&26fe868d&0&0001#{4d1e55b2-f16f-11cf-88cb-001111000030}
[22:30:55.198] 
[22:30:55.198] [INFO ] Sending candidate query commands (Nova 7X origin, verifying on Nova Pro)…
[22:30:55.198] [QUERY] TX  0xB0  status        (battery, partial decode – see HidCommands.md §6.1)
[22:30:55.200] [QUERY]     06 B0 00 00 00 00 00 00 00 00 00 00 00 00 00 00 00 00 00 00 00 00 00 00 00 00 00 00 00 00 00 00 00 00 00 00 00 00 00 00 00 00 00 00 00 00 00 00 00 00 00 00 00 00 00 00 00 00 00 00 00 00 00 00
[22:30:55.293] [QUERY] TX  0x20  mic / EQ      (gain level, sidetone raw, 10 EQ band values)
[22:30:55.293] [QUERY]     06 20 00 00 00 00 00 00 00 00 00 00 00 00 00 00 00 00 00 00 00 00 00 00 00 00 00 00 00 00 00 00 00 00 00 00 00 00 00 00 00 00 00 00 00 00 00 00 00 00 00 00 00 00 00 00 00 00 00 00 00 00 00 00
[22:30:55.389] [QUERY] TX  0x10  firmware ver  (ASCII string)
[22:30:55.389] [QUERY]     06 10 00 00 00 00 00 00 00 00 00 00 00 00 00 00 00 00 00 00 00 00 00 00 00 00 00 00 00 00 00 00 00 00 00 00 00 00 00 00 00 00 00 00 00 00 00 00 00 00 00 00 00 00 00 00 00 00 00 00 00 00 00 00
[22:30:55.485] [QUERY] TX  0x12  serial number (ASCII string)
[22:30:55.485] [QUERY]     06 12 00 00 00 00 00 00 00 00 00 00 00 00 00 00 00 00 00 00 00 00 00 00 00 00 00 00 00 00 00 00 00 00 00 00 00 00 00 00 00 00 00 00 00 00 00 00 00 00 00 00 00 00 00 00 00 00 00 00 00 00 00 00
[22:30:55.581] 
[22:30:55.581] [INFO ] Event loop active – interact with the headset. Ctrl+C to stop.
[22:30:55.581] [INFO ] Try: volume wheel, mute button, ANC button, ChatMix dial, gain button.
[22:30:55.581] 
[22:30:55.581] [CTRL ] RAW: 06 B0 00 00 01 00 04 08 08 00 02 0A 05 00 08 08 00 00 00 00 00 00 00 00 00 00 00 00 00 00 00 00 00 00 00 00 00 00 00 00 00 00 00 00 00 00 00 00 00 00 00 00 00 00 00 00 00 00 00 00 00 00 00 00
[22:30:55.581] [CTRL ] 0xB0  Status          → headset_bat=50%  dock_bat=100%  conn=2.4GHz  mic_mute=unmuted  anc=anc  [5]=0  [11]=0x0A
[22:30:55.644] [CTRL ] RAW: 06 20 01 20 02 00 00 14 14 14 14 14 14 14 14 14 14 0A 00 02 64 64 64 00 64 64 00 00 00 00 00 00 00 00 00 00 00 00 00 00 00 00 00 00 00 00 00 00 00 00 00 00 00 00 00 00 00 00 00 00 00 00 00 00
[22:30:55.644] [CTRL ] 0x20  Mic/EQ          → gain=high  mic_vol=10  sidetone=off  vol=43%  chatmix_game=100  chatmix_chat=100  [2]=0x01  eq_bands=[14 14 14 14 14 14 14 14 14 14]
[22:30:55.707] [CTRL ] RAW: 06 10 30 30 30 30 2E 30 30 33 2E 30 38 32 30 30 30 31 2E 30 33 31 2E 30 30 30 30 30 30 32 2E 30 30 32 2E 30 30 31 30 30 30 32 2E 30 30 31 2E 30 30 30 00 00 00 00 00 00 00 00 00 00 00 00 00 00
[22:30:55.707] [CTRL ] 0x10  Firmware        → '0000.003.0820001.031.0000002.002.0010002.001.000'
[22:30:55.770] [CTRL ] RAW: 06 12 36 31 35 32 30 34 38 33 31 33 32 32 32 35 30 30 37 34 37 00 00 00 00 00 00 00 00 00 00 00 00 00 00 00 00 00 00 00 00 00 00 00 00 00 00 00 00 00 00 00 00 00 00 00 00 00 00 00 00 00 00 00
[22:30:55.770] [CTRL ] 0x12  Serial          → '6152048313222500747'
[22:30:56.017] 
[INFO ] Stopped by user.
