[22:19:27.033] [INFO ] Control handle opened  (0xFFC0): \\?\HID#VID_1038&PID_12E0&MI_04&Col01#8&26fe868d&0&0000#{4d1e55b2-f16f-11cf-88cb-001111000030}
[22:19:27.034] [INFO ] Events  handle opened  (0xFF00): \\?\HID#VID_1038&PID_12E0&MI_04&Col02#8&26fe868d&0&0001#{4d1e55b2-f16f-11cf-88cb-001111000030}
[22:19:27.034] 
[22:19:27.034] [INFO ] Sending candidate query commands (Nova 7X origin, verifying on Nova Pro)…
[22:19:27.034] [QUERY] TX  0xB0  status        (battery, partial decode – see HidCommands.md §6.1)
[22:19:27.035] [QUERY]     06 B0 00 00 00 00 00 00 00 00 00 00 00 00 00 00 00 00 00 00 00 00 00 00 00 00 00 00 00 00 00 00 00 00 00 00 00 00 00 00 00 00 00 00 00 00 00 00 00 00 00 00 00 00 00 00 00 00 00 00 00 00 00 00
[22:19:27.117] [QUERY] TX  0x20  mic / EQ      (gain level, sidetone raw, 10 EQ band values)
[22:19:27.117] [QUERY]     06 20 00 00 00 00 00 00 00 00 00 00 00 00 00 00 00 00 00 00 00 00 00 00 00 00 00 00 00 00 00 00 00 00 00 00 00 00 00 00 00 00 00 00 00 00 00 00 00 00 00 00 00 00 00 00 00 00 00 00 00 00 00 00
[22:19:27.213] [QUERY] TX  0x10  firmware ver  (ASCII string)
[22:19:27.213] [QUERY]     06 10 00 00 00 00 00 00 00 00 00 00 00 00 00 00 00 00 00 00 00 00 00 00 00 00 00 00 00 00 00 00 00 00 00 00 00 00 00 00 00 00 00 00 00 00 00 00 00 00 00 00 00 00 00 00 00 00 00 00 00 00 00 00
[22:19:27.309] [QUERY] TX  0x12  serial number (ASCII string)
[22:19:27.310] [QUERY]     06 12 00 00 00 00 00 00 00 00 00 00 00 00 00 00 00 00 00 00 00 00 00 00 00 00 00 00 00 00 00 00 00 00 00 00 00 00 00 00 00 00 00 00 00 00 00 00 00 00 00 00 00 00 00 00 00 00 00 00 00 00 00 00
[22:19:27.405] 
[22:19:27.405] [INFO ] Event loop active – interact with the headset. Ctrl+C to stop.
[22:19:27.405] [INFO ] Try: volume wheel, mute button, ANC button, ChatMix dial, gain button.
[22:19:27.405] 
[22:19:27.405] [CTRL ] RAW: 06 B0 00 00 01 00 04 08 08 00 02 0A 06 00 08 08 00 00 00 00 00 00 00 00 00 00 00 00 00 00 00 00 00 00 00 00 00 00 00 00 00 00 00 00 00 00 00 00 00 00 00 00 00 00 00 00 00 00 00 00 00 00 00 00
[22:19:27.405] [CTRL ] 0xB0  Status          → headset_bat=50%  dock_bat=100%  conn=2.4GHz  mic_mute=unmuted  anc=anc  [5]=0  [11]=0x0A
[22:19:27.456] [CTRL ] RAW: 06 20 01 20 02 00 00 14 14 14 14 14 14 14 14 14 14 01 00 02 64 64 64 00 64 64 00 00 00 00 00 00 00 00 00 00 00 00 00 00 00 00 00 00 00 00 00 00 00 00 00 00 00 00 00 00 00 00 00 00 00 00 00 00
[22:19:27.456] [CTRL ] 0x20  Mic/EQ          → gain=high  mic_vol=1  sidetone=off  vol=43%  chatmix_game=100  chatmix_chat=100  [2]=0x01  eq_bands=[14 14 14 14 14 14 14 14 14 14]
[22:19:27.517] [CTRL ] RAW: 06 10 30 30 30 30 2E 30 30 33 2E 30 38 32 30 30 30 31 2E 30 33 31 2E 30 30 30 30 30 30 32 2E 30 30 32 2E 30 30 31 30 30 30 32 2E 30 30 31 2E 30 30 30 00 00 00 00 00 00 00 00 00 00 00 00 00 00
[22:19:27.517] [CTRL ] 0x10  Firmware        → '0000.003.0820001.031.0000002.002.0010002.001.000'
[22:19:27.578] [CTRL ] RAW: 06 12 36 31 35 32 30 34 38 33 31 33 32 32 32 35 30 30 37 34 37 00 00 00 00 00 00 00 00 00 00 00 00 00 00 00 00 00 00 00 00 00 00 00 00 00 00 00 00 00 00 00 00 00 00 00 00 00 00 00 00 00 00 00
[22:19:27.578] [CTRL ] 0x12  Serial          → '6152048313222500747'
[22:19:38.711] [EVT  ] RAW: 07 37 02 00 00 00 00 00 00 00 00 00 00 00 00 00 00 00 00 00 00 00 00 00 00 00 00 00 00 00 00 00 00 00 00 00 00 00 00 00 00 00 00 00 00 00 00 00 00 00 00 00 00 00 00 00 00 00 00 00 00 00 00 00
[22:19:38.711] [EVT  ] 0x37  Mic Volume      → level=2  (range observed: 1–10)
[22:19:38.780] [EVT  ] RAW: 07 37 04 00 00 00 00 00 00 00 00 00 00 00 00 00 00 00 00 00 00 00 00 00 00 00 00 00 00 00 00 00 00 00 00 00 00 00 00 00 00 00 00 00 00 00 00 00 00 00 00 00 00 00 00 00 00 00 00 00 00 00 00 00
[22:19:38.780] [EVT  ] 0x37  Mic Volume      → level=4  (range observed: 1–10)
[22:19:38.877] [EVT  ] RAW: 07 37 06 00 00 00 00 00 00 00 00 00 00 00 00 00 00 00 00 00 00 00 00 00 00 00 00 00 00 00 00 00 00 00 00 00 00 00 00 00 00 00 00 00 00 00 00 00 00 00 00 00 00 00 00 00 00 00 00 00 00 00 00 00
[22:19:38.877] [EVT  ] 0x37  Mic Volume      → level=6  (range observed: 1–10)
[22:19:38.987] [EVT  ] RAW: 07 37 07 00 00 00 00 00 00 00 00 00 00 00 00 00 00 00 00 00 00 00 00 00 00 00 00 00 00 00 00 00 00 00 00 00 00 00 00 00 00 00 00 00 00 00 00 00 00 00 00 00 00 00 00 00 00 00 00 00 00 00 00 00
[22:19:38.989] [EVT  ] 0x37  Mic Volume      → level=7  (range observed: 1–10)
[22:19:39.083] [EVT  ] RAW: 07 37 08 00 00 00 00 00 00 00 00 00 00 00 00 00 00 00 00 00 00 00 00 00 00 00 00 00 00 00 00 00 00 00 00 00 00 00 00 00 00 00 00 00 00 00 00 00 00 00 00 00 00 00 00 00 00 00 00 00 00 00 00 00
[22:19:39.083] [EVT  ] 0x37  Mic Volume      → level=8  (range observed: 1–10)
[22:19:39.404] [EVT  ] RAW: 07 37 09 00 00 00 00 00 00 00 00 00 00 00 00 00 00 00 00 00 00 00 00 00 00 00 00 00 00 00 00 00 00 00 00 00 00 00 00 00 00 00 00 00 00 00 00 00 00 00 00 00 00 00 00 00 00 00 00 00 00 00 00 00
[22:19:39.405] [EVT  ] 0x37  Mic Volume      → level=9  (range observed: 1–10)
[22:19:39.500] [EVT  ] RAW: 07 37 0A 00 00 00 00 00 00 00 00 00 00 00 00 00 00 00 00 00 00 00 00 00 00 00 00 00 00 00 00 00 00 00 00 00 00 00 00 00 00 00 00 00 00 00 00 00 00 00 00 00 00 00 00 00 00 00 00 00 00 00 00 00
[22:19:39.501] [EVT  ] 0x37  Mic Volume      → level=10  (range observed: 1–10)
[22:19:53.062] [EVT  ] RAW: 07 BF 09 00 00 00 00 00 00 00 00 00 00 00 00 00 00 00 00 00 00 00 00 00 00 00 00 00 00 00 00 00 00 00 00 00 00 00 00 00 00 00 00 00 00 00 00 00 00 00 00 00 00 00 00 00 00 00 00 00 00 00 00 00
[22:19:53.062] [EVT  ] 0xBF  Mic LED         → 9/10
[22:19:53.131] [EVT  ] RAW: 07 BF 07 00 00 00 00 00 00 00 00 00 00 00 00 00 00 00 00 00 00 00 00 00 00 00 00 00 00 00 00 00 00 00 00 00 00 00 00 00 00 00 00 00 00 00 00 00 00 00 00 00 00 00 00 00 00 00 00 00 00 00 00 00
[22:19:53.133] [EVT  ] 0xBF  Mic LED         → 7/10
[22:19:53.244] [EVT  ] RAW: 07 BF 06 00 00 00 00 00 00 00 00 00 00 00 00 00 00 00 00 00 00 00 00 00 00 00 00 00 00 00 00 00 00 00 00 00 00 00 00 00 00 00 00 00 00 00 00 00 00 00 00 00 00 00 00 00 00 00 00 00 00 00 00 00
[22:19:53.244] [EVT  ] 0xBF  Mic LED         → 6/10
[22:19:53.340] [EVT  ] RAW: 07 BF 04 00 00 00 00 00 00 00 00 00 00 00 00 00 00 00 00 00 00 00 00 00 00 00 00 00 00 00 00 00 00 00 00 00 00 00 00 00 00 00 00 00 00 00 00 00 00 00 00 00 00 00 00 00 00 00 00 00 00 00 00 00
[22:19:53.340] [EVT  ] 0xBF  Mic LED         → 4/10
[22:19:53.783] [EVT  ] RAW: 07 BF 03 00 00 00 00 00 00 00 00 00 00 00 00 00 00 00 00 00 00 00 00 00 00 00 00 00 00 00 00 00 00 00 00 00 00 00 00 00 00 00 00 00 00 00 00 00 00 00 00 00 00 00 00 00 00 00 00 00 00 00 00 00
[22:19:53.783] [EVT  ] 0xBF  Mic LED         → 3/10
[22:19:53.852] [EVT  ] RAW: 07 BF 01 00 00 00 00 00 00 00 00 00 00 00 00 00 00 00 00 00 00 00 00 00 00 00 00 00 00 00 00 00 00 00 00 00 00 00 00 00 00 00 00 00 00 00 00 00 00 00 00 00 00 00 00 00 00 00 00 00 00 00 00 00
[22:19:53.853] [EVT  ] 0xBF  Mic LED         → 1/10
[22:19:55.336] 
[INFO ] Stopped by user.
