[21:58:11.206] [INFO ] Control handle opened  (0xFFC0): \\?\HID#VID_1038&PID_12E0&MI_04&Col01#8&26fe868d&0&0000#{4d1e55b2-f16f-11cf-88cb-001111000030}
[21:58:11.208] [INFO ] Events  handle opened  (0xFF00): \\?\HID#VID_1038&PID_12E0&MI_04&Col02#8&26fe868d&0&0001#{4d1e55b2-f16f-11cf-88cb-001111000030}
[21:58:11.208] 
[21:58:11.208] [INFO ] Sending candidate query commands (Nova 7X origin, verifying on Nova Pro)…
[21:58:11.208] [QUERY] TX  0xB0  status        (battery, partial decode – see HidCommands.md §6.1)
[21:58:11.208] [QUERY]     06 B0 00 00 00 00 00 00 00 00 00 00 00 00 00 00 00 00 00 00 00 00 00 00 00 00 00 00 00 00 00 00 00 00 00 00 00 00 00 00 00 00 00 00 00 00 00 00 00 00 00 00 00 00 00 00 00 00 00 00 00 00 00 00
[21:58:11.293] [QUERY] TX  0x20  mic / EQ      (gain level, sidetone raw, 10 EQ band values)
[21:58:11.293] [QUERY]     06 20 00 00 00 00 00 00 00 00 00 00 00 00 00 00 00 00 00 00 00 00 00 00 00 00 00 00 00 00 00 00 00 00 00 00 00 00 00 00 00 00 00 00 00 00 00 00 00 00 00 00 00 00 00 00 00 00 00 00 00 00 00 00
[21:58:11.389] [QUERY] TX  0x10  firmware ver  (ASCII string)
[21:58:11.389] [QUERY]     06 10 00 00 00 00 00 00 00 00 00 00 00 00 00 00 00 00 00 00 00 00 00 00 00 00 00 00 00 00 00 00 00 00 00 00 00 00 00 00 00 00 00 00 00 00 00 00 00 00 00 00 00 00 00 00 00 00 00 00 00 00 00 00
[21:58:11.485] [QUERY] TX  0x12  serial number (ASCII string)
[21:58:11.485] [QUERY]     06 12 00 00 00 00 00 00 00 00 00 00 00 00 00 00 00 00 00 00 00 00 00 00 00 00 00 00 00 00 00 00 00 00 00 00 00 00 00 00 00 00 00 00 00 00 00 00 00 00 00 00 00 00 00 00 00 00 00 00 00 00 00 00
[21:58:11.581] 
[21:58:11.581] [INFO ] Event loop active – interact with the headset. Ctrl+C to stop.
[21:58:11.581] [INFO ] Try: volume wheel, mute button, ANC button, ChatMix dial, gain button.
[21:58:11.581] 
[21:58:11.581] [CTRL ] RAW: 06 B0 00 00 04 01 04 08 08 00 01 0A 06 00 08 08 00 00 00 00 00 00 00 00 00 00 00 00 00 00 00 00 00 00 00 00 00 00 00 00 00 00 00 00 00 00 00 00 00 00 00 00 00 00 00 00 00 00 00 00 00 00 00 00
[21:58:11.582] [CTRL ] 0xB0  Status          → headset_bat=50%  dock_bat=100%  conn=2.4GHz+BT  mic_mute=unmuted  vol?=10  anc?=0x01  [2-3]=00 00  [5]=1
[21:58:11.642] [CTRL ] RAW: 06 20 01 1D 02 00 00 14 14 14 14 14 14 14 14 14 14 0A 00 02 64 64 64 00 64 64 00 00 00 00 00 00 00 00 00 00 00 00 00 00 00 00 00 00 00 00 00 00 00 00 00 00 00 00 00 00 00 00 00 00 00 00 00 00
[21:58:11.642] [CTRL ] 0x20  Mic/EQ          → gain=high  mic_vol=10  sidetone=off  [2]=0x01  [3]=0x1D  chatmix_game?=100  chatmix_chat?=100  eq_bands=[14 14 14 14 14 14 14 14 14 14]
[21:58:11.706] [CTRL ] RAW: 06 10 30 30 30 30 2E 30 30 33 2E 30 38 32 30 30 30 31 2E 30 33 31 2E 30 30 30 30 30 30 32 2E 30 30 32 2E 30 30 31 30 30 30 32 2E 30 30 31 2E 30 30 30 00 00 00 00 00 00 00 00 00 00 00 00 00 00
[21:58:11.706] [CTRL ] 0x10  Firmware        → '0000.003.0820001.031.0000002.002.0010002.001.000'
[21:58:11.770] [CTRL ] RAW: 06 12 36 31 35 32 30 34 38 33 31 33 32 32 32 35 30 30 37 34 37 00 00 00 00 00 00 00 00 00 00 00 00 00 00 00 00 00 00 00 00 00 00 00 00 00 00 00 00 00 00 00 00 00 00 00 00 00 00 00 00 00 00 00
[21:58:11.770] [CTRL ] 0x12  Serial          → '6152048313222500747'
[21:58:24.107] [EVT  ] RAW: 07 BD 02 00 00 00 00 00 00 00 00 00 00 00 00 00 00 00 00 00 00 00 00 00 00 00 00 00 00 00 00 00 00 00 00 00 00 00 00 00 00 00 00 00 00 00 00 00 00 00 00 00 00 00 00 00 00 00 00 00 00 00 00 00
[21:58:24.109] [EVT  ] 0xBD  ANC Mode        → anc
[21:58:26.594] 
[INFO ] Stopped by user.
