[21:35:27.226] [INFO ] Control handle opened  (0xFFC0): \\?\HID#VID_1038&PID_12E0&MI_04&Col01#8&26fe868d&0&0000#{4d1e55b2-f16f-11cf-88cb-001111000030}
[21:35:27.227] [INFO ] Events  handle opened  (0xFF00): \\?\HID#VID_1038&PID_12E0&MI_04&Col02#8&26fe868d&0&0001#{4d1e55b2-f16f-11cf-88cb-001111000030}
[21:35:27.227] 
[21:35:27.227] [INFO ] Event loop active – interact with the headset. Ctrl+C to stop.
[21:35:27.228] [INFO ] Try: volume wheel, mute button, ANC button, ChatMix dial, gain button.
[21:35:27.228] 
[21:35:50.382] [EVT  ] RAW: 07 37 09 00 00 00 00 00 00 00 00 00 00 00 00 00 00 00 00 00 00 00 00 00 00 00 00 00 00 00 00 00 00 00 00 00 00 00 00 00 00 00 00 00 00 00 00 00 00 00 00 00 00 00 00 00 00 00 00 00 00 00 00 00
[21:35:50.383] [EVT  ] 0x37  Mic Volume      → level=9  (range observed: 1–10)
[21:35:50.475] [EVT  ] RAW: 07 37 08 00 00 00 00 00 00 00 00 00 00 00 00 00 00 00 00 00 00 00 00 00 00 00 00 00 00 00 00 00 00 00 00 00 00 00 00 00 00 00 00 00 00 00 00 00 00 00 00 00 00 00 00 00 00 00 00 00 00 00 00 00
[21:35:50.477] [EVT  ] 0x37  Mic Volume      → level=8  (range observed: 1–10)
[21:35:50.780] [EVT  ] RAW: 07 37 07 00 00 00 00 00 00 00 00 00 00 00 00 00 00 00 00 00 00 00 00 00 00 00 00 00 00 00 00 00 00 00 00 00 00 00 00 00 00 00 00 00 00 00 00 00 00 00 00 00 00 00 00 00 00 00 00 00 00 00 00 00
[21:35:50.780] [EVT  ] 0x37  Mic Volume      → level=7  (range observed: 1–10)
[21:35:51.611] [EVT  ] RAW: 07 37 06 00 00 00 00 00 00 00 00 00 00 00 00 00 00 00 00 00 00 00 00 00 00 00 00 00 00 00 00 00 00 00 00 00 00 00 00 00 00 00 00 00 00 00 00 00 00 00 00 00 00 00 00 00 00 00 00 00 00 00 00 00
[21:35:51.611] [EVT  ] 0x37  Mic Volume      → level=6  (range observed: 1–10)
[21:35:51.820] [EVT  ] RAW: 07 37 05 00 00 00 00 00 00 00 00 00 00 00 00 00 00 00 00 00 00 00 00 00 00 00 00 00 00 00 00 00 00 00 00 00 00 00 00 00 00 00 00 00 00 00 00 00 00 00 00 00 00 00 00 00 00 00 00 00 00 00 00 00
[21:35:51.820] [EVT  ] 0x37  Mic Volume      → level=5  (range observed: 1–10)
[21:35:52.760] [EVT  ] RAW: 07 37 04 00 00 00 00 00 00 00 00 00 00 00 00 00 00 00 00 00 00 00 00 00 00 00 00 00 00 00 00 00 00 00 00 00 00 00 00 00 00 00 00 00 00 00 00 00 00 00 00 00 00 00 00 00 00 00 00 00 00 00 00 00
[21:35:52.760] [EVT  ] 0x37  Mic Volume      → level=4  (range observed: 1–10)
[21:35:53.068] [EVT  ] RAW: 07 37 03 00 00 00 00 00 00 00 00 00 00 00 00 00 00 00 00 00 00 00 00 00 00 00 00 00 00 00 00 00 00 00 00 00 00 00 00 00 00 00 00 00 00 00 00 00 00 00 00 00 00 00 00 00 00 00 00 00 00 00 00 00
[21:35:53.068] [EVT  ] 0x37  Mic Volume      → level=3  (range observed: 1–10)
[21:36:02.863] 
[INFO ] Stopped by user.
