[19:47:19.024] [INFO ] Control handle opened  (0xFFC0): \\?\HID#VID_1038&PID_12E0&MI_04&Col01#8&26fe868d&0&0000#{4d1e55b2-f16f-11cf-88cb-001111000030}
[19:47:19.029] [INFO ] Events  handle opened  (0xFF00): \\?\HID#VID_1038&PID_12E0&MI_04&Col02#8&26fe868d&0&0001#{4d1e55b2-f16f-11cf-88cb-001111000030}
[19:47:19.029] 
[19:47:19.031] [INFO ] Sending candidate query commands (Nova 7X origin, verifying on Nova Pro)…
[19:47:19.031] [QUERY] TX  0xB0  status        (battery, partial decode – see HidCommands.md §6.1)
[19:47:19.031] [QUERY]     06 B0 00 00 00 00 00 00 00 00 00 00 00 00 00 00 00 00 00 00 00 00 00 00 00 00 00 00 00 00 00 00 00 00 00 00 00 00 00 00 00 00 00 00 00 00 00 00 00 00 00 00 00 00 00 00 00 00 00 00 00 00 00 00
[19:47:19.125] [QUERY] TX  0x20  mic / EQ      (gain level, sidetone raw, 10 EQ band values)
[19:47:19.125] [QUERY]     06 20 00 00 00 00 00 00 00 00 00 00 00 00 00 00 00 00 00 00 00 00 00 00 00 00 00 00 00 00 00 00 00 00 00 00 00 00 00 00 00 00 00 00 00 00 00 00 00 00 00 00 00 00 00 00 00 00 00 00 00 00 00 00
[19:47:19.221] [QUERY] TX  0x10  firmware ver  (ASCII string)
[19:47:19.221] [QUERY]     06 10 00 00 00 00 00 00 00 00 00 00 00 00 00 00 00 00 00 00 00 00 00 00 00 00 00 00 00 00 00 00 00 00 00 00 00 00 00 00 00 00 00 00 00 00 00 00 00 00 00 00 00 00 00 00 00 00 00 00 00 00 00 00
[19:47:19.317] [QUERY] TX  0x12  serial number (ASCII string)
[19:47:19.317] [QUERY]     06 12 00 00 00 00 00 00 00 00 00 00 00 00 00 00 00 00 00 00 00 00 00 00 00 00 00 00 00 00 00 00 00 00 00 00 00 00 00 00 00 00 00 00 00 00 00 00 00 00 00 00 00 00 00 00 00 00 00 00 00 00 00 00
[19:47:19.413] 
[19:47:19.413] [INFO ] Event loop active – interact with the headset. Ctrl+C to stop.
[19:47:19.413] [INFO ] Try: volume wheel, mute button, ANC button, ChatMix dial, gain button.
[19:47:19.413] 
[19:47:19.413] [CTRL ] RAW: 06 B0 00 00 01 00 08 08 08 00 02 0A 00 00 08 08 00 00 00 00 00 00 00 00 00 00 00 00 00 00 00 00 00 00 00 00 00 00 00 00 00 00 00 00 00 00 00 00 00 00 00 00 00 00 00 00 00 00 00 00 00 00 00 00
[19:47:19.413] [CTRL ] 0xB0  Status          → headset_bat=100%  dock_bat=100%  conn=2.4GHz  mic_mute=unmuted  anc=anc  trans_level=8  bt=off  oled_brightness=10  2.4ghz_mode=performance  [undecoded from [14]]: 08 08 00 00 00 00 00 00 00 00 00 00 00 00 00 00 00 00 00 00 00 00 00 00 00 00 00 00 00 00 00 00 00 00 00 00 00 00 00 00 00 00 00 00 00 00 00 00 00 00
[19:47:19.475] [CTRL ] RAW: 06 20 01 12 02 00 00 14 14 14 14 14 14 14 14 14 14 05 00 01 64 64 64 00 64 64 00 00 00 00 00 00 00 00 00 00 00 00 00 00 00 00 00 00 00 00 00 00 00 00 00 00 00 00 00 00 00 00 00 00 00 00 00 00
[19:47:19.475] [CTRL ] 0x20  Mic/EQ          → gain=high  mic_vol=5  sidetone=off  vol=68%  audio_output=speaker  chatmix_game=100  chatmix_chat=100  stream_main=100  stream_aux=100  stream_mic=100  eq_bands=[14 14 14 14 14 14 14 14 14 14]  [undecoded from [26]]: 00 00 00 00 00 00 00 00 00 00 00 00 00 00 00 00 00 00 00 00 00 00 00 00 00 00 00 00 00 00 00 00 00 00 00 00 00 00
[19:47:19.537] [CTRL ] RAW: 06 10 30 30 30 30 2E 30 30 33 2E 30 38 32 30 30 30 31 2E 30 33 31 2E 30 30 30 30 30 30 32 2E 30 30 32 2E 30 30 31 30 30 30 32 2E 30 30 31 2E 30 30 30 00 00 00 00 00 00 00 00 00 00 00 00 00 00
[19:47:19.537] [CTRL ] 0x10  Firmware        → '0000.003.0820001.031.0000002.002.0010002.001.000'
[19:47:19.600] [CTRL ] RAW: 06 12 36 31 35 32 30 34 38 33 31 33 32 32 32 35 30 30 37 34 37 00 00 00 00 00 00 00 00 00 00 00 00 00 00 00 00 00 00 00 00 00 00 00 00 00 00 00 00 00 00 00 00 00 00 00 00 00 00 00 00 00 00 00
[19:47:19.600] [CTRL ] 0x12  Serial          → '6152048313222500747'
[19:47:36.227] [EVT  ] RAW: 07 2E 04 00 00 00 00 00 00 00 00 00 00 00 00 00 00 00 00 00 00 00 00 00 00 00 00 00 00 00 00 00 00 00 00 00 00 00 00 00 00 00 00 00 00 00 00 00 00 00 00 00 00 00 00 00 00 00 00 00 00 00 00 00
[19:47:36.227] [EVT  ] 0x2E  (unknown – raw bytes above)
[19:47:42.758] [EVT  ] RAW: 07 2E 05 00 00 00 00 00 00 00 00 00 00 00 00 00 00 00 00 00 00 00 00 00 00 00 00 00 00 00 00 00 00 00 00 00 00 00 00 00 00 00 00 00 00 00 00 00 00 00 00 00 00 00 00 00 00 00 00 00 00 00 00 00
[19:47:42.758] [EVT  ] 0x2E  (unknown – raw bytes above)
[19:48:44.931] [EVT  ] RAW: 07 2E 04 00 00 00 00 00 00 00 00 00 00 00 00 00 00 00 00 00 00 00 00 00 00 00 00 00 00 00 00 00 00 00 00 00 00 00 00 00 00 00 00 00 00 00 00 00 00 00 00 00 00 00 00 00 00 00 00 00 00 00 00 00
[19:48:44.931] [EVT  ] 0x2E  (unknown – raw bytes above)
[19:48:48.228] [EVT  ] RAW: 07 2E 05 00 00 00 00 00 00 00 00 00 00 00 00 00 00 00 00 00 00 00 00 00 00 00 00 00 00 00 00 00 00 00 00 00 00 00 00 00 00 00 00 00 00 00 00 00 00 00 00 00 00 00 00 00 00 00 00 00 00 00 00 00
[19:48:48.228] [EVT  ] 0x2E  (unknown – raw bytes above)
[19:48:49.060] [EVT  ] RAW: 07 2E 06 00 00 00 00 00 00 00 00 00 00 00 00 00 00 00 00 00 00 00 00 00 00 00 00 00 00 00 00 00 00 00 00 00 00 00 00 00 00 00 00 00 00 00 00 00 00 00 00 00 00 00 00 00 00 00 00 00 00 00 00 00
[19:48:49.060] [EVT  ] 0x2E  (unknown – raw bytes above)
[19:48:50.880] [EVT  ] RAW: 07 2E 07 00 00 00 00 00 00 00 00 00 00 00 00 00 00 00 00 00 00 00 00 00 00 00 00 00 00 00 00 00 00 00 00 00 00 00 00 00 00 00 00 00 00 00 00 00 00 00 00 00 00 00 00 00 00 00 00 00 00 00 00 00
[19:48:50.880] [EVT  ] 0x2E  (unknown – raw bytes above)
[19:48:52.193] [EVT  ] RAW: 07 2E 08 00 00 00 00 00 00 00 00 00 00 00 00 00 00 00 00 00 00 00 00 00 00 00 00 00 00 00 00 00 00 00 00 00 00 00 00 00 00 00 00 00 00 00 00 00 00 00 00 00 00 00 00 00 00 00 00 00 00 00 00 00
[19:48:52.193] [EVT  ] 0x2E  (unknown – raw bytes above)
[19:48:52.372] [EVT  ] RAW: 07 2E 09 00 00 00 00 00 00 00 00 00 00 00 00 00 00 00 00 00 00 00 00 00 00 00 00 00 00 00 00 00 00 00 00 00 00 00 00 00 00 00 00 00 00 00 00 00 00 00 00 00 00 00 00 00 00 00 00 00 00 00 00 00
[19:48:52.372] [EVT  ] 0x2E  (unknown – raw bytes above)
[19:48:53.425] [EVT  ] RAW: 07 2E 0A 00 00 00 00 00 00 00 00 00 00 00 00 00 00 00 00 00 00 00 00 00 00 00 00 00 00 00 00 00 00 00 00 00 00 00 00 00 00 00 00 00 00 00 00 00 00 00 00 00 00 00 00 00 00 00 00 00 00 00 00 00
[19:48:53.425] [EVT  ] 0x2E  (unknown – raw bytes above)
[19:48:54.227] [EVT  ] RAW: 07 2E 0C 00 00 00 00 00 00 00 00 00 00 00 00 00 00 00 00 00 00 00 00 00 00 00 00 00 00 00 00 00 00 00 00 00 00 00 00 00 00 00 00 00 00 00 00 00 00 00 00 00 00 00 00 00 00 00 00 00 00 00 00 00
[19:48:54.227] [EVT  ] 0x2E  (unknown – raw bytes above)
[19:48:54.340] [EVT  ] RAW: 07 2E 0D 00 00 00 00 00 00 00 00 00 00 00 00 00 00 00 00 00 00 00 00 00 00 00 00 00 00 00 00 00 00 00 00 00 00 00 00 00 00 00 00 00 00 00 00 00 00 00 00 00 00 00 00 00 00 00 00 00 00 00 00 00
[19:48:54.340] [EVT  ] 0x2E  (unknown – raw bytes above)
[19:48:54.436] [EVT  ] RAW: 07 2E 0E 00 00 00 00 00 00 00 00 00 00 00 00 00 00 00 00 00 00 00 00 00 00 00 00 00 00 00 00 00 00 00 00 00 00 00 00 00 00 00 00 00 00 00 00 00 00 00 00 00 00 00 00 00 00 00 00 00 00 00 00 00
[19:48:54.436] [EVT  ] 0x2E  (unknown – raw bytes above)
[19:48:54.548] [EVT  ] RAW: 07 2E 0F 00 00 00 00 00 00 00 00 00 00 00 00 00 00 00 00 00 00 00 00 00 00 00 00 00 00 00 00 00 00 00 00 00 00 00 00 00 00 00 00 00 00 00 00 00 00 00 00 00 00 00 00 00 00 00 00 00 00 00 00 00
[19:48:54.548] [EVT  ] 0x2E  (unknown – raw bytes above)
[19:48:55.109] [EVT  ] RAW: 07 2E 11 00 00 00 00 00 00 00 00 00 00 00 00 00 00 00 00 00 00 00 00 00 00 00 00 00 00 00 00 00 00 00 00 00 00 00 00 00 00 00 00 00 00 00 00 00 00 00 00 00 00 00 00 00 00 00 00 00 00 00 00 00
[19:48:55.109] [EVT  ] 0x2E  (unknown – raw bytes above)
[19:48:55.172] [EVT  ] RAW: 07 2E 12 00 00 00 00 00 00 00 00 00 00 00 00 00 00 00 00 00 00 00 00 00 00 00 00 00 00 00 00 00 00 00 00 00 00 00 00 00 00 00 00 00 00 00 00 00 00 00 00 00 00 00 00 00 00 00 00 00 00 00 00 00
[19:48:55.172] [EVT  ] 0x2E  (unknown – raw bytes above)
[19:48:56.351] [EVT  ] RAW: 07 2E 10 00 00 00 00 00 00 00 00 00 00 00 00 00 00 00 00 00 00 00 00 00 00 00 00 00 00 00 00 00 00 00 00 00 00 00 00 00 00 00 00 00 00 00 00 00 00 00 00 00 00 00 00 00 00 00 00 00 00 00 00 00
[19:48:56.351] [EVT  ] 0x2E  (unknown – raw bytes above)
[19:48:56.420] [EVT  ] RAW: 07 2E 0F 00 00 00 00 00 00 00 00 00 00 00 00 00 00 00 00 00 00 00 00 00 00 00 00 00 00 00 00 00 00 00 00 00 00 00 00 00 00 00 00 00 00 00 00 00 00 00 00 00 00 00 00 00 00 00 00 00 00 00 00 00
[19:48:56.420] [EVT  ] 0x2E  (unknown – raw bytes above)
[19:48:56.516] [EVT  ] RAW: 07 2E 0D 00 00 00 00 00 00 00 00 00 00 00 00 00 00 00 00 00 00 00 00 00 00 00 00 00 00 00 00 00 00 00 00 00 00 00 00 00 00 00 00 00 00 00 00 00 00 00 00 00 00 00 00 00 00 00 00 00 00 00 00 00
[19:48:56.516] [EVT  ] 0x2E  (unknown – raw bytes above)
[19:48:56.628] [EVT  ] RAW: 07 2E 0C 00 00 00 00 00 00 00 00 00 00 00 00 00 00 00 00 00 00 00 00 00 00 00 00 00 00 00 00 00 00 00 00 00 00 00 00 00 00 00 00 00 00 00 00 00 00 00 00 00 00 00 00 00 00 00 00 00 00 00 00 00
[19:48:56.629] [EVT  ] 0x2E  (unknown – raw bytes above)
[19:48:57.065] [EVT  ] RAW: 07 2E 0B 00 00 00 00 00 00 00 00 00 00 00 00 00 00 00 00 00 00 00 00 00 00 00 00 00 00 00 00 00 00 00 00 00 00 00 00 00 00 00 00 00 00 00 00 00 00 00 00 00 00 00 00 00 00 00 00 00 00 00 00 00
[19:48:57.065] [EVT  ] 0x2E  (unknown – raw bytes above)
[19:48:57.139] [EVT  ] RAW: 07 2E 0A 00 00 00 00 00 00 00 00 00 00 00 00 00 00 00 00 00 00 00 00 00 00 00 00 00 00 00 00 00 00 00 00 00 00 00 00 00 00 00 00 00 00 00 00 00 00 00 00 00 00 00 00 00 00 00 00 00 00 00 00 00
[19:48:57.139] [EVT  ] 0x2E  (unknown – raw bytes above)
[19:48:57.314] [EVT  ] RAW: 07 2E 08 00 00 00 00 00 00 00 00 00 00 00 00 00 00 00 00 00 00 00 00 00 00 00 00 00 00 00 00 00 00 00 00 00 00 00 00 00 00 00 00 00 00 00 00 00 00 00 00 00 00 00 00 00 00 00 00 00 00 00 00 00
[19:48:57.314] [EVT  ] 0x2E  (unknown – raw bytes above)
[19:48:57.377] [EVT  ] RAW: 07 2E 06 00 00 00 00 00 00 00 00 00 00 00 00 00 00 00 00 00 00 00 00 00 00 00 00 00 00 00 00 00 00 00 00 00 00 00 00 00 00 00 00 00 00 00 00 00 00 00 00 00 00 00 00 00 00 00 00 00 00 00 00 00
[19:48:57.377] [EVT  ] 0x2E  (unknown – raw bytes above)
[19:48:57.817] [EVT  ] RAW: 07 2E 05 00 00 00 00 00 00 00 00 00 00 00 00 00 00 00 00 00 00 00 00 00 00 00 00 00 00 00 00 00 00 00 00 00 00 00 00 00 00 00 00 00 00 00 00 00 00 00 00 00 00 00 00 00 00 00 00 00 00 00 00 00
[19:48:57.817] [EVT  ] 0x2E  (unknown – raw bytes above)
[19:48:57.892] [EVT  ] RAW: 07 2E 01 00 00 00 00 00 00 00 00 00 00 00 00 00 00 00 00 00 00 00 00 00 00 00 00 00 00 00 00 00 00 00 00 00 00 00 00 00 00 00 00 00 00 00 00 00 00 00 00 00 00 00 00 00 00 00 00 00 00 00 00 00
[19:48:57.892] [EVT  ] 0x2E  (unknown – raw bytes above)
[19:48:57.988] [EVT  ] RAW: 07 2E 00 00 00 00 00 00 00 00 00 00 00 00 00 00 00 00 00 00 00 00 00 00 00 00 00 00 00 00 00 00 00 00 00 00 00 00 00 00 00 00 00 00 00 00 00 00 00 00 00 00 00 00 00 00 00 00 00 00 00 00 00 00
[19:48:57.989] [EVT  ] 0x2E  (unknown – raw bytes above)
[19:49:00.996] [EVT  ] RAW: 07 2E 04 00 00 00 00 00 00 00 00 00 00 00 00 00 00 00 00 00 00 00 00 00 00 00 00 00 00 00 00 00 00 00 00 00 00 00 00 00 00 00 00 00 00 00 00 00 00 00 00 00 00 00 00 00 00 00 00 00 00 00 00 00
[19:49:00.997] [EVT  ] 0x2E  (unknown – raw bytes above)
[19:49:05.972] [EVT  ] RAW: 07 31 01 13 00 00 00 00 00 00 00 00 00 00 00 00 00 00 00 00 00 00 00 00 00 00 00 00 00 00 00 00 00 00 00 00 00 00 00 00 00 00 00 00 00 00 00 00 00 00 00 00 00 00 00 00 00 00 00 00 00 00 00 00
[19:49:05.972] [EVT  ] 0x31  (unknown – raw bytes above)
[19:49:06.083] [EVT  ] RAW: 07 31 01 11 00 00 00 00 00 00 00 00 00 00 00 00 00 00 00 00 00 00 00 00 00 00 00 00 00 00 00 00 00 00 00 00 00 00 00 00 00 00 00 00 00 00 00 00 00 00 00 00 00 00 00 00 00 00 00 00 00 00 00 00
[19:49:06.083] [EVT  ] 0x31  (unknown – raw bytes above)
[19:49:06.180] [EVT  ] RAW: 07 31 01 0F 00 00 00 00 00 00 00 00 00 00 00 00 00 00 00 00 00 00 00 00 00 00 00 00 00 00 00 00 00 00 00 00 00 00 00 00 00 00 00 00 00 00 00 00 00 00 00 00 00 00 00 00 00 00 00 00 00 00 00 00
[19:49:06.180] [EVT  ] 0x31  (unknown – raw bytes above)
[19:49:06.292] [EVT  ] RAW: 07 31 01 0D 00 00 00 00 00 00 00 00 00 00 00 00 00 00 00 00 00 00 00 00 00 00 00 00 00 00 00 00 00 00 00 00 00 00 00 00 00 00 00 00 00 00 00 00 00 00 00 00 00 00 00 00 00 00 00 00 00 00 00 00
[19:49:06.292] [EVT  ] 0x31  (unknown – raw bytes above)
[19:49:06.388] [EVT  ] RAW: 07 31 01 0C 00 00 00 00 00 00 00 00 00 00 00 00 00 00 00 00 00 00 00 00 00 00 00 00 00 00 00 00 00 00 00 00 00 00 00 00 00 00 00 00 00 00 00 00 00 00 00 00 00 00 00 00 00 00 00 00 00 00 00 00
[19:49:06.388] [EVT  ] 0x31  (unknown – raw bytes above)
[19:49:06.804] [EVT  ] RAW: 07 31 01 0D 00 00 00 00 00 00 00 00 00 00 00 00 00 00 00 00 00 00 00 00 00 00 00 00 00 00 00 00 00 00 00 00 00 00 00 00 00 00 00 00 00 00 00 00 00 00 00 00 00 00 00 00 00 00 00 00 00 00 00 00
[19:49:06.804] [EVT  ] 0x31  (unknown – raw bytes above)
[19:49:07.237] [EVT  ] RAW: 07 31 01 0A 00 00 00 00 00 00 00 00 00 00 00 00 00 00 00 00 00 00 00 00 00 00 00 00 00 00 00 00 00 00 00 00 00 00 00 00 00 00 00 00 00 00 00 00 00 00 00 00 00 00 00 00 00 00 00 00 00 00 00 00
[19:49:07.237] [EVT  ] 0x31  (unknown – raw bytes above)
[19:49:07.331] [EVT  ] RAW: 07 31 01 08 00 00 00 00 00 00 00 00 00 00 00 00 00 00 00 00 00 00 00 00 00 00 00 00 00 00 00 00 00 00 00 00 00 00 00 00 00 00 00 00 00 00 00 00 00 00 00 00 00 00 00 00 00 00 00 00 00 00 00 00
[19:49:07.331] [EVT  ] 0x31  (unknown – raw bytes above)
[19:49:07.651] [EVT  ] RAW: 07 31 01 07 00 00 00 00 00 00 00 00 00 00 00 00 00 00 00 00 00 00 00 00 00 00 00 00 00 00 00 00 00 00 00 00 00 00 00 00 00 00 00 00 00 00 00 00 00 00 00 00 00 00 00 00 00 00 00 00 00 00 00 00
[19:49:07.651] [EVT  ] 0x31  (unknown – raw bytes above)
[19:49:07.748] [EVT  ] RAW: 07 31 01 04 00 00 00 00 00 00 00 00 00 00 00 00 00 00 00 00 00 00 00 00 00 00 00 00 00 00 00 00 00 00 00 00 00 00 00 00 00 00 00 00 00 00 00 00 00 00 00 00 00 00 00 00 00 00 00 00 00 00 00 00
[19:49:07.748] [EVT  ] 0x31  (unknown – raw bytes above)
[19:49:07.859] [EVT  ] RAW: 07 31 01 02 00 00 00 00 00 00 00 00 00 00 00 00 00 00 00 00 00 00 00 00 00 00 00 00 00 00 00 00 00 00 00 00 00 00 00 00 00 00 00 00 00 00 00 00 00 00 00 00 00 00 00 00 00 00 00 00 00 00 00 00
[19:49:07.860] [EVT  ] 0x31  (unknown – raw bytes above)
[19:49:07.971] [EVT  ] RAW: 07 31 01 01 00 00 00 00 00 00 00 00 00 00 00 00 00 00 00 00 00 00 00 00 00 00 00 00 00 00 00 00 00 00 00 00 00 00 00 00 00 00 00 00 00 00 00 00 00 00 00 00 00 00 00 00 00 00 00 00 00 00 00 00
[19:49:07.972] [EVT  ] 0x31  (unknown – raw bytes above)
[19:49:08.276] [EVT  ] RAW: 07 31 01 00 00 00 00 00 00 00 00 00 00 00 00 00 00 00 00 00 00 00 00 00 00 00 00 00 00 00 00 00 00 00 00 00 00 00 00 00 00 00 00 00 00 00 00 00 00 00 00 00 00 00 00 00 00 00 00 00 00 00 00 00
[19:49:08.276] [EVT  ] 0x31  (unknown – raw bytes above)
[19:49:08.707] [EVT  ] RAW: 07 31 01 03 00 00 00 00 00 00 00 00 00 00 00 00 00 00 00 00 00 00 00 00 00 00 00 00 00 00 00 00 00 00 00 00 00 00 00 00 00 00 00 00 00 00 00 00 00 00 00 00 00 00 00 00 00 00 00 00 00 00 00 00
[19:49:08.707] [EVT  ] 0x31  (unknown – raw bytes above)
[19:49:08.804] [EVT  ] RAW: 07 31 01 06 00 00 00 00 00 00 00 00 00 00 00 00 00 00 00 00 00 00 00 00 00 00 00 00 00 00 00 00 00 00 00 00 00 00 00 00 00 00 00 00 00 00 00 00 00 00 00 00 00 00 00 00 00 00 00 00 00 00 00 00
[19:49:08.804] [EVT  ] 0x31  (unknown – raw bytes above)
[19:49:08.900] [EVT  ] RAW: 07 31 01 07 00 00 00 00 00 00 00 00 00 00 00 00 00 00 00 00 00 00 00 00 00 00 00 00 00 00 00 00 00 00 00 00 00 00 00 00 00 00 00 00 00 00 00 00 00 00 00 00 00 00 00 00 00 00 00 00 00 00 00 00
[19:49:08.900] [EVT  ] 0x31  (unknown – raw bytes above)
[19:49:09.204] [EVT  ] RAW: 07 31 01 08 00 00 00 00 00 00 00 00 00 00 00 00 00 00 00 00 00 00 00 00 00 00 00 00 00 00 00 00 00 00 00 00 00 00 00 00 00 00 00 00 00 00 00 00 00 00 00 00 00 00 00 00 00 00 00 00 00 00 00 00
[19:49:09.205] [EVT  ] 0x31  (unknown – raw bytes above)
[19:49:09.316] [EVT  ] RAW: 07 31 01 0B 00 00 00 00 00 00 00 00 00 00 00 00 00 00 00 00 00 00 00 00 00 00 00 00 00 00 00 00 00 00 00 00 00 00 00 00 00 00 00 00 00 00 00 00 00 00 00 00 00 00 00 00 00 00 00 00 00 00 00 00
[19:49:09.316] [EVT  ] 0x31  (unknown – raw bytes above)
[19:49:09.750] [EVT  ] RAW: 07 31 01 0F 00 00 00 00 00 00 00 00 00 00 00 00 00 00 00 00 00 00 00 00 00 00 00 00 00 00 00 00 00 00 00 00 00 00 00 00 00 00 00 00 00 00 00 00 00 00 00 00 00 00 00 00 00 00 00 00 00 00 00 00
[19:49:09.750] [EVT  ] 0x31  (unknown – raw bytes above)
[19:49:09.828] [EVT  ] RAW: 07 31 01 11 00 00 00 00 00 00 00 00 00 00 00 00 00 00 00 00 00 00 00 00 00 00 00 00 00 00 00 00 00 00 00 00 00 00 00 00 00 00 00 00 00 00 00 00 00 00 00 00 00 00 00 00 00 00 00 00 00 00 00 00
[19:49:09.828] [EVT  ] 0x31  (unknown – raw bytes above)
[19:49:10.261] [EVT  ] RAW: 07 31 01 13 00 00 00 00 00 00 00 00 00 00 00 00 00 00 00 00 00 00 00 00 00 00 00 00 00 00 00 00 00 00 00 00 00 00 00 00 00 00 00 00 00 00 00 00 00 00 00 00 00 00 00 00 00 00 00 00 00 00 00 00
[19:49:10.261] [EVT  ] 0x31  (unknown – raw bytes above)
[19:49:10.356] [EVT  ] RAW: 07 31 01 17 00 00 00 00 00 00 00 00 00 00 00 00 00 00 00 00 00 00 00 00 00 00 00 00 00 00 00 00 00 00 00 00 00 00 00 00 00 00 00 00 00 00 00 00 00 00 00 00 00 00 00 00 00 00 00 00 00 00 00 00
[19:49:10.356] [EVT  ] 0x31  (unknown – raw bytes above)
[19:49:10.787] [EVT  ] RAW: 07 31 01 1B 00 00 00 00 00 00 00 00 00 00 00 00 00 00 00 00 00 00 00 00 00 00 00 00 00 00 00 00 00 00 00 00 00 00 00 00 00 00 00 00 00 00 00 00 00 00 00 00 00 00 00 00 00 00 00 00 00 00 00 00
[19:49:10.787] [EVT  ] 0x31  (unknown – raw bytes above)
[19:49:10.868] [EVT  ] RAW: 07 31 01 1C 00 00 00 00 00 00 00 00 00 00 00 00 00 00 00 00 00 00 00 00 00 00 00 00 00 00 00 00 00 00 00 00 00 00 00 00 00 00 00 00 00 00 00 00 00 00 00 00 00 00 00 00 00 00 00 00 00 00 00 00
[19:49:10.868] [EVT  ] 0x31  (unknown – raw bytes above)
[19:49:11.188] [EVT  ] RAW: 07 31 01 1F 00 00 00 00 00 00 00 00 00 00 00 00 00 00 00 00 00 00 00 00 00 00 00 00 00 00 00 00 00 00 00 00 00 00 00 00 00 00 00 00 00 00 00 00 00 00 00 00 00 00 00 00 00 00 00 00 00 00 00 00
[19:49:11.189] [EVT  ] 0x31  (unknown – raw bytes above)
[19:49:11.299] [EVT  ] RAW: 07 31 01 22 00 00 00 00 00 00 00 00 00 00 00 00 00 00 00 00 00 00 00 00 00 00 00 00 00 00 00 00 00 00 00 00 00 00 00 00 00 00 00 00 00 00 00 00 00 00 00 00 00 00 00 00 00 00 00 00 00 00 00 00
[19:49:11.300] [EVT  ] 0x31  (unknown – raw bytes above)
[19:49:11.734] [EVT  ] RAW: 07 31 01 26 00 00 00 00 00 00 00 00 00 00 00 00 00 00 00 00 00 00 00 00 00 00 00 00 00 00 00 00 00 00 00 00 00 00 00 00 00 00 00 00 00 00 00 00 00 00 00 00 00 00 00 00 00 00 00 00 00 00 00 00
[19:49:11.734] [EVT  ] 0x31  (unknown – raw bytes above)
[19:49:11.812] [EVT  ] RAW: 07 31 01 27 00 00 00 00 00 00 00 00 00 00 00 00 00 00 00 00 00 00 00 00 00 00 00 00 00 00 00 00 00 00 00 00 00 00 00 00 00 00 00 00 00 00 00 00 00 00 00 00 00 00 00 00 00 00 00 00 00 00 00 00
[19:49:11.812] [EVT  ] 0x31  (unknown – raw bytes above)
[19:49:12.132] [EVT  ] RAW: 07 31 01 28 00 00 00 00 00 00 00 00 00 00 00 00 00 00 00 00 00 00 00 00 00 00 00 00 00 00 00 00 00 00 00 00 00 00 00 00 00 00 00 00 00 00 00 00 00 00 00 00 00 00 00 00 00 00 00 00 00 00 00 00
[19:49:12.132] [EVT  ] 0x31  (unknown – raw bytes above)
[19:49:12.436] [EVT  ] RAW: 07 31 01 27 00 00 00 00 00 00 00 00 00 00 00 00 00 00 00 00 00 00 00 00 00 00 00 00 00 00 00 00 00 00 00 00 00 00 00 00 00 00 00 00 00 00 00 00 00 00 00 00 00 00 00 00 00 00 00 00 00 00 00 00
[19:49:12.436] [EVT  ] 0x31  (unknown – raw bytes above)
[19:49:12.548] [EVT  ] RAW: 07 31 01 25 00 00 00 00 00 00 00 00 00 00 00 00 00 00 00 00 00 00 00 00 00 00 00 00 00 00 00 00 00 00 00 00 00 00 00 00 00 00 00 00 00 00 00 00 00 00 00 00 00 00 00 00 00 00 00 00 00 00 00 00
[19:49:12.548] [EVT  ] 0x31  (unknown – raw bytes above)
[19:49:12.982] [EVT  ] RAW: 07 31 01 23 00 00 00 00 00 00 00 00 00 00 00 00 00 00 00 00 00 00 00 00 00 00 00 00 00 00 00 00 00 00 00 00 00 00 00 00 00 00 00 00 00 00 00 00 00 00 00 00 00 00 00 00 00 00 00 00 00 00 00 00
[19:49:12.982] [EVT  ] 0x31  (unknown – raw bytes above)
[19:49:13.059] [EVT  ] RAW: 07 31 01 22 00 00 00 00 00 00 00 00 00 00 00 00 00 00 00 00 00 00 00 00 00 00 00 00 00 00 00 00 00 00 00 00 00 00 00 00 00 00 00 00 00 00 00 00 00 00 00 00 00 00 00 00 00 00 00 00 00 00 00 00
[19:49:13.061] [EVT  ] 0x31  (unknown – raw bytes above)
[19:49:13.380] [EVT  ] RAW: 07 31 01 21 00 00 00 00 00 00 00 00 00 00 00 00 00 00 00 00 00 00 00 00 00 00 00 00 00 00 00 00 00 00 00 00 00 00 00 00 00 00 00 00 00 00 00 00 00 00 00 00 00 00 00 00 00 00 00 00 00 00 00 00
[19:49:13.380] [EVT  ] 0x31  (unknown – raw bytes above)
[19:49:13.491] [EVT  ] RAW: 07 31 01 1E 00 00 00 00 00 00 00 00 00 00 00 00 00 00 00 00 00 00 00 00 00 00 00 00 00 00 00 00 00 00 00 00 00 00 00 00 00 00 00 00 00 00 00 00 00 00 00 00 00 00 00 00 00 00 00 00 00 00 00 00
[19:49:13.491] [EVT  ] 0x31  (unknown – raw bytes above)
[19:49:13.604] [EVT  ] RAW: 07 31 01 1D 00 00 00 00 00 00 00 00 00 00 00 00 00 00 00 00 00 00 00 00 00 00 00 00 00 00 00 00 00 00 00 00 00 00 00 00 00 00 00 00 00 00 00 00 00 00 00 00 00 00 00 00 00 00 00 00 00 00 00 00
[19:49:13.604] [EVT  ] 0x31  (unknown – raw bytes above)
[19:49:13.908] [EVT  ] RAW: 07 31 01 1B 00 00 00 00 00 00 00 00 00 00 00 00 00 00 00 00 00 00 00 00 00 00 00 00 00 00 00 00 00 00 00 00 00 00 00 00 00 00 00 00 00 00 00 00 00 00 00 00 00 00 00 00 00 00 00 00 00 00 00 00
[19:49:13.908] [EVT  ] 0x31  (unknown – raw bytes above)
[19:49:14.004] [EVT  ] RAW: 07 31 01 1A 00 00 00 00 00 00 00 00 00 00 00 00 00 00 00 00 00 00 00 00 00 00 00 00 00 00 00 00 00 00 00 00 00 00 00 00 00 00 00 00 00 00 00 00 00 00 00 00 00 00 00 00 00 00 00 00 00 00 00 00
[19:49:14.004] [EVT  ] 0x31  (unknown – raw bytes above)
[19:49:14.324] [EVT  ] RAW: 07 31 01 17 00 00 00 00 00 00 00 00 00 00 00 00 00 00 00 00 00 00 00 00 00 00 00 00 00 00 00 00 00 00 00 00 00 00 00 00 00 00 00 00 00 00 00 00 00 00 00 00 00 00 00 00 00 00 00 00 00 00 00 00
[19:49:14.324] [EVT  ] 0x31  (unknown – raw bytes above)
[19:49:14.628] [EVT  ] RAW: 07 31 01 16 00 00 00 00 00 00 00 00 00 00 00 00 00 00 00 00 00 00 00 00 00 00 00 00 00 00 00 00 00 00 00 00 00 00 00 00 00 00 00 00 00 00 00 00 00 00 00 00 00 00 00 00 00 00 00 00 00 00 00 00
[19:49:14.628] [EVT  ] 0x31  (unknown – raw bytes above)
[19:49:14.740] [EVT  ] RAW: 07 31 01 13 00 00 00 00 00 00 00 00 00 00 00 00 00 00 00 00 00 00 00 00 00 00 00 00 00 00 00 00 00 00 00 00 00 00 00 00 00 00 00 00 00 00 00 00 00 00 00 00 00 00 00 00 00 00 00 00 00 00 00 00
[19:49:14.740] [EVT  ] 0x31  (unknown – raw bytes above)
[19:49:17.041] [EVT  ] RAW: 07 31 01 14 00 00 00 00 00 00 00 00 00 00 00 00 00 00 00 00 00 00 00 00 00 00 00 00 00 00 00 00 00 00 00 00 00 00 00 00 00 00 00 00 00 00 00 00 00 00 00 00 00 00 00 00 00 00 00 00 00 00 00 00
[19:49:17.041] [EVT  ] 0x31  (unknown – raw bytes above)
[19:49:19.972] [EVT  ] RAW: 07 31 0A 18 00 00 00 00 00 00 00 00 00 00 00 00 00 00 00 00 00 00 00 00 00 00 00 00 00 00 00 00 00 00 00 00 00 00 00 00 00 00 00 00 00 00 00 00 00 00 00 00 00 00 00 00 00 00 00 00 00 00 00 00
[19:49:19.972] [EVT  ] 0x31  (unknown – raw bytes above)
[19:49:20.084] [EVT  ] RAW: 07 31 0A 1B 00 00 00 00 00 00 00 00 00 00 00 00 00 00 00 00 00 00 00 00 00 00 00 00 00 00 00 00 00 00 00 00 00 00 00 00 00 00 00 00 00 00 00 00 00 00 00 00 00 00 00 00 00 00 00 00 00 00 00 00
[19:49:20.084] [EVT  ] 0x31  (unknown – raw bytes above)
[19:49:20.404] [EVT  ] RAW: 07 31 0A 1C 00 00 00 00 00 00 00 00 00 00 00 00 00 00 00 00 00 00 00 00 00 00 00 00 00 00 00 00 00 00 00 00 00 00 00 00 00 00 00 00 00 00 00 00 00 00 00 00 00 00 00 00 00 00 00 00 00 00 00 00
[19:49:20.404] [EVT  ] 0x31  (unknown – raw bytes above)
[19:49:20.516] [EVT  ] RAW: 07 31 0A 20 00 00 00 00 00 00 00 00 00 00 00 00 00 00 00 00 00 00 00 00 00 00 00 00 00 00 00 00 00 00 00 00 00 00 00 00 00 00 00 00 00 00 00 00 00 00 00 00 00 00 00 00 00 00 00 00 00 00 00 00
[19:49:20.517] [EVT  ] 0x31  (unknown – raw bytes above)
[19:49:21.069] [EVT  ] RAW: 07 31 0A 22 00 00 00 00 00 00 00 00 00 00 00 00 00 00 00 00 00 00 00 00 00 00 00 00 00 00 00 00 00 00 00 00 00 00 00 00 00 00 00 00 00 00 00 00 00 00 00 00 00 00 00 00 00 00 00 00 00 00 00 00
[19:49:21.069] [EVT  ] 0x31  (unknown – raw bytes above)
[19:49:21.131] [EVT  ] RAW: 07 31 0A 26 00 00 00 00 00 00 00 00 00 00 00 00 00 00 00 00 00 00 00 00 00 00 00 00 00 00 00 00 00 00 00 00 00 00 00 00 00 00 00 00 00 00 00 00 00 00 00 00 00 00 00 00 00 00 00 00 00 00 00 00
[19:49:21.131] [EVT  ] 0x31  (unknown – raw bytes above)
[19:49:21.444] [EVT  ] RAW: 07 31 0A 28 00 00 00 00 00 00 00 00 00 00 00 00 00 00 00 00 00 00 00 00 00 00 00 00 00 00 00 00 00 00 00 00 00 00 00 00 00 00 00 00 00 00 00 00 00 00 00 00 00 00 00 00 00 00 00 00 00 00 00 00
[19:49:21.444] [EVT  ] 0x31  (unknown – raw bytes above)
[19:49:22.163] [EVT  ] RAW: 07 31 0A 26 00 00 00 00 00 00 00 00 00 00 00 00 00 00 00 00 00 00 00 00 00 00 00 00 00 00 00 00 00 00 00 00 00 00 00 00 00 00 00 00 00 00 00 00 00 00 00 00 00 00 00 00 00 00 00 00 00 00 00 00
[19:49:22.164] [EVT  ] 0x31  (unknown – raw bytes above)
[19:49:22.276] [EVT  ] RAW: 07 31 0A 22 00 00 00 00 00 00 00 00 00 00 00 00 00 00 00 00 00 00 00 00 00 00 00 00 00 00 00 00 00 00 00 00 00 00 00 00 00 00 00 00 00 00 00 00 00 00 00 00 00 00 00 00 00 00 00 00 00 00 00 00
[19:49:22.276] [EVT  ] 0x31  (unknown – raw bytes above)
[19:49:22.715] [EVT  ] RAW: 07 31 0A 1D 00 00 00 00 00 00 00 00 00 00 00 00 00 00 00 00 00 00 00 00 00 00 00 00 00 00 00 00 00 00 00 00 00 00 00 00 00 00 00 00 00 00 00 00 00 00 00 00 00 00 00 00 00 00 00 00 00 00 00 00
[19:49:22.715] [EVT  ] 0x31  (unknown – raw bytes above)
[19:49:23.026] [EVT  ] RAW: 07 31 0A 1C 00 00 00 00 00 00 00 00 00 00 00 00 00 00 00 00 00 00 00 00 00 00 00 00 00 00 00 00 00 00 00 00 00 00 00 00 00 00 00 00 00 00 00 00 00 00 00 00 00 00 00 00 00 00 00 00 00 00 00 00
[19:49:23.026] [EVT  ] 0x31  (unknown – raw bytes above)
[19:49:23.108] [EVT  ] RAW: 07 31 0A 18 00 00 00 00 00 00 00 00 00 00 00 00 00 00 00 00 00 00 00 00 00 00 00 00 00 00 00 00 00 00 00 00 00 00 00 00 00 00 00 00 00 00 00 00 00 00 00 00 00 00 00 00 00 00 00 00 00 00 00 00
[19:49:23.108] [EVT  ] 0x31  (unknown – raw bytes above)
[19:49:23.204] [EVT  ] RAW: 07 31 0A 17 00 00 00 00 00 00 00 00 00 00 00 00 00 00 00 00 00 00 00 00 00 00 00 00 00 00 00 00 00 00 00 00 00 00 00 00 00 00 00 00 00 00 00 00 00 00 00 00 00 00 00 00 00 00 00 00 00 00 00 00
[19:49:23.204] [EVT  ] 0x31  (unknown – raw bytes above)
[19:49:23.411] [EVT  ] RAW: 07 31 0A 16 00 00 00 00 00 00 00 00 00 00 00 00 00 00 00 00 00 00 00 00 00 00 00 00 00 00 00 00 00 00 00 00 00 00 00 00 00 00 00 00 00 00 00 00 00 00 00 00 00 00 00 00 00 00 00 00 00 00 00 00
[19:49:23.411] [EVT  ] 0x31  (unknown – raw bytes above)
[19:49:23.524] [EVT  ] RAW: 07 31 0A 14 00 00 00 00 00 00 00 00 00 00 00 00 00 00 00 00 00 00 00 00 00 00 00 00 00 00 00 00 00 00 00 00 00 00 00 00 00 00 00 00 00 00 00 00 00 00 00 00 00 00 00 00 00 00 00 00 00 00 00 00
[19:49:23.524] [EVT  ] 0x31  (unknown – raw bytes above)
[19:49:23.828] [EVT  ] RAW: 07 31 0A 12 00 00 00 00 00 00 00 00 00 00 00 00 00 00 00 00 00 00 00 00 00 00 00 00 00 00 00 00 00 00 00 00 00 00 00 00 00 00 00 00 00 00 00 00 00 00 00 00 00 00 00 00 00 00 00 00 00 00 00 00
[19:49:23.828] [EVT  ] 0x31  (unknown – raw bytes above)
[19:49:23.939] [EVT  ] RAW: 07 31 0A 11 00 00 00 00 00 00 00 00 00 00 00 00 00 00 00 00 00 00 00 00 00 00 00 00 00 00 00 00 00 00 00 00 00 00 00 00 00 00 00 00 00 00 00 00 00 00 00 00 00 00 00 00 00 00 00 00 00 00 00 00
[19:49:23.939] [EVT  ] 0x31  (unknown – raw bytes above)
[19:49:24.244] [EVT  ] RAW: 07 31 0A 0D 00 00 00 00 00 00 00 00 00 00 00 00 00 00 00 00 00 00 00 00 00 00 00 00 00 00 00 00 00 00 00 00 00 00 00 00 00 00 00 00 00 00 00 00 00 00 00 00 00 00 00 00 00 00 00 00 00 00 00 00
[19:49:24.244] [EVT  ] 0x31  (unknown – raw bytes above)
[19:49:24.356] [EVT  ] RAW: 07 31 0A 0C 00 00 00 00 00 00 00 00 00 00 00 00 00 00 00 00 00 00 00 00 00 00 00 00 00 00 00 00 00 00 00 00 00 00 00 00 00 00 00 00 00 00 00 00 00 00 00 00 00 00 00 00 00 00 00 00 00 00 00 00
[19:49:24.356] [EVT  ] 0x31  (unknown – raw bytes above)
[19:49:24.659] [EVT  ] RAW: 07 31 0A 09 00 00 00 00 00 00 00 00 00 00 00 00 00 00 00 00 00 00 00 00 00 00 00 00 00 00 00 00 00 00 00 00 00 00 00 00 00 00 00 00 00 00 00 00 00 00 00 00 00 00 00 00 00 00 00 00 00 00 00 00
[19:49:24.661] [EVT  ] 0x31  (unknown – raw bytes above)
[19:49:24.979] [EVT  ] RAW: 07 31 0A 08 00 00 00 00 00 00 00 00 00 00 00 00 00 00 00 00 00 00 00 00 00 00 00 00 00 00 00 00 00 00 00 00 00 00 00 00 00 00 00 00 00 00 00 00 00 00 00 00 00 00 00 00 00 00 00 00 00 00 00 00
[19:49:24.979] [EVT  ] 0x31  (unknown – raw bytes above)
[19:49:25.076] [EVT  ] RAW: 07 31 0A 06 00 00 00 00 00 00 00 00 00 00 00 00 00 00 00 00 00 00 00 00 00 00 00 00 00 00 00 00 00 00 00 00 00 00 00 00 00 00 00 00 00 00 00 00 00 00 00 00 00 00 00 00 00 00 00 00 00 00 00 00
[19:49:25.076] [EVT  ] 0x31  (unknown – raw bytes above)
[19:49:25.396] [EVT  ] RAW: 07 31 0A 03 00 00 00 00 00 00 00 00 00 00 00 00 00 00 00 00 00 00 00 00 00 00 00 00 00 00 00 00 00 00 00 00 00 00 00 00 00 00 00 00 00 00 00 00 00 00 00 00 00 00 00 00 00 00 00 00 00 00 00 00
[19:49:25.396] [EVT  ] 0x31  (unknown – raw bytes above)
[19:49:25.716] [EVT  ] RAW: 07 31 0A 01 00 00 00 00 00 00 00 00 00 00 00 00 00 00 00 00 00 00 00 00 00 00 00 00 00 00 00 00 00 00 00 00 00 00 00 00 00 00 00 00 00 00 00 00 00 00 00 00 00 00 00 00 00 00 00 00 00 00 00 00
[19:49:25.716] [EVT  ] 0x31  (unknown – raw bytes above)
[19:49:25.812] [EVT  ] RAW: 07 31 0A 00 00 00 00 00 00 00 00 00 00 00 00 00 00 00 00 00 00 00 00 00 00 00 00 00 00 00 00 00 00 00 00 00 00 00 00 00 00 00 00 00 00 00 00 00 00 00 00 00 00 00 00 00 00 00 00 00 00 00 00 00
[19:49:25.812] [EVT  ] 0x31  (unknown – raw bytes above)
[19:49:26.497] [EVT  ] RAW: 07 31 0A 02 00 00 00 00 00 00 00 00 00 00 00 00 00 00 00 00 00 00 00 00 00 00 00 00 00 00 00 00 00 00 00 00 00 00 00 00 00 00 00 00 00 00 00 00 00 00 00 00 00 00 00 00 00 00 00 00 00 00 00 00
[19:49:26.497] [EVT  ] 0x31  (unknown – raw bytes above)
[19:49:26.559] [EVT  ] RAW: 07 31 0A 03 00 00 00 00 00 00 00 00 00 00 00 00 00 00 00 00 00 00 00 00 00 00 00 00 00 00 00 00 00 00 00 00 00 00 00 00 00 00 00 00 00 00 00 00 00 00 00 00 00 00 00 00 00 00 00 00 00 00 00 00
[19:49:26.559] [EVT  ] 0x31  (unknown – raw bytes above)
[19:49:26.740] [EVT  ] RAW: 07 31 0A 04 00 00 00 00 00 00 00 00 00 00 00 00 00 00 00 00 00 00 00 00 00 00 00 00 00 00 00 00 00 00 00 00 00 00 00 00 00 00 00 00 00 00 00 00 00 00 00 00 00 00 00 00 00 00 00 00 00 00 00 00
[19:49:26.740] [EVT  ] 0x31  (unknown – raw bytes above)
[19:49:26.852] [EVT  ] RAW: 07 31 0A 08 00 00 00 00 00 00 00 00 00 00 00 00 00 00 00 00 00 00 00 00 00 00 00 00 00 00 00 00 00 00 00 00 00 00 00 00 00 00 00 00 00 00 00 00 00 00 00 00 00 00 00 00 00 00 00 00 00 00 00 00
[19:49:26.852] [EVT  ] 0x31  (unknown – raw bytes above)
[19:49:27.172] [EVT  ] RAW: 07 31 0A 0A 00 00 00 00 00 00 00 00 00 00 00 00 00 00 00 00 00 00 00 00 00 00 00 00 00 00 00 00 00 00 00 00 00 00 00 00 00 00 00 00 00 00 00 00 00 00 00 00 00 00 00 00 00 00 00 00 00 00 00 00
[19:49:27.172] [EVT  ] 0x31  (unknown – raw bytes above)
[19:49:27.268] [EVT  ] RAW: 07 31 0A 0C 00 00 00 00 00 00 00 00 00 00 00 00 00 00 00 00 00 00 00 00 00 00 00 00 00 00 00 00 00 00 00 00 00 00 00 00 00 00 00 00 00 00 00 00 00 00 00 00 00 00 00 00 00 00 00 00 00 00 00 00
[19:49:27.268] [EVT  ] 0x31  (unknown – raw bytes above)
[19:49:27.587] [EVT  ] RAW: 07 31 0A 10 00 00 00 00 00 00 00 00 00 00 00 00 00 00 00 00 00 00 00 00 00 00 00 00 00 00 00 00 00 00 00 00 00 00 00 00 00 00 00 00 00 00 00 00 00 00 00 00 00 00 00 00 00 00 00 00 00 00 00 00
[19:49:27.587] [EVT  ] 0x31  (unknown – raw bytes above)
[19:49:27.892] [EVT  ] RAW: 07 31 0A 11 00 00 00 00 00 00 00 00 00 00 00 00 00 00 00 00 00 00 00 00 00 00 00 00 00 00 00 00 00 00 00 00 00 00 00 00 00 00 00 00 00 00 00 00 00 00 00 00 00 00 00 00 00 00 00 00 00 00 00 00
[19:49:27.893] [EVT  ] 0x31  (unknown – raw bytes above)
[19:49:28.003] [EVT  ] RAW: 07 31 0A 14 00 00 00 00 00 00 00 00 00 00 00 00 00 00 00 00 00 00 00 00 00 00 00 00 00 00 00 00 00 00 00 00 00 00 00 00 00 00 00 00 00 00 00 00 00 00 00 00 00 00 00 00 00 00 00 00 00 00 00 00
[19:49:28.004] [EVT  ] 0x31  (unknown – raw bytes above)
[19:49:35.763] 
[INFO ] Stopped by user.
