[19:01:34.268] [INFO ] Control handle opened  (0xFFC0): \\?\HID#VID_1038&PID_12E0&MI_04&Col01#8&26fe868d&0&0000#{4d1e55b2-f16f-11cf-88cb-001111000030}
[19:01:34.268] [INFO ] Events  handle opened  (0xFF00): \\?\HID#VID_1038&PID_12E0&MI_04&Col02#8&26fe868d&0&0001#{4d1e55b2-f16f-11cf-88cb-001111000030}
[19:01:34.268] 
[19:01:34.270] [INFO ] Sending candidate query commands (Nova 7X origin, verifying on Nova Pro)…
[19:01:34.270] [QUERY] TX  0xB0  status        (battery, partial decode – see HidCommands.md §6.1)
[19:01:34.270] [QUERY]     06 B0 00 00 00 00 00 00 00 00 00 00 00 00 00 00 00 00 00 00 00 00 00 00 00 00 00 00 00 00 00 00 00 00 00 00 00 00 00 00 00 00 00 00 00 00 00 00 00 00 00 00 00 00 00 00 00 00 00 00 00 00 00 00
[19:01:34.361] [QUERY] TX  0x20  mic / EQ      (gain level, sidetone raw, 10 EQ band values)
[19:01:34.361] [QUERY]     06 20 00 00 00 00 00 00 00 00 00 00 00 00 00 00 00 00 00 00 00 00 00 00 00 00 00 00 00 00 00 00 00 00 00 00 00 00 00 00 00 00 00 00 00 00 00 00 00 00 00 00 00 00 00 00 00 00 00 00 00 00 00 00
[19:01:34.457] [QUERY] TX  0x10  firmware ver  (ASCII string)
[19:01:34.457] [QUERY]     06 10 00 00 00 00 00 00 00 00 00 00 00 00 00 00 00 00 00 00 00 00 00 00 00 00 00 00 00 00 00 00 00 00 00 00 00 00 00 00 00 00 00 00 00 00 00 00 00 00 00 00 00 00 00 00 00 00 00 00 00 00 00 00
[19:01:34.553] [QUERY] TX  0x12  serial number (ASCII string)
[19:01:34.553] [QUERY]     06 12 00 00 00 00 00 00 00 00 00 00 00 00 00 00 00 00 00 00 00 00 00 00 00 00 00 00 00 00 00 00 00 00 00 00 00 00 00 00 00 00 00 00 00 00 00 00 00 00 00 00 00 00 00 00 00 00 00 00 00 00 00 00
[19:01:34.649] 
[19:01:34.649] [INFO ] Event loop active – interact with the headset. Ctrl+C to stop.
[19:01:34.649] [INFO ] Try: volume wheel, mute button, ANC button, ChatMix dial, gain button.
[19:01:34.649] 
[19:01:34.649] [CTRL ] RAW: 06 B0 00 00 01 00 08 05 08 00 01 0A 00 00 08 08 00 00 00 00 00 00 00 00 00 00 00 00 00 00 00 00 00 00 00 00 00 00 00 00 00 00 00 00 00 00 00 00 00 00 00 00 00 00 00 00 00 00 00 00 00 00 00 00
[19:01:34.649] [CTRL ] 0xB0  Status          → headset_bat=100%  dock_bat=62%  conn=2.4GHz  mic_mute=unmuted  anc=transparency  bt=off  oled_brightness=10  2.4ghz_mode=performance
[19:01:34.704] [CTRL ] RAW: 06 20 01 21 02 00 00 14 14 14 14 14 14 14 14 14 14 05 00 02 64 64 64 00 64 64 00 00 00 00 00 00 00 00 00 00 00 00 00 00 00 00 00 00 00 00 00 00 00 00 00 00 00 00 00 00 00 00 00 00 00 00 00 00
[19:01:34.704] [CTRL ] 0x20  Mic/EQ          → gain=high  mic_vol=5  sidetone=off  vol=41%  chatmix_game=100  chatmix_chat=100  [2]=0x01  eq_bands=[14 14 14 14 14 14 14 14 14 14]
[19:01:34.766] [CTRL ] RAW: 06 10 30 30 30 30 2E 30 30 33 2E 30 38 32 30 30 30 31 2E 30 33 31 2E 30 30 30 30 30 30 32 2E 30 30 32 2E 30 30 31 30 30 30 32 2E 30 30 31 2E 30 30 30 00 00 00 00 00 00 00 00 00 00 00 00 00 00
[19:01:34.766] [CTRL ] 0x10  Firmware        → '0000.003.0820001.031.0000002.002.0010002.001.000'
[19:01:34.828] [CTRL ] RAW: 06 12 36 31 35 32 30 34 38 33 31 33 32 32 32 35 30 30 37 34 37 00 00 00 00 00 00 00 00 00 00 00 00 00 00 00 00 00 00 00 00 00 00 00 00 00 00 00 00 00 00 00 00 00 00 00 00 00 00 00 00 00 00 00
[19:01:34.828] [CTRL ] 0x12  Serial          → '6152048313222500747'
[19:01:51.496] [EVT  ] RAW: 07 47 5F 00 64 64 00 00 00 00 00 00 00 00 00 00 00 00 00 00 00 00 00 00 00 00 00 00 00 00 00 00 00 00 00 00 00 00 00 00 00 00 00 00 00 00 00 00 00 00 00 00 00 00 00 00 00 00 00 00 00 00 00 00
[19:01:51.496] [EVT  ] 0x47  Stream Volumes  → main=95  aux=100  mic=100
[19:01:51.608] [EVT  ] RAW: 07 47 55 00 64 64 00 00 00 00 00 00 00 00 00 00 00 00 00 00 00 00 00 00 00 00 00 00 00 00 00 00 00 00 00 00 00 00 00 00 00 00 00 00 00 00 00 00 00 00 00 00 00 00 00 00 00 00 00 00 00 00 00 00
[19:01:51.608] [EVT  ] 0x47  Stream Volumes  → main=85  aux=100  mic=100
[19:01:51.704] [EVT  ] RAW: 07 47 4B 00 64 64 00 00 00 00 00 00 00 00 00 00 00 00 00 00 00 00 00 00 00 00 00 00 00 00 00 00 00 00 00 00 00 00 00 00 00 00 00 00 00 00 00 00 00 00 00 00 00 00 00 00 00 00 00 00 00 00 00 00
[19:01:51.705] [EVT  ] 0x47  Stream Volumes  → main=75  aux=100  mic=100
[19:01:51.816] [EVT  ] RAW: 07 47 46 00 64 64 00 00 00 00 00 00 00 00 00 00 00 00 00 00 00 00 00 00 00 00 00 00 00 00 00 00 00 00 00 00 00 00 00 00 00 00 00 00 00 00 00 00 00 00 00 00 00 00 00 00 00 00 00 00 00 00 00 00
[19:01:51.816] [EVT  ] 0x47  Stream Volumes  → main=70  aux=100  mic=100
[19:01:51.912] [EVT  ] RAW: 07 47 41 00 64 64 00 00 00 00 00 00 00 00 00 00 00 00 00 00 00 00 00 00 00 00 00 00 00 00 00 00 00 00 00 00 00 00 00 00 00 00 00 00 00 00 00 00 00 00 00 00 00 00 00 00 00 00 00 00 00 00 00 00
[19:01:51.912] [EVT  ] 0x47  Stream Volumes  → main=65  aux=100  mic=100
[19:01:52.339] [EVT  ] RAW: 07 47 37 00 64 64 00 00 00 00 00 00 00 00 00 00 00 00 00 00 00 00 00 00 00 00 00 00 00 00 00 00 00 00 00 00 00 00 00 00 00 00 00 00 00 00 00 00 00 00 00 00 00 00 00 00 00 00 00 00 00 00 00 00
[19:01:52.339] [EVT  ] 0x47  Stream Volumes  → main=55  aux=100  mic=100
[19:01:52.440] [EVT  ] RAW: 07 47 32 00 64 64 00 00 00 00 00 00 00 00 00 00 00 00 00 00 00 00 00 00 00 00 00 00 00 00 00 00 00 00 00 00 00 00 00 00 00 00 00 00 00 00 00 00 00 00 00 00 00 00 00 00 00 00 00 00 00 00 00 00
[19:01:52.440] [EVT  ] 0x47  Stream Volumes  → main=50  aux=100  mic=100
[19:01:52.537] [EVT  ] RAW: 07 47 2D 00 64 64 00 00 00 00 00 00 00 00 00 00 00 00 00 00 00 00 00 00 00 00 00 00 00 00 00 00 00 00 00 00 00 00 00 00 00 00 00 00 00 00 00 00 00 00 00 00 00 00 00 00 00 00 00 00 00 00 00 00
[19:01:52.537] [EVT  ] 0x47  Stream Volumes  → main=45  aux=100  mic=100
[19:01:54.082] 
[INFO ] Stopped by user.
