[16:34:35.262] [INFO ] Control handle opened  (0xFFC0): \\?\HID#VID_1038&PID_12E0&MI_04&Col01#8&26fe868d&0&0000#{4d1e55b2-f16f-11cf-88cb-001111000030}
[16:34:35.264] [INFO ] Events  handle opened  (0xFF00): \\?\HID#VID_1038&PID_12E0&MI_04&Col02#8&26fe868d&0&0001#{4d1e55b2-f16f-11cf-88cb-001111000030}
[16:34:35.264] 
[16:34:35.264] [INFO ] Sending candidate query commands (Nova 7X origin, verifying on Nova Pro)…
[16:34:35.264] [QUERY] TX  0xB0  status        (battery %, charging, game/chat vol, sleep, mute)
[16:34:35.264] [QUERY]     06 B0 00 00 00 00 00 00 00 00 00 00 00 00 00 00 00 00 00 00 00 00 00 00 00 00 00 00 00 00 00 00 00 00 00 00 00 00 00 00 00 00 00 00 00 00 00 00 00 00 00 00 00 00 00 00 00 00 00 00 00 00 00 00
[16:34:35.358] [QUERY] TX  0xA0  config        (idle timeout, LED brightness)
[16:34:35.358] [QUERY]     06 A0 00 00 00 00 00 00 00 00 00 00 00 00 00 00 00 00 00 00 00 00 00 00 00 00 00 00 00 00 00 00 00 00 00 00 00 00 00 00 00 00 00 00 00 00 00 00 00 00 00 00 00 00 00 00 00 00 00 00 00 00 00 00
[16:34:35.454] [QUERY] TX  0x20  mic params    (volume, sidetone level, volume limiter)
[16:34:35.454] [QUERY]     06 20 00 00 00 00 00 00 00 00 00 00 00 00 00 00 00 00 00 00 00 00 00 00 00 00 00 00 00 00 00 00 00 00 00 00 00 00 00 00 00 00 00 00 00 00 00 00 00 00 00 00 00 00 00 00 00 00 00 00 00 00 00 00
[16:34:35.550] [QUERY] TX  0x10  firmware ver  (ASCII string)
[16:34:35.550] [QUERY]     06 10 00 00 00 00 00 00 00 00 00 00 00 00 00 00 00 00 00 00 00 00 00 00 00 00 00 00 00 00 00 00 00 00 00 00 00 00 00 00 00 00 00 00 00 00 00 00 00 00 00 00 00 00 00 00 00 00 00 00 00 00 00 00
[16:34:35.646] [QUERY] TX  0x12  serial number (ASCII string)
[16:34:35.646] [QUERY]     06 12 00 00 00 00 00 00 00 00 00 00 00 00 00 00 00 00 00 00 00 00 00 00 00 00 00 00 00 00 00 00 00 00 00 00 00 00 00 00 00 00 00 00 00 00 00 00 00 00 00 00 00 00 00 00 00 00 00 00 00 00 00 00
[16:34:35.742] 
[16:34:35.742] [INFO ] Event loop active – interact with the headset. Ctrl+C to stop.
[16:34:35.742] [INFO ] Try: volume wheel, mute button, ANC button, ChatMix dial.
[16:34:35.742] 
[16:34:35.742] [CTRL ] RAW: 06 B0 00 00 01 00 06 08 08 00 02 0A 05 00 08 08 00 00 00 00 00 00 00 00 00 00 00 00 00 00 00 00 00 00 00 00 00 00 00 00 00 00 00 00 00 00 00 00 00 00 00 00 00 00 00 00 00 00 00 00 00 00 00 00
[16:34:35.742] [CTRL ] 0xB0  Status          → sleep=0x00  battery=0%  charging=0x01  game_vol=0  chat_vol=6
[16:34:35.801] [CTRL ] RAW: 06 20 01 1A 02 00 00 14 14 14 14 14 14 14 14 14 14 0A 00 01 64 64 64 00 64 64 00 00 00 00 00 00 00 00 00 00 00 00 00 00 00 00 00 00 00 00 00 00 00 00 00 00 00 00 00 00 00 00 00 00 00 00 00 00
[16:34:35.801] [CTRL ] 0x20  Mic Params      → volume=1  sidetone=26  limiter=2
[16:34:35.864] [CTRL ] RAW: 06 10 30 30 30 30 2E 30 30 33 2E 30 38 32 30 30 30 31 2E 30 33 31 2E 30 30 30 30 30 30 32 2E 30 30 32 2E 30 30 31 30 30 30 32 2E 30 30 31 2E 30 30 30 00 00 00 00 00 00 00 00 00 00 00 00 00 00
[16:34:35.864] [CTRL ] 0x10  Firmware        → '0000.003.0820001.031.0000002.002.0010002.001.000'
[16:34:35.926] [CTRL ] RAW: 06 12 36 31 35 32 30 34 38 33 31 33 32 32 32 35 30 30 37 34 37 00 00 00 00 00 00 00 00 00 00 00 00 00 00 00 00 00 00 00 00 00 00 00 00 00 00 00 00 00 00 00 00 00 00 00 00 00 00 00 00 00 00 00
[16:34:35.926] [CTRL ] 0x12  Serial          → '6152048313222500747'
[16:35:31.507] [EVT  ] RAW: 07 25 19 00 00 00 00 00 00 00 00 00 00 00 00 00 00 00 00 00 00 00 00 00 00 00 00 00 00 00 00 00 00 00 00 00 00 00 00 00 00 00 00 00 00 00 00 00 00 00 00 00 00 00 00 00 00 00 00 00 00 00 00 00
[16:35:31.507] [EVT  ] 0x25  Volume          → 55% (raw=0x19)
[16:35:31.695] [EVT  ] RAW: 07 25 18 00 00 00 00 00 00 00 00 00 00 00 00 00 00 00 00 00 00 00 00 00 00 00 00 00 00 00 00 00 00 00 00 00 00 00 00 00 00 00 00 00 00 00 00 00 00 00 00 00 00 00 00 00 00 00 00 00 00 00 00 00
[16:35:31.695] [EVT  ] 0x25  Volume          → 57% (raw=0x18)
[16:35:33.762] [EVT  ] RAW: 07 25 17 00 00 00 00 00 00 00 00 00 00 00 00 00 00 00 00 00 00 00 00 00 00 00 00 00 00 00 00 00 00 00 00 00 00 00 00 00 00 00 00 00 00 00 00 00 00 00 00 00 00 00 00 00 00 00 00 00 00 00 00 00
[16:35:33.762] [EVT  ] 0x25  Volume          → 59% (raw=0x17)
[16:35:34.365] [EVT  ] RAW: 07 25 16 00 00 00 00 00 00 00 00 00 00 00 00 00 00 00 00 00 00 00 00 00 00 00 00 00 00 00 00 00 00 00 00 00 00 00 00 00 00 00 00 00 00 00 00 00 00 00 00 00 00 00 00 00 00 00 00 00 00 00 00 00
[16:35:34.365] [EVT  ] 0x25  Volume          → 61% (raw=0x16)
[16:35:34.572] [EVT  ] RAW: 07 25 15 00 00 00 00 00 00 00 00 00 00 00 00 00 00 00 00 00 00 00 00 00 00 00 00 00 00 00 00 00 00 00 00 00 00 00 00 00 00 00 00 00 00 00 00 00 00 00 00 00 00 00 00 00 00 00 00 00 00 00 00 00
[16:35:34.574] [EVT  ] 0x25  Volume          → 62% (raw=0x15)
[16:35:35.124] [EVT  ] RAW: 07 25 14 00 00 00 00 00 00 00 00 00 00 00 00 00 00 00 00 00 00 00 00 00 00 00 00 00 00 00 00 00 00 00 00 00 00 00 00 00 00 00 00 00 00 00 00 00 00 00 00 00 00 00 00 00 00 00 00 00 00 00 00 00
[16:35:35.124] [EVT  ] 0x25  Volume          → 64% (raw=0x14)
[16:35:35.613] [EVT  ] RAW: 07 25 15 00 00 00 00 00 00 00 00 00 00 00 00 00 00 00 00 00 00 00 00 00 00 00 00 00 00 00 00 00 00 00 00 00 00 00 00 00 00 00 00 00 00 00 00 00 00 00 00 00 00 00 00 00 00 00 00 00 00 00 00 00
[16:35:35.613] [EVT  ] 0x25  Volume          → 62% (raw=0x15)
[16:35:35.708] [EVT  ] RAW: 07 25 16 00 00 00 00 00 00 00 00 00 00 00 00 00 00 00 00 00 00 00 00 00 00 00 00 00 00 00 00 00 00 00 00 00 00 00 00 00 00 00 00 00 00 00 00 00 00 00 00 00 00 00 00 00 00 00 00 00 00 00 00 00
[16:35:35.710] [EVT  ] 0x25  Volume          → 61% (raw=0x16)
[16:35:35.820] [EVT  ] RAW: 07 25 17 00 00 00 00 00 00 00 00 00 00 00 00 00 00 00 00 00 00 00 00 00 00 00 00 00 00 00 00 00 00 00 00 00 00 00 00 00 00 00 00 00 00 00 00 00 00 00 00 00 00 00 00 00 00 00 00 00 00 00 00 00
[16:35:35.822] [EVT  ] 0x25  Volume          → 59% (raw=0x17)
[16:35:35.918] [EVT  ] RAW: 07 25 18 00 00 00 00 00 00 00 00 00 00 00 00 00 00 00 00 00 00 00 00 00 00 00 00 00 00 00 00 00 00 00 00 00 00 00 00 00 00 00 00 00 00 00 00 00 00 00 00 00 00 00 00 00 00 00 00 00 00 00 00 00
[16:35:35.918] [EVT  ] 0x25  Volume          → 57% (raw=0x18)
[16:35:36.636] [EVT  ] RAW: 07 25 19 00 00 00 00 00 00 00 00 00 00 00 00 00 00 00 00 00 00 00 00 00 00 00 00 00 00 00 00 00 00 00 00 00 00 00 00 00 00 00 00 00 00 00 00 00 00 00 00 00 00 00 00 00 00 00 00 00 00 00 00 00
[16:35:36.638] [EVT  ] 0x25  Volume          → 55% (raw=0x19)
[16:35:36.749] [EVT  ] RAW: 07 25 1A 00 00 00 00 00 00 00 00 00 00 00 00 00 00 00 00 00 00 00 00 00 00 00 00 00 00 00 00 00 00 00 00 00 00 00 00 00 00 00 00 00 00 00 00 00 00 00 00 00 00 00 00 00 00 00 00 00 00 00 00 00
[16:35:36.750] [EVT  ] 0x25  Volume          → 54% (raw=0x1A)
[16:35:41.441] [EVT  ] RAW: 07 BB 01 00 00 00 00 00 00 00 00 00 00 00 00 00 00 00 00 00 00 00 00 00 00 00 00 00 00 00 00 00 00 00 00 00 00 00 00 00 00 00 00 00 00 00 00 00 00 00 00 00 00 00 00 00 00 00 00 00 00 00 00 00
[16:35:41.441] [EVT  ] 0xBB  Mic Mute        → muted
[16:35:42.654] [EVT  ] RAW: 07 BB 00 00 00 00 00 00 00 00 00 00 00 00 00 00 00 00 00 00 00 00 00 00 00 00 00 00 00 00 00 00 00 00 00 00 00 00 00 00 00 00 00 00 00 00 00 00 00 00 00 00 00 00 00 00 00 00 00 00 00 00 00 00
[16:35:42.654] [EVT  ] 0xBB  Mic Mute        → unmuted
[16:35:45.723] [EVT  ] RAW: 07 BD 00 00 00 00 00 00 00 00 00 00 00 00 00 00 00 00 00 00 00 00 00 00 00 00 00 00 00 00 00 00 00 00 00 00 00 00 00 00 00 00 00 00 00 00 00 00 00 00 00 00 00 00 00 00 00 00 00 00 00 00 00 00
[16:35:45.723] [EVT  ] 0xBD  ANC Mode        → off
[16:35:49.902] [EVT  ] RAW: 07 BD 01 00 00 00 00 00 00 00 00 00 00 00 00 00 00 00 00 00 00 00 00 00 00 00 00 00 00 00 00 00 00 00 00 00 00 00 00 00 00 00 00 00 00 00 00 00 00 00 00 00 00 00 00 00 00 00 00 00 00 00 00 00
[16:35:49.902] [EVT  ] 0xBD  ANC Mode        → transparency
[16:35:53.212] [EVT  ] RAW: 07 BD 02 00 00 00 00 00 00 00 00 00 00 00 00 00 00 00 00 00 00 00 00 00 00 00 00 00 00 00 00 00 00 00 00 00 00 00 00 00 00 00 00 00 00 00 00 00 00 00 00 00 00 00 00 00 00 00 00 00 00 00 00 00
[16:35:53.212] [EVT  ] 0xBD  ANC Mode        → anc
[16:35:56.062] [EVT  ] RAW: 07 BD 00 00 00 00 00 00 00 00 00 00 00 00 00 00 00 00 00 00 00 00 00 00 00 00 00 00 00 00 00 00 00 00 00 00 00 00 00 00 00 00 00 00 00 00 00 00 00 00 00 00 00 00 00 00 00 00 00 00 00 00 00 00
[16:35:56.062] [EVT  ] 0xBD  ANC Mode        → off
[16:35:59.005] [EVT  ] RAW: 07 BD 02 00 00 00 00 00 00 00 00 00 00 00 00 00 00 00 00 00 00 00 00 00 00 00 00 00 00 00 00 00 00 00 00 00 00 00 00 00 00 00 00 00 00 00 00 00 00 00 00 00 00 00 00 00 00 00 00 00 00 00 00 00
[16:35:59.005] [EVT  ] 0xBD  ANC Mode        → anc
[16:36:05.453] [EVT  ] RAW: 07 45 64 5B 00 00 00 00 00 00 00 00 00 00 00 00 00 00 00 00 00 00 00 00 00 00 00 00 00 00 00 00 00 00 00 00 00 00 00 00 00 00 00 00 00 00 00 00 00 00 00 00 00 00 00 00 00 00 00 00 00 00 00 00
[16:36:05.453] [EVT  ] 0x45  ChatMix         → game=100 chat=91
[16:36:05.642] [EVT  ] RAW: 07 45 64 53 00 00 00 00 00 00 00 00 00 00 00 00 00 00 00 00 00 00 00 00 00 00 00 00 00 00 00 00 00 00 00 00 00 00 00 00 00 00 00 00 00 00 00 00 00 00 00 00 00 00 00 00 00 00 00 00 00 00 00 00
[16:36:05.642] [EVT  ] 0x45  ChatMix         → game=100 chat=83
[16:36:05.705] [EVT  ] RAW: 07 45 64 4B 00 00 00 00 00 00 00 00 00 00 00 00 00 00 00 00 00 00 00 00 00 00 00 00 00 00 00 00 00 00 00 00 00 00 00 00 00 00 00 00 00 00 00 00 00 00 00 00 00 00 00 00 00 00 00 00 00 00 00 00
[16:36:05.705] [EVT  ] 0x45  ChatMix         → game=100 chat=75
[16:36:05.822] [EVT  ] RAW: 07 45 64 42 00 00 00 00 00 00 00 00 00 00 00 00 00 00 00 00 00 00 00 00 00 00 00 00 00 00 00 00 00 00 00 00 00 00 00 00 00 00 00 00 00 00 00 00 00 00 00 00 00 00 00 00 00 00 00 00 00 00 00 00
[16:36:05.822] [EVT  ] 0x45  ChatMix         → game=100 chat=66
[16:36:07.008] [EVT  ] RAW: 07 45 64 4B 00 00 00 00 00 00 00 00 00 00 00 00 00 00 00 00 00 00 00 00 00 00 00 00 00 00 00 00 00 00 00 00 00 00 00 00 00 00 00 00 00 00 00 00 00 00 00 00 00 00 00 00 00 00 00 00 00 00 00 00
[16:36:07.008] [EVT  ] 0x45  ChatMix         → game=100 chat=75
[16:36:07.069] [EVT  ] RAW: 07 45 64 53 00 00 00 00 00 00 00 00 00 00 00 00 00 00 00 00 00 00 00 00 00 00 00 00 00 00 00 00 00 00 00 00 00 00 00 00 00 00 00 00 00 00 00 00 00 00 00 00 00 00 00 00 00 00 00 00 00 00 00 00
[16:36:07.069] [EVT  ] 0x45  ChatMix         → game=100 chat=83
[16:36:07.134] [EVT  ] RAW: 07 45 64 5B 00 00 00 00 00 00 00 00 00 00 00 00 00 00 00 00 00 00 00 00 00 00 00 00 00 00 00 00 00 00 00 00 00 00 00 00 00 00 00 00 00 00 00 00 00 00 00 00 00 00 00 00 00 00 00 00 00 00 00 00
[16:36:07.134] [EVT  ] 0x45  ChatMix         → game=100 chat=91
[16:36:07.213] [EVT  ] RAW: 07 45 64 64 00 00 00 00 00 00 00 00 00 00 00 00 00 00 00 00 00 00 00 00 00 00 00 00 00 00 00 00 00 00 00 00 00 00 00 00 00 00 00 00 00 00 00 00 00 00 00 00 00 00 00 00 00 00 00 00 00 00 00 00
[16:36:07.213] [EVT  ] 0x45  ChatMix         → game=100 chat=100
[16:36:07.292] [EVT  ] RAW: 07 45 5B 64 00 00 00 00 00 00 00 00 00 00 00 00 00 00 00 00 00 00 00 00 00 00 00 00 00 00 00 00 00 00 00 00 00 00 00 00 00 00 00 00 00 00 00 00 00 00 00 00 00 00 00 00 00 00 00 00 00 00 00 00
[16:36:07.292] [EVT  ] 0x45  ChatMix         → game=91 chat=100
[16:36:08.542] [EVT  ] RAW: 07 45 64 64 00 00 00 00 00 00 00 00 00 00 00 00 00 00 00 00 00 00 00 00 00 00 00 00 00 00 00 00 00 00 00 00 00 00 00 00 00 00 00 00 00 00 00 00 00 00 00 00 00 00 00 00 00 00 00 00 00 00 00 00
[16:36:08.542] [EVT  ] 0x45  ChatMix         → game=100 chat=100
[16:36:24.654] [EVT  ] RAW: 07 B7 06 00 08 00 00 00 00 00 00 00 00 00 00 00 00 00 00 00 00 00 00 00 00 00 00 00 00 00 00 00 00 00 00 00 00 00 00 00 00 00 00 00 00 00 00 00 00 00 00 00 00 00 00 00 00 00 00 00 00 00 00 00
[16:36:24.654] [EVT  ] 0xB7  Battery         → headset=75% dock=0%
[16:36:29.336] [EVT  ] RAW: 07 B7 06 08 08 00 00 00 00 00 00 00 00 00 00 00 00 00 00 00 00 00 00 00 00 00 00 00 00 00 00 00 00 00 00 00 00 00 00 00 00 00 00 00 00 00 00 00 00 00 00 00 00 00 00 00 00 00 00 00 00 00 00 00
[16:36:29.336] [EVT  ] 0xB7  Battery         → headset=75% dock=100%
[16:36:37.518] [EVT  ] RAW: 07 B5 01 00 04 00 00 00 00 00 00 00 00 00 00 00 00 00 00 00 00 00 00 00 00 00 00 00 00 00 00 00 00 00 00 00 00 00 00 00 00 00 00 00 00 00 00 00 00 00 00 00 00 00 00 00 00 00 00 00 00 00 00 00
[16:36:37.518] [EVT  ] 0xB5  Connectivity    → wireless=False bluetooth=False
[16:36:37.582] [EVT  ] RAW: 07 B7 00 08 01 00 00 00 00 00 00 00 00 00 00 00 00 00 00 00 00 00 00 00 00 00 00 00 00 00 00 00 00 00 00 00 00 00 00 00 00 00 00 00 00 00 00 00 00 00 00 00 00 00 00 00 00 00 00 00 00 00 00 00
[16:36:37.582] [EVT  ] 0xB7  Battery         → headset=0% dock=100%
[16:36:47.031] [EVT  ] RAW: 07 B5 01 00 08 00 00 00 00 00 00 00 00 00 00 00 00 00 00 00 00 00 00 00 00 00 00 00 00 00 00 00 00 00 00 00 00 00 00 00 00 00 00 00 00 00 00 00 00 00 00 00 00 00 00 00 00 00 00 00 00 00 00 00
[16:36:47.031] [EVT  ] 0xB5  Connectivity    → wireless=True bluetooth=False
[16:36:47.093] [EVT  ] RAW: 07 B7 06 08 08 00 00 00 00 00 00 00 00 00 00 00 00 00 00 00 00 00 00 00 00 00 00 00 00 00 00 00 00 00 00 00 00 00 00 00 00 00 00 00 00 00 00 00 00 00 00 00 00 00 00 00 00 00 00 00 00 00 00 00
[16:36:47.093] [EVT  ] 0xB7  Battery         → headset=75% dock=100%
[16:36:47.118] [CTRL ] RAW: 06 10 30 30 30 30 2E 30 30 33 2E 30 38 32 30 30 30 31 2E 30 33 31 2E 30 30 30 30 30 30 30 2E 30 30 30 2E 30 30 30 30 30 30 30 2E 30 30 30 2E 30 30 30 00 00 00 00 00 00 00 00 00 00 00 00 00 00
[16:36:47.118] [CTRL ] 0x10  Firmware        → '0000.003.0820001.031.0000000.000.0000000.000.000'
[16:36:47.297] [CTRL ] RAW: 06 10 30 30 30 30 2E 30 30 33 2E 30 38 32 30 30 30 31 2E 30 33 31 2E 30 30 30 30 30 30 32 2E 30 30 32 2E 30 30 31 30 30 30 32 2E 30 30 31 2E 30 30 30 00 00 00 00 00 00 00 00 00 00 00 00 00 00
[16:36:47.297] [CTRL ] 0x10  Firmware        → '0000.003.0820001.031.0000002.002.0010002.001.000'
[16:36:47.359] [CTRL ] RAW: 06 10 30 30 30 30 2E 30 30 33 2E 30 38 32 30 30 30 31 2E 30 33 31 2E 30 30 30 30 30 30 32 2E 30 30 32 2E 30 30 31 30 30 30 32 2E 30 30 31 2E 30 30 30 00 00 00 00 00 00 00 00 00 00 00 00 00 00
[16:36:47.359] [CTRL ] 0x10  Firmware        → '0000.003.0820001.031.0000002.002.0010002.001.000'
[16:37:12.497] [EVT  ] RAW: 07 25 19 00 00 00 00 00 00 00 00 00 00 00 00 00 00 00 00 00 00 00 00 00 00 00 00 00 00 00 00 00 00 00 00 00 00 00 00 00 00 00 00 00 00 00 00 00 00 00 00 00 00 00 00 00 00 00 00 00 00 00 00 00
[16:37:12.497] [EVT  ] 0x25  Volume          → 55% (raw=0x19)
[16:37:12.558] [EVT  ] RAW: 07 25 18 00 00 00 00 00 00 00 00 00 00 00 00 00 00 00 00 00 00 00 00 00 00 00 00 00 00 00 00 00 00 00 00 00 00 00 00 00 00 00 00 00 00 00 00 00 00 00 00 00 00 00 00 00 00 00 00 00 00 00 00 00
[16:37:12.558] [EVT  ] 0x25  Volume          → 57% (raw=0x18)
[16:37:17.629] [EVT  ] RAW: 07 25 17 00 00 00 00 00 00 00 00 00 00 00 00 00 00 00 00 00 00 00 00 00 00 00 00 00 00 00 00 00 00 00 00 00 00 00 00 00 00 00 00 00 00 00 00 00 00 00 00 00 00 00 00 00 00 00 00 00 00 00 00 00
[16:37:17.629] [EVT  ] 0x25  Volume          → 59% (raw=0x17)
[16:37:19.817] [EVT  ] RAW: 07 25 18 00 00 00 00 00 00 00 00 00 00 00 00 00 00 00 00 00 00 00 00 00 00 00 00 00 00 00 00 00 00 00 00 00 00 00 00 00 00 00 00 00 00 00 00 00 00 00 00 00 00 00 00 00 00 00 00 00 00 00 00 00
[16:37:19.817] [EVT  ] 0x25  Volume          → 57% (raw=0x18)
[16:37:19.901] [EVT  ] RAW: 07 25 19 00 00 00 00 00 00 00 00 00 00 00 00 00 00 00 00 00 00 00 00 00 00 00 00 00 00 00 00 00 00 00 00 00 00 00 00 00 00 00 00 00 00 00 00 00 00 00 00 00 00 00 00 00 00 00 00 00 00 00 00 00
[16:37:19.902] [EVT  ] 0x25  Volume          → 55% (raw=0x19)
[16:37:21.118] [EVT  ] RAW: 07 45 64 5B 00 00 00 00 00 00 00 00 00 00 00 00 00 00 00 00 00 00 00 00 00 00 00 00 00 00 00 00 00 00 00 00 00 00 00 00 00 00 00 00 00 00 00 00 00 00 00 00 00 00 00 00 00 00 00 00 00 00 00 00
[16:37:21.118] [EVT  ] 0x45  ChatMix         → game=100 chat=91
[16:37:21.310] [EVT  ] RAW: 07 45 64 53 00 00 00 00 00 00 00 00 00 00 00 00 00 00 00 00 00 00 00 00 00 00 00 00 00 00 00 00 00 00 00 00 00 00 00 00 00 00 00 00 00 00 00 00 00 00 00 00 00 00 00 00 00 00 00 00 00 00 00 00
[16:37:21.310] [EVT  ] 0x45  ChatMix         → game=100 chat=83
[16:37:36.541] [EVT  ] RAW: 07 85 09 00 00 00 00 00 00 00 00 00 00 00 00 00 00 00 00 00 00 00 00 00 00 00 00 00 00 00 00 00 00 00 00 00 00 00 00 00 00 00 00 00 00 00 00 00 00 00 00 00 00 00 00 00 00 00 00 00 00 00 00 00
[16:37:36.542] [EVT  ] 0x85  OLED Brightness → 9/10
[16:37:36.652] [EVT  ] RAW: 07 85 08 00 00 00 00 00 00 00 00 00 00 00 00 00 00 00 00 00 00 00 00 00 00 00 00 00 00 00 00 00 00 00 00 00 00 00 00 00 00 00 00 00 00 00 00 00 00 00 00 00 00 00 00 00 00 00 00 00 00 00 00 00
[16:37:36.654] [EVT  ] 0x85  OLED Brightness → 8/10
[16:37:36.749] [EVT  ] RAW: 07 85 07 00 00 00 00 00 00 00 00 00 00 00 00 00 00 00 00 00 00 00 00 00 00 00 00 00 00 00 00 00 00 00 00 00 00 00 00 00 00 00 00 00 00 00 00 00 00 00 00 00 00 00 00 00 00 00 00 00 00 00 00 00
[16:37:36.749] [EVT  ] 0x85  OLED Brightness → 7/10
[16:37:37.930] [EVT  ] RAW: 07 85 08 00 00 00 00 00 00 00 00 00 00 00 00 00 00 00 00 00 00 00 00 00 00 00 00 00 00 00 00 00 00 00 00 00 00 00 00 00 00 00 00 00 00 00 00 00 00 00 00 00 00 00 00 00 00 00 00 00 00 00 00 00
[16:37:37.930] [EVT  ] 0x85  OLED Brightness → 8/10
[16:37:38.510] [EVT  ] RAW: 07 85 07 00 00 00 00 00 00 00 00 00 00 00 00 00 00 00 00 00 00 00 00 00 00 00 00 00 00 00 00 00 00 00 00 00 00 00 00 00 00 00 00 00 00 00 00 00 00 00 00 00 00 00 00 00 00 00 00 00 00 00 00 00
[16:37:38.510] [EVT  ] 0x85  OLED Brightness → 7/10
[16:37:38.620] [EVT  ] RAW: 07 85 06 00 00 00 00 00 00 00 00 00 00 00 00 00 00 00 00 00 00 00 00 00 00 00 00 00 00 00 00 00 00 00 00 00 00 00 00 00 00 00 00 00 00 00 00 00 00 00 00 00 00 00 00 00 00 00 00 00 00 00 00 00
[16:37:38.622] [EVT  ] 0x85  OLED Brightness → 6/10
[16:37:38.718] [EVT  ] RAW: 07 85 05 00 00 00 00 00 00 00 00 00 00 00 00 00 00 00 00 00 00 00 00 00 00 00 00 00 00 00 00 00 00 00 00 00 00 00 00 00 00 00 00 00 00 00 00 00 00 00 00 00 00 00 00 00 00 00 00 00 00 00 00 00
[16:37:38.718] [EVT  ] 0x85  OLED Brightness → 5/10
[16:37:38.829] [EVT  ] RAW: 07 85 03 00 00 00 00 00 00 00 00 00 00 00 00 00 00 00 00 00 00 00 00 00 00 00 00 00 00 00 00 00 00 00 00 00 00 00 00 00 00 00 00 00 00 00 00 00 00 00 00 00 00 00 00 00 00 00 00 00 00 00 00 00
[16:37:38.829] [EVT  ] 0x85  OLED Brightness → 3/10
[16:37:38.942] [EVT  ] RAW: 07 85 02 00 00 00 00 00 00 00 00 00 00 00 00 00 00 00 00 00 00 00 00 00 00 00 00 00 00 00 00 00 00 00 00 00 00 00 00 00 00 00 00 00 00 00 00 00 00 00 00 00 00 00 00 00 00 00 00 00 00 00 00 00
[16:37:38.942] [EVT  ] 0x85  OLED Brightness → 2/10
[16:37:39.373] [EVT  ] RAW: 07 85 01 00 00 00 00 00 00 00 00 00 00 00 00 00 00 00 00 00 00 00 00 00 00 00 00 00 00 00 00 00 00 00 00 00 00 00 00 00 00 00 00 00 00 00 00 00 00 00 00 00 00 00 00 00 00 00 00 00 00 00 00 00
[16:37:39.373] [EVT  ] 0x85  OLED Brightness → 1/10
[16:37:40.077] [EVT  ] RAW: 07 85 02 00 00 00 00 00 00 00 00 00 00 00 00 00 00 00 00 00 00 00 00 00 00 00 00 00 00 00 00 00 00 00 00 00 00 00 00 00 00 00 00 00 00 00 00 00 00 00 00 00 00 00 00 00 00 00 00 00 00 00 00 00
[16:37:40.078] [EVT  ] 0x85  OLED Brightness → 2/10
[16:37:40.189] [EVT  ] RAW: 07 85 04 00 00 00 00 00 00 00 00 00 00 00 00 00 00 00 00 00 00 00 00 00 00 00 00 00 00 00 00 00 00 00 00 00 00 00 00 00 00 00 00 00 00 00 00 00 00 00 00 00 00 00 00 00 00 00 00 00 00 00 00 00
[16:37:40.189] [EVT  ] 0x85  OLED Brightness → 4/10
[16:37:40.285] [EVT  ] RAW: 07 85 06 00 00 00 00 00 00 00 00 00 00 00 00 00 00 00 00 00 00 00 00 00 00 00 00 00 00 00 00 00 00 00 00 00 00 00 00 00 00 00 00 00 00 00 00 00 00 00 00 00 00 00 00 00 00 00 00 00 00 00 00 00
[16:37:40.286] [EVT  ] 0x85  OLED Brightness → 6/10
[16:37:40.398] [EVT  ] RAW: 07 85 08 00 00 00 00 00 00 00 00 00 00 00 00 00 00 00 00 00 00 00 00 00 00 00 00 00 00 00 00 00 00 00 00 00 00 00 00 00 00 00 00 00 00 00 00 00 00 00 00 00 00 00 00 00 00 00 00 00 00 00 00 00
[16:37:40.398] [EVT  ] 0x85  OLED Brightness → 8/10
[16:37:40.493] [EVT  ] RAW: 07 85 09 00 00 00 00 00 00 00 00 00 00 00 00 00 00 00 00 00 00 00 00 00 00 00 00 00 00 00 00 00 00 00 00 00 00 00 00 00 00 00 00 00 00 00 00 00 00 00 00 00 00 00 00 00 00 00 00 00 00 00 00 00
[16:37:40.493] [EVT  ] 0x85  OLED Brightness → 9/10
[16:37:40.605] [EVT  ] RAW: 07 85 0A 00 00 00 00 00 00 00 00 00 00 00 00 00 00 00 00 00 00 00 00 00 00 00 00 00 00 00 00 00 00 00 00 00 00 00 00 00 00 00 00 00 00 00 00 00 00 00 00 00 00 00 00 00 00 00 00 00 00 00 00 00
[16:37:40.605] [EVT  ] 0x85  OLED Brightness → 10/10
[16:37:53.964] [EVT  ] RAW: 07 39 01 00 00 00 00 00 00 00 00 00 00 00 00 00 00 00 00 00 00 00 00 00 00 00 00 00 00 00 00 00 00 00 00 00 00 00 00 00 00 00 00 00 00 00 00 00 00 00 00 00 00 00 00 00 00 00 00 00 00 00 00 00
[16:37:53.966] [EVT  ] 0x39  Sidetone        → level=1
[16:37:55.263] [EVT  ] RAW: 07 39 02 00 00 00 00 00 00 00 00 00 00 00 00 00 00 00 00 00 00 00 00 00 00 00 00 00 00 00 00 00 00 00 00 00 00 00 00 00 00 00 00 00 00 00 00 00 00 00 00 00 00 00 00 00 00 00 00 00 00 00 00 00
[16:37:55.263] [EVT  ] 0x39  Sidetone        → level=2
[16:37:55.570] [EVT  ] RAW: 07 39 03 00 00 00 00 00 00 00 00 00 00 00 00 00 00 00 00 00 00 00 00 00 00 00 00 00 00 00 00 00 00 00 00 00 00 00 00 00 00 00 00 00 00 00 00 00 00 00 00 00 00 00 00 00 00 00 00 00 00 00 00 00
[16:37:55.570] [EVT  ] 0x39  Sidetone        → level=3
[16:37:56.506] [EVT  ] RAW: 07 39 02 00 00 00 00 00 00 00 00 00 00 00 00 00 00 00 00 00 00 00 00 00 00 00 00 00 00 00 00 00 00 00 00 00 00 00 00 00 00 00 00 00 00 00 00 00 00 00 00 00 00 00 00 00 00 00 00 00 00 00 00 00
[16:37:56.506] [EVT  ] 0x39  Sidetone        → level=2
[16:37:56.569] [EVT  ] RAW: 07 39 01 00 00 00 00 00 00 00 00 00 00 00 00 00 00 00 00 00 00 00 00 00 00 00 00 00 00 00 00 00 00 00 00 00 00 00 00 00 00 00 00 00 00 00 00 00 00 00 00 00 00 00 00 00 00 00 00 00 00 00 00 00
[16:37:56.569] [EVT  ] 0x39  Sidetone        → level=1
[16:37:56.652] [EVT  ] RAW: 07 39 00 00 00 00 00 00 00 00 00 00 00 00 00 00 00 00 00 00 00 00 00 00 00 00 00 00 00 00 00 00 00 00 00 00 00 00 00 00 00 00 00 00 00 00 00 00 00 00 00 00 00 00 00 00 00 00 00 00 00 00 00 00
[16:37:56.654] [EVT  ] 0x39  Sidetone        → level=0
[16:38:00.967] [EVT  ] RAW: 07 27 01 00 00 00 00 00 00 00 00 00 00 00 00 00 00 00 00 00 00 00 00 00 00 00 00 00 00 00 00 00 00 00 00 00 00 00 00 00 00 00 00 00 00 00 00 00 00 00 00 00 00 00 00 00 00 00 00 00 00 00 00 00
[16:38:00.967] [EVT  ] 0x27  (unknown – raw bytes above)
[16:38:03.036] [EVT  ] RAW: 07 27 02 00 00 00 00 00 00 00 00 00 00 00 00 00 00 00 00 00 00 00 00 00 00 00 00 00 00 00 00 00 00 00 00 00 00 00 00 00 00 00 00 00 00 00 00 00 00 00 00 00 00 00 00 00 00 00 00 00 00 00 00 00
[16:38:03.036] [EVT  ] 0x27  (unknown – raw bytes above)
[16:38:16.489] 
[INFO ] Stopped by user.
