[21:56:12.882] [INFO ] Control handle opened  (0xFFC0): \\?\HID#VID_1038&PID_12E0&MI_04&Col01#8&26fe868d&0&0000#{4d1e55b2-f16f-11cf-88cb-001111000030}
[21:56:12.884] [INFO ] Events  handle opened  (0xFF00): \\?\HID#VID_1038&PID_12E0&MI_04&Col02#8&26fe868d&0&0001#{4d1e55b2-f16f-11cf-88cb-001111000030}
[21:56:12.884] 
[21:56:12.884] [INFO ] Sending candidate query commands (Nova 7X origin, verifying on Nova Pro)…
[21:56:12.885] [QUERY] TX  0xB0  status        (battery, partial decode – see HidCommands.md §6.1)
[21:56:12.885] [QUERY]     06 B0 00 00 00 00 00 00 00 00 00 00 00 00 00 00 00 00 00 00 00 00 00 00 00 00 00 00 00 00 00 00 00 00 00 00 00 00 00 00 00 00 00 00 00 00 00 00 00 00 00 00 00 00 00 00 00 00 00 00 00 00 00 00
[21:56:12.973] [QUERY] TX  0x20  mic / EQ      (gain level, sidetone raw, 10 EQ band values)
[21:56:12.973] [QUERY]     06 20 00 00 00 00 00 00 00 00 00 00 00 00 00 00 00 00 00 00 00 00 00 00 00 00 00 00 00 00 00 00 00 00 00 00 00 00 00 00 00 00 00 00 00 00 00 00 00 00 00 00 00 00 00 00 00 00 00 00 00 00 00 00
[21:56:13.069] [QUERY] TX  0x10  firmware ver  (ASCII string)
[21:56:13.070] [QUERY]     06 10 00 00 00 00 00 00 00 00 00 00 00 00 00 00 00 00 00 00 00 00 00 00 00 00 00 00 00 00 00 00 00 00 00 00 00 00 00 00 00 00 00 00 00 00 00 00 00 00 00 00 00 00 00 00 00 00 00 00 00 00 00 00
[21:56:13.165] [QUERY] TX  0x12  serial number (ASCII string)
[21:56:13.165] [QUERY]     06 12 00 00 00 00 00 00 00 00 00 00 00 00 00 00 00 00 00 00 00 00 00 00 00 00 00 00 00 00 00 00 00 00 00 00 00 00 00 00 00 00 00 00 00 00 00 00 00 00 00 00 00 00 00 00 00 00 00 00 00 00 00 00
[21:56:13.261] 
[21:56:13.261] [INFO ] Event loop active – interact with the headset. Ctrl+C to stop.
[21:56:13.261] [INFO ] Try: volume wheel, mute button, ANC button, ChatMix dial, gain button.
[21:56:13.261] 
[21:56:13.261] [CTRL ] RAW: 06 B0 00 00 04 01 04 08 08 01 01 0A 06 00 08 08 00 00 00 00 00 00 00 00 00 00 00 00 00 00 00 00 00 00 00 00 00 00 00 00 00 00 00 00 00 00 00 00 00 00 00 00 00 00 00 00 00 00 00 00 00 00 00 00
[21:56:13.261] [CTRL ] 0xB0  Status          → headset_bat=50%  dock_bat=100%  conn=2.4GHz+BT  mic_mute=muted  vol?=10  anc?=0x01  [2-3]=00 00  [5]=1
[21:56:13.317] [CTRL ] RAW: 06 20 01 1D 02 00 00 14 14 14 14 14 14 14 14 14 14 03 03 02 64 53 64 00 64 64 00 00 00 00 00 00 00 00 00 00 00 00 00 00 00 00 00 00 00 00 00 00 00 00 00 00 00 00 00 00 00 00 00 00 00 00 00 00
[21:56:13.320] [CTRL ] 0x20  Mic/EQ          → gain=high  mic_vol=3  sidetone=high  [2]=0x01  [3]=0x1D  chatmix_game?=100  chatmix_chat?=83  eq_bands=[14 14 14 14 14 14 14 14 14 14]
[21:56:13.380] [CTRL ] RAW: 06 10 30 30 30 30 2E 30 30 33 2E 30 38 32 30 30 30 31 2E 30 33 31 2E 30 30 30 30 30 30 32 2E 30 30 32 2E 30 30 31 30 30 30 32 2E 30 30 31 2E 30 30 30 00 00 00 00 00 00 00 00 00 00 00 00 00 00
[21:56:13.380] [CTRL ] 0x10  Firmware        → '0000.003.0820001.031.0000002.002.0010002.001.000'
[21:56:13.441] [CTRL ] RAW: 06 12 36 31 35 32 30 34 38 33 31 33 32 32 32 35 30 30 37 34 37 00 00 00 00 00 00 00 00 00 00 00 00 00 00 00 00 00 00 00 00 00 00 00 00 00 00 00 00 00 00 00 00 00 00 00 00 00 00 00 00 00 00 00
[21:56:13.441] [CTRL ] 0x12  Serial          → '6152048313222500747'
[21:56:38.075] [EVT  ] RAW: 07 45 64 4B 00 00 00 00 00 00 00 00 00 00 00 00 00 00 00 00 00 00 00 00 00 00 00 00 00 00 00 00 00 00 00 00 00 00 00 00 00 00 00 00 00 00 00 00 00 00 00 00 00 00 00 00 00 00 00 00 00 00 00 00
[21:56:38.075] [EVT  ] 0x45  ChatMix         → game=100 chat=75
[21:56:38.137] [EVT  ] RAW: 07 45 64 42 00 00 00 00 00 00 00 00 00 00 00 00 00 00 00 00 00 00 00 00 00 00 00 00 00 00 00 00 00 00 00 00 00 00 00 00 00 00 00 00 00 00 00 00 00 00 00 00 00 00 00 00 00 00 00 00 00 00 00 00
[21:56:38.137] [EVT  ] 0x45  ChatMix         → game=100 chat=66
[21:56:38.198] [EVT  ] RAW: 07 45 64 3A 00 00 00 00 00 00 00 00 00 00 00 00 00 00 00 00 00 00 00 00 00 00 00 00 00 00 00 00 00 00 00 00 00 00 00 00 00 00 00 00 00 00 00 00 00 00 00 00 00 00 00 00 00 00 00 00 00 00 00 00
[21:56:38.198] [EVT  ] 0x45  ChatMix         → game=100 chat=58
[21:56:38.259] [EVT  ] RAW: 07 45 64 32 00 00 00 00 00 00 00 00 00 00 00 00 00 00 00 00 00 00 00 00 00 00 00 00 00 00 00 00 00 00 00 00 00 00 00 00 00 00 00 00 00 00 00 00 00 00 00 00 00 00 00 00 00 00 00 00 00 00 00 00
[21:56:38.259] [EVT  ] 0x45  ChatMix         → game=100 chat=50
[21:56:38.844] [EVT  ] RAW: 07 45 64 29 00 00 00 00 00 00 00 00 00 00 00 00 00 00 00 00 00 00 00 00 00 00 00 00 00 00 00 00 00 00 00 00 00 00 00 00 00 00 00 00 00 00 00 00 00 00 00 00 00 00 00 00 00 00 00 00 00 00 00 00
[21:56:38.844] [EVT  ] 0x45  ChatMix         → game=100 chat=41
[21:56:38.902] [EVT  ] RAW: 07 45 64 21 00 00 00 00 00 00 00 00 00 00 00 00 00 00 00 00 00 00 00 00 00 00 00 00 00 00 00 00 00 00 00 00 00 00 00 00 00 00 00 00 00 00 00 00 00 00 00 00 00 00 00 00 00 00 00 00 00 00 00 00
[21:56:38.902] [EVT  ] 0x45  ChatMix         → game=100 chat=33
[21:56:38.965] [EVT  ] RAW: 07 45 64 19 00 00 00 00 00 00 00 00 00 00 00 00 00 00 00 00 00 00 00 00 00 00 00 00 00 00 00 00 00 00 00 00 00 00 00 00 00 00 00 00 00 00 00 00 00 00 00 00 00 00 00 00 00 00 00 00 00 00 00 00
[21:56:38.965] [EVT  ] 0x45  ChatMix         → game=100 chat=25
[21:56:39.026] [EVT  ] RAW: 07 45 64 10 00 00 00 00 00 00 00 00 00 00 00 00 00 00 00 00 00 00 00 00 00 00 00 00 00 00 00 00 00 00 00 00 00 00 00 00 00 00 00 00 00 00 00 00 00 00 00 00 00 00 00 00 00 00 00 00 00 00 00 00
[21:56:39.026] [EVT  ] 0x45  ChatMix         → game=100 chat=16
[21:56:39.087] [EVT  ] RAW: 07 45 64 08 00 00 00 00 00 00 00 00 00 00 00 00 00 00 00 00 00 00 00 00 00 00 00 00 00 00 00 00 00 00 00 00 00 00 00 00 00 00 00 00 00 00 00 00 00 00 00 00 00 00 00 00 00 00 00 00 00 00 00 00
[21:56:39.087] [EVT  ] 0x45  ChatMix         → game=100 chat=8
[21:56:39.150] [EVT  ] RAW: 07 45 64 00 00 00 00 00 00 00 00 00 00 00 00 00 00 00 00 00 00 00 00 00 00 00 00 00 00 00 00 00 00 00 00 00 00 00 00 00 00 00 00 00 00 00 00 00 00 00 00 00 00 00 00 00 00 00 00 00 00 00 00 00
[21:56:39.150] [EVT  ] 0x45  ChatMix         → game=100 chat=0
[21:56:43.153] 
[INFO ] Stopped by user.
