[19:58:44.569] [INFO ] Control handle opened  (0xFFC0): \\?\HID#VID_1038&PID_12E0&MI_04&Col01#8&26fe868d&0&0000#{4d1e55b2-f16f-11cf-88cb-001111000030}
[19:58:44.571] [INFO ] Events  handle opened  (0xFF00): \\?\HID#VID_1038&PID_12E0&MI_04&Col02#8&26fe868d&0&0001#{4d1e55b2-f16f-11cf-88cb-001111000030}
[19:58:44.571] 
[19:58:44.571] [INFO ] Sending candidate query commands (Nova 7X origin, verifying on Nova Pro)…
[19:58:44.571] [QUERY] TX  0xB0  status        (battery, partial decode – see HidCommands.md §6.1)
[19:58:44.571] [QUERY]     06 B0 00 00 00 00 00 00 00 00 00 00 00 00 00 00 00 00 00 00 00 00 00 00 00 00 00 00 00 00 00 00 00 00 00 00 00 00 00 00 00 00 00 00 00 00 00 00 00 00 00 00 00 00 00 00 00 00 00 00 00 00 00 00
[19:58:44.660] [QUERY] TX  0x20  mic / EQ      (gain level, sidetone raw, 10 EQ band values)
[19:58:44.660] [QUERY]     06 20 00 00 00 00 00 00 00 00 00 00 00 00 00 00 00 00 00 00 00 00 00 00 00 00 00 00 00 00 00 00 00 00 00 00 00 00 00 00 00 00 00 00 00 00 00 00 00 00 00 00 00 00 00 00 00 00 00 00 00 00 00 00
[19:58:44.755] [QUERY] TX  0x10  firmware ver  (ASCII string)
[19:58:44.755] [QUERY]     06 10 00 00 00 00 00 00 00 00 00 00 00 00 00 00 00 00 00 00 00 00 00 00 00 00 00 00 00 00 00 00 00 00 00 00 00 00 00 00 00 00 00 00 00 00 00 00 00 00 00 00 00 00 00 00 00 00 00 00 00 00 00 00
[19:58:44.852] [QUERY] TX  0x12  serial number (ASCII string)
[19:58:44.852] [QUERY]     06 12 00 00 00 00 00 00 00 00 00 00 00 00 00 00 00 00 00 00 00 00 00 00 00 00 00 00 00 00 00 00 00 00 00 00 00 00 00 00 00 00 00 00 00 00 00 00 00 00 00 00 00 00 00 00 00 00 00 00 00 00 00 00
[19:58:44.948] 
[19:58:44.948] [INFO ] Event loop active – interact with the headset. Ctrl+C to stop.
[19:58:44.948] [INFO ] Try: volume wheel, mute button, ANC button, ChatMix dial, gain button.
[19:58:44.948] 
[19:58:44.948] [CTRL ] RAW: 06 B0 00 00 01 00 08 08 08 00 02 0A 00 00 08 08 00 00 00 00 00 00 00 00 00 00 00 00 00 00 00 00 00 00 00 00 00 00 00 00 00 00 00 00 00 00 00 00 00 00 00 00 00 00 00 00 00 00 00 00 00 00 00 00
[19:58:44.948] [CTRL ] 0xB0  Status          → headset_bat=100%  dock_bat=100%  conn=2.4GHz  mic_mute=unmuted  anc=anc  trans_level=8  bt=off  oled_brightness=10  2.4ghz_mode=performance  [undecoded from [14]]: 08 08 00 00 00 00 00 00 00 00 00 00 00 00 00 00 00 00 00 00 00 00 00 00 00 00 00 00 00 00 00 00 00 00 00 00 00 00 00 00 00 00 00 00 00 00 00 00 00 00
[19:58:45.008] [CTRL ] RAW: 06 20 01 12 02 00 04 14 14 14 14 14 14 14 14 14 14 05 00 01 64 64 64 00 64 64 00 00 00 00 00 00 00 00 00 00 00 00 00 00 00 00 00 00 00 00 00 00 00 00 00 00 00 00 00 00 00 00 00 00 00 00 00 00
[19:58:45.008] [CTRL ] 0x20  Mic/EQ          → gain=high  mic_vol=5  sidetone=off  vol=68%  audio_output=speaker  chatmix_game=100  chatmix_chat=100  stream_main=100  stream_aux=100  stream_mic=100  eq_bands=[14 14 14 14 14 14 14 14 14 14]  [undecoded from [26]]: 00 00 00 00 00 00 00 00 00 00 00 00 00 00 00 00 00 00 00 00 00 00 00 00 00 00 00 00 00 00 00 00 00 00 00 00 00 00
[19:58:45.071] [CTRL ] RAW: 06 10 30 30 30 30 2E 30 30 33 2E 30 38 32 30 30 30 31 2E 30 33 31 2E 30 30 30 30 30 30 32 2E 30 30 32 2E 30 30 31 30 30 30 32 2E 30 30 31 2E 30 30 30 00 00 00 00 00 00 00 00 00 00 00 00 00 00
[19:58:45.071] [CTRL ] 0x10  Firmware        → '0000.003.0820001.031.0000002.002.0010002.001.000'
[19:58:45.133] [CTRL ] RAW: 06 12 36 31 35 32 30 34 38 33 31 33 32 32 32 35 30 30 37 34 37 00 00 00 00 00 00 00 00 00 00 00 00 00 00 00 00 00 00 00 00 00 00 00 00 00 00 00 00 00 00 00 00 00 00 00 00 00 00 00 00 00 00 00
[19:58:45.133] [CTRL ] 0x12  Serial          → '6152048313222500747'
[19:58:48.738] [EVT  ] RAW: 07 2E 05 00 00 00 00 00 00 00 00 00 00 00 00 00 00 00 00 00 00 00 00 00 00 00 00 00 00 00 00 00 00 00 00 00 00 00 00 00 00 00 00 00 00 00 00 00 00 00 00 00 00 00 00 00 00 00 00 00 00 00 00 00
[19:58:48.738] [EVT  ] 0x2E  EQ Preset       → preset_index=5  (name mapping TBD; 0x04 was default at session start)
[19:58:52.295] [EVT  ] RAW: 07 2E 04 00 00 00 00 00 00 00 00 00 00 00 00 00 00 00 00 00 00 00 00 00 00 00 00 00 00 00 00 00 00 00 00 00 00 00 00 00 00 00 00 00 00 00 00 00 00 00 00 00 00 00 00 00 00 00 00 00 00 00 00 00
[19:58:52.295] [EVT  ] 0x2E  EQ Preset       → preset_index=4  (name mapping TBD; 0x04 was default at session start)
[19:59:03.230] [EVT  ] RAW: 07 2E 05 00 00 00 00 00 00 00 00 00 00 00 00 00 00 00 00 00 00 00 00 00 00 00 00 00 00 00 00 00 00 00 00 00 00 00 00 00 00 00 00 00 00 00 00 00 00 00 00 00 00 00 00 00 00 00 00 00 00 00 00 00
[19:59:03.230] [EVT  ] 0x2E  EQ Preset       → preset_index=5  (name mapping TBD; 0x04 was default at session start)
[19:59:04.211] [EVT  ] RAW: 07 2E 03 00 00 00 00 00 00 00 00 00 00 00 00 00 00 00 00 00 00 00 00 00 00 00 00 00 00 00 00 00 00 00 00 00 00 00 00 00 00 00 00 00 00 00 00 00 00 00 00 00 00 00 00 00 00 00 00 00 00 00 00 00
[19:59:04.211] [EVT  ] 0x2E  EQ Preset       → preset_index=3  (name mapping TBD; 0x04 was default at session start)
[19:59:04.419] [EVT  ] RAW: 07 2E 02 00 00 00 00 00 00 00 00 00 00 00 00 00 00 00 00 00 00 00 00 00 00 00 00 00 00 00 00 00 00 00 00 00 00 00 00 00 00 00 00 00 00 00 00 00 00 00 00 00 00 00 00 00 00 00 00 00 00 00 00 00
[19:59:04.419] [EVT  ] 0x2E  EQ Preset       → preset_index=2  (name mapping TBD; 0x04 was default at session start)
[19:59:05.364] [EVT  ] RAW: 07 2E 01 00 00 00 00 00 00 00 00 00 00 00 00 00 00 00 00 00 00 00 00 00 00 00 00 00 00 00 00 00 00 00 00 00 00 00 00 00 00 00 00 00 00 00 00 00 00 00 00 00 00 00 00 00 00 00 00 00 00 00 00 00
[19:59:05.364] [EVT  ] 0x2E  EQ Preset       → preset_index=1  (name mapping TBD; 0x04 was default at session start)
[19:59:05.555] [EVT  ] RAW: 07 2E 00 00 00 00 00 00 00 00 00 00 00 00 00 00 00 00 00 00 00 00 00 00 00 00 00 00 00 00 00 00 00 00 00 00 00 00 00 00 00 00 00 00 00 00 00 00 00 00 00 00 00 00 00 00 00 00 00 00 00 00 00 00
[19:59:05.555] [EVT  ] 0x2E  EQ Preset       → preset_index=0  (name mapping TBD; 0x04 was default at session start)
[19:59:08.243] [EVT  ] RAW: 07 2E 01 00 00 00 00 00 00 00 00 00 00 00 00 00 00 00 00 00 00 00 00 00 00 00 00 00 00 00 00 00 00 00 00 00 00 00 00 00 00 00 00 00 00 00 00 00 00 00 00 00 00 00 00 00 00 00 00 00 00 00 00 00
[19:59:08.243] [EVT  ] 0x2E  EQ Preset       → preset_index=1  (name mapping TBD; 0x04 was default at session start)
[19:59:08.547] [EVT  ] RAW: 07 2E 02 00 00 00 00 00 00 00 00 00 00 00 00 00 00 00 00 00 00 00 00 00 00 00 00 00 00 00 00 00 00 00 00 00 00 00 00 00 00 00 00 00 00 00 00 00 00 00 00 00 00 00 00 00 00 00 00 00 00 00 00 00
[19:59:08.547] [EVT  ] 0x2E  EQ Preset       → preset_index=2  (name mapping TBD; 0x04 was default at session start)
[19:59:08.754] [EVT  ] RAW: 07 2E 03 00 00 00 00 00 00 00 00 00 00 00 00 00 00 00 00 00 00 00 00 00 00 00 00 00 00 00 00 00 00 00 00 00 00 00 00 00 00 00 00 00 00 00 00 00 00 00 00 00 00 00 00 00 00 00 00 00 00 00 00 00
[19:59:08.754] [EVT  ] 0x2E  EQ Preset       → preset_index=3  (name mapping TBD; 0x04 was default at session start)
[19:59:09.474] [EVT  ] RAW: 07 2E 05 00 00 00 00 00 00 00 00 00 00 00 00 00 00 00 00 00 00 00 00 00 00 00 00 00 00 00 00 00 00 00 00 00 00 00 00 00 00 00 00 00 00 00 00 00 00 00 00 00 00 00 00 00 00 00 00 00 00 00 00 00
[19:59:09.474] [EVT  ] 0x2E  EQ Preset       → preset_index=5  (name mapping TBD; 0x04 was default at session start)
[19:59:09.587] [EVT  ] RAW: 07 2E 07 00 00 00 00 00 00 00 00 00 00 00 00 00 00 00 00 00 00 00 00 00 00 00 00 00 00 00 00 00 00 00 00 00 00 00 00 00 00 00 00 00 00 00 00 00 00 00 00 00 00 00 00 00 00 00 00 00 00 00 00 00
[19:59:09.587] [EVT  ] 0x2E  EQ Preset       → preset_index=7  (name mapping TBD; 0x04 was default at session start)
[19:59:09.683] [EVT  ] RAW: 07 2E 08 00 00 00 00 00 00 00 00 00 00 00 00 00 00 00 00 00 00 00 00 00 00 00 00 00 00 00 00 00 00 00 00 00 00 00 00 00 00 00 00 00 00 00 00 00 00 00 00 00 00 00 00 00 00 00 00 00 00 00 00 00
[19:59:09.683] [EVT  ] 0x2E  EQ Preset       → preset_index=8  (name mapping TBD; 0x04 was default at session start)
[19:59:09.890] [EVT  ] RAW: 07 2E 09 00 00 00 00 00 00 00 00 00 00 00 00 00 00 00 00 00 00 00 00 00 00 00 00 00 00 00 00 00 00 00 00 00 00 00 00 00 00 00 00 00 00 00 00 00 00 00 00 00 00 00 00 00 00 00 00 00 00 00 00 00
[19:59:09.890] [EVT  ] 0x2E  EQ Preset       → preset_index=9  (name mapping TBD; 0x04 was default at session start)
[19:59:10.323] [EVT  ] RAW: 07 2E 0A 00 00 00 00 00 00 00 00 00 00 00 00 00 00 00 00 00 00 00 00 00 00 00 00 00 00 00 00 00 00 00 00 00 00 00 00 00 00 00 00 00 00 00 00 00 00 00 00 00 00 00 00 00 00 00 00 00 00 00 00 00
[19:59:10.323] [EVT  ] 0x2E  EQ Preset       → preset_index=10  (name mapping TBD; 0x04 was default at session start)
[19:59:10.419] [EVT  ] RAW: 07 2E 0B 00 00 00 00 00 00 00 00 00 00 00 00 00 00 00 00 00 00 00 00 00 00 00 00 00 00 00 00 00 00 00 00 00 00 00 00 00 00 00 00 00 00 00 00 00 00 00 00 00 00 00 00 00 00 00 00 00 00 00 00 00
[19:59:10.419] [EVT  ] 0x2E  EQ Preset       → preset_index=11  (name mapping TBD; 0x04 was default at session start)
[19:59:10.515] [EVT  ] RAW: 07 2E 0D 00 00 00 00 00 00 00 00 00 00 00 00 00 00 00 00 00 00 00 00 00 00 00 00 00 00 00 00 00 00 00 00 00 00 00 00 00 00 00 00 00 00 00 00 00 00 00 00 00 00 00 00 00 00 00 00 00 00 00 00 00
[19:59:10.515] [EVT  ] 0x2E  EQ Preset       → preset_index=13  (name mapping TBD; 0x04 was default at session start)
[19:59:10.722] [EVT  ] RAW: 07 2E 0E 00 00 00 00 00 00 00 00 00 00 00 00 00 00 00 00 00 00 00 00 00 00 00 00 00 00 00 00 00 00 00 00 00 00 00 00 00 00 00 00 00 00 00 00 00 00 00 00 00 00 00 00 00 00 00 00 00 00 00 00 00
[19:59:10.722] [EVT  ] 0x2E  EQ Preset       → preset_index=14  (name mapping TBD; 0x04 was default at session start)
[19:59:11.157] [EVT  ] RAW: 07 2E 0F 00 00 00 00 00 00 00 00 00 00 00 00 00 00 00 00 00 00 00 00 00 00 00 00 00 00 00 00 00 00 00 00 00 00 00 00 00 00 00 00 00 00 00 00 00 00 00 00 00 00 00 00 00 00 00 00 00 00 00 00 00
[19:59:11.157] [EVT  ] 0x2E  EQ Preset       → preset_index=15  (name mapping TBD; 0x04 was default at session start)
[19:59:11.251] [EVT  ] RAW: 07 2E 11 00 00 00 00 00 00 00 00 00 00 00 00 00 00 00 00 00 00 00 00 00 00 00 00 00 00 00 00 00 00 00 00 00 00 00 00 00 00 00 00 00 00 00 00 00 00 00 00 00 00 00 00 00 00 00 00 00 00 00 00 00
[19:59:11.251] [EVT  ] 0x2E  EQ Preset       → preset_index=17  (name mapping TBD; 0x04 was default at session start)
[19:59:11.347] [EVT  ] RAW: 07 2E 12 00 00 00 00 00 00 00 00 00 00 00 00 00 00 00 00 00 00 00 00 00 00 00 00 00 00 00 00 00 00 00 00 00 00 00 00 00 00 00 00 00 00 00 00 00 00 00 00 00 00 00 00 00 00 00 00 00 00 00 00 00
[19:59:11.347] [EVT  ] 0x2E  EQ Preset       → preset_index=18  (name mapping TBD; 0x04 was default at session start)
[19:59:12.898] [EVT  ] RAW: 07 2E 11 00 00 00 00 00 00 00 00 00 00 00 00 00 00 00 00 00 00 00 00 00 00 00 00 00 00 00 00 00 00 00 00 00 00 00 00 00 00 00 00 00 00 00 00 00 00 00 00 00 00 00 00 00 00 00 00 00 00 00 00 00
[19:59:12.898] [EVT  ] 0x2E  EQ Preset       → preset_index=17  (name mapping TBD; 0x04 was default at session start)
[19:59:13.010] [EVT  ] RAW: 07 2E 0F 00 00 00 00 00 00 00 00 00 00 00 00 00 00 00 00 00 00 00 00 00 00 00 00 00 00 00 00 00 00 00 00 00 00 00 00 00 00 00 00 00 00 00 00 00 00 00 00 00 00 00 00 00 00 00 00 00 00 00 00 00
[19:59:13.012] [EVT  ] 0x2E  EQ Preset       → preset_index=15  (name mapping TBD; 0x04 was default at session start)
[19:59:13.107] [EVT  ] RAW: 07 2E 0E 00 00 00 00 00 00 00 00 00 00 00 00 00 00 00 00 00 00 00 00 00 00 00 00 00 00 00 00 00 00 00 00 00 00 00 00 00 00 00 00 00 00 00 00 00 00 00 00 00 00 00 00 00 00 00 00 00 00 00 00 00
[19:59:13.107] [EVT  ] 0x2E  EQ Preset       → preset_index=14  (name mapping TBD; 0x04 was default at session start)
[19:59:13.218] [EVT  ] RAW: 07 2E 0D 00 00 00 00 00 00 00 00 00 00 00 00 00 00 00 00 00 00 00 00 00 00 00 00 00 00 00 00 00 00 00 00 00 00 00 00 00 00 00 00 00 00 00 00 00 00 00 00 00 00 00 00 00 00 00 00 00 00 00 00 00
[19:59:13.218] [EVT  ] 0x2E  EQ Preset       → preset_index=13  (name mapping TBD; 0x04 was default at session start)
[19:59:13.315] [EVT  ] RAW: 07 2E 0C 00 00 00 00 00 00 00 00 00 00 00 00 00 00 00 00 00 00 00 00 00 00 00 00 00 00 00 00 00 00 00 00 00 00 00 00 00 00 00 00 00 00 00 00 00 00 00 00 00 00 00 00 00 00 00 00 00 00 00 00 00
[19:59:13.315] [EVT  ] 0x2E  EQ Preset       → preset_index=12  (name mapping TBD; 0x04 was default at session start)
[19:59:13.753] [EVT  ] RAW: 07 2E 0B 00 00 00 00 00 00 00 00 00 00 00 00 00 00 00 00 00 00 00 00 00 00 00 00 00 00 00 00 00 00 00 00 00 00 00 00 00 00 00 00 00 00 00 00 00 00 00 00 00 00 00 00 00 00 00 00 00 00 00 00 00
[19:59:13.753] [EVT  ] 0x2E  EQ Preset       → preset_index=11  (name mapping TBD; 0x04 was default at session start)
[19:59:13.842] [EVT  ] RAW: 07 2E 0A 00 00 00 00 00 00 00 00 00 00 00 00 00 00 00 00 00 00 00 00 00 00 00 00 00 00 00 00 00 00 00 00 00 00 00 00 00 00 00 00 00 00 00 00 00 00 00 00 00 00 00 00 00 00 00 00 00 00 00 00 00
[19:59:13.843] [EVT  ] 0x2E  EQ Preset       → preset_index=10  (name mapping TBD; 0x04 was default at session start)
[19:59:13.939] [EVT  ] RAW: 07 2E 09 00 00 00 00 00 00 00 00 00 00 00 00 00 00 00 00 00 00 00 00 00 00 00 00 00 00 00 00 00 00 00 00 00 00 00 00 00 00 00 00 00 00 00 00 00 00 00 00 00 00 00 00 00 00 00 00 00 00 00 00 00
[19:59:13.939] [EVT  ] 0x2E  EQ Preset       → preset_index=9  (name mapping TBD; 0x04 was default at session start)
[19:59:14.051] [EVT  ] RAW: 07 2E 07 00 00 00 00 00 00 00 00 00 00 00 00 00 00 00 00 00 00 00 00 00 00 00 00 00 00 00 00 00 00 00 00 00 00 00 00 00 00 00 00 00 00 00 00 00 00 00 00 00 00 00 00 00 00 00 00 00 00 00 00 00
[19:59:14.051] [EVT  ] 0x2E  EQ Preset       → preset_index=7  (name mapping TBD; 0x04 was default at session start)
[19:59:14.614] [EVT  ] RAW: 07 2E 06 00 00 00 00 00 00 00 00 00 00 00 00 00 00 00 00 00 00 00 00 00 00 00 00 00 00 00 00 00 00 00 00 00 00 00 00 00 00 00 00 00 00 00 00 00 00 00 00 00 00 00 00 00 00 00 00 00 00 00 00 00
[19:59:14.614] [EVT  ] 0x2E  EQ Preset       → preset_index=6  (name mapping TBD; 0x04 was default at session start)
[19:59:14.676] [EVT  ] RAW: 07 2E 05 00 00 00 00 00 00 00 00 00 00 00 00 00 00 00 00 00 00 00 00 00 00 00 00 00 00 00 00 00 00 00 00 00 00 00 00 00 00 00 00 00 00 00 00 00 00 00 00 00 00 00 00 00 00 00 00 00 00 00 00 00
[19:59:14.676] [EVT  ] 0x2E  EQ Preset       → preset_index=5  (name mapping TBD; 0x04 was default at session start)
[19:59:14.786] [EVT  ] RAW: 07 2E 02 00 00 00 00 00 00 00 00 00 00 00 00 00 00 00 00 00 00 00 00 00 00 00 00 00 00 00 00 00 00 00 00 00 00 00 00 00 00 00 00 00 00 00 00 00 00 00 00 00 00 00 00 00 00 00 00 00 00 00 00 00
[19:59:14.786] [EVT  ] 0x2E  EQ Preset       → preset_index=2  (name mapping TBD; 0x04 was default at session start)
[19:59:14.979] [EVT  ] RAW: 07 2E 01 00 00 00 00 00 00 00 00 00 00 00 00 00 00 00 00 00 00 00 00 00 00 00 00 00 00 00 00 00 00 00 00 00 00 00 00 00 00 00 00 00 00 00 00 00 00 00 00 00 00 00 00 00 00 00 00 00 00 00 00 00
[19:59:14.979] [EVT  ] 0x2E  EQ Preset       → preset_index=1  (name mapping TBD; 0x04 was default at session start)
[19:59:15.519] [EVT  ] RAW: 07 2E 00 00 00 00 00 00 00 00 00 00 00 00 00 00 00 00 00 00 00 00 00 00 00 00 00 00 00 00 00 00 00 00 00 00 00 00 00 00 00 00 00 00 00 00 00 00 00 00 00 00 00 00 00 00 00 00 00 00 00 00 00 00
[19:59:15.519] [EVT  ] 0x2E  EQ Preset       → preset_index=0  (name mapping TBD; 0x04 was default at session start)
[19:59:18.460] [EVT  ] RAW: 07 2E 04 00 00 00 00 00 00 00 00 00 00 00 00 00 00 00 00 00 00 00 00 00 00 00 00 00 00 00 00 00 00 00 00 00 00 00 00 00 00 00 00 00 00 00 00 00 00 00 00 00 00 00 00 00 00 00 00 00 00 00 00 00
[19:59:18.460] [EVT  ] 0x2E  EQ Preset       → preset_index=4  (name mapping TBD; 0x04 was default at session start)
[19:59:42.621] 
[INFO ] Stopped by user.
