[20:04:15.390] [INFO ] Control handle opened  (0xFFC0): \\?\HID#VID_1038&PID_12E0&MI_04&Col01#8&26fe868d&0&0000#{4d1e55b2-f16f-11cf-88cb-001111000030}
[20:04:15.391] [INFO ] Events  handle opened  (0xFF00): \\?\HID#VID_1038&PID_12E0&MI_04&Col02#8&26fe868d&0&0001#{4d1e55b2-f16f-11cf-88cb-001111000030}
[20:04:15.391] 
[20:04:15.391] [INFO ] Sending candidate query commands (Nova 7X origin, verifying on Nova Pro)…
[20:04:15.391] [QUERY] TX  0xB0  status        (battery, partial decode – see HidCommands.md §6.1)
[20:04:15.391] [QUERY]     06 B0 00 00 00 00 00 00 00 00 00 00 00 00 00 00 00 00 00 00 00 00 00 00 00 00 00 00 00 00 00 00 00 00 00 00 00 00 00 00 00 00 00 00 00 00 00 00 00 00 00 00 00 00 00 00 00 00 00 00 00 00 00 00
[20:04:15.475] [QUERY] TX  0x20  mic / EQ      (gain level, sidetone raw, 10 EQ band values)
[20:04:15.475] [QUERY]     06 20 00 00 00 00 00 00 00 00 00 00 00 00 00 00 00 00 00 00 00 00 00 00 00 00 00 00 00 00 00 00 00 00 00 00 00 00 00 00 00 00 00 00 00 00 00 00 00 00 00 00 00 00 00 00 00 00 00 00 00 00 00 00
[20:04:15.572] [QUERY] TX  0x10  firmware ver  (ASCII string)
[20:04:15.572] [QUERY]     06 10 00 00 00 00 00 00 00 00 00 00 00 00 00 00 00 00 00 00 00 00 00 00 00 00 00 00 00 00 00 00 00 00 00 00 00 00 00 00 00 00 00 00 00 00 00 00 00 00 00 00 00 00 00 00 00 00 00 00 00 00 00 00
[20:04:15.667] [QUERY] TX  0x12  serial number (ASCII string)
[20:04:15.667] [QUERY]     06 12 00 00 00 00 00 00 00 00 00 00 00 00 00 00 00 00 00 00 00 00 00 00 00 00 00 00 00 00 00 00 00 00 00 00 00 00 00 00 00 00 00 00 00 00 00 00 00 00 00 00 00 00 00 00 00 00 00 00 00 00 00 00
[20:04:15.763] 
[20:04:15.763] [INFO ] Event loop active – interact with the headset. Ctrl+C to stop.
[20:04:15.763] [INFO ] Try: volume wheel, mute button, ANC button, ChatMix dial, gain button.
[20:04:15.763] 
[20:04:15.763] [CTRL ] RAW: 06 B0 00 00 01 00 08 08 08 00 02 0A 00 00 08 08 00 00 00 00 00 00 00 00 00 00 00 00 00 00 00 00 00 00 00 00 00 00 00 00 00 00 00 00 00 00 00 00 00 00 00 00 00 00 00 00 00 00 00 00 00 00 00 00
[20:04:15.764] [CTRL ] 0xB0  Status          → headset_bat=100%  dock_bat=100%  conn=2.4GHz  mic_mute=unmuted  anc=anc  trans_level=8  bt=off  oled_brightness=10  2.4ghz_mode=performance  [undecoded from [14]]: 08 08 00 00 00 00 00 00 00 00 00 00 00 00 00 00 00 00 00 00 00 00 00 00 00 00 00 00 00 00 00 00 00 00 00 00 00 00 00 00 00 00 00 00 00 00 00 00 00 00
[20:04:15.817] [CTRL ] RAW: 06 20 01 12 02 00 04 1A 14 14 14 14 14 14 14 14 0A 05 00 01 64 64 64 00 64 64 00 00 00 00 00 00 00 00 00 00 00 00 00 00 00 00 00 00 00 00 00 00 00 00 00 00 00 00 00 00 00 00 00 00 00 00 00 00
[20:04:15.817] [CTRL ] 0x20  Mic/EQ          → gain=high  mic_vol=5  sidetone=off  vol=68%  audio_output=speaker  chatmix_game=100  chatmix_chat=100  stream_main=100  stream_aux=100  stream_mic=100  eq_bands=[1A 14 14 14 14 14 14 14 14 0A]  [undecoded from [26]]: 00 00 00 00 00 00 00 00 00 00 00 00 00 00 00 00 00 00 00 00 00 00 00 00 00 00 00 00 00 00 00 00 00 00 00 00 00 00
[20:04:15.881] [CTRL ] RAW: 06 10 30 30 30 30 2E 30 30 33 2E 30 38 32 30 30 30 31 2E 30 33 31 2E 30 30 30 30 30 30 32 2E 30 30 32 2E 30 30 31 30 30 30 32 2E 30 30 31 2E 30 30 30 00 00 00 00 00 00 00 00 00 00 00 00 00 00
[20:04:15.881] [CTRL ] 0x10  Firmware        → '0000.003.0820001.031.0000002.002.0010002.001.000'
[20:04:15.944] [CTRL ] RAW: 06 12 36 31 35 32 30 34 38 33 31 33 32 32 32 35 30 30 37 34 37 00 00 00 00 00 00 00 00 00 00 00 00 00 00 00 00 00 00 00 00 00 00 00 00 00 00 00 00 00 00 00 00 00 00 00 00 00 00 00 00 00 00 00
[20:04:15.944] [CTRL ] 0x12  Serial          → '6152048313222500747'
[20:04:17.746] [EVT  ] RAW: 07 31 01 19 00 00 00 00 00 00 00 00 00 00 00 00 00 00 00 00 00 00 00 00 00 00 00 00 00 00 00 00 00 00 00 00 00 00 00 00 00 00 00 00 00 00 00 00 00 00 00 00 00 00 00 00 00 00 00 00 00 00 00 00
[20:04:17.746] [EVT  ] 0x31  EQ Band Level   → band=1  level=25  (flat=20; offset=+5)
[20:04:17.843] [EVT  ] RAW: 07 31 01 17 00 00 00 00 00 00 00 00 00 00 00 00 00 00 00 00 00 00 00 00 00 00 00 00 00 00 00 00 00 00 00 00 00 00 00 00 00 00 00 00 00 00 00 00 00 00 00 00 00 00 00 00 00 00 00 00 00 00 00 00
[20:04:17.843] [EVT  ] 0x31  EQ Band Level   → band=1  level=23  (flat=20; offset=+3)
[20:04:18.562] [EVT  ] RAW: 07 31 01 16 00 00 00 00 00 00 00 00 00 00 00 00 00 00 00 00 00 00 00 00 00 00 00 00 00 00 00 00 00 00 00 00 00 00 00 00 00 00 00 00 00 00 00 00 00 00 00 00 00 00 00 00 00 00 00 00 00 00 00 00
[20:04:18.562] [EVT  ] 0x31  EQ Band Level   → band=1  level=22  (flat=20; offset=+2)
[20:04:18.882] [EVT  ] RAW: 07 31 01 15 00 00 00 00 00 00 00 00 00 00 00 00 00 00 00 00 00 00 00 00 00 00 00 00 00 00 00 00 00 00 00 00 00 00 00 00 00 00 00 00 00 00 00 00 00 00 00 00 00 00 00 00 00 00 00 00 00 00 00 00
[20:04:18.882] [EVT  ] 0x31  EQ Band Level   → band=1  level=21  (flat=20; offset=+1)
[20:04:19.442] [EVT  ] RAW: 07 31 01 14 00 00 00 00 00 00 00 00 00 00 00 00 00 00 00 00 00 00 00 00 00 00 00 00 00 00 00 00 00 00 00 00 00 00 00 00 00 00 00 00 00 00 00 00 00 00 00 00 00 00 00 00 00 00 00 00 00 00 00 00
[20:04:19.442] [EVT  ] 0x31  EQ Band Level   → band=1  level=20  (flat=20; offset=+0)
[20:04:23.502] [EVT  ] RAW: 07 31 0A 0B 00 00 00 00 00 00 00 00 00 00 00 00 00 00 00 00 00 00 00 00 00 00 00 00 00 00 00 00 00 00 00 00 00 00 00 00 00 00 00 00 00 00 00 00 00 00 00 00 00 00 00 00 00 00 00 00 00 00 00 00
[20:04:23.502] [EVT  ] 0x31  EQ Band Level   → band=10  level=11  (flat=20; offset=-9)
[20:04:23.565] [EVT  ] RAW: 07 31 0A 0C 00 00 00 00 00 00 00 00 00 00 00 00 00 00 00 00 00 00 00 00 00 00 00 00 00 00 00 00 00 00 00 00 00 00 00 00 00 00 00 00 00 00 00 00 00 00 00 00 00 00 00 00 00 00 00 00 00 00 00 00
[20:04:23.565] [EVT  ] 0x31  EQ Band Level   → band=10  level=12  (flat=20; offset=-8)
[20:04:23.762] [EVT  ] RAW: 07 31 0A 0D 00 00 00 00 00 00 00 00 00 00 00 00 00 00 00 00 00 00 00 00 00 00 00 00 00 00 00 00 00 00 00 00 00 00 00 00 00 00 00 00 00 00 00 00 00 00 00 00 00 00 00 00 00 00 00 00 00 00 00 00
[20:04:23.762] [EVT  ] 0x31  EQ Band Level   → band=10  level=13  (flat=20; offset=-7)
[20:04:24.483] [EVT  ] RAW: 07 31 0A 0E 00 00 00 00 00 00 00 00 00 00 00 00 00 00 00 00 00 00 00 00 00 00 00 00 00 00 00 00 00 00 00 00 00 00 00 00 00 00 00 00 00 00 00 00 00 00 00 00 00 00 00 00 00 00 00 00 00 00 00 00
[20:04:24.483] [EVT  ] 0x31  EQ Band Level   → band=10  level=14  (flat=20; offset=-6)
[20:04:24.690] [EVT  ] RAW: 07 31 0A 0F 00 00 00 00 00 00 00 00 00 00 00 00 00 00 00 00 00 00 00 00 00 00 00 00 00 00 00 00 00 00 00 00 00 00 00 00 00 00 00 00 00 00 00 00 00 00 00 00 00 00 00 00 00 00 00 00 00 00 00 00
[20:04:24.690] [EVT  ] 0x31  EQ Band Level   → band=10  level=15  (flat=20; offset=-5)
[20:04:24.898] [EVT  ] RAW: 07 31 0A 10 00 00 00 00 00 00 00 00 00 00 00 00 00 00 00 00 00 00 00 00 00 00 00 00 00 00 00 00 00 00 00 00 00 00 00 00 00 00 00 00 00 00 00 00 00 00 00 00 00 00 00 00 00 00 00 00 00 00 00 00
[20:04:24.898] [EVT  ] 0x31  EQ Band Level   → band=10  level=16  (flat=20; offset=-4)
[20:04:25.107] [EVT  ] RAW: 07 31 0A 11 00 00 00 00 00 00 00 00 00 00 00 00 00 00 00 00 00 00 00 00 00 00 00 00 00 00 00 00 00 00 00 00 00 00 00 00 00 00 00 00 00 00 00 00 00 00 00 00 00 00 00 00 00 00 00 00 00 00 00 00
[20:04:25.107] [EVT  ] 0x31  EQ Band Level   → band=10  level=17  (flat=20; offset=-3)
[20:04:25.826] [EVT  ] RAW: 07 31 0A 12 00 00 00 00 00 00 00 00 00 00 00 00 00 00 00 00 00 00 00 00 00 00 00 00 00 00 00 00 00 00 00 00 00 00 00 00 00 00 00 00 00 00 00 00 00 00 00 00 00 00 00 00 00 00 00 00 00 00 00 00
[20:04:25.826] [EVT  ] 0x31  EQ Band Level   → band=10  level=18  (flat=20; offset=-2)
[20:04:26.034] [EVT  ] RAW: 07 31 0A 13 00 00 00 00 00 00 00 00 00 00 00 00 00 00 00 00 00 00 00 00 00 00 00 00 00 00 00 00 00 00 00 00 00 00 00 00 00 00 00 00 00 00 00 00 00 00 00 00 00 00 00 00 00 00 00 00 00 00 00 00
[20:04:26.034] [EVT  ] 0x31  EQ Band Level   → band=10  level=19  (flat=20; offset=-1)
[20:04:26.770] [EVT  ] RAW: 07 31 0A 14 00 00 00 00 00 00 00 00 00 00 00 00 00 00 00 00 00 00 00 00 00 00 00 00 00 00 00 00 00 00 00 00 00 00 00 00 00 00 00 00 00 00 00 00 00 00 00 00 00 00 00 00 00 00 00 00 00 00 00 00
[20:04:26.770] [EVT  ] 0x31  EQ Band Level   → band=10  level=20  (flat=20; offset=+0)
[20:05:48.898] 
[INFO ] Stopped by user.
