[22:31:15.788] [INFO ] Control handle opened  (0xFFC0): \\?\HID#VID_1038&PID_12E0&MI_04&Col01#8&26fe868d&0&0000#{4d1e55b2-f16f-11cf-88cb-001111000030}
[22:31:15.791] [INFO ] Events  handle opened  (0xFF00): \\?\HID#VID_1038&PID_12E0&MI_04&Col02#8&26fe868d&0&0001#{4d1e55b2-f16f-11cf-88cb-001111000030}
[22:31:15.791] 
[22:31:15.791] [INFO ] Sending candidate query commands (Nova 7X origin, verifying on Nova Pro)…
[22:31:15.791] [QUERY] TX  0xB0  status        (battery, partial decode – see HidCommands.md §6.1)
[22:31:15.793] [QUERY]     06 B0 00 00 00 00 00 00 00 00 00 00 00 00 00 00 00 00 00 00 00 00 00 00 00 00 00 00 00 00 00 00 00 00 00 00 00 00 00 00 00 00 00 00 00 00 00 00 00 00 00 00 00 00 00 00 00 00 00 00 00 00 00 00
[22:31:15.885] [QUERY] TX  0x20  mic / EQ      (gain level, sidetone raw, 10 EQ band values)
[22:31:15.885] [QUERY]     06 20 00 00 00 00 00 00 00 00 00 00 00 00 00 00 00 00 00 00 00 00 00 00 00 00 00 00 00 00 00 00 00 00 00 00 00 00 00 00 00 00 00 00 00 00 00 00 00 00 00 00 00 00 00 00 00 00 00 00 00 00 00 00
[22:31:15.981] [QUERY] TX  0x10  firmware ver  (ASCII string)
[22:31:15.981] [QUERY]     06 10 00 00 00 00 00 00 00 00 00 00 00 00 00 00 00 00 00 00 00 00 00 00 00 00 00 00 00 00 00 00 00 00 00 00 00 00 00 00 00 00 00 00 00 00 00 00 00 00 00 00 00 00 00 00 00 00 00 00 00 00 00 00
[22:31:16.077] [QUERY] TX  0x12  serial number (ASCII string)
[22:31:16.077] [QUERY]     06 12 00 00 00 00 00 00 00 00 00 00 00 00 00 00 00 00 00 00 00 00 00 00 00 00 00 00 00 00 00 00 00 00 00 00 00 00 00 00 00 00 00 00 00 00 00 00 00 00 00 00 00 00 00 00 00 00 00 00 00 00 00 00
[22:31:16.173] 
[22:31:16.173] [INFO ] Event loop active – interact with the headset. Ctrl+C to stop.
[22:31:16.173] [INFO ] Try: volume wheel, mute button, ANC button, ChatMix dial, gain button.
[22:31:16.173] 
[22:31:16.173] [CTRL ] RAW: 06 B0 00 00 01 00 04 08 08 00 02 0A 05 00 08 08 00 00 00 00 00 00 00 00 00 00 00 00 00 00 00 00 00 00 00 00 00 00 00 00 00 00 00 00 00 00 00 00 00 00 00 00 00 00 00 00 00 00 00 00 00 00 00 00
[22:31:16.173] [CTRL ] 0xB0  Status          → headset_bat=50%  dock_bat=100%  conn=2.4GHz  mic_mute=unmuted  anc=anc  [5]=0  [11]=0x0A
[22:31:16.229] [CTRL ] RAW: 06 20 01 20 02 00 00 14 14 14 14 14 14 14 14 14 14 0A 00 02 64 64 64 00 64 64 00 00 00 00 00 00 00 00 00 00 00 00 00 00 00 00 00 00 00 00 00 00 00 00 00 00 00 00 00 00 00 00 00 00 00 00 00 00
[22:31:16.229] [CTRL ] 0x20  Mic/EQ          → gain=high  mic_vol=10  sidetone=off  vol=43%  chatmix_game=100  chatmix_chat=100  [2]=0x01  eq_bands=[14 14 14 14 14 14 14 14 14 14]
[22:31:16.291] [CTRL ] RAW: 06 10 30 30 30 30 2E 30 30 33 2E 30 38 32 30 30 30 31 2E 30 33 31 2E 30 30 30 30 30 30 32 2E 30 30 32 2E 30 30 31 30 30 30 32 2E 30 30 31 2E 30 30 30 00 00 00 00 00 00 00 00 00 00 00 00 00 00
[22:31:16.291] [CTRL ] 0x10  Firmware        → '0000.003.0820001.031.0000002.002.0010002.001.000'
[22:31:16.354] [CTRL ] RAW: 06 12 36 31 35 32 30 34 38 33 31 33 32 32 32 35 30 30 37 34 37 00 00 00 00 00 00 00 00 00 00 00 00 00 00 00 00 00 00 00 00 00 00 00 00 00 00 00 00 00 00 00 00 00 00 00 00 00 00 00 00 00 00 00
[22:31:16.354] [CTRL ] 0x12  Serial          → '6152048313222500747'
[22:32:31.115] [EVT  ] RAW: 07 85 03 00 00 00 00 00 00 00 00 00 00 00 00 00 00 00 00 00 00 00 00 00 00 00 00 00 00 00 00 00 00 00 00 00 00 00 00 00 00 00 00 00 00 00 00 00 00 00 00 00 00 00 00 00 00 00 00 00 00 00 00 00
[22:32:31.115] [EVT  ] 0x85  OLED Brightness → 3/10
[22:32:31.212] [EVT  ] RAW: 07 85 05 00 00 00 00 00 00 00 00 00 00 00 00 00 00 00 00 00 00 00 00 00 00 00 00 00 00 00 00 00 00 00 00 00 00 00 00 00 00 00 00 00 00 00 00 00 00 00 00 00 00 00 00 00 00 00 00 00 00 00 00 00
[22:32:31.212] [EVT  ] 0x85  OLED Brightness → 5/10
[22:32:31.324] [EVT  ] RAW: 07 85 06 00 00 00 00 00 00 00 00 00 00 00 00 00 00 00 00 00 00 00 00 00 00 00 00 00 00 00 00 00 00 00 00 00 00 00 00 00 00 00 00 00 00 00 00 00 00 00 00 00 00 00 00 00 00 00 00 00 00 00 00 00
[22:32:31.324] [EVT  ] 0x85  OLED Brightness → 6/10
[22:32:31.764] [EVT  ] RAW: 07 85 08 00 00 00 00 00 00 00 00 00 00 00 00 00 00 00 00 00 00 00 00 00 00 00 00 00 00 00 00 00 00 00 00 00 00 00 00 00 00 00 00 00 00 00 00 00 00 00 00 00 00 00 00 00 00 00 00 00 00 00 00 00
[22:32:31.764] [EVT  ] 0x85  OLED Brightness → 8/10
[22:32:31.836] [EVT  ] RAW: 07 85 0A 00 00 00 00 00 00 00 00 00 00 00 00 00 00 00 00 00 00 00 00 00 00 00 00 00 00 00 00 00 00 00 00 00 00 00 00 00 00 00 00 00 00 00 00 00 00 00 00 00 00 00 00 00 00 00 00 00 00 00 00 00
[22:32:31.836] [EVT  ] 0x85  OLED Brightness → 10/10
[22:34:36.524] [CTRL ] RAW: 06 B7 04 08 08 00 00 00 00 00 00 00 00 00 00 00 00 00 00 00 00 00 00 00 00 00 00 00 00 00 00 00 00 00 00 00 00 00 00 00 00 00 00 00 00 00 00 00 00 00 00 00 00 00 00 00 00 00 00 00 00 00 00 00
[22:34:36.525] [CTRL ] 0xB7  Battery         → headset=50% dock=100%  [4]=0x08
[22:34:36.620] [CTRL ] RAW: 06 B0 00 00 01 00 04 08 08 00 02 0A 05 00 08 08 00 00 00 00 00 00 00 00 00 00 00 00 00 00 00 00 00 00 00 00 00 00 00 00 00 00 00 00 00 00 00 00 00 00 00 00 00 00 00 00 00 00 00 00 00 00 00 00
[22:34:36.622] [CTRL ] 0xB0  Status          → headset_bat=50%  dock_bat=100%  conn=2.4GHz  mic_mute=unmuted  anc=anc  [5]=0  [11]=0x0A
[22:34:36.701] [CTRL ] RAW: 06 B7 04 08 08 00 00 00 00 00 00 00 00 00 00 00 00 00 00 00 00 00 00 00 00 00 00 00 00 00 00 00 00 00 00 00 00 00 00 00 00 00 00 00 00 00 00 00 00 00 00 00 00 00 00 00 00 00 00 00 00 00 00 00
[22:34:36.701] [CTRL ] 0xB7  Battery         → headset=50% dock=100%  [4]=0x08
[22:34:36.781] [CTRL ] RAW: 06 B0 00 00 01 00 04 08 08 00 02 0A 05 00 08 08 00 00 00 00 00 00 00 00 00 00 00 00 00 00 00 00 00 00 00 00 00 00 00 00 00 00 00 00 00 00 00 00 00 00 00 00 00 00 00 00 00 00 00 00 00 00 00 00
[22:34:36.781] [CTRL ] 0xB0  Status          → headset_bat=50%  dock_bat=100%  conn=2.4GHz  mic_mute=unmuted  anc=anc  [5]=0  [11]=0x0A
[22:34:36.860] [CTRL ] RAW: 06 B7 04 08 08 00 00 00 00 00 00 00 00 00 00 00 00 00 00 00 00 00 00 00 00 00 00 00 00 00 00 00 00 00 00 00 00 00 00 00 00 00 00 00 00 00 00 00 00 00 00 00 00 00 00 00 00 00 00 00 00 00 00 00
[22:34:36.860] [CTRL ] 0xB7  Battery         → headset=50% dock=100%  [4]=0x08
[22:34:36.941] [CTRL ] RAW: 06 B0 00 00 01 00 04 08 08 00 02 0A 05 00 08 08 00 00 00 00 00 00 00 00 00 00 00 00 00 00 00 00 00 00 00 00 00 00 00 00 00 00 00 00 00 00 00 00 00 00 00 00 00 00 00 00 00 00 00 00 00 00 00 00
[22:34:36.941] [CTRL ] 0xB0  Status          → headset_bat=50%  dock_bat=100%  conn=2.4GHz  mic_mute=unmuted  anc=anc  [5]=0  [11]=0x0A
[22:34:37.256] [CTRL ] RAW: 06 10 30 30 30 30 2E 30 30 33 2E 30 38 32 30 30 30 31 2E 30 33 31 2E 30 30 30 30 30 30 32 2E 30 30 32 2E 30 30 31 30 30 30 32 2E 30 30 31 2E 30 30 30 00 00 00 00 00 00 00 00 00 00 00 00 00 00
[22:34:37.256] [CTRL ] 0x10  Firmware        → '0000.003.0820001.031.0000002.002.0010002.001.000'
[22:34:37.373] [CTRL ] RAW: 06 10 30 30 30 30 2E 30 30 33 2E 30 38 32 30 30 30 31 2E 30 33 31 2E 30 30 30 30 30 30 32 2E 30 30 32 2E 30 30 31 30 30 30 32 2E 30 30 31 2E 30 30 30 00 00 00 00 00 00 00 00 00 00 00 00 00 00
[22:34:37.373] [CTRL ] 0x10  Firmware        → '0000.003.0820001.031.0000002.002.0010002.001.000'
[22:34:37.484] [CTRL ] RAW: 06 10 30 30 30 30 2E 30 30 33 2E 30 38 32 30 30 30 31 2E 30 33 31 2E 30 30 30 30 30 30 32 2E 30 30 32 2E 30 30 31 30 30 30 32 2E 30 30 31 2E 30 30 30 00 00 00 00 00 00 00 00 00 00 00 00 00 00
[22:34:37.484] [CTRL ] 0x10  Firmware        → '0000.003.0820001.031.0000002.002.0010002.001.000'
[22:34:52.012] [CTRL ] RAW: 06 B7 04 08 08 00 00 00 00 00 00 00 00 00 00 00 00 00 00 00 00 00 00 00 00 00 00 00 00 00 00 00 00 00 00 00 00 00 00 00 00 00 00 00 00 00 00 00 00 00 00 00 00 00 00 00 00 00 00 00 00 00 00 00
[22:34:52.013] [CTRL ] 0xB7  Battery         → headset=50% dock=100%  [4]=0x08
[22:34:52.108] [CTRL ] RAW: 06 B0 00 00 01 00 04 08 08 00 02 0A 05 00 08 08 00 00 00 00 00 00 00 00 00 00 00 00 00 00 00 00 00 00 00 00 00 00 00 00 00 00 00 00 00 00 00 00 00 00 00 00 00 00 00 00 00 00 00 00 00 00 00 00
[22:34:52.109] [CTRL ] 0xB0  Status          → headset_bat=50%  dock_bat=100%  conn=2.4GHz  mic_mute=unmuted  anc=anc  [5]=0  [11]=0x0A
[22:34:52.187] [CTRL ] RAW: 06 B7 04 08 08 00 00 00 00 00 00 00 00 00 00 00 00 00 00 00 00 00 00 00 00 00 00 00 00 00 00 00 00 00 00 00 00 00 00 00 00 00 00 00 00 00 00 00 00 00 00 00 00 00 00 00 00 00 00 00 00 00 00 00
[22:34:52.189] [CTRL ] 0xB7  Battery         → headset=50% dock=100%  [4]=0x08
[22:34:52.267] [CTRL ] RAW: 06 B0 00 00 01 00 04 08 08 00 02 0A 05 00 08 08 00 00 00 00 00 00 00 00 00 00 00 00 00 00 00 00 00 00 00 00 00 00 00 00 00 00 00 00 00 00 00 00 00 00 00 00 00 00 00 00 00 00 00 00 00 00 00 00
[22:34:52.267] [CTRL ] 0xB0  Status          → headset_bat=50%  dock_bat=100%  conn=2.4GHz  mic_mute=unmuted  anc=anc  [5]=0  [11]=0x0A
[22:34:52.697] [CTRL ] RAW: 06 10 30 30 30 30 2E 30 30 33 2E 30 38 32 30 30 30 31 2E 30 33 31 2E 30 30 30 30 30 30 32 2E 30 30 32 2E 30 30 31 30 30 30 32 2E 30 30 31 2E 30 30 30 00 00 00 00 00 00 00 00 00 00 00 00 00 00
[22:34:52.697] [CTRL ] 0x10  Firmware        → '0000.003.0820001.031.0000002.002.0010002.001.000'
[22:34:52.759] [CTRL ] RAW: 06 10 30 30 30 30 2E 30 30 33 2E 30 38 32 30 30 30 31 2E 30 33 31 2E 30 30 30 30 30 30 32 2E 30 30 32 2E 30 30 31 30 30 30 32 2E 30 30 31 2E 30 30 30 00 00 00 00 00 00 00 00 00 00 00 00 00 00
[22:34:52.759] [CTRL ] 0x10  Firmware        → '0000.003.0820001.031.0000002.002.0010002.001.000'
[22:34:52.821] [CTRL ] RAW: 06 10 30 30 30 30 2E 30 30 33 2E 30 38 32 30 30 30 31 2E 30 33 31 2E 30 30 30 30 30 30 32 2E 30 30 32 2E 30 30 31 30 30 30 32 2E 30 30 31 2E 30 30 30 00 00 00 00 00 00 00 00 00 00 00 00 00 00
[22:34:52.821] [CTRL ] 0x10  Firmware        → '0000.003.0820001.031.0000002.002.0010002.001.000'
[22:34:52.892] [CTRL ] RAW: 06 10 30 30 30 30 2E 30 30 33 2E 30 38 32 30 30 30 31 2E 30 33 31 2E 30 30 30 30 30 30 32 2E 30 30 32 2E 30 30 31 30 30 30 32 2E 30 30 31 2E 30 30 30 00 00 00 00 00 00 00 00 00 00 00 00 00 00
[22:34:52.892] [CTRL ] 0x10  Firmware        → '0000.003.0820001.031.0000002.002.0010002.001.000'
[22:35:56.941] [CTRL ] RAW: 06 B7 04 08 08 00 00 00 00 00 00 00 00 00 00 00 00 00 00 00 00 00 00 00 00 00 00 00 00 00 00 00 00 00 00 00 00 00 00 00 00 00 00 00 00 00 00 00 00 00 00 00 00 00 00 00 00 00 00 00 00 00 00 00
[22:35:56.941] [CTRL ] 0xB7  Battery         → headset=50% dock=100%  [4]=0x08
[22:35:57.020] [CTRL ] RAW: 06 B0 00 00 01 00 04 08 08 00 02 0A 05 00 08 08 00 00 00 00 00 00 00 00 00 00 00 00 00 00 00 00 00 00 00 00 00 00 00 00 00 00 00 00 00 00 00 00 00 00 00 00 00 00 00 00 00 00 00 00 00 00 00 00
[22:35:57.023] [CTRL ] 0xB0  Status          → headset_bat=50%  dock_bat=100%  conn=2.4GHz  mic_mute=unmuted  anc=anc  [5]=0  [11]=0x0A
[22:35:57.117] [CTRL ] RAW: 06 B7 04 08 08 00 00 00 00 00 00 00 00 00 00 00 00 00 00 00 00 00 00 00 00 00 00 00 00 00 00 00 00 00 00 00 00 00 00 00 00 00 00 00 00 00 00 00 00 00 00 00 00 00 00 00 00 00 00 00 00 00 00 00
[22:35:57.117] [CTRL ] 0xB7  Battery         → headset=50% dock=100%  [4]=0x08
[22:35:57.212] [CTRL ] RAW: 06 B0 00 00 01 00 04 08 08 00 02 0A 05 00 08 08 00 00 00 00 00 00 00 00 00 00 00 00 00 00 00 00 00 00 00 00 00 00 00 00 00 00 00 00 00 00 00 00 00 00 00 00 00 00 00 00 00 00 00 00 00 00 00 00
[22:35:57.213] [CTRL ] 0xB0  Status          → headset_bat=50%  dock_bat=100%  conn=2.4GHz  mic_mute=unmuted  anc=anc  [5]=0  [11]=0x0A
[22:35:57.581] [CTRL ] RAW: 06 10 30 30 30 30 2E 30 30 33 2E 30 38 32 30 30 30 31 2E 30 33 31 2E 30 30 30 30 30 30 32 2E 30 30 32 2E 30 30 31 30 30 30 32 2E 30 30 31 2E 30 30 30 00 00 00 00 00 00 00 00 00 00 00 00 00 00
[22:35:57.581] [CTRL ] 0x10  Firmware        → '0000.003.0820001.031.0000002.002.0010002.001.000'
[22:35:57.756] [CTRL ] RAW: 06 10 30 30 30 30 2E 30 30 33 2E 30 38 32 30 30 30 31 2E 30 33 31 2E 30 30 30 30 30 30 32 2E 30 30 32 2E 30 30 31 30 30 30 32 2E 30 30 31 2E 30 30 30 00 00 00 00 00 00 00 00 00 00 00 00 00 00
[22:35:57.756] [CTRL ] 0x10  Firmware        → '0000.003.0820001.031.0000002.002.0010002.001.000'
[22:42:59.400] 
[INFO ] Stopped by user.
