[21:36:56.362] [INFO ] Control handle opened  (0xFFC0): \\?\HID#VID_1038&PID_12E0&MI_04&Col01#8&26fe868d&0&0000#{4d1e55b2-f16f-11cf-88cb-001111000030}
[21:36:56.363] [INFO ] Events  handle opened  (0xFF00): \\?\HID#VID_1038&PID_12E0&MI_04&Col02#8&26fe868d&0&0001#{4d1e55b2-f16f-11cf-88cb-001111000030}
[21:36:56.363] 
[21:36:56.363] [INFO ] Sending candidate query commands (Nova 7X origin, verifying on Nova Pro)…
[21:36:56.365] [QUERY] TX  0xB0  status        (battery, partial decode – see HidCommands.md §6.1)
[21:36:56.365] [QUERY]     06 B0 00 00 00 00 00 00 00 00 00 00 00 00 00 00 00 00 00 00 00 00 00 00 00 00 00 00 00 00 00 00 00 00 00 00 00 00 00 00 00 00 00 00 00 00 00 00 00 00 00 00 00 00 00 00 00 00 00 00 00 00 00 00
[21:36:56.461] [QUERY] TX  0x20  mic / EQ      (gain level, sidetone raw, 10 EQ band values)
[21:36:56.461] [QUERY]     06 20 00 00 00 00 00 00 00 00 00 00 00 00 00 00 00 00 00 00 00 00 00 00 00 00 00 00 00 00 00 00 00 00 00 00 00 00 00 00 00 00 00 00 00 00 00 00 00 00 00 00 00 00 00 00 00 00 00 00 00 00 00 00
[21:36:56.557] [QUERY] TX  0x10  firmware ver  (ASCII string)
[21:36:56.557] [QUERY]     06 10 00 00 00 00 00 00 00 00 00 00 00 00 00 00 00 00 00 00 00 00 00 00 00 00 00 00 00 00 00 00 00 00 00 00 00 00 00 00 00 00 00 00 00 00 00 00 00 00 00 00 00 00 00 00 00 00 00 00 00 00 00 00
[21:36:56.653] [QUERY] TX  0x12  serial number (ASCII string)
[21:36:56.653] [QUERY]     06 12 00 00 00 00 00 00 00 00 00 00 00 00 00 00 00 00 00 00 00 00 00 00 00 00 00 00 00 00 00 00 00 00 00 00 00 00 00 00 00 00 00 00 00 00 00 00 00 00 00 00 00 00 00 00 00 00 00 00 00 00 00 00
[21:36:56.748] 
[21:36:56.748] [INFO ] Event loop active – interact with the headset. Ctrl+C to stop.
[21:36:56.748] [INFO ] Try: volume wheel, mute button, ANC button, ChatMix dial, gain button.
[21:36:56.748] 
[21:36:56.748] [CTRL ] RAW: 06 B0 00 00 04 01 05 08 08 00 01 0A 05 00 08 08 00 00 00 00 00 00 00 00 00 00 00 00 00 00 00 00 00 00 00 00 00 00 00 00 00 00 00 00 00 00 00 00 00 00 00 00 00 00 00 00 00 00 00 00 00 00 00 00
[21:36:56.748] [CTRL ] 0xB0  Status (partial)→ headset_bat=62%  dock_bat=100%  [2-5]=00 00 04 01  [8-15]=08 00 01 0A 05 00 08 08
[21:36:56.814] [CTRL ] RAW: 06 20 01 1D 02 00 00 14 14 14 14 14 14 14 14 14 14 03 03 02 64 53 64 00 64 64 00 00 00 00 00 00 00 00 00 00 00 00 00 00 00 00 00 00 00 00 00 00 00 00 00 00 00 00 00 00 00 00 00 00 00 00 00 00
[21:36:56.814] [CTRL ] 0x20  Mic/EQ          → [2]=1  [3]=29  [4]=2  [17]=3 (mic_vol?)  eq_bands=[14 14 14 14 14 14 14 14 14 14]
[21:36:56.877] [CTRL ] RAW: 06 10 30 30 30 30 2E 30 30 33 2E 30 38 32 30 30 30 31 2E 30 33 31 2E 30 30 30 30 30 30 32 2E 30 30 32 2E 30 30 31 30 30 30 32 2E 30 30 31 2E 30 30 30 00 00 00 00 00 00 00 00 00 00 00 00 00 00
[21:36:56.877] [CTRL ] 0x10  Firmware        → '0000.003.0820001.031.0000002.002.0010002.001.000'
[21:36:56.939] [CTRL ] RAW: 06 12 36 31 35 32 30 34 38 33 31 33 32 32 32 35 30 30 37 34 37 00 00 00 00 00 00 00 00 00 00 00 00 00 00 00 00 00 00 00 00 00 00 00 00 00 00 00 00 00 00 00 00 00 00 00 00 00 00 00 00 00 00 00
[21:36:56.939] [CTRL ] 0x12  Serial          → '6152048313222500747'
[21:37:17.050] [EVT  ] RAW: 07 27 01 00 00 00 00 00 00 00 00 00 00 00 00 00 00 00 00 00 00 00 00 00 00 00 00 00 00 00 00 00 00 00 00 00 00 00 00 00 00 00 00 00 00 00 00 00 00 00 00 00 00 00 00 00 00 00 00 00 00 00 00 00
[21:37:17.050] [EVT  ] 0x27  Gain Level      → low (raw=1)
[21:37:21.875] 
[INFO ] Stopped by user.
