[22:20:06.054] [INFO ] Control handle opened  (0xFFC0): \\?\HID#VID_1038&PID_12E0&MI_04&Col01#8&26fe868d&0&0000#{4d1e55b2-f16f-11cf-88cb-001111000030}
[22:20:06.054] [INFO ] Events  handle opened  (0xFF00): \\?\HID#VID_1038&PID_12E0&MI_04&Col02#8&26fe868d&0&0001#{4d1e55b2-f16f-11cf-88cb-001111000030}
[22:20:06.054] 
[22:20:06.054] [INFO ] Sending candidate query commands (Nova 7X origin, verifying on Nova Pro)…
[22:20:06.056] [QUERY] TX  0xB0  status        (battery, partial decode – see HidCommands.md §6.1)
[22:20:06.056] [QUERY]     06 B0 00 00 00 00 00 00 00 00 00 00 00 00 00 00 00 00 00 00 00 00 00 00 00 00 00 00 00 00 00 00 00 00 00 00 00 00 00 00 00 00 00 00 00 00 00 00 00 00 00 00 00 00 00 00 00 00 00 00 00 00 00 00
[22:20:06.141] [QUERY] TX  0x20  mic / EQ      (gain level, sidetone raw, 10 EQ band values)
[22:20:06.141] [QUERY]     06 20 00 00 00 00 00 00 00 00 00 00 00 00 00 00 00 00 00 00 00 00 00 00 00 00 00 00 00 00 00 00 00 00 00 00 00 00 00 00 00 00 00 00 00 00 00 00 00 00 00 00 00 00 00 00 00 00 00 00 00 00 00 00
[22:20:06.237] [QUERY] TX  0x10  firmware ver  (ASCII string)
[22:20:06.237] [QUERY]     06 10 00 00 00 00 00 00 00 00 00 00 00 00 00 00 00 00 00 00 00 00 00 00 00 00 00 00 00 00 00 00 00 00 00 00 00 00 00 00 00 00 00 00 00 00 00 00 00 00 00 00 00 00 00 00 00 00 00 00 00 00 00 00
[22:20:06.333] [QUERY] TX  0x12  serial number (ASCII string)
[22:20:06.333] [QUERY]     06 12 00 00 00 00 00 00 00 00 00 00 00 00 00 00 00 00 00 00 00 00 00 00 00 00 00 00 00 00 00 00 00 00 00 00 00 00 00 00 00 00 00 00 00 00 00 00 00 00 00 00 00 00 00 00 00 00 00 00 00 00 00 00
[22:20:06.429] 
[22:20:06.429] [INFO ] Event loop active – interact with the headset. Ctrl+C to stop.
[22:20:06.429] [INFO ] Try: volume wheel, mute button, ANC button, ChatMix dial, gain button.
[22:20:06.429] 
[22:20:06.429] [CTRL ] RAW: 06 B0 00 00 01 00 04 08 08 00 02 0A 06 00 08 08 00 00 00 00 00 00 00 00 00 00 00 00 00 00 00 00 00 00 00 00 00 00 00 00 00 00 00 00 00 00 00 00 00 00 00 00 00 00 00 00 00 00 00 00 00 00 00 00
[22:20:06.429] [CTRL ] 0xB0  Status          → headset_bat=50%  dock_bat=100%  conn=2.4GHz  mic_mute=unmuted  anc=anc  [5]=0  [11]=0x0A
[22:20:06.491] [CTRL ] RAW: 06 20 01 20 02 00 00 14 14 14 14 14 14 14 14 14 14 0A 00 02 64 64 64 00 64 64 00 00 00 00 00 00 00 00 00 00 00 00 00 00 00 00 00 00 00 00 00 00 00 00 00 00 00 00 00 00 00 00 00 00 00 00 00 00
[22:20:06.491] [CTRL ] 0x20  Mic/EQ          → gain=high  mic_vol=10  sidetone=off  vol=43%  chatmix_game=100  chatmix_chat=100  [2]=0x01  eq_bands=[14 14 14 14 14 14 14 14 14 14]
[22:20:06.554] [CTRL ] RAW: 06 10 30 30 30 30 2E 30 30 33 2E 30 38 32 30 30 30 31 2E 30 33 31 2E 30 30 30 30 30 30 32 2E 30 30 32 2E 30 30 31 30 30 30 32 2E 30 30 31 2E 30 30 30 00 00 00 00 00 00 00 00 00 00 00 00 00 00
[22:20:06.554] [CTRL ] 0x10  Firmware        → '0000.003.0820001.031.0000002.002.0010002.001.000'
[22:20:06.617] [CTRL ] RAW: 06 12 36 31 35 32 30 34 38 33 31 33 32 32 32 35 30 30 37 34 37 00 00 00 00 00 00 00 00 00 00 00 00 00 00 00 00 00 00 00 00 00 00 00 00 00 00 00 00 00 00 00 00 00 00 00 00 00 00 00 00 00 00 00
[22:20:06.617] [CTRL ] 0x12  Serial          → '6152048313222500747'
[22:21:06.188] [EVT  ] RAW: 07 C1 05 00 00 00 00 00 00 00 00 00 00 00 00 00 00 00 00 00 00 00 00 00 00 00 00 00 00 00 00 00 00 00 00 00 00 00 00 00 00 00 00 00 00 00 00 00 00 00 00 00 00 00 00 00 00 00 00 00 00 00 00 00
[22:21:06.189] [EVT  ] 0xC1  Auto Off        → 30 min (raw=5)
[22:21:06.300] [EVT  ] RAW: 07 C1 04 00 00 00 00 00 00 00 00 00 00 00 00 00 00 00 00 00 00 00 00 00 00 00 00 00 00 00 00 00 00 00 00 00 00 00 00 00 00 00 00 00 00 00 00 00 00 00 00 00 00 00 00 00 00 00 00 00 00 00 00 00
[22:21:06.300] [EVT  ] 0xC1  Auto Off        → 15 min (raw=4)
[22:21:06.396] [EVT  ] RAW: 07 C1 03 00 00 00 00 00 00 00 00 00 00 00 00 00 00 00 00 00 00 00 00 00 00 00 00 00 00 00 00 00 00 00 00 00 00 00 00 00 00 00 00 00 00 00 00 00 00 00 00 00 00 00 00 00 00 00 00 00 00 00 00 00
[22:21:06.396] [EVT  ] 0xC1  Auto Off        → 10 min (raw=3)
[22:21:07.228] [EVT  ] RAW: 07 C1 02 00 00 00 00 00 00 00 00 00 00 00 00 00 00 00 00 00 00 00 00 00 00 00 00 00 00 00 00 00 00 00 00 00 00 00 00 00 00 00 00 00 00 00 00 00 00 00 00 00 00 00 00 00 00 00 00 00 00 00 00 00
[22:21:07.228] [EVT  ] 0xC1  Auto Off        → 5 min (raw=2)
[22:21:07.324] [EVT  ] RAW: 07 C1 01 00 00 00 00 00 00 00 00 00 00 00 00 00 00 00 00 00 00 00 00 00 00 00 00 00 00 00 00 00 00 00 00 00 00 00 00 00 00 00 00 00 00 00 00 00 00 00 00 00 00 00 00 00 00 00 00 00 00 00 00 00
[22:21:07.324] [EVT  ] 0xC1  Auto Off        → 1 min (raw=1)
[22:21:07.532] [EVT  ] RAW: 07 C1 00 00 00 00 00 00 00 00 00 00 00 00 00 00 00 00 00 00 00 00 00 00 00 00 00 00 00 00 00 00 00 00 00 00 00 00 00 00 00 00 00 00 00 00 00 00 00 00 00 00 00 00 00 00 00 00 00 00 00 00 00 00
[22:21:07.532] [EVT  ] 0xC1  Auto Off        → off (raw=0)
[22:21:08.268] [EVT  ] RAW: 07 C1 01 00 00 00 00 00 00 00 00 00 00 00 00 00 00 00 00 00 00 00 00 00 00 00 00 00 00 00 00 00 00 00 00 00 00 00 00 00 00 00 00 00 00 00 00 00 00 00 00 00 00 00 00 00 00 00 00 00 00 00 00 00
[22:21:08.268] [EVT  ] 0xC1  Auto Off        → 1 min (raw=1)
[22:21:08.363] [EVT  ] RAW: 07 C1 02 00 00 00 00 00 00 00 00 00 00 00 00 00 00 00 00 00 00 00 00 00 00 00 00 00 00 00 00 00 00 00 00 00 00 00 00 00 00 00 00 00 00 00 00 00 00 00 00 00 00 00 00 00 00 00 00 00 00 00 00 00
[22:21:08.363] [EVT  ] 0xC1  Auto Off        → 5 min (raw=2)
[22:21:08.477] [EVT  ] RAW: 07 C1 03 00 00 00 00 00 00 00 00 00 00 00 00 00 00 00 00 00 00 00 00 00 00 00 00 00 00 00 00 00 00 00 00 00 00 00 00 00 00 00 00 00 00 00 00 00 00 00 00 00 00 00 00 00 00 00 00 00 00 00 00 00
[22:21:08.477] [EVT  ] 0xC1  Auto Off        → 10 min (raw=3)
[22:21:08.573] [EVT  ] RAW: 07 C1 04 00 00 00 00 00 00 00 00 00 00 00 00 00 00 00 00 00 00 00 00 00 00 00 00 00 00 00 00 00 00 00 00 00 00 00 00 00 00 00 00 00 00 00 00 00 00 00 00 00 00 00 00 00 00 00 00 00 00 00 00 00
[22:21:08.573] [EVT  ] 0xC1  Auto Off        → 15 min (raw=4)
[22:21:08.684] [EVT  ] RAW: 07 C1 05 00 00 00 00 00 00 00 00 00 00 00 00 00 00 00 00 00 00 00 00 00 00 00 00 00 00 00 00 00 00 00 00 00 00 00 00 00 00 00 00 00 00 00 00 00 00 00 00 00 00 00 00 00 00 00 00 00 00 00 00 00
[22:21:08.684] [EVT  ] 0xC1  Auto Off        → 30 min (raw=5)
[22:21:08.780] [EVT  ] RAW: 07 C1 06 00 00 00 00 00 00 00 00 00 00 00 00 00 00 00 00 00 00 00 00 00 00 00 00 00 00 00 00 00 00 00 00 00 00 00 00 00 00 00 00 00 00 00 00 00 00 00 00 00 00 00 00 00 00 00 00 00 00 00 00 00
[22:21:08.781] [EVT  ] 0xC1  Auto Off        → 60 min (raw=6)
[22:21:09.612] [EVT  ] RAW: 07 C1 05 00 00 00 00 00 00 00 00 00 00 00 00 00 00 00 00 00 00 00 00 00 00 00 00 00 00 00 00 00 00 00 00 00 00 00 00 00 00 00 00 00 00 00 00 00 00 00 00 00 00 00 00 00 00 00 00 00 00 00 00 00
[22:21:09.612] [EVT  ] 0xC1  Auto Off        → 30 min (raw=5)
[22:21:23.803] [EVT  ] RAW: 07 85 08 00 00 00 00 00 00 00 00 00 00 00 00 00 00 00 00 00 00 00 00 00 00 00 00 00 00 00 00 00 00 00 00 00 00 00 00 00 00 00 00 00 00 00 00 00 00 00 00 00 00 00 00 00 00 00 00 00 00 00 00 00
[22:21:23.805] [EVT  ] 0x85  OLED Brightness → 8/10
[22:21:23.900] [EVT  ] RAW: 07 85 07 00 00 00 00 00 00 00 00 00 00 00 00 00 00 00 00 00 00 00 00 00 00 00 00 00 00 00 00 00 00 00 00 00 00 00 00 00 00 00 00 00 00 00 00 00 00 00 00 00 00 00 00 00 00 00 00 00 00 00 00 00
[22:21:23.901] [EVT  ] 0x85  OLED Brightness → 7/10
[22:21:24.013] [EVT  ] RAW: 07 85 05 00 00 00 00 00 00 00 00 00 00 00 00 00 00 00 00 00 00 00 00 00 00 00 00 00 00 00 00 00 00 00 00 00 00 00 00 00 00 00 00 00 00 00 00 00 00 00 00 00 00 00 00 00 00 00 00 00 00 00 00 00
[22:21:24.013] [EVT  ] 0x85  OLED Brightness → 5/10
[22:21:24.220] [EVT  ] RAW: 07 85 04 00 00 00 00 00 00 00 00 00 00 00 00 00 00 00 00 00 00 00 00 00 00 00 00 00 00 00 00 00 00 00 00 00 00 00 00 00 00 00 00 00 00 00 00 00 00 00 00 00 00 00 00 00 00 00 00 00 00 00 00 00
[22:21:24.220] [EVT  ] 0x85  OLED Brightness → 4/10
[22:21:24.315] [EVT  ] RAW: 07 85 03 00 00 00 00 00 00 00 00 00 00 00 00 00 00 00 00 00 00 00 00 00 00 00 00 00 00 00 00 00 00 00 00 00 00 00 00 00 00 00 00 00 00 00 00 00 00 00 00 00 00 00 00 00 00 00 00 00 00 00 00 00
[22:21:24.317] [EVT  ] 0x85  OLED Brightness → 3/10
[22:21:24.755] [EVT  ] RAW: 07 85 02 00 00 00 00 00 00 00 00 00 00 00 00 00 00 00 00 00 00 00 00 00 00 00 00 00 00 00 00 00 00 00 00 00 00 00 00 00 00 00 00 00 00 00 00 00 00 00 00 00 00 00 00 00 00 00 00 00 00 00 00 00
[22:21:24.755] [EVT  ] 0x85  OLED Brightness → 2/10
[22:21:24.843] [EVT  ] RAW: 07 85 01 00 00 00 00 00 00 00 00 00 00 00 00 00 00 00 00 00 00 00 00 00 00 00 00 00 00 00 00 00 00 00 00 00 00 00 00 00 00 00 00 00 00 00 00 00 00 00 00 00 00 00 00 00 00 00 00 00 00 00 00 00
[22:21:24.843] [EVT  ] 0x85  OLED Brightness → 1/10
[22:21:25.677] [EVT  ] RAW: 07 85 02 00 00 00 00 00 00 00 00 00 00 00 00 00 00 00 00 00 00 00 00 00 00 00 00 00 00 00 00 00 00 00 00 00 00 00 00 00 00 00 00 00 00 00 00 00 00 00 00 00 00 00 00 00 00 00 00 00 00 00 00 00
[22:21:25.677] [EVT  ] 0x85  OLED Brightness → 2/10
[22:21:25.771] [EVT  ] RAW: 07 85 04 00 00 00 00 00 00 00 00 00 00 00 00 00 00 00 00 00 00 00 00 00 00 00 00 00 00 00 00 00 00 00 00 00 00 00 00 00 00 00 00 00 00 00 00 00 00 00 00 00 00 00 00 00 00 00 00 00 00 00 00 00
[22:21:25.773] [EVT  ] 0x85  OLED Brightness → 4/10
[22:21:25.884] [EVT  ] RAW: 07 85 05 00 00 00 00 00 00 00 00 00 00 00 00 00 00 00 00 00 00 00 00 00 00 00 00 00 00 00 00 00 00 00 00 00 00 00 00 00 00 00 00 00 00 00 00 00 00 00 00 00 00 00 00 00 00 00 00 00 00 00 00 00
[22:21:25.884] [EVT  ] 0x85  OLED Brightness → 5/10
[22:21:25.980] [EVT  ] RAW: 07 85 06 00 00 00 00 00 00 00 00 00 00 00 00 00 00 00 00 00 00 00 00 00 00 00 00 00 00 00 00 00 00 00 00 00 00 00 00 00 00 00 00 00 00 00 00 00 00 00 00 00 00 00 00 00 00 00 00 00 00 00 00 00
[22:21:25.981] [EVT  ] 0x85  OLED Brightness → 6/10
[22:21:26.092] [EVT  ] RAW: 07 85 07 00 00 00 00 00 00 00 00 00 00 00 00 00 00 00 00 00 00 00 00 00 00 00 00 00 00 00 00 00 00 00 00 00 00 00 00 00 00 00 00 00 00 00 00 00 00 00 00 00 00 00 00 00 00 00 00 00 00 00 00 00
[22:21:26.092] [EVT  ] 0x85  OLED Brightness → 7/10
[22:21:26.188] [EVT  ] RAW: 07 85 08 00 00 00 00 00 00 00 00 00 00 00 00 00 00 00 00 00 00 00 00 00 00 00 00 00 00 00 00 00 00 00 00 00 00 00 00 00 00 00 00 00 00 00 00 00 00 00 00 00 00 00 00 00 00 00 00 00 00 00 00 00
[22:21:26.188] [EVT  ] 0x85  OLED Brightness → 8/10
[22:21:26.627] [EVT  ] RAW: 07 85 09 00 00 00 00 00 00 00 00 00 00 00 00 00 00 00 00 00 00 00 00 00 00 00 00 00 00 00 00 00 00 00 00 00 00 00 00 00 00 00 00 00 00 00 00 00 00 00 00 00 00 00 00 00 00 00 00 00 00 00 00 00
[22:21:26.627] [EVT  ] 0x85  OLED Brightness → 9/10
[22:21:26.717] [EVT  ] RAW: 07 85 0A 00 00 00 00 00 00 00 00 00 00 00 00 00 00 00 00 00 00 00 00 00 00 00 00 00 00 00 00 00 00 00 00 00 00 00 00 00 00 00 00 00 00 00 00 00 00 00 00 00 00 00 00 00 00 00 00 00 00 00 00 00
[22:21:26.717] [EVT  ] 0x85  OLED Brightness → 10/10
[22:21:30.164] [EVT  ] RAW: 07 83 05 00 00 00 00 00 00 00 00 00 00 00 00 00 00 00 00 00 00 00 00 00 00 00 00 00 00 00 00 00 00 00 00 00 00 00 00 00 00 00 00 00 00 00 00 00 00 00 00 00 00 00 00 00 00 00 00 00 00 00 00 00
[22:21:30.164] [EVT  ] 0x83  Dim Screen      → 30 min (raw=5)
[22:21:30.252] [EVT  ] RAW: 07 83 03 00 00 00 00 00 00 00 00 00 00 00 00 00 00 00 00 00 00 00 00 00 00 00 00 00 00 00 00 00 00 00 00 00 00 00 00 00 00 00 00 00 00 00 00 00 00 00 00 00 00 00 00 00 00 00 00 00 00 00 00 00
[22:21:30.253] [EVT  ] 0x83  Dim Screen      → 10 min (raw=3)
[22:21:30.459] [EVT  ] RAW: 07 83 02 00 00 00 00 00 00 00 00 00 00 00 00 00 00 00 00 00 00 00 00 00 00 00 00 00 00 00 00 00 00 00 00 00 00 00 00 00 00 00 00 00 00 00 00 00 00 00 00 00 00 00 00 00 00 00 00 00 00 00 00 00
[22:21:30.461] [EVT  ] 0x83  Dim Screen      → 5 min (raw=2)
[22:21:30.652] [EVT  ] RAW: 07 83 01 00 00 00 00 00 00 00 00 00 00 00 00 00 00 00 00 00 00 00 00 00 00 00 00 00 00 00 00 00 00 00 00 00 00 00 00 00 00 00 00 00 00 00 00 00 00 00 00 00 00 00 00 00 00 00 00 00 00 00 00 00
[22:21:30.653] [EVT  ] 0x83  Dim Screen      → 1 min (raw=1)
[22:21:31.085] [EVT  ] RAW: 07 83 00 00 00 00 00 00 00 00 00 00 00 00 00 00 00 00 00 00 00 00 00 00 00 00 00 00 00 00 00 00 00 00 00 00 00 00 00 00 00 00 00 00 00 00 00 00 00 00 00 00 00 00 00 00 00 00 00 00 00 00 00 00
[22:21:31.085] [EVT  ] 0x83  Dim Screen      → off (raw=0)
[22:21:32.767] [EVT  ] RAW: 07 83 01 00 00 00 00 00 00 00 00 00 00 00 00 00 00 00 00 00 00 00 00 00 00 00 00 00 00 00 00 00 00 00 00 00 00 00 00 00 00 00 00 00 00 00 00 00 00 00 00 00 00 00 00 00 00 00 00 00 00 00 00 00
[22:21:32.767] [EVT  ] 0x83  Dim Screen      → 1 min (raw=1)
[22:21:33.080] [EVT  ] RAW: 07 83 02 00 00 00 00 00 00 00 00 00 00 00 00 00 00 00 00 00 00 00 00 00 00 00 00 00 00 00 00 00 00 00 00 00 00 00 00 00 00 00 00 00 00 00 00 00 00 00 00 00 00 00 00 00 00 00 00 00 00 00 00 00
[22:21:33.080] [EVT  ] 0x83  Dim Screen      → 5 min (raw=2)
[22:21:33.451] [EVT  ] RAW: 07 83 03 00 00 00 00 00 00 00 00 00 00 00 00 00 00 00 00 00 00 00 00 00 00 00 00 00 00 00 00 00 00 00 00 00 00 00 00 00 00 00 00 00 00 00 00 00 00 00 00 00 00 00 00 00 00 00 00 00 00 00 00 00
[22:21:33.453] [EVT  ] 0x83  Dim Screen      → 10 min (raw=3)
[22:21:33.756] [EVT  ] RAW: 07 83 04 00 00 00 00 00 00 00 00 00 00 00 00 00 00 00 00 00 00 00 00 00 00 00 00 00 00 00 00 00 00 00 00 00 00 00 00 00 00 00 00 00 00 00 00 00 00 00 00 00 00 00 00 00 00 00 00 00 00 00 00 00
[22:21:33.756] [EVT  ] 0x83  Dim Screen      → 15 min (raw=4)
[22:21:34.076] [EVT  ] RAW: 07 83 05 00 00 00 00 00 00 00 00 00 00 00 00 00 00 00 00 00 00 00 00 00 00 00 00 00 00 00 00 00 00 00 00 00 00 00 00 00 00 00 00 00 00 00 00 00 00 00 00 00 00 00 00 00 00 00 00 00 00 00 00 00
[22:21:34.077] [EVT  ] 0x83  Dim Screen      → 30 min (raw=5)
[22:21:34.284] [EVT  ] RAW: 07 83 06 00 00 00 00 00 00 00 00 00 00 00 00 00 00 00 00 00 00 00 00 00 00 00 00 00 00 00 00 00 00 00 00 00 00 00 00 00 00 00 00 00 00 00 00 00 00 00 00 00 00 00 00 00 00 00 00 00 00 00 00 00
[22:21:34.284] [EVT  ] 0x83  Dim Screen      → 60 min (raw=6)
[22:21:35.117] [EVT  ] RAW: 07 83 05 00 00 00 00 00 00 00 00 00 00 00 00 00 00 00 00 00 00 00 00 00 00 00 00 00 00 00 00 00 00 00 00 00 00 00 00 00 00 00 00 00 00 00 00 00 00 00 00 00 00 00 00 00 00 00 00 00 00 00 00 00
[22:21:35.117] [EVT  ] 0x83  Dim Screen      → 30 min (raw=5)
[22:21:35.724] [EVT  ] RAW: 07 83 04 00 00 00 00 00 00 00 00 00 00 00 00 00 00 00 00 00 00 00 00 00 00 00 00 00 00 00 00 00 00 00 00 00 00 00 00 00 00 00 00 00 00 00 00 00 00 00 00 00 00 00 00 00 00 00 00 00 00 00 00 00
[22:21:35.725] [EVT  ] 0x83  Dim Screen      → 15 min (raw=4)
[22:21:39.168] [EVT  ] RAW: 07 89 00 00 00 00 00 00 00 00 00 00 00 00 00 00 00 00 00 00 00 00 00 00 00 00 00 00 00 00 00 00 00 00 00 00 00 00 00 00 00 00 00 00 00 00 00 00 00 00 00 00 00 00 00 00 00 00 00 00 00 00 00 00
[22:21:39.168] [EVT  ] 0x89  Home Screen     → detailed (raw=0)
[22:21:40.231] [EVT  ] RAW: 07 89 01 00 00 00 00 00 00 00 00 00 00 00 00 00 00 00 00 00 00 00 00 00 00 00 00 00 00 00 00 00 00 00 00 00 00 00 00 00 00 00 00 00 00 00 00 00 00 00 00 00 00 00 00 00 00 00 00 00 00 00 00 00
[22:21:40.232] [EVT  ] 0x89  Home Screen     → simple (raw=1)
[22:22:00.762] [EVT  ] RAW: 07 27 01 00 00 00 00 00 00 00 00 00 00 00 00 00 00 00 00 00 00 00 00 00 00 00 00 00 00 00 00 00 00 00 00 00 00 00 00 00 00 00 00 00 00 00 00 00 00 00 00 00 00 00 00 00 00 00 00 00 00 00 00 00
[22:22:00.762] [EVT  ] 0x27  Gain Level      → low (raw=1)
[22:22:01.980] [EVT  ] RAW: 07 27 02 00 00 00 00 00 00 00 00 00 00 00 00 00 00 00 00 00 00 00 00 00 00 00 00 00 00 00 00 00 00 00 00 00 00 00 00 00 00 00 00 00 00 00 00 00 00 00 00 00 00 00 00 00 00 00 00 00 00 00 00 00
[22:22:01.980] [EVT  ] 0x27  Gain Level      → high (raw=2)
[22:22:07.260] [EVT  ] RAW: 07 BD 00 00 00 00 00 00 00 00 00 00 00 00 00 00 00 00 00 00 00 00 00 00 00 00 00 00 00 00 00 00 00 00 00 00 00 00 00 00 00 00 00 00 00 00 00 00 00 00 00 00 00 00 00 00 00 00 00 00 00 00 00 00
[22:22:07.260] [EVT  ] 0xBD  ANC Mode        → off
[22:22:08.604] [EVT  ] RAW: 07 BD 02 00 00 00 00 00 00 00 00 00 00 00 00 00 00 00 00 00 00 00 00 00 00 00 00 00 00 00 00 00 00 00 00 00 00 00 00 00 00 00 00 00 00 00 00 00 00 00 00 00 00 00 00 00 00 00 00 00 00 00 00 00
[22:22:08.604] [EVT  ] 0xBD  ANC Mode        → anc
[22:22:13.800] [EVT  ] RAW: 07 B9 09 00 00 00 00 00 00 00 00 00 00 00 00 00 00 00 00 00 00 00 00 00 00 00 00 00 00 00 00 00 00 00 00 00 00 00 00 00 00 00 00 00 00 00 00 00 00 00 00 00 00 00 00 00 00 00 00 00 00 00 00 00
[22:22:13.800] [EVT  ] 0xB9  (unknown – raw bytes above)
[22:22:13.900] [EVT  ] RAW: 07 B9 0A 00 00 00 00 00 00 00 00 00 00 00 00 00 00 00 00 00 00 00 00 00 00 00 00 00 00 00 00 00 00 00 00 00 00 00 00 00 00 00 00 00 00 00 00 00 00 00 00 00 00 00 00 00 00 00 00 00 00 00 00 00
[22:22:13.900] [EVT  ] 0xB9  (unknown – raw bytes above)
[22:22:15.261] [EVT  ] RAW: 07 B9 09 00 00 00 00 00 00 00 00 00 00 00 00 00 00 00 00 00 00 00 00 00 00 00 00 00 00 00 00 00 00 00 00 00 00 00 00 00 00 00 00 00 00 00 00 00 00 00 00 00 00 00 00 00 00 00 00 00 00 00 00 00
[22:22:15.261] [EVT  ] 0xB9  (unknown – raw bytes above)
[22:22:15.357] [EVT  ] RAW: 07 B9 08 00 00 00 00 00 00 00 00 00 00 00 00 00 00 00 00 00 00 00 00 00 00 00 00 00 00 00 00 00 00 00 00 00 00 00 00 00 00 00 00 00 00 00 00 00 00 00 00 00 00 00 00 00 00 00 00 00 00 00 00 00
[22:22:15.357] [EVT  ] 0xB9  (unknown – raw bytes above)
[22:22:15.467] [EVT  ] RAW: 07 B9 07 00 00 00 00 00 00 00 00 00 00 00 00 00 00 00 00 00 00 00 00 00 00 00 00 00 00 00 00 00 00 00 00 00 00 00 00 00 00 00 00 00 00 00 00 00 00 00 00 00 00 00 00 00 00 00 00 00 00 00 00 00
[22:22:15.469] [EVT  ] 0xB9  (unknown – raw bytes above)
[22:22:15.564] [EVT  ] RAW: 07 B9 06 00 00 00 00 00 00 00 00 00 00 00 00 00 00 00 00 00 00 00 00 00 00 00 00 00 00 00 00 00 00 00 00 00 00 00 00 00 00 00 00 00 00 00 00 00 00 00 00 00 00 00 00 00 00 00 00 00 00 00 00 00
[22:22:15.564] [EVT  ] 0xB9  (unknown – raw bytes above)
[22:22:15.677] [EVT  ] RAW: 07 B9 05 00 00 00 00 00 00 00 00 00 00 00 00 00 00 00 00 00 00 00 00 00 00 00 00 00 00 00 00 00 00 00 00 00 00 00 00 00 00 00 00 00 00 00 00 00 00 00 00 00 00 00 00 00 00 00 00 00 00 00 00 00
[22:22:15.677] [EVT  ] 0xB9  (unknown – raw bytes above)
[22:22:15.772] [EVT  ] RAW: 07 B9 04 00 00 00 00 00 00 00 00 00 00 00 00 00 00 00 00 00 00 00 00 00 00 00 00 00 00 00 00 00 00 00 00 00 00 00 00 00 00 00 00 00 00 00 00 00 00 00 00 00 00 00 00 00 00 00 00 00 00 00 00 00
[22:22:15.772] [EVT  ] 0xB9  (unknown – raw bytes above)
[22:22:16.455] [EVT  ] RAW: 07 B9 03 00 00 00 00 00 00 00 00 00 00 00 00 00 00 00 00 00 00 00 00 00 00 00 00 00 00 00 00 00 00 00 00 00 00 00 00 00 00 00 00 00 00 00 00 00 00 00 00 00 00 00 00 00 00 00 00 00 00 00 00 00
[22:22:16.455] [EVT  ] 0xB9  (unknown – raw bytes above)
[22:22:16.516] [EVT  ] RAW: 07 B9 02 00 00 00 00 00 00 00 00 00 00 00 00 00 00 00 00 00 00 00 00 00 00 00 00 00 00 00 00 00 00 00 00 00 00 00 00 00 00 00 00 00 00 00 00 00 00 00 00 00 00 00 00 00 00 00 00 00 00 00 00 00
[22:22:16.516] [EVT  ] 0xB9  (unknown – raw bytes above)
[22:22:16.604] [EVT  ] RAW: 07 B9 01 00 00 00 00 00 00 00 00 00 00 00 00 00 00 00 00 00 00 00 00 00 00 00 00 00 00 00 00 00 00 00 00 00 00 00 00 00 00 00 00 00 00 00 00 00 00 00 00 00 00 00 00 00 00 00 00 00 00 00 00 00
[22:22:16.604] [EVT  ] 0xB9  (unknown – raw bytes above)
[22:22:22.188] [EVT  ] RAW: 07 B9 02 00 00 00 00 00 00 00 00 00 00 00 00 00 00 00 00 00 00 00 00 00 00 00 00 00 00 00 00 00 00 00 00 00 00 00 00 00 00 00 00 00 00 00 00 00 00 00 00 00 00 00 00 00 00 00 00 00 00 00 00 00
[22:22:22.189] [EVT  ] 0xB9  (unknown – raw bytes above)
[22:22:22.284] [EVT  ] RAW: 07 B9 03 00 00 00 00 00 00 00 00 00 00 00 00 00 00 00 00 00 00 00 00 00 00 00 00 00 00 00 00 00 00 00 00 00 00 00 00 00 00 00 00 00 00 00 00 00 00 00 00 00 00 00 00 00 00 00 00 00 00 00 00 00
[22:22:22.284] [EVT  ] 0xB9  (unknown – raw bytes above)
[22:22:22.396] [EVT  ] RAW: 07 B9 04 00 00 00 00 00 00 00 00 00 00 00 00 00 00 00 00 00 00 00 00 00 00 00 00 00 00 00 00 00 00 00 00 00 00 00 00 00 00 00 00 00 00 00 00 00 00 00 00 00 00 00 00 00 00 00 00 00 00 00 00 00
[22:22:22.397] [EVT  ] 0xB9  (unknown – raw bytes above)
[22:22:22.700] [EVT  ] RAW: 07 B9 05 00 00 00 00 00 00 00 00 00 00 00 00 00 00 00 00 00 00 00 00 00 00 00 00 00 00 00 00 00 00 00 00 00 00 00 00 00 00 00 00 00 00 00 00 00 00 00 00 00 00 00 00 00 00 00 00 00 00 00 00 00
[22:22:22.700] [EVT  ] 0xB9  (unknown – raw bytes above)
[22:22:23.132] [EVT  ] RAW: 07 B9 06 00 00 00 00 00 00 00 00 00 00 00 00 00 00 00 00 00 00 00 00 00 00 00 00 00 00 00 00 00 00 00 00 00 00 00 00 00 00 00 00 00 00 00 00 00 00 00 00 00 00 00 00 00 00 00 00 00 00 00 00 00
[22:22:23.132] [EVT  ] 0xB9  (unknown – raw bytes above)
[22:22:23.566] [EVT  ] RAW: 07 B9 07 00 00 00 00 00 00 00 00 00 00 00 00 00 00 00 00 00 00 00 00 00 00 00 00 00 00 00 00 00 00 00 00 00 00 00 00 00 00 00 00 00 00 00 00 00 00 00 00 00 00 00 00 00 00 00 00 00 00 00 00 00
[22:22:23.566] [EVT  ] 0xB9  (unknown – raw bytes above)
[22:22:24.875] [EVT  ] RAW: 07 B9 08 00 00 00 00 00 00 00 00 00 00 00 00 00 00 00 00 00 00 00 00 00 00 00 00 00 00 00 00 00 00 00 00 00 00 00 00 00 00 00 00 00 00 00 00 00 00 00 00 00 00 00 00 00 00 00 00 00 00 00 00 00
[22:22:24.875] [EVT  ] 0xB9  (unknown – raw bytes above)
[22:22:28.588] [EVT  ] RAW: 07 BD 00 00 00 00 00 00 00 00 00 00 00 00 00 00 00 00 00 00 00 00 00 00 00 00 00 00 00 00 00 00 00 00 00 00 00 00 00 00 00 00 00 00 00 00 00 00 00 00 00 00 00 00 00 00 00 00 00 00 00 00 00 00
[22:22:28.589] [EVT  ] 0xBD  ANC Mode        → off
[22:22:32.775] [EVT  ] RAW: 07 BD 02 00 00 00 00 00 00 00 00 00 00 00 00 00 00 00 00 00 00 00 00 00 00 00 00 00 00 00 00 00 00 00 00 00 00 00 00 00 00 00 00 00 00 00 00 00 00 00 00 00 00 00 00 00 00 00 00 00 00 00 00 00
[22:22:32.775] [EVT  ] 0xBD  ANC Mode        → anc
[22:22:36.703] [EVT  ] RAW: 07 27 01 00 00 00 00 00 00 00 00 00 00 00 00 00 00 00 00 00 00 00 00 00 00 00 00 00 00 00 00 00 00 00 00 00 00 00 00 00 00 00 00 00 00 00 00 00 00 00 00 00 00 00 00 00 00 00 00 00 00 00 00 00
[22:22:36.703] [EVT  ] 0x27  Gain Level      → low (raw=1)
[22:22:37.643] [EVT  ] RAW: 07 27 02 00 00 00 00 00 00 00 00 00 00 00 00 00 00 00 00 00 00 00 00 00 00 00 00 00 00 00 00 00 00 00 00 00 00 00 00 00 00 00 00 00 00 00 00 00 00 00 00 00 00 00 00 00 00 00 00 00 00 00 00 00
[22:22:37.643] [EVT  ] 0x27  Gain Level      → high (raw=2)
[22:22:43.742] [EVT  ] RAW: 07 25 1F 00 00 00 00 00 00 00 00 00 00 00 00 00 00 00 00 00 00 00 00 00 00 00 00 00 00 00 00 00 00 00 00 00 00 00 00 00 00 00 00 00 00 00 00 00 00 00 00 00 00 00 00 00 00 00 00 00 00 00 00 00
[22:22:43.742] [EVT  ] 0x25  Volume          → 45% (raw=0x1F)
[22:22:43.804] [EVT  ] RAW: 07 25 1E 00 00 00 00 00 00 00 00 00 00 00 00 00 00 00 00 00 00 00 00 00 00 00 00 00 00 00 00 00 00 00 00 00 00 00 00 00 00 00 00 00 00 00 00 00 00 00 00 00 00 00 00 00 00 00 00 00 00 00 00 00
[22:22:43.804] [EVT  ] 0x25  Volume          → 46% (raw=0x1E)
[22:22:43.917] [EVT  ] RAW: 07 25 1D 00 00 00 00 00 00 00 00 00 00 00 00 00 00 00 00 00 00 00 00 00 00 00 00 00 00 00 00 00 00 00 00 00 00 00 00 00 00 00 00 00 00 00 00 00 00 00 00 00 00 00 00 00 00 00 00 00 00 00 00 00
[22:22:43.917] [EVT  ] 0x25  Volume          → 48% (raw=0x1D)
[22:22:44.477] [EVT  ] RAW: 07 25 1E 00 00 00 00 00 00 00 00 00 00 00 00 00 00 00 00 00 00 00 00 00 00 00 00 00 00 00 00 00 00 00 00 00 00 00 00 00 00 00 00 00 00 00 00 00 00 00 00 00 00 00 00 00 00 00 00 00 00 00 00 00
[22:22:44.477] [EVT  ] 0x25  Volume          → 46% (raw=0x1E)
[22:22:44.540] [EVT  ] RAW: 07 25 1F 00 00 00 00 00 00 00 00 00 00 00 00 00 00 00 00 00 00 00 00 00 00 00 00 00 00 00 00 00 00 00 00 00 00 00 00 00 00 00 00 00 00 00 00 00 00 00 00 00 00 00 00 00 00 00 00 00 00 00 00 00
[22:22:44.540] [EVT  ] 0x25  Volume          → 45% (raw=0x1F)
[22:22:44.637] [EVT  ] RAW: 07 25 20 00 00 00 00 00 00 00 00 00 00 00 00 00 00 00 00 00 00 00 00 00 00 00 00 00 00 00 00 00 00 00 00 00 00 00 00 00 00 00 00 00 00 00 00 00 00 00 00 00 00 00 00 00 00 00 00 00 00 00 00 00
[22:22:44.637] [EVT  ] 0x25  Volume          → 43% (raw=0x20)
[22:22:45.996] [EVT  ] RAW: 07 45 5B 64 00 00 00 00 00 00 00 00 00 00 00 00 00 00 00 00 00 00 00 00 00 00 00 00 00 00 00 00 00 00 00 00 00 00 00 00 00 00 00 00 00 00 00 00 00 00 00 00 00 00 00 00 00 00 00 00 00 00 00 00
[22:22:45.997] [EVT  ] 0x45  ChatMix         → game=91 chat=100
[22:22:46.177] [EVT  ] RAW: 07 45 53 64 00 00 00 00 00 00 00 00 00 00 00 00 00 00 00 00 00 00 00 00 00 00 00 00 00 00 00 00 00 00 00 00 00 00 00 00 00 00 00 00 00 00 00 00 00 00 00 00 00 00 00 00 00 00 00 00 00 00 00 00
[22:22:46.177] [EVT  ] 0x45  ChatMix         → game=83 chat=100
[22:22:46.252] [EVT  ] RAW: 07 45 4B 64 00 00 00 00 00 00 00 00 00 00 00 00 00 00 00 00 00 00 00 00 00 00 00 00 00 00 00 00 00 00 00 00 00 00 00 00 00 00 00 00 00 00 00 00 00 00 00 00 00 00 00 00 00 00 00 00 00 00 00 00
[22:22:46.252] [EVT  ] 0x45  ChatMix         → game=75 chat=100
[22:22:46.440] [EVT  ] RAW: 07 45 42 64 00 00 00 00 00 00 00 00 00 00 00 00 00 00 00 00 00 00 00 00 00 00 00 00 00 00 00 00 00 00 00 00 00 00 00 00 00 00 00 00 00 00 00 00 00 00 00 00 00 00 00 00 00 00 00 00 00 00 00 00
[22:22:46.440] [EVT  ] 0x45  ChatMix         → game=66 chat=100
[22:22:46.753] [EVT  ] RAW: 07 45 4B 64 00 00 00 00 00 00 00 00 00 00 00 00 00 00 00 00 00 00 00 00 00 00 00 00 00 00 00 00 00 00 00 00 00 00 00 00 00 00 00 00 00 00 00 00 00 00 00 00 00 00 00 00 00 00 00 00 00 00 00 00
[22:22:46.753] [EVT  ] 0x45  ChatMix         → game=75 chat=100
[22:22:46.816] [EVT  ] RAW: 07 45 53 64 00 00 00 00 00 00 00 00 00 00 00 00 00 00 00 00 00 00 00 00 00 00 00 00 00 00 00 00 00 00 00 00 00 00 00 00 00 00 00 00 00 00 00 00 00 00 00 00 00 00 00 00 00 00 00 00 00 00 00 00
[22:22:46.816] [EVT  ] 0x45  ChatMix         → game=83 chat=100
[22:22:46.877] [EVT  ] RAW: 07 45 5B 64 00 00 00 00 00 00 00 00 00 00 00 00 00 00 00 00 00 00 00 00 00 00 00 00 00 00 00 00 00 00 00 00 00 00 00 00 00 00 00 00 00 00 00 00 00 00 00 00 00 00 00 00 00 00 00 00 00 00 00 00
[22:22:46.877] [EVT  ] 0x45  ChatMix         → game=91 chat=100
[22:22:47.064] [EVT  ] RAW: 07 45 64 64 00 00 00 00 00 00 00 00 00 00 00 00 00 00 00 00 00 00 00 00 00 00 00 00 00 00 00 00 00 00 00 00 00 00 00 00 00 00 00 00 00 00 00 00 00 00 00 00 00 00 00 00 00 00 00 00 00 00 00 00
[22:22:47.064] [EVT  ] 0x45  ChatMix         → game=100 chat=100
[22:22:51.677] 
[INFO ] Stopped by user.
