[06:31:00.603] [INFO ] Control handle opened  (0xFFC0): \\?\HID#VID_1038&PID_12E0&MI_04&Col01#8&26fe868d&0&0000#{4d1e55b2-f16f-11cf-88cb-001111000030}
[06:31:00.605] [INFO ] Events  handle opened  (0xFF00): \\?\HID#VID_1038&PID_12E0&MI_04&Col02#8&26fe868d&0&0001#{4d1e55b2-f16f-11cf-88cb-001111000030}
[06:31:00.605] 
[06:31:00.605] [INFO ] Sending candidate query commands (Nova 7X origin, verifying on Nova Pro)…
[06:31:00.605] [QUERY] TX  0xB0  status        (battery, partial decode – see HidCommands.md §6.1)
[06:31:00.605] [QUERY]     06 B0 00 00 00 00 00 00 00 00 00 00 00 00 00 00 00 00 00 00 00 00 00 00 00 00 00 00 00 00 00 00 00 00 00 00 00 00 00 00 00 00 00 00 00 00 00 00 00 00 00 00 00 00 00 00 00 00 00 00 00 00 00 00
[06:31:00.688] [QUERY] TX  0x20  mic / EQ      (gain level, sidetone raw, 10 EQ band values)
[06:31:00.688] [QUERY]     06 20 00 00 00 00 00 00 00 00 00 00 00 00 00 00 00 00 00 00 00 00 00 00 00 00 00 00 00 00 00 00 00 00 00 00 00 00 00 00 00 00 00 00 00 00 00 00 00 00 00 00 00 00 00 00 00 00 00 00 00 00 00 00
[06:31:00.783] [QUERY] TX  0x10  firmware ver  (ASCII string)
[06:31:00.783] [QUERY]     06 10 00 00 00 00 00 00 00 00 00 00 00 00 00 00 00 00 00 00 00 00 00 00 00 00 00 00 00 00 00 00 00 00 00 00 00 00 00 00 00 00 00 00 00 00 00 00 00 00 00 00 00 00 00 00 00 00 00 00 00 00 00 00
[06:31:00.880] [QUERY] TX  0x12  serial number (ASCII string)
[06:31:00.880] [QUERY]     06 12 00 00 00 00 00 00 00 00 00 00 00 00 00 00 00 00 00 00 00 00 00 00 00 00 00 00 00 00 00 00 00 00 00 00 00 00 00 00 00 00 00 00 00 00 00 00 00 00 00 00 00 00 00 00 00 00 00 00 00 00 00 00
[06:31:00.975] 
[06:31:00.975] [INFO ] Event loop active – interact with the headset. Ctrl+C to stop.
[06:31:00.975] [INFO ] Try: volume wheel, mute button, ANC button, ChatMix dial, gain button.
[06:31:00.975] 
[06:31:00.975] [CTRL ] RAW: 06 B0 00 00 01 00 02 08 08 00 02 0A 05 00 08 08 00 00 00 00 00 00 00 00 00 00 00 00 00 00 00 00 00 00 00 00 00 00 00 00 00 00 00 00 00 00 00 00 00 00 00 00 00 00 00 00 00 00 00 00 00 00 00 00
[06:31:00.975] [CTRL ] 0xB0  Status          → headset_bat=25%  dock_bat=100%  conn=2.4GHz  mic_mute=unmuted  anc=anc  bt=off  oled_brightness=10
[06:31:01.038] [CTRL ] RAW: 06 20 01 1C 01 00 00 14 14 14 14 14 14 14 14 14 14 05 00 02 5B 64 64 00 64 64 00 00 00 00 00 00 00 00 00 00 00 00 00 00 00 00 00 00 00 00 00 00 00 00 00 00 00 00 00 00 00 00 00 00 00 00 00 00
[06:31:01.038] [CTRL ] 0x20  Mic/EQ          → gain=low  mic_vol=5  sidetone=off  vol=50%  chatmix_game=91  chatmix_chat=100  [2]=0x01  eq_bands=[14 14 14 14 14 14 14 14 14 14]
[06:31:01.101] [CTRL ] RAW: 06 10 30 30 30 30 2E 30 30 33 2E 30 38 32 30 30 30 31 2E 30 33 31 2E 30 30 30 30 30 30 32 2E 30 30 32 2E 30 30 31 30 30 30 32 2E 30 30 31 2E 30 30 30 00 00 00 00 00 00 00 00 00 00 00 00 00 00
[06:31:01.101] [CTRL ] 0x10  Firmware        → '0000.003.0820001.031.0000002.002.0010002.001.000'
[06:31:01.162] [CTRL ] RAW: 06 12 36 31 35 32 30 34 38 33 31 33 32 32 32 35 30 30 37 34 37 00 00 00 00 00 00 00 00 00 00 00 00 00 00 00 00 00 00 00 00 00 00 00 00 00 00 00 00 00 00 00 00 00 00 00 00 00 00 00 00 00 00 00
[06:31:01.162] [CTRL ] 0x12  Serial          → '6152048313222500747'
[06:31:03.295] [EVT  ] RAW: 07 25 1B 00 00 00 00 00 00 00 00 00 00 00 00 00 00 00 00 00 00 00 00 00 00 00 00 00 00 00 00 00 00 00 00 00 00 00 00 00 00 00 00 00 00 00 00 00 00 00 00 00 00 00 00 00 00 00 00 00 00 00 00 00
[06:31:03.295] [EVT  ] 0x25  Volume          → 52% (raw=0x1B)
[06:31:03.725] [EVT  ] RAW: 07 25 1C 00 00 00 00 00 00 00 00 00 00 00 00 00 00 00 00 00 00 00 00 00 00 00 00 00 00 00 00 00 00 00 00 00 00 00 00 00 00 00 00 00 00 00 00 00 00 00 00 00 00 00 00 00 00 00 00 00 00 00 00 00
[06:31:03.725] [EVT  ] 0x25  Volume          → 50% (raw=0x1C)
[06:31:03.807] [EVT  ] RAW: 07 25 1D 00 00 00 00 00 00 00 00 00 00 00 00 00 00 00 00 00 00 00 00 00 00 00 00 00 00 00 00 00 00 00 00 00 00 00 00 00 00 00 00 00 00 00 00 00 00 00 00 00 00 00 00 00 00 00 00 00 00 00 00 00
[06:31:03.807] [EVT  ] 0x25  Volume          → 48% (raw=0x1D)
[06:31:03.903] [EVT  ] RAW: 07 25 1F 00 00 00 00 00 00 00 00 00 00 00 00 00 00 00 00 00 00 00 00 00 00 00 00 00 00 00 00 00 00 00 00 00 00 00 00 00 00 00 00 00 00 00 00 00 00 00 00 00 00 00 00 00 00 00 00 00 00 00 00 00
[06:31:03.903] [EVT  ] 0x25  Volume          → 45% (raw=0x1F)
[06:31:04.015] [EVT  ] RAW: 07 25 20 00 00 00 00 00 00 00 00 00 00 00 00 00 00 00 00 00 00 00 00 00 00 00 00 00 00 00 00 00 00 00 00 00 00 00 00 00 00 00 00 00 00 00 00 00 00 00 00 00 00 00 00 00 00 00 00 00 00 00 00 00
[06:31:04.015] [EVT  ] 0x25  Volume          → 43% (raw=0x20)
[06:31:04.318] [EVT  ] RAW: 07 25 22 00 00 00 00 00 00 00 00 00 00 00 00 00 00 00 00 00 00 00 00 00 00 00 00 00 00 00 00 00 00 00 00 00 00 00 00 00 00 00 00 00 00 00 00 00 00 00 00 00 00 00 00 00 00 00 00 00 00 00 00 00
[06:31:04.318] [EVT  ] 0x25  Volume          → 39% (raw=0x22)
[06:31:04.431] [EVT  ] RAW: 07 25 23 00 00 00 00 00 00 00 00 00 00 00 00 00 00 00 00 00 00 00 00 00 00 00 00 00 00 00 00 00 00 00 00 00 00 00 00 00 00 00 00 00 00 00 00 00 00 00 00 00 00 00 00 00 00 00 00 00 00 00 00 00
[06:31:04.431] [EVT  ] 0x25  Volume          → 38% (raw=0x23)
[06:31:04.527] [EVT  ] RAW: 07 25 25 00 00 00 00 00 00 00 00 00 00 00 00 00 00 00 00 00 00 00 00 00 00 00 00 00 00 00 00 00 00 00 00 00 00 00 00 00 00 00 00 00 00 00 00 00 00 00 00 00 00 00 00 00 00 00 00 00 00 00 00 00
[06:31:04.527] [EVT  ] 0x25  Volume          → 34% (raw=0x25)
[06:31:04.639] [EVT  ] RAW: 07 25 26 00 00 00 00 00 00 00 00 00 00 00 00 00 00 00 00 00 00 00 00 00 00 00 00 00 00 00 00 00 00 00 00 00 00 00 00 00 00 00 00 00 00 00 00 00 00 00 00 00 00 00 00 00 00 00 00 00 00 00 00 00
[06:31:04.639] [EVT  ] 0x25  Volume          → 32% (raw=0x26)
[06:31:05.055] [EVT  ] RAW: 07 25 27 00 00 00 00 00 00 00 00 00 00 00 00 00 00 00 00 00 00 00 00 00 00 00 00 00 00 00 00 00 00 00 00 00 00 00 00 00 00 00 00 00 00 00 00 00 00 00 00 00 00 00 00 00 00 00 00 00 00 00 00 00
[06:31:05.055] [EVT  ] 0x25  Volume          → 30% (raw=0x27)
[06:31:05.263] [EVT  ] RAW: 07 25 29 00 00 00 00 00 00 00 00 00 00 00 00 00 00 00 00 00 00 00 00 00 00 00 00 00 00 00 00 00 00 00 00 00 00 00 00 00 00 00 00 00 00 00 00 00 00 00 00 00 00 00 00 00 00 00 00 00 00 00 00 00
[06:31:05.263] [EVT  ] 0x25  Volume          → 27% (raw=0x29)
[06:31:05.359] [EVT  ] RAW: 07 25 2A 00 00 00 00 00 00 00 00 00 00 00 00 00 00 00 00 00 00 00 00 00 00 00 00 00 00 00 00 00 00 00 00 00 00 00 00 00 00 00 00 00 00 00 00 00 00 00 00 00 00 00 00 00 00 00 00 00 00 00 00 00
[06:31:05.359] [EVT  ] 0x25  Volume          → 25% (raw=0x2A)
[06:31:06.815] [EVT  ] RAW: 07 25 29 00 00 00 00 00 00 00 00 00 00 00 00 00 00 00 00 00 00 00 00 00 00 00 00 00 00 00 00 00 00 00 00 00 00 00 00 00 00 00 00 00 00 00 00 00 00 00 00 00 00 00 00 00 00 00 00 00 00 00 00 00
[06:31:06.815] [EVT  ] 0x25  Volume          → 27% (raw=0x29)
[06:31:06.910] [EVT  ] RAW: 07 25 27 00 00 00 00 00 00 00 00 00 00 00 00 00 00 00 00 00 00 00 00 00 00 00 00 00 00 00 00 00 00 00 00 00 00 00 00 00 00 00 00 00 00 00 00 00 00 00 00 00 00 00 00 00 00 00 00 00 00 00 00 00
[06:31:06.910] [EVT  ] 0x25  Volume          → 30% (raw=0x27)
[06:31:07.023] [EVT  ] RAW: 07 25 26 00 00 00 00 00 00 00 00 00 00 00 00 00 00 00 00 00 00 00 00 00 00 00 00 00 00 00 00 00 00 00 00 00 00 00 00 00 00 00 00 00 00 00 00 00 00 00 00 00 00 00 00 00 00 00 00 00 00 00 00 00
[06:31:07.023] [EVT  ] 0x25  Volume          → 32% (raw=0x26)
[06:31:07.118] [EVT  ] RAW: 07 25 25 00 00 00 00 00 00 00 00 00 00 00 00 00 00 00 00 00 00 00 00 00 00 00 00 00 00 00 00 00 00 00 00 00 00 00 00 00 00 00 00 00 00 00 00 00 00 00 00 00 00 00 00 00 00 00 00 00 00 00 00 00
[06:31:07.118] [EVT  ] 0x25  Volume          → 34% (raw=0x25)
[06:31:07.547] [EVT  ] RAW: 07 25 24 00 00 00 00 00 00 00 00 00 00 00 00 00 00 00 00 00 00 00 00 00 00 00 00 00 00 00 00 00 00 00 00 00 00 00 00 00 00 00 00 00 00 00 00 00 00 00 00 00 00 00 00 00 00 00 00 00 00 00 00 00
[06:31:07.547] [EVT  ] 0x25  Volume          → 36% (raw=0x24)
[06:31:07.647] [EVT  ] RAW: 07 25 20 00 00 00 00 00 00 00 00 00 00 00 00 00 00 00 00 00 00 00 00 00 00 00 00 00 00 00 00 00 00 00 00 00 00 00 00 00 00 00 00 00 00 00 00 00 00 00 00 00 00 00 00 00 00 00 00 00 00 00 00 00
[06:31:07.647] [EVT  ] 0x25  Volume          → 43% (raw=0x20)
[06:31:07.951] [EVT  ] RAW: 07 25 1F 00 00 00 00 00 00 00 00 00 00 00 00 00 00 00 00 00 00 00 00 00 00 00 00 00 00 00 00 00 00 00 00 00 00 00 00 00 00 00 00 00 00 00 00 00 00 00 00 00 00 00 00 00 00 00 00 00 00 00 00 00
[06:31:07.951] [EVT  ] 0x25  Volume          → 45% (raw=0x1F)
[06:31:08.062] [EVT  ] RAW: 07 25 1C 00 00 00 00 00 00 00 00 00 00 00 00 00 00 00 00 00 00 00 00 00 00 00 00 00 00 00 00 00 00 00 00 00 00 00 00 00 00 00 00 00 00 00 00 00 00 00 00 00 00 00 00 00 00 00 00 00 00 00 00 00
[06:31:08.062] [EVT  ] 0x25  Volume          → 50% (raw=0x1C)
[06:31:08.415] [EVT  ] RAW: 07 25 1B 00 00 00 00 00 00 00 00 00 00 00 00 00 00 00 00 00 00 00 00 00 00 00 00 00 00 00 00 00 00 00 00 00 00 00 00 00 00 00 00 00 00 00 00 00 00 00 00 00 00 00 00 00 00 00 00 00 00 00 00 00
[06:31:08.415] [EVT  ] 0x25  Volume          → 52% (raw=0x1B)
[06:31:08.511] [EVT  ] RAW: 07 25 19 00 00 00 00 00 00 00 00 00 00 00 00 00 00 00 00 00 00 00 00 00 00 00 00 00 00 00 00 00 00 00 00 00 00 00 00 00 00 00 00 00 00 00 00 00 00 00 00 00 00 00 00 00 00 00 00 00 00 00 00 00
[06:31:08.511] [EVT  ] 0x25  Volume          → 55% (raw=0x19)
[06:31:10.015] 
[INFO ] Stopped by user.
