[14:24:10.474] [INFO ] Control handle opened  (0xFFC0): \\?\HID#VID_1038&PID_12E0&MI_04&Col01#8&26fe868d&0&0000#{4d1e55b2-f16f-11cf-88cb-001111000030}
[14:24:10.474] [INFO ] Events  handle opened  (0xFF00): \\?\HID#VID_1038&PID_12E0&MI_04&Col02#8&26fe868d&0&0001#{4d1e55b2-f16f-11cf-88cb-001111000030}
[14:24:10.474] 
[14:24:10.474] [INFO ] Sending candidate query commands (Nova 7X origin, verifying on Nova Pro)…
[14:24:10.474] [QUERY] TX  0xB0  status        (battery, partial decode – see HidCommands.md §6.1)
[14:24:10.476] [QUERY]     06 B0 00 00 00 00 00 00 00 00 00 00 00 00 00 00 00 00 00 00 00 00 00 00 00 00 00 00 00 00 00 00 00 00 00 00 00 00 00 00 00 00 00 00 00 00 00 00 00 00 00 00 00 00 00 00 00 00 00 00 00 00 00 00
[14:24:10.564] [QUERY] TX  0x20  mic / EQ      (gain level, sidetone raw, 10 EQ band values)
[14:24:10.564] [QUERY]     06 20 00 00 00 00 00 00 00 00 00 00 00 00 00 00 00 00 00 00 00 00 00 00 00 00 00 00 00 00 00 00 00 00 00 00 00 00 00 00 00 00 00 00 00 00 00 00 00 00 00 00 00 00 00 00 00 00 00 00 00 00 00 00
[14:24:10.660] [QUERY] TX  0x10  firmware ver  (ASCII string)
[14:24:10.660] [QUERY]     06 10 00 00 00 00 00 00 00 00 00 00 00 00 00 00 00 00 00 00 00 00 00 00 00 00 00 00 00 00 00 00 00 00 00 00 00 00 00 00 00 00 00 00 00 00 00 00 00 00 00 00 00 00 00 00 00 00 00 00 00 00 00 00
[14:24:10.756] [QUERY] TX  0x12  serial number (ASCII string)
[14:24:10.756] [QUERY]     06 12 00 00 00 00 00 00 00 00 00 00 00 00 00 00 00 00 00 00 00 00 00 00 00 00 00 00 00 00 00 00 00 00 00 00 00 00 00 00 00 00 00 00 00 00 00 00 00 00 00 00 00 00 00 00 00 00 00 00 00 00 00 00
[14:24:10.852] 
[14:24:10.852] [INFO ] Event loop active – interact with the headset. Ctrl+C to stop.
[14:24:10.852] [INFO ] Try: volume wheel, mute button, ANC button, ChatMix dial, gain button.
[14:24:10.852] 
[14:24:10.853] [CTRL ] RAW: 06 B0 00 00 01 00 01 08 08 00 00 0A 00 00 08 08 00 00 00 00 00 00 00 00 00 00 00 00 00 00 00 00 00 00 00 00 00 00 00 00 00 00 00 00 00 00 00 00 00 00 00 00 00 00 00 00 00 00 00 00 00 00 00 00
[14:24:10.853] [CTRL ] 0xB0  Status          → headset_bat=12%  dock_bat=100%  conn=2.4GHz  mic_mute=unmuted  anc=off  bt=off  oled_brightness=10  2.4ghz_mode=performance
[14:24:10.917] [CTRL ] RAW: 06 20 01 20 01 00 01 14 14 14 14 14 14 14 14 14 14 05 00 02 5B 64 64 00 64 64 00 00 00 00 00 00 00 00 00 00 00 00 00 00 00 00 00 00 00 00 00 00 00 00 00 00 00 00 00 00 00 00 00 00 00 00 00 00
[14:24:10.917] [CTRL ] 0x20  Mic/EQ          → gain=low  mic_vol=5  sidetone=off  vol=43%  chatmix_game=91  chatmix_chat=100  [2]=0x01  eq_bands=[14 14 14 14 14 14 14 14 14 14]
[14:24:10.978] [CTRL ] RAW: 06 10 30 30 30 30 2E 30 30 33 2E 30 38 32 30 30 30 31 2E 30 33 31 2E 30 30 30 30 30 30 32 2E 30 30 32 2E 30 30 31 30 30 30 32 2E 30 30 31 2E 30 30 30 00 00 00 00 00 00 00 00 00 00 00 00 00 00
[14:24:10.978] [CTRL ] 0x10  Firmware        → '0000.003.0820001.031.0000002.002.0010002.001.000'
[14:24:11.039] [CTRL ] RAW: 06 12 36 31 35 32 30 34 38 33 31 33 32 32 32 35 30 30 37 34 37 00 00 00 00 00 00 00 00 00 00 00 00 00 00 00 00 00 00 00 00 00 00 00 00 00 00 00 00 00 00 00 00 00 00 00 00 00 00 00 00 00 00 00
[14:24:11.039] [CTRL ] 0x12  Serial          → '6152048313222500747'
[14:24:17.425] [EVT  ] RAW: 07 43 01 00 00 00 00 00 00 00 00 00 00 00 00 00 00 00 00 00 00 00 00 00 00 00 00 00 00 00 00 00 00 00 00 00 00 00 00 00 00 00 00 00 00 00 00 00 00 00 00 00 00 00 00 00 00 00 00 00 00 00 00 00
[14:24:17.425] [EVT  ] 0x43  Audio Output    → speaker (raw=1)
[14:24:22.242] [EVT  ] RAW: 07 43 02 00 00 00 00 00 00 00 00 00 00 00 00 00 00 00 00 00 00 00 00 00 00 00 00 00 00 00 00 00 00 00 00 00 00 00 00 00 00 00 00 00 00 00 00 00 00 00 00 00 00 00 00 00 00 00 00 00 00 00 00 00
[14:24:22.242] [EVT  ] 0x43  Audio Output    → stream (raw=2)
[14:24:28.323] [EVT  ] RAW: 07 47 5F 00 64 64 00 00 00 00 00 00 00 00 00 00 00 00 00 00 00 00 00 00 00 00 00 00 00 00 00 00 00 00 00 00 00 00 00 00 00 00 00 00 00 00 00 00 00 00 00 00 00 00 00 00 00 00 00 00 00 00 00 00
[14:24:28.323] [EVT  ] 0x47  Stream Volumes  → main=95  aux=100  mic=100
[14:24:28.435] [EVT  ] RAW: 07 47 5A 00 64 64 00 00 00 00 00 00 00 00 00 00 00 00 00 00 00 00 00 00 00 00 00 00 00 00 00 00 00 00 00 00 00 00 00 00 00 00 00 00 00 00 00 00 00 00 00 00 00 00 00 00 00 00 00 00 00 00 00 00
[14:24:28.435] [EVT  ] 0x47  Stream Volumes  → main=90  aux=100  mic=100
[14:24:28.532] [EVT  ] RAW: 07 47 50 00 64 64 00 00 00 00 00 00 00 00 00 00 00 00 00 00 00 00 00 00 00 00 00 00 00 00 00 00 00 00 00 00 00 00 00 00 00 00 00 00 00 00 00 00 00 00 00 00 00 00 00 00 00 00 00 00 00 00 00 00
[14:24:28.532] [EVT  ] 0x47  Stream Volumes  → main=80  aux=100  mic=100
[14:24:28.643] [EVT  ] RAW: 07 47 4B 00 64 64 00 00 00 00 00 00 00 00 00 00 00 00 00 00 00 00 00 00 00 00 00 00 00 00 00 00 00 00 00 00 00 00 00 00 00 00 00 00 00 00 00 00 00 00 00 00 00 00 00 00 00 00 00 00 00 00 00 00
[14:24:28.643] [EVT  ] 0x47  Stream Volumes  → main=75  aux=100  mic=100
[14:24:28.756] [EVT  ] RAW: 07 47 46 00 64 64 00 00 00 00 00 00 00 00 00 00 00 00 00 00 00 00 00 00 00 00 00 00 00 00 00 00 00 00 00 00 00 00 00 00 00 00 00 00 00 00 00 00 00 00 00 00 00 00 00 00 00 00 00 00 00 00 00 00
[14:24:28.756] [EVT  ] 0x47  Stream Volumes  → main=70  aux=100  mic=100
[14:24:29.310] [EVT  ] RAW: 07 47 3C 00 64 64 00 00 00 00 00 00 00 00 00 00 00 00 00 00 00 00 00 00 00 00 00 00 00 00 00 00 00 00 00 00 00 00 00 00 00 00 00 00 00 00 00 00 00 00 00 00 00 00 00 00 00 00 00 00 00 00 00 00
[14:24:29.310] [EVT  ] 0x47  Stream Volumes  → main=60  aux=100  mic=100
[14:24:29.372] [EVT  ] RAW: 07 47 32 00 64 64 00 00 00 00 00 00 00 00 00 00 00 00 00 00 00 00 00 00 00 00 00 00 00 00 00 00 00 00 00 00 00 00 00 00 00 00 00 00 00 00 00 00 00 00 00 00 00 00 00 00 00 00 00 00 00 00 00 00
[14:24:29.372] [EVT  ] 0x47  Stream Volumes  → main=50  aux=100  mic=100
[14:24:29.475] [EVT  ] RAW: 07 47 2D 00 64 64 00 00 00 00 00 00 00 00 00 00 00 00 00 00 00 00 00 00 00 00 00 00 00 00 00 00 00 00 00 00 00 00 00 00 00 00 00 00 00 00 00 00 00 00 00 00 00 00 00 00 00 00 00 00 00 00 00 00
[14:24:29.475] [EVT  ] 0x47  Stream Volumes  → main=45  aux=100  mic=100
[14:24:29.587] [EVT  ] RAW: 07 47 28 00 64 64 00 00 00 00 00 00 00 00 00 00 00 00 00 00 00 00 00 00 00 00 00 00 00 00 00 00 00 00 00 00 00 00 00 00 00 00 00 00 00 00 00 00 00 00 00 00 00 00 00 00 00 00 00 00 00 00 00 00
[14:24:29.587] [EVT  ] 0x47  Stream Volumes  → main=40  aux=100  mic=100
[14:24:29.891] [EVT  ] RAW: 07 47 2D 00 64 64 00 00 00 00 00 00 00 00 00 00 00 00 00 00 00 00 00 00 00 00 00 00 00 00 00 00 00 00 00 00 00 00 00 00 00 00 00 00 00 00 00 00 00 00 00 00 00 00 00 00 00 00 00 00 00 00 00 00
[14:24:29.891] [EVT  ] 0x47  Stream Volumes  → main=45  aux=100  mic=100
[14:24:30.003] [EVT  ] RAW: 07 47 3C 00 64 64 00 00 00 00 00 00 00 00 00 00 00 00 00 00 00 00 00 00 00 00 00 00 00 00 00 00 00 00 00 00 00 00 00 00 00 00 00 00 00 00 00 00 00 00 00 00 00 00 00 00 00 00 00 00 00 00 00 00
[14:24:30.003] [EVT  ] 0x47  Stream Volumes  → main=60  aux=100  mic=100
[14:24:30.100] [EVT  ] RAW: 07 47 46 00 64 64 00 00 00 00 00 00 00 00 00 00 00 00 00 00 00 00 00 00 00 00 00 00 00 00 00 00 00 00 00 00 00 00 00 00 00 00 00 00 00 00 00 00 00 00 00 00 00 00 00 00 00 00 00 00 00 00 00 00
[14:24:30.100] [EVT  ] 0x47  Stream Volumes  → main=70  aux=100  mic=100
[14:24:30.275] [EVT  ] RAW: 07 47 4B 00 64 64 00 00 00 00 00 00 00 00 00 00 00 00 00 00 00 00 00 00 00 00 00 00 00 00 00 00 00 00 00 00 00 00 00 00 00 00 00 00 00 00 00 00 00 00 00 00 00 00 00 00 00 00 00 00 00 00 00 00
[14:24:30.275] [EVT  ] 0x47  Stream Volumes  → main=75  aux=100  mic=100
[14:24:30.515] [EVT  ] RAW: 07 47 50 00 64 64 00 00 00 00 00 00 00 00 00 00 00 00 00 00 00 00 00 00 00 00 00 00 00 00 00 00 00 00 00 00 00 00 00 00 00 00 00 00 00 00 00 00 00 00 00 00 00 00 00 00 00 00 00 00 00 00 00 00
[14:24:30.515] [EVT  ] 0x47  Stream Volumes  → main=80  aux=100  mic=100
[14:24:30.612] [EVT  ] RAW: 07 47 5F 00 64 64 00 00 00 00 00 00 00 00 00 00 00 00 00 00 00 00 00 00 00 00 00 00 00 00 00 00 00 00 00 00 00 00 00 00 00 00 00 00 00 00 00 00 00 00 00 00 00 00 00 00 00 00 00 00 00 00 00 00
[14:24:30.612] [EVT  ] 0x47  Stream Volumes  → main=95  aux=100  mic=100
[14:24:30.723] [EVT  ] RAW: 07 47 64 00 64 64 00 00 00 00 00 00 00 00 00 00 00 00 00 00 00 00 00 00 00 00 00 00 00 00 00 00 00 00 00 00 00 00 00 00 00 00 00 00 00 00 00 00 00 00 00 00 00 00 00 00 00 00 00 00 00 00 00 00
[14:24:30.723] [EVT  ] 0x47  Stream Volumes  → main=100  aux=100  mic=100
[14:24:33.162] [EVT  ] RAW: 07 47 64 00 64 5F 00 00 00 00 00 00 00 00 00 00 00 00 00 00 00 00 00 00 00 00 00 00 00 00 00 00 00 00 00 00 00 00 00 00 00 00 00 00 00 00 00 00 00 00 00 00 00 00 00 00 00 00 00 00 00 00 00 00
[14:24:33.162] [EVT  ] 0x47  Stream Volumes  → main=100  aux=100  mic=95
[14:24:33.224] [EVT  ] RAW: 07 47 64 00 64 5A 00 00 00 00 00 00 00 00 00 00 00 00 00 00 00 00 00 00 00 00 00 00 00 00 00 00 00 00 00 00 00 00 00 00 00 00 00 00 00 00 00 00 00 00 00 00 00 00 00 00 00 00 00 00 00 00 00 00
[14:24:33.224] [EVT  ] 0x47  Stream Volumes  → main=100  aux=100  mic=90
[14:24:33.315] [EVT  ] RAW: 07 47 64 00 64 50 00 00 00 00 00 00 00 00 00 00 00 00 00 00 00 00 00 00 00 00 00 00 00 00 00 00 00 00 00 00 00 00 00 00 00 00 00 00 00 00 00 00 00 00 00 00 00 00 00 00 00 00 00 00 00 00 00 00
[14:24:33.315] [EVT  ] 0x47  Stream Volumes  → main=100  aux=100  mic=80
[14:24:33.427] [EVT  ] RAW: 07 47 64 00 64 46 00 00 00 00 00 00 00 00 00 00 00 00 00 00 00 00 00 00 00 00 00 00 00 00 00 00 00 00 00 00 00 00 00 00 00 00 00 00 00 00 00 00 00 00 00 00 00 00 00 00 00 00 00 00 00 00 00 00
[14:24:33.427] [EVT  ] 0x47  Stream Volumes  → main=100  aux=100  mic=70
[14:24:33.732] [EVT  ] RAW: 07 47 64 00 64 50 00 00 00 00 00 00 00 00 00 00 00 00 00 00 00 00 00 00 00 00 00 00 00 00 00 00 00 00 00 00 00 00 00 00 00 00 00 00 00 00 00 00 00 00 00 00 00 00 00 00 00 00 00 00 00 00 00 00
[14:24:33.732] [EVT  ] 0x47  Stream Volumes  → main=100  aux=100  mic=80
[14:24:33.844] [EVT  ] RAW: 07 47 64 00 64 5F 00 00 00 00 00 00 00 00 00 00 00 00 00 00 00 00 00 00 00 00 00 00 00 00 00 00 00 00 00 00 00 00 00 00 00 00 00 00 00 00 00 00 00 00 00 00 00 00 00 00 00 00 00 00 00 00 00 00
[14:24:33.844] [EVT  ] 0x47  Stream Volumes  → main=100  aux=100  mic=95
[14:24:33.940] [EVT  ] RAW: 07 47 64 00 64 64 00 00 00 00 00 00 00 00 00 00 00 00 00 00 00 00 00 00 00 00 00 00 00 00 00 00 00 00 00 00 00 00 00 00 00 00 00 00 00 00 00 00 00 00 00 00 00 00 00 00 00 00 00 00 00 00 00 00
[14:24:33.940] [EVT  ] 0x47  Stream Volumes  → main=100  aux=100  mic=100
[14:24:36.116] [EVT  ] RAW: 07 47 64 00 5A 64 00 00 00 00 00 00 00 00 00 00 00 00 00 00 00 00 00 00 00 00 00 00 00 00 00 00 00 00 00 00 00 00 00 00 00 00 00 00 00 00 00 00 00 00 00 00 00 00 00 00 00 00 00 00 00 00 00 00
[14:24:36.116] [EVT  ] 0x47  Stream Volumes  → main=100  aux=90  mic=100
[14:24:36.227] [EVT  ] RAW: 07 47 64 00 50 64 00 00 00 00 00 00 00 00 00 00 00 00 00 00 00 00 00 00 00 00 00 00 00 00 00 00 00 00 00 00 00 00 00 00 00 00 00 00 00 00 00 00 00 00 00 00 00 00 00 00 00 00 00 00 00 00 00 00
[14:24:36.227] [EVT  ] 0x47  Stream Volumes  → main=100  aux=80  mic=100
[14:24:36.532] [EVT  ] RAW: 07 47 64 00 4B 64 00 00 00 00 00 00 00 00 00 00 00 00 00 00 00 00 00 00 00 00 00 00 00 00 00 00 00 00 00 00 00 00 00 00 00 00 00 00 00 00 00 00 00 00 00 00 00 00 00 00 00 00 00 00 00 00 00 00
[14:24:36.532] [EVT  ] 0x47  Stream Volumes  → main=100  aux=75  mic=100
[14:24:36.627] [EVT  ] RAW: 07 47 64 00 46 64 00 00 00 00 00 00 00 00 00 00 00 00 00 00 00 00 00 00 00 00 00 00 00 00 00 00 00 00 00 00 00 00 00 00 00 00 00 00 00 00 00 00 00 00 00 00 00 00 00 00 00 00 00 00 00 00 00 00
[14:24:36.627] [EVT  ] 0x47  Stream Volumes  → main=100  aux=70  mic=100
[14:24:36.739] [EVT  ] RAW: 07 47 64 00 41 64 00 00 00 00 00 00 00 00 00 00 00 00 00 00 00 00 00 00 00 00 00 00 00 00 00 00 00 00 00 00 00 00 00 00 00 00 00 00 00 00 00 00 00 00 00 00 00 00 00 00 00 00 00 00 00 00 00 00
[14:24:36.739] [EVT  ] 0x47  Stream Volumes  → main=100  aux=65  mic=100
[14:24:37.315] [EVT  ] RAW: 07 47 64 00 4B 64 00 00 00 00 00 00 00 00 00 00 00 00 00 00 00 00 00 00 00 00 00 00 00 00 00 00 00 00 00 00 00 00 00 00 00 00 00 00 00 00 00 00 00 00 00 00 00 00 00 00 00 00 00 00 00 00 00 00
[14:24:37.315] [EVT  ] 0x47  Stream Volumes  → main=100  aux=75  mic=100
[14:24:37.428] [EVT  ] RAW: 07 47 64 00 55 64 00 00 00 00 00 00 00 00 00 00 00 00 00 00 00 00 00 00 00 00 00 00 00 00 00 00 00 00 00 00 00 00 00 00 00 00 00 00 00 00 00 00 00 00 00 00 00 00 00 00 00 00 00 00 00 00 00 00
[14:24:37.428] [EVT  ] 0x47  Stream Volumes  → main=100  aux=85  mic=100
[14:24:37.540] [EVT  ] RAW: 07 47 64 00 5F 64 00 00 00 00 00 00 00 00 00 00 00 00 00 00 00 00 00 00 00 00 00 00 00 00 00 00 00 00 00 00 00 00 00 00 00 00 00 00 00 00 00 00 00 00 00 00 00 00 00 00 00 00 00 00 00 00 00 00
[14:24:37.540] [EVT  ] 0x47  Stream Volumes  → main=100  aux=95  mic=100
[14:24:37.635] [EVT  ] RAW: 07 47 64 00 64 64 00 00 00 00 00 00 00 00 00 00 00 00 00 00 00 00 00 00 00 00 00 00 00 00 00 00 00 00 00 00 00 00 00 00 00 00 00 00 00 00 00 00 00 00 00 00 00 00 00 00 00 00 00 00 00 00 00 00
[14:24:37.635] [EVT  ] 0x47  Stream Volumes  → main=100  aux=100  mic=100
[14:24:56.040] 
[INFO ] Stopped by user.
