[14:09:49.520] [INFO ] Control handle opened  (0xFFC0): \\?\HID#VID_1038&PID_12E0&MI_04&Col01#8&26fe868d&0&0000#{4d1e55b2-f16f-11cf-88cb-001111000030}
[14:09:49.521] [INFO ] Events  handle opened  (0xFF00): \\?\HID#VID_1038&PID_12E0&MI_04&Col02#8&26fe868d&0&0001#{4d1e55b2-f16f-11cf-88cb-001111000030}
[14:09:49.521] 
[14:09:49.521] [INFO ] Sending candidate query commands (Nova 7X origin, verifying on Nova Pro)…
[14:09:49.521] [QUERY] TX  0xB0  status        (battery, partial decode – see HidCommands.md §6.1)
[14:09:49.521] [QUERY]     06 B0 00 00 00 00 00 00 00 00 00 00 00 00 00 00 00 00 00 00 00 00 00 00 00 00 00 00 00 00 00 00 00 00 00 00 00 00 00 00 00 00 00 00 00 00 00 00 00 00 00 00 00 00 00 00 00 00 00 00 00 00 00 00
[14:09:49.605] [QUERY] TX  0x20  mic / EQ      (gain level, sidetone raw, 10 EQ band values)
[14:09:49.605] [QUERY]     06 20 00 00 00 00 00 00 00 00 00 00 00 00 00 00 00 00 00 00 00 00 00 00 00 00 00 00 00 00 00 00 00 00 00 00 00 00 00 00 00 00 00 00 00 00 00 00 00 00 00 00 00 00 00 00 00 00 00 00 00 00 00 00
[14:09:49.702] [QUERY] TX  0x10  firmware ver  (ASCII string)
[14:09:49.702] [QUERY]     06 10 00 00 00 00 00 00 00 00 00 00 00 00 00 00 00 00 00 00 00 00 00 00 00 00 00 00 00 00 00 00 00 00 00 00 00 00 00 00 00 00 00 00 00 00 00 00 00 00 00 00 00 00 00 00 00 00 00 00 00 00 00 00
[14:09:49.798] [QUERY] TX  0x12  serial number (ASCII string)
[14:09:49.798] [QUERY]     06 12 00 00 00 00 00 00 00 00 00 00 00 00 00 00 00 00 00 00 00 00 00 00 00 00 00 00 00 00 00 00 00 00 00 00 00 00 00 00 00 00 00 00 00 00 00 00 00 00 00 00 00 00 00 00 00 00 00 00 00 00 00 00
[14:09:49.893] 
[14:09:49.893] [INFO ] Event loop active – interact with the headset. Ctrl+C to stop.
[14:09:49.893] [INFO ] Try: volume wheel, mute button, ANC button, ChatMix dial, gain button.
[14:09:49.893] 
[14:09:49.893] [CTRL ] RAW: 06 B0 00 00 01 00 02 08 08 00 00 0A 00 00 08 08 00 00 00 00 00 00 00 00 00 00 00 00 00 00 00 00 00 00 00 00 00 00 00 00 00 00 00 00 00 00 00 00 00 00 00 00 00 00 00 00 00 00 00 00 00 00 00 00
[14:09:49.893] [CTRL ] 0xB0  Status          → headset_bat=25%  dock_bat=100%  conn=2.4GHz  mic_mute=unmuted  anc=off  bt=off  oled_brightness=10  2.4ghz_mode=performance
[14:09:49.947] [CTRL ] RAW: 06 20 01 20 01 00 00 14 14 14 14 14 14 14 14 14 14 05 00 02 5B 64 64 00 64 64 00 00 00 00 00 00 00 00 00 00 00 00 00 00 00 00 00 00 00 00 00 00 00 00 00 00 00 00 00 00 00 00 00 00 00 00 00 00
[14:09:49.947] [CTRL ] 0x20  Mic/EQ          → gain=low  mic_vol=5  sidetone=off  vol=43%  chatmix_game=91  chatmix_chat=100  [2]=0x01  eq_bands=[14 14 14 14 14 14 14 14 14 14]
[14:09:50.010] [CTRL ] RAW: 06 10 30 30 30 30 2E 30 30 33 2E 30 38 32 30 30 30 31 2E 30 33 31 2E 30 30 30 30 30 30 32 2E 30 30 32 2E 30 30 31 30 30 30 32 2E 30 30 31 2E 30 30 30 00 00 00 00 00 00 00 00 00 00 00 00 00 00
[14:09:50.010] [CTRL ] 0x10  Firmware        → '0000.003.0820001.031.0000002.002.0010002.001.000'
[14:09:50.072] [CTRL ] RAW: 06 12 36 31 35 32 30 34 38 33 31 33 32 32 32 35 30 30 37 34 37 00 00 00 00 00 00 00 00 00 00 00 00 00 00 00 00 00 00 00 00 00 00 00 00 00 00 00 00 00 00 00 00 00 00 00 00 00 00 00 00 00 00 00
[14:09:50.072] [CTRL ] 0x12  Serial          → '6152048313222500747'
[14:10:00.693] [EVT  ] RAW: 07 B3 02 00 00 00 00 00 00 00 00 00 00 00 00 00 00 00 00 00 00 00 00 00 00 00 00 00 00 00 00 00 00 00 00 00 00 00 00 00 00 00 00 00 00 00 00 00 00 00 00 00 00 00 00 00 00 00 00 00 00 00 00 00
[14:10:00.693] [EVT  ] 0xB3  (unknown – raw bytes above)
[14:10:00.901] [EVT  ] RAW: 07 B3 01 00 00 00 00 00 00 00 00 00 00 00 00 00 00 00 00 00 00 00 00 00 00 00 00 00 00 00 00 00 00 00 00 00 00 00 00 00 00 00 00 00 00 00 00 00 00 00 00 00 00 00 00 00 00 00 00 00 00 00 00 00
[14:10:00.901] [EVT  ] 0xB3  (unknown – raw bytes above)
[14:10:03.189] [EVT  ] RAW: 07 B3 02 00 00 00 00 00 00 00 00 00 00 00 00 00 00 00 00 00 00 00 00 00 00 00 00 00 00 00 00 00 00 00 00 00 00 00 00 00 00 00 00 00 00 00 00 00 00 00 00 00 00 00 00 00 00 00 00 00 00 00 00 00
[14:10:03.189] [EVT  ] 0xB3  (unknown – raw bytes above)
[14:10:04.005] [EVT  ] RAW: 07 B3 00 00 00 00 00 00 00 00 00 00 00 00 00 00 00 00 00 00 00 00 00 00 00 00 00 00 00 00 00 00 00 00 00 00 00 00 00 00 00 00 00 00 00 00 00 00 00 00 00 00 00 00 00 00 00 00 00 00 00 00 00 00
[14:10:04.005] [EVT  ] 0xB3  (unknown – raw bytes above)
[14:10:34.309] [EVT  ] RAW: 07 B3 02 00 00 00 00 00 00 00 00 00 00 00 00 00 00 00 00 00 00 00 00 00 00 00 00 00 00 00 00 00 00 00 00 00 00 00 00 00 00 00 00 00 00 00 00 00 00 00 00 00 00 00 00 00 00 00 00 00 00 00 00 00
[14:10:34.309] [EVT  ] 0xB3  (unknown – raw bytes above)
[14:10:36.148] [EVT  ] RAW: 07 B3 01 00 00 00 00 00 00 00 00 00 00 00 00 00 00 00 00 00 00 00 00 00 00 00 00 00 00 00 00 00 00 00 00 00 00 00 00 00 00 00 00 00 00 00 00 00 00 00 00 00 00 00 00 00 00 00 00 00 00 00 00 00
[14:10:36.149] [EVT  ] 0xB3  (unknown – raw bytes above)
[14:10:42.938] [EVT  ] RAW: 07 B3 02 00 00 00 00 00 00 00 00 00 00 00 00 00 00 00 00 00 00 00 00 00 00 00 00 00 00 00 00 00 00 00 00 00 00 00 00 00 00 00 00 00 00 00 00 00 00 00 00 00 00 00 00 00 00 00 00 00 00 00 00 00
[14:10:42.938] [EVT  ] 0xB3  (unknown – raw bytes above)
[14:10:43.125] [EVT  ] RAW: 07 B3 00 00 00 00 00 00 00 00 00 00 00 00 00 00 00 00 00 00 00 00 00 00 00 00 00 00 00 00 00 00 00 00 00 00 00 00 00 00 00 00 00 00 00 00 00 00 00 00 00 00 00 00 00 00 00 00 00 00 00 00 00 00
[14:10:43.125] [EVT  ] 0xB3  (unknown – raw bytes above)
[14:11:04.533] [EVT  ] RAW: 07 47 5A 00 64 64 00 00 00 00 00 00 00 00 00 00 00 00 00 00 00 00 00 00 00 00 00 00 00 00 00 00 00 00 00 00 00 00 00 00 00 00 00 00 00 00 00 00 00 00 00 00 00 00 00 00 00 00 00 00 00 00 00 00
[14:11:04.533] [EVT  ] 0x47  (unknown – raw bytes above)
[14:11:04.645] [EVT  ] RAW: 07 47 55 00 64 64 00 00 00 00 00 00 00 00 00 00 00 00 00 00 00 00 00 00 00 00 00 00 00 00 00 00 00 00 00 00 00 00 00 00 00 00 00 00 00 00 00 00 00 00 00 00 00 00 00 00 00 00 00 00 00 00 00 00
[14:11:04.645] [EVT  ] 0x47  (unknown – raw bytes above)
[14:11:04.756] [EVT  ] RAW: 07 47 50 00 64 64 00 00 00 00 00 00 00 00 00 00 00 00 00 00 00 00 00 00 00 00 00 00 00 00 00 00 00 00 00 00 00 00 00 00 00 00 00 00 00 00 00 00 00 00 00 00 00 00 00 00 00 00 00 00 00 00 00 00
[14:11:04.757] [EVT  ] 0x47  (unknown – raw bytes above)
[14:11:04.853] [EVT  ] RAW: 07 47 4B 00 64 64 00 00 00 00 00 00 00 00 00 00 00 00 00 00 00 00 00 00 00 00 00 00 00 00 00 00 00 00 00 00 00 00 00 00 00 00 00 00 00 00 00 00 00 00 00 00 00 00 00 00 00 00 00 00 00 00 00 00
[14:11:04.853] [EVT  ] 0x47  (unknown – raw bytes above)
[14:11:05.535] [EVT  ] RAW: 07 47 50 00 64 64 00 00 00 00 00 00 00 00 00 00 00 00 00 00 00 00 00 00 00 00 00 00 00 00 00 00 00 00 00 00 00 00 00 00 00 00 00 00 00 00 00 00 00 00 00 00 00 00 00 00 00 00 00 00 00 00 00 00
[14:11:05.535] [EVT  ] 0x47  (unknown – raw bytes above)
[14:11:05.598] [EVT  ] RAW: 07 47 55 00 64 64 00 00 00 00 00 00 00 00 00 00 00 00 00 00 00 00 00 00 00 00 00 00 00 00 00 00 00 00 00 00 00 00 00 00 00 00 00 00 00 00 00 00 00 00 00 00 00 00 00 00 00 00 00 00 00 00 00 00
[14:11:05.598] [EVT  ] 0x47  (unknown – raw bytes above)
[14:11:05.684] [EVT  ] RAW: 07 47 5F 00 64 64 00 00 00 00 00 00 00 00 00 00 00 00 00 00 00 00 00 00 00 00 00 00 00 00 00 00 00 00 00 00 00 00 00 00 00 00 00 00 00 00 00 00 00 00 00 00 00 00 00 00 00 00 00 00 00 00 00 00
[14:11:05.685] [EVT  ] 0x47  (unknown – raw bytes above)
[14:11:05.797] [EVT  ] RAW: 07 47 64 00 64 64 00 00 00 00 00 00 00 00 00 00 00 00 00 00 00 00 00 00 00 00 00 00 00 00 00 00 00 00 00 00 00 00 00 00 00 00 00 00 00 00 00 00 00 00 00 00 00 00 00 00 00 00 00 00 00 00 00 00
[14:11:05.797] [EVT  ] 0x47  (unknown – raw bytes above)
[14:11:13.253] [EVT  ] RAW: 07 47 5A 00 64 64 00 00 00 00 00 00 00 00 00 00 00 00 00 00 00 00 00 00 00 00 00 00 00 00 00 00 00 00 00 00 00 00 00 00 00 00 00 00 00 00 00 00 00 00 00 00 00 00 00 00 00 00 00 00 00 00 00 00
[14:11:13.253] [EVT  ] 0x47  (unknown – raw bytes above)
[14:11:13.365] [EVT  ] RAW: 07 47 50 00 64 64 00 00 00 00 00 00 00 00 00 00 00 00 00 00 00 00 00 00 00 00 00 00 00 00 00 00 00 00 00 00 00 00 00 00 00 00 00 00 00 00 00 00 00 00 00 00 00 00 00 00 00 00 00 00 00 00 00 00
[14:11:13.365] [EVT  ] 0x47  (unknown – raw bytes above)
[14:11:13.798] [EVT  ] RAW: 07 47 4B 00 64 64 00 00 00 00 00 00 00 00 00 00 00 00 00 00 00 00 00 00 00 00 00 00 00 00 00 00 00 00 00 00 00 00 00 00 00 00 00 00 00 00 00 00 00 00 00 00 00 00 00 00 00 00 00 00 00 00 00 00
[14:11:13.798] [EVT  ] 0x47  (unknown – raw bytes above)
[14:11:13.892] [EVT  ] RAW: 07 47 3C 00 64 64 00 00 00 00 00 00 00 00 00 00 00 00 00 00 00 00 00 00 00 00 00 00 00 00 00 00 00 00 00 00 00 00 00 00 00 00 00 00 00 00 00 00 00 00 00 00 00 00 00 00 00 00 00 00 00 00 00 00
[14:11:13.892] [EVT  ] 0x47  (unknown – raw bytes above)
[14:11:13.989] [EVT  ] RAW: 07 47 32 00 64 64 00 00 00 00 00 00 00 00 00 00 00 00 00 00 00 00 00 00 00 00 00 00 00 00 00 00 00 00 00 00 00 00 00 00 00 00 00 00 00 00 00 00 00 00 00 00 00 00 00 00 00 00 00 00 00 00 00 00
[14:11:13.989] [EVT  ] 0x47  (unknown – raw bytes above)
[14:11:14.423] [EVT  ] RAW: 07 47 23 00 64 64 00 00 00 00 00 00 00 00 00 00 00 00 00 00 00 00 00 00 00 00 00 00 00 00 00 00 00 00 00 00 00 00 00 00 00 00 00 00 00 00 00 00 00 00 00 00 00 00 00 00 00 00 00 00 00 00 00 00
[14:11:14.423] [EVT  ] 0x47  (unknown – raw bytes above)
[14:11:14.517] [EVT  ] RAW: 07 47 14 00 64 64 00 00 00 00 00 00 00 00 00 00 00 00 00 00 00 00 00 00 00 00 00 00 00 00 00 00 00 00 00 00 00 00 00 00 00 00 00 00 00 00 00 00 00 00 00 00 00 00 00 00 00 00 00 00 00 00 00 00
[14:11:14.517] [EVT  ] 0x47  (unknown – raw bytes above)
[14:11:14.954] [EVT  ] RAW: 07 47 05 00 64 64 00 00 00 00 00 00 00 00 00 00 00 00 00 00 00 00 00 00 00 00 00 00 00 00 00 00 00 00 00 00 00 00 00 00 00 00 00 00 00 00 00 00 00 00 00 00 00 00 00 00 00 00 00 00 00 00 00 00
[14:11:14.954] [EVT  ] 0x47  (unknown – raw bytes above)
[14:11:15.044] [EVT  ] RAW: 07 47 00 00 64 64 00 00 00 00 00 00 00 00 00 00 00 00 00 00 00 00 00 00 00 00 00 00 00 00 00 00 00 00 00 00 00 00 00 00 00 00 00 00 00 00 00 00 00 00 00 00 00 00 00 00 00 00 00 00 00 00 00 00
[14:11:15.045] [EVT  ] 0x47  (unknown – raw bytes above)
[14:11:15.364] [EVT  ] RAW: 07 47 05 00 64 64 00 00 00 00 00 00 00 00 00 00 00 00 00 00 00 00 00 00 00 00 00 00 00 00 00 00 00 00 00 00 00 00 00 00 00 00 00 00 00 00 00 00 00 00 00 00 00 00 00 00 00 00 00 00 00 00 00 00
[14:11:15.365] [EVT  ] 0x47  (unknown – raw bytes above)
[14:11:15.461] [EVT  ] RAW: 07 47 19 00 64 64 00 00 00 00 00 00 00 00 00 00 00 00 00 00 00 00 00 00 00 00 00 00 00 00 00 00 00 00 00 00 00 00 00 00 00 00 00 00 00 00 00 00 00 00 00 00 00 00 00 00 00 00 00 00 00 00 00 00
[14:11:15.461] [EVT  ] 0x47  (unknown – raw bytes above)
[14:11:15.572] [EVT  ] RAW: 07 47 1E 00 64 64 00 00 00 00 00 00 00 00 00 00 00 00 00 00 00 00 00 00 00 00 00 00 00 00 00 00 00 00 00 00 00 00 00 00 00 00 00 00 00 00 00 00 00 00 00 00 00 00 00 00 00 00 00 00 00 00 00 00
[14:11:15.573] [EVT  ] 0x47  (unknown – raw bytes above)
[14:11:15.877] [EVT  ] RAW: 07 47 2D 00 64 64 00 00 00 00 00 00 00 00 00 00 00 00 00 00 00 00 00 00 00 00 00 00 00 00 00 00 00 00 00 00 00 00 00 00 00 00 00 00 00 00 00 00 00 00 00 00 00 00 00 00 00 00 00 00 00 00 00 00
[14:11:15.877] [EVT  ] 0x47  (unknown – raw bytes above)
[14:11:15.973] [EVT  ] RAW: 07 47 37 00 64 64 00 00 00 00 00 00 00 00 00 00 00 00 00 00 00 00 00 00 00 00 00 00 00 00 00 00 00 00 00 00 00 00 00 00 00 00 00 00 00 00 00 00 00 00 00 00 00 00 00 00 00 00 00 00 00 00 00 00
[14:11:15.973] [EVT  ] 0x47  (unknown – raw bytes above)
[14:11:16.180] [EVT  ] RAW: 07 47 3C 00 64 64 00 00 00 00 00 00 00 00 00 00 00 00 00 00 00 00 00 00 00 00 00 00 00 00 00 00 00 00 00 00 00 00 00 00 00 00 00 00 00 00 00 00 00 00 00 00 00 00 00 00 00 00 00 00 00 00 00 00
[14:11:16.181] [EVT  ] 0x47  (unknown – raw bytes above)
[14:11:16.293] [EVT  ] RAW: 07 47 4B 00 64 64 00 00 00 00 00 00 00 00 00 00 00 00 00 00 00 00 00 00 00 00 00 00 00 00 00 00 00 00 00 00 00 00 00 00 00 00 00 00 00 00 00 00 00 00 00 00 00 00 00 00 00 00 00 00 00 00 00 00
[14:11:16.293] [EVT  ] 0x47  (unknown – raw bytes above)
[14:11:16.388] [EVT  ] RAW: 07 47 55 00 64 64 00 00 00 00 00 00 00 00 00 00 00 00 00 00 00 00 00 00 00 00 00 00 00 00 00 00 00 00 00 00 00 00 00 00 00 00 00 00 00 00 00 00 00 00 00 00 00 00 00 00 00 00 00 00 00 00 00 00
[14:11:16.389] [EVT  ] 0x47  (unknown – raw bytes above)
[14:11:16.709] [EVT  ] RAW: 07 47 64 00 64 64 00 00 00 00 00 00 00 00 00 00 00 00 00 00 00 00 00 00 00 00 00 00 00 00 00 00 00 00 00 00 00 00 00 00 00 00 00 00 00 00 00 00 00 00 00 00 00 00 00 00 00 00 00 00 00 00 00 00
[14:11:16.709] [EVT  ] 0x47  (unknown – raw bytes above)
[14:11:20.245] [EVT  ] RAW: 07 47 64 00 5F 64 00 00 00 00 00 00 00 00 00 00 00 00 00 00 00 00 00 00 00 00 00 00 00 00 00 00 00 00 00 00 00 00 00 00 00 00 00 00 00 00 00 00 00 00 00 00 00 00 00 00 00 00 00 00 00 00 00 00
[14:11:20.245] [EVT  ] 0x47  (unknown – raw bytes above)
[14:11:20.340] [EVT  ] RAW: 07 47 64 00 50 64 00 00 00 00 00 00 00 00 00 00 00 00 00 00 00 00 00 00 00 00 00 00 00 00 00 00 00 00 00 00 00 00 00 00 00 00 00 00 00 00 00 00 00 00 00 00 00 00 00 00 00 00 00 00 00 00 00 00
[14:11:20.341] [EVT  ] 0x47  (unknown – raw bytes above)
[14:11:20.452] [EVT  ] RAW: 07 47 64 00 4B 64 00 00 00 00 00 00 00 00 00 00 00 00 00 00 00 00 00 00 00 00 00 00 00 00 00 00 00 00 00 00 00 00 00 00 00 00 00 00 00 00 00 00 00 00 00 00 00 00 00 00 00 00 00 00 00 00 00 00
[14:11:20.452] [EVT  ] 0x47  (unknown – raw bytes above)
[14:11:20.868] [EVT  ] RAW: 07 47 64 00 3C 64 00 00 00 00 00 00 00 00 00 00 00 00 00 00 00 00 00 00 00 00 00 00 00 00 00 00 00 00 00 00 00 00 00 00 00 00 00 00 00 00 00 00 00 00 00 00 00 00 00 00 00 00 00 00 00 00 00 00
[14:11:20.869] [EVT  ] 0x47  (unknown – raw bytes above)
[14:11:20.965] [EVT  ] RAW: 07 47 64 00 32 64 00 00 00 00 00 00 00 00 00 00 00 00 00 00 00 00 00 00 00 00 00 00 00 00 00 00 00 00 00 00 00 00 00 00 00 00 00 00 00 00 00 00 00 00 00 00 00 00 00 00 00 00 00 00 00 00 00 00
[14:11:20.965] [EVT  ] 0x47  (unknown – raw bytes above)
[14:11:21.284] [EVT  ] RAW: 07 47 64 00 2D 64 00 00 00 00 00 00 00 00 00 00 00 00 00 00 00 00 00 00 00 00 00 00 00 00 00 00 00 00 00 00 00 00 00 00 00 00 00 00 00 00 00 00 00 00 00 00 00 00 00 00 00 00 00 00 00 00 00 00
[14:11:21.285] [EVT  ] 0x47  (unknown – raw bytes above)
[14:11:21.397] [EVT  ] RAW: 07 47 64 00 1E 64 00 00 00 00 00 00 00 00 00 00 00 00 00 00 00 00 00 00 00 00 00 00 00 00 00 00 00 00 00 00 00 00 00 00 00 00 00 00 00 00 00 00 00 00 00 00 00 00 00 00 00 00 00 00 00 00 00 00
[14:11:21.397] [EVT  ] 0x47  (unknown – raw bytes above)
[14:11:21.827] [EVT  ] RAW: 07 47 64 00 14 64 00 00 00 00 00 00 00 00 00 00 00 00 00 00 00 00 00 00 00 00 00 00 00 00 00 00 00 00 00 00 00 00 00 00 00 00 00 00 00 00 00 00 00 00 00 00 00 00 00 00 00 00 00 00 00 00 00 00
[14:11:21.827] [EVT  ] 0x47  (unknown – raw bytes above)
[14:11:21.909] [EVT  ] RAW: 07 47 64 00 05 64 00 00 00 00 00 00 00 00 00 00 00 00 00 00 00 00 00 00 00 00 00 00 00 00 00 00 00 00 00 00 00 00 00 00 00 00 00 00 00 00 00 00 00 00 00 00 00 00 00 00 00 00 00 00 00 00 00 00
[14:11:21.909] [EVT  ] 0x47  (unknown – raw bytes above)
[14:11:22.341] [EVT  ] RAW: 07 47 64 00 00 64 00 00 00 00 00 00 00 00 00 00 00 00 00 00 00 00 00 00 00 00 00 00 00 00 00 00 00 00 00 00 00 00 00 00 00 00 00 00 00 00 00 00 00 00 00 00 00 00 00 00 00 00 00 00 00 00 00 00
[14:11:22.341] [EVT  ] 0x47  (unknown – raw bytes above)
[14:11:22.779] [EVT  ] RAW: 07 47 64 00 05 64 00 00 00 00 00 00 00 00 00 00 00 00 00 00 00 00 00 00 00 00 00 00 00 00 00 00 00 00 00 00 00 00 00 00 00 00 00 00 00 00 00 00 00 00 00 00 00 00 00 00 00 00 00 00 00 00 00 00
[14:11:22.779] [EVT  ] 0x47  (unknown – raw bytes above)
[14:11:22.868] [EVT  ] RAW: 07 47 64 00 14 64 00 00 00 00 00 00 00 00 00 00 00 00 00 00 00 00 00 00 00 00 00 00 00 00 00 00 00 00 00 00 00 00 00 00 00 00 00 00 00 00 00 00 00 00 00 00 00 00 00 00 00 00 00 00 00 00 00 00
[14:11:22.869] [EVT  ] 0x47  (unknown – raw bytes above)
[14:11:23.188] [EVT  ] RAW: 07 47 64 00 1E 64 00 00 00 00 00 00 00 00 00 00 00 00 00 00 00 00 00 00 00 00 00 00 00 00 00 00 00 00 00 00 00 00 00 00 00 00 00 00 00 00 00 00 00 00 00 00 00 00 00 00 00 00 00 00 00 00 00 00
[14:11:23.189] [EVT  ] 0x47  (unknown – raw bytes above)
[14:11:23.285] [EVT  ] RAW: 07 47 64 00 2D 64 00 00 00 00 00 00 00 00 00 00 00 00 00 00 00 00 00 00 00 00 00 00 00 00 00 00 00 00 00 00 00 00 00 00 00 00 00 00 00 00 00 00 00 00 00 00 00 00 00 00 00 00 00 00 00 00 00 00
[14:11:23.285] [EVT  ] 0x47  (unknown – raw bytes above)
[14:11:23.604] [EVT  ] RAW: 07 47 64 00 3C 64 00 00 00 00 00 00 00 00 00 00 00 00 00 00 00 00 00 00 00 00 00 00 00 00 00 00 00 00 00 00 00 00 00 00 00 00 00 00 00 00 00 00 00 00 00 00 00 00 00 00 00 00 00 00 00 00 00 00
[14:11:23.605] [EVT  ] 0x47  (unknown – raw bytes above)
[14:11:23.701] [EVT  ] RAW: 07 47 64 00 4B 64 00 00 00 00 00 00 00 00 00 00 00 00 00 00 00 00 00 00 00 00 00 00 00 00 00 00 00 00 00 00 00 00 00 00 00 00 00 00 00 00 00 00 00 00 00 00 00 00 00 00 00 00 00 00 00 00 00 00
[14:11:23.701] [EVT  ] 0x47  (unknown – raw bytes above)
[14:11:24.021] [EVT  ] RAW: 07 47 64 00 5F 64 00 00 00 00 00 00 00 00 00 00 00 00 00 00 00 00 00 00 00 00 00 00 00 00 00 00 00 00 00 00 00 00 00 00 00 00 00 00 00 00 00 00 00 00 00 00 00 00 00 00 00 00 00 00 00 00 00 00
[14:11:24.021] [EVT  ] 0x47  (unknown – raw bytes above)
[14:11:24.341] [EVT  ] RAW: 07 47 64 00 64 64 00 00 00 00 00 00 00 00 00 00 00 00 00 00 00 00 00 00 00 00 00 00 00 00 00 00 00 00 00 00 00 00 00 00 00 00 00 00 00 00 00 00 00 00 00 00 00 00 00 00 00 00 00 00 00 00 00 00
[14:11:24.341] [EVT  ] 0x47  (unknown – raw bytes above)
[14:11:26.821] [EVT  ] RAW: 07 47 64 00 64 5F 00 00 00 00 00 00 00 00 00 00 00 00 00 00 00 00 00 00 00 00 00 00 00 00 00 00 00 00 00 00 00 00 00 00 00 00 00 00 00 00 00 00 00 00 00 00 00 00 00 00 00 00 00 00 00 00 00 00
[14:11:26.821] [EVT  ] 0x47  (unknown – raw bytes above)
[14:11:26.933] [EVT  ] RAW: 07 47 64 00 64 50 00 00 00 00 00 00 00 00 00 00 00 00 00 00 00 00 00 00 00 00 00 00 00 00 00 00 00 00 00 00 00 00 00 00 00 00 00 00 00 00 00 00 00 00 00 00 00 00 00 00 00 00 00 00 00 00 00 00
[14:11:26.933] [EVT  ] 0x47  (unknown – raw bytes above)
[14:11:27.045] [EVT  ] RAW: 07 47 64 00 64 4B 00 00 00 00 00 00 00 00 00 00 00 00 00 00 00 00 00 00 00 00 00 00 00 00 00 00 00 00 00 00 00 00 00 00 00 00 00 00 00 00 00 00 00 00 00 00 00 00 00 00 00 00 00 00 00 00 00 00
[14:11:27.045] [EVT  ] 0x47  (unknown – raw bytes above)
[14:11:27.348] [EVT  ] RAW: 07 47 64 00 64 46 00 00 00 00 00 00 00 00 00 00 00 00 00 00 00 00 00 00 00 00 00 00 00 00 00 00 00 00 00 00 00 00 00 00 00 00 00 00 00 00 00 00 00 00 00 00 00 00 00 00 00 00 00 00 00 00 00 00
[14:11:27.349] [EVT  ] 0x47  (unknown – raw bytes above)
[14:11:27.460] [EVT  ] RAW: 07 47 64 00 64 37 00 00 00 00 00 00 00 00 00 00 00 00 00 00 00 00 00 00 00 00 00 00 00 00 00 00 00 00 00 00 00 00 00 00 00 00 00 00 00 00 00 00 00 00 00 00 00 00 00 00 00 00 00 00 00 00 00 00
[14:11:27.461] [EVT  ] 0x47  (unknown – raw bytes above)
[14:11:27.572] [EVT  ] RAW: 07 47 64 00 64 2D 00 00 00 00 00 00 00 00 00 00 00 00 00 00 00 00 00 00 00 00 00 00 00 00 00 00 00 00 00 00 00 00 00 00 00 00 00 00 00 00 00 00 00 00 00 00 00 00 00 00 00 00 00 00 00 00 00 00
[14:11:27.573] [EVT  ] 0x47  (unknown – raw bytes above)
[14:11:27.669] [EVT  ] RAW: 07 47 64 00 64 28 00 00 00 00 00 00 00 00 00 00 00 00 00 00 00 00 00 00 00 00 00 00 00 00 00 00 00 00 00 00 00 00 00 00 00 00 00 00 00 00 00 00 00 00 00 00 00 00 00 00 00 00 00 00 00 00 00 00
[14:11:27.669] [EVT  ] 0x47  (unknown – raw bytes above)
[14:11:27.781] [EVT  ] RAW: 07 47 64 00 64 1E 00 00 00 00 00 00 00 00 00 00 00 00 00 00 00 00 00 00 00 00 00 00 00 00 00 00 00 00 00 00 00 00 00 00 00 00 00 00 00 00 00 00 00 00 00 00 00 00 00 00 00 00 00 00 00 00 00 00
[14:11:27.781] [EVT  ] 0x47  (unknown – raw bytes above)
[14:11:27.893] [EVT  ] RAW: 07 47 64 00 64 14 00 00 00 00 00 00 00 00 00 00 00 00 00 00 00 00 00 00 00 00 00 00 00 00 00 00 00 00 00 00 00 00 00 00 00 00 00 00 00 00 00 00 00 00 00 00 00 00 00 00 00 00 00 00 00 00 00 00
[14:11:27.893] [EVT  ] 0x47  (unknown – raw bytes above)
[14:11:28.328] [EVT  ] RAW: 07 47 64 00 64 0A 00 00 00 00 00 00 00 00 00 00 00 00 00 00 00 00 00 00 00 00 00 00 00 00 00 00 00 00 00 00 00 00 00 00 00 00 00 00 00 00 00 00 00 00 00 00 00 00 00 00 00 00 00 00 00 00 00 00
[14:11:28.328] [EVT  ] 0x47  (unknown – raw bytes above)
[14:11:28.421] [EVT  ] RAW: 07 47 64 00 64 00 00 00 00 00 00 00 00 00 00 00 00 00 00 00 00 00 00 00 00 00 00 00 00 00 00 00 00 00 00 00 00 00 00 00 00 00 00 00 00 00 00 00 00 00 00 00 00 00 00 00 00 00 00 00 00 00 00 00
[14:11:28.421] [EVT  ] 0x47  (unknown – raw bytes above)
[14:11:29.109] [EVT  ] RAW: 07 47 64 00 64 14 00 00 00 00 00 00 00 00 00 00 00 00 00 00 00 00 00 00 00 00 00 00 00 00 00 00 00 00 00 00 00 00 00 00 00 00 00 00 00 00 00 00 00 00 00 00 00 00 00 00 00 00 00 00 00 00 00 00
[14:11:29.109] [EVT  ] 0x47  (unknown – raw bytes above)
[14:11:29.413] [EVT  ] RAW: 07 47 64 00 64 23 00 00 00 00 00 00 00 00 00 00 00 00 00 00 00 00 00 00 00 00 00 00 00 00 00 00 00 00 00 00 00 00 00 00 00 00 00 00 00 00 00 00 00 00 00 00 00 00 00 00 00 00 00 00 00 00 00 00
[14:11:29.413] [EVT  ] 0x47  (unknown – raw bytes above)
[14:11:29.509] [EVT  ] RAW: 07 47 64 00 64 2D 00 00 00 00 00 00 00 00 00 00 00 00 00 00 00 00 00 00 00 00 00 00 00 00 00 00 00 00 00 00 00 00 00 00 00 00 00 00 00 00 00 00 00 00 00 00 00 00 00 00 00 00 00 00 00 00 00 00
[14:11:29.509] [EVT  ] 0x47  (unknown – raw bytes above)
[14:11:29.733] [EVT  ] RAW: 07 47 64 00 64 3C 00 00 00 00 00 00 00 00 00 00 00 00 00 00 00 00 00 00 00 00 00 00 00 00 00 00 00 00 00 00 00 00 00 00 00 00 00 00 00 00 00 00 00 00 00 00 00 00 00 00 00 00 00 00 00 00 00 00
[14:11:29.733] [EVT  ] 0x47  (unknown – raw bytes above)
[14:11:29.844] [EVT  ] RAW: 07 47 64 00 64 41 00 00 00 00 00 00 00 00 00 00 00 00 00 00 00 00 00 00 00 00 00 00 00 00 00 00 00 00 00 00 00 00 00 00 00 00 00 00 00 00 00 00 00 00 00 00 00 00 00 00 00 00 00 00 00 00 00 00
[14:11:29.845] [EVT  ] 0x47  (unknown – raw bytes above)
[14:11:30.053] [EVT  ] RAW: 07 47 64 00 64 4B 00 00 00 00 00 00 00 00 00 00 00 00 00 00 00 00 00 00 00 00 00 00 00 00 00 00 00 00 00 00 00 00 00 00 00 00 00 00 00 00 00 00 00 00 00 00 00 00 00 00 00 00 00 00 00 00 00 00
[14:11:30.053] [EVT  ] 0x47  (unknown – raw bytes above)
[14:11:30.165] [EVT  ] RAW: 07 47 64 00 64 55 00 00 00 00 00 00 00 00 00 00 00 00 00 00 00 00 00 00 00 00 00 00 00 00 00 00 00 00 00 00 00 00 00 00 00 00 00 00 00 00 00 00 00 00 00 00 00 00 00 00 00 00 00 00 00 00 00 00
[14:11:30.165] [EVT  ] 0x47  (unknown – raw bytes above)
[14:11:30.373] [EVT  ] RAW: 07 47 64 00 64 5A 00 00 00 00 00 00 00 00 00 00 00 00 00 00 00 00 00 00 00 00 00 00 00 00 00 00 00 00 00 00 00 00 00 00 00 00 00 00 00 00 00 00 00 00 00 00 00 00 00 00 00 00 00 00 00 00 00 00
[14:11:30.373] [EVT  ] 0x47  (unknown – raw bytes above)
[14:11:30.485] [EVT  ] RAW: 07 47 64 00 64 64 00 00 00 00 00 00 00 00 00 00 00 00 00 00 00 00 00 00 00 00 00 00 00 00 00 00 00 00 00 00 00 00 00 00 00 00 00 00 00 00 00 00 00 00 00 00 00 00 00 00 00 00 00 00 00 00 00 00
[14:11:30.485] [EVT  ] 0x47  (unknown – raw bytes above)
[14:11:40.420] [EVT  ] RAW: 07 B7 01 08 08 00 00 00 00 00 00 00 00 00 00 00 00 00 00 00 00 00 00 00 00 00 00 00 00 00 00 00 00 00 00 00 00 00 00 00 00 00 00 00 00 00 00 00 00 00 00 00 00 00 00 00 00 00 00 00 00 00 00 00
[14:11:40.421] [EVT  ] 0xB7  Battery         → headset=12% dock=100%  [4]=0x08
[14:11:54.629] [EVT  ] RAW: 07 43 01 00 00 00 00 00 00 00 00 00 00 00 00 00 00 00 00 00 00 00 00 00 00 00 00 00 00 00 00 00 00 00 00 00 00 00 00 00 00 00 00 00 00 00 00 00 00 00 00 00 00 00 00 00 00 00 00 00 00 00 00 00
[14:11:54.629] [EVT  ] 0x43  (unknown – raw bytes above)
[14:11:57.973] [EVT  ] RAW: 07 43 02 00 00 00 00 00 00 00 00 00 00 00 00 00 00 00 00 00 00 00 00 00 00 00 00 00 00 00 00 00 00 00 00 00 00 00 00 00 00 00 00 00 00 00 00 00 00 00 00 00 00 00 00 00 00 00 00 00 00 00 00 00
[14:11:57.973] [EVT  ] 0x43  (unknown – raw bytes above)
[14:11:59.035] [EVT  ] RAW: 07 43 01 00 00 00 00 00 00 00 00 00 00 00 00 00 00 00 00 00 00 00 00 00 00 00 00 00 00 00 00 00 00 00 00 00 00 00 00 00 00 00 00 00 00 00 00 00 00 00 00 00 00 00 00 00 00 00 00 00 00 00 00 00
[14:11:59.035] [EVT  ] 0x43  (unknown – raw bytes above)
[14:12:15.077] [EVT  ] RAW: 07 43 02 00 00 00 00 00 00 00 00 00 00 00 00 00 00 00 00 00 00 00 00 00 00 00 00 00 00 00 00 00 00 00 00 00 00 00 00 00 00 00 00 00 00 00 00 00 00 00 00 00 00 00 00 00 00 00 00 00 00 00 00 00
[14:12:15.077] [EVT  ] 0x43  (unknown – raw bytes above)
[14:12:17.029] [EVT  ] RAW: 07 43 01 00 00 00 00 00 00 00 00 00 00 00 00 00 00 00 00 00 00 00 00 00 00 00 00 00 00 00 00 00 00 00 00 00 00 00 00 00 00 00 00 00 00 00 00 00 00 00 00 00 00 00 00 00 00 00 00 00 00 00 00 00
[14:12:17.029] [EVT  ] 0x43  (unknown – raw bytes above)
[14:12:20.524] [EVT  ] RAW: 07 43 02 00 00 00 00 00 00 00 00 00 00 00 00 00 00 00 00 00 00 00 00 00 00 00 00 00 00 00 00 00 00 00 00 00 00 00 00 00 00 00 00 00 00 00 00 00 00 00 00 00 00 00 00 00 00 00 00 00 00 00 00 00
[14:12:20.524] [EVT  ] 0x43  (unknown – raw bytes above)
[14:12:49.215] 
[INFO ] Stopped by user.
