[19:13:06.316] [INFO ] Control handle opened  (0xFFC0): \\?\HID#VID_1038&PID_12E0&MI_04&Col01#8&26fe868d&0&0000#{4d1e55b2-f16f-11cf-88cb-001111000030}
[19:13:06.316] [INFO ] Events  handle opened  (0xFF00): \\?\HID#VID_1038&PID_12E0&MI_04&Col02#8&26fe868d&0&0001#{4d1e55b2-f16f-11cf-88cb-001111000030}
[19:13:06.316] 
[19:13:06.318] [INFO ] Sending candidate query commands (Nova 7X origin, verifying on Nova Pro)…
[19:13:06.318] [QUERY] TX  0xB0  status        (battery, partial decode – see HidCommands.md §6.1)
[19:13:06.318] [QUERY]     06 B0 00 00 00 00 00 00 00 00 00 00 00 00 00 00 00 00 00 00 00 00 00 00 00 00 00 00 00 00 00 00 00 00 00 00 00 00 00 00 00 00 00 00 00 00 00 00 00 00 00 00 00 00 00 00 00 00 00 00 00 00 00 00
[19:13:06.408] [QUERY] TX  0x20  mic / EQ      (gain level, sidetone raw, 10 EQ band values)
[19:13:06.408] [QUERY]     06 20 00 00 00 00 00 00 00 00 00 00 00 00 00 00 00 00 00 00 00 00 00 00 00 00 00 00 00 00 00 00 00 00 00 00 00 00 00 00 00 00 00 00 00 00 00 00 00 00 00 00 00 00 00 00 00 00 00 00 00 00 00 00
[19:13:06.504] [QUERY] TX  0x10  firmware ver  (ASCII string)
[19:13:06.504] [QUERY]     06 10 00 00 00 00 00 00 00 00 00 00 00 00 00 00 00 00 00 00 00 00 00 00 00 00 00 00 00 00 00 00 00 00 00 00 00 00 00 00 00 00 00 00 00 00 00 00 00 00 00 00 00 00 00 00 00 00 00 00 00 00 00 00
[19:13:06.600] [QUERY] TX  0x12  serial number (ASCII string)
[19:13:06.600] [QUERY]     06 12 00 00 00 00 00 00 00 00 00 00 00 00 00 00 00 00 00 00 00 00 00 00 00 00 00 00 00 00 00 00 00 00 00 00 00 00 00 00 00 00 00 00 00 00 00 00 00 00 00 00 00 00 00 00 00 00 00 00 00 00 00 00
[19:13:06.696] 
[19:13:06.696] [INFO ] Event loop active – interact with the headset. Ctrl+C to stop.
[19:13:06.696] [INFO ] Try: volume wheel, mute button, ANC button, ChatMix dial, gain button.
[19:13:06.696] 
[19:13:06.696] [CTRL ] RAW: 06 B0 00 00 01 00 08 07 08 00 01 0A 00 00 08 08 00 00 00 00 00 00 00 00 00 00 00 00 00 00 00 00 00 00 00 00 00 00 00 00 00 00 00 00 00 00 00 00 00 00 00 00 00 00 00 00 00 00 00 00 00 00 00 00
[19:13:06.697] [CTRL ] 0xB0  Status          → headset_bat=100%  dock_bat=88%  conn=2.4GHz  mic_mute=unmuted  anc=transparency  bt=off  oled_brightness=10  2.4ghz_mode=performance
[19:13:06.758] [CTRL ] RAW: 06 20 01 1C 02 00 00 14 14 14 14 14 14 14 14 14 14 05 00 01 64 64 64 00 64 64 00 00 00 00 00 00 00 00 00 00 00 00 00 00 00 00 00 00 00 00 00 00 00 00 00 00 00 00 00 00 00 00 00 00 00 00 00 00
[19:13:06.758] [CTRL ] 0x20  Mic/EQ          → gain=high  mic_vol=5  sidetone=off  vol=50%  chatmix_game=100  chatmix_chat=100  [2]=0x01  eq_bands=[14 14 14 14 14 14 14 14 14 14]
[19:13:06.821] [CTRL ] RAW: 06 10 30 30 30 30 2E 30 30 33 2E 30 38 32 30 30 30 31 2E 30 33 31 2E 30 30 30 30 30 30 32 2E 30 30 32 2E 30 30 31 30 30 30 32 2E 30 30 31 2E 30 30 30 00 00 00 00 00 00 00 00 00 00 00 00 00 00
[19:13:06.821] [CTRL ] 0x10  Firmware        → '0000.003.0820001.031.0000002.002.0010002.001.000'
[19:13:06.884] [CTRL ] RAW: 06 12 36 31 35 32 30 34 38 33 31 33 32 32 32 35 30 30 37 34 37 00 00 00 00 00 00 00 00 00 00 00 00 00 00 00 00 00 00 00 00 00 00 00 00 00 00 00 00 00 00 00 00 00 00 00 00 00 00 00 00 00 00 00
[19:13:06.884] [CTRL ] 0x12  Serial          → '6152048313222500747'
[19:13:55.284] 
[INFO ] Stopped by user.
