[20:02:03.971] [INFO ] Control handle opened  (0xFFC0): \\?\HID#VID_1038&PID_12E0&MI_04&Col01#8&26fe868d&0&0000#{4d1e55b2-f16f-11cf-88cb-001111000030}
[20:02:03.973] [INFO ] Events  handle opened  (0xFF00): \\?\HID#VID_1038&PID_12E0&MI_04&Col02#8&26fe868d&0&0001#{4d1e55b2-f16f-11cf-88cb-001111000030}
[20:02:03.973] 
[20:02:03.973] [INFO ] Sending candidate query commands (Nova 7X origin, verifying on Nova Pro)…
[20:02:03.973] [QUERY] TX  0xB0  status        (battery, partial decode – see HidCommands.md §6.1)
[20:02:03.973] [QUERY]     06 B0 00 00 00 00 00 00 00 00 00 00 00 00 00 00 00 00 00 00 00 00 00 00 00 00 00 00 00 00 00 00 00 00 00 00 00 00 00 00 00 00 00 00 00 00 00 00 00 00 00 00 00 00 00 00 00 00 00 00 00 00 00 00
[20:02:04.067] [QUERY] TX  0x20  mic / EQ      (gain level, sidetone raw, 10 EQ band values)
[20:02:04.067] [QUERY]     06 20 00 00 00 00 00 00 00 00 00 00 00 00 00 00 00 00 00 00 00 00 00 00 00 00 00 00 00 00 00 00 00 00 00 00 00 00 00 00 00 00 00 00 00 00 00 00 00 00 00 00 00 00 00 00 00 00 00 00 00 00 00 00
[20:02:04.164] [QUERY] TX  0x10  firmware ver  (ASCII string)
[20:02:04.164] [QUERY]     06 10 00 00 00 00 00 00 00 00 00 00 00 00 00 00 00 00 00 00 00 00 00 00 00 00 00 00 00 00 00 00 00 00 00 00 00 00 00 00 00 00 00 00 00 00 00 00 00 00 00 00 00 00 00 00 00 00 00 00 00 00 00 00
[20:02:04.260] [QUERY] TX  0x12  serial number (ASCII string)
[20:02:04.260] [QUERY]     06 12 00 00 00 00 00 00 00 00 00 00 00 00 00 00 00 00 00 00 00 00 00 00 00 00 00 00 00 00 00 00 00 00 00 00 00 00 00 00 00 00 00 00 00 00 00 00 00 00 00 00 00 00 00 00 00 00 00 00 00 00 00 00
[20:02:04.356] 
[20:02:04.356] [INFO ] Event loop active – interact with the headset. Ctrl+C to stop.
[20:02:04.356] [INFO ] Try: volume wheel, mute button, ANC button, ChatMix dial, gain button.
[20:02:04.356] 
[20:02:04.356] [CTRL ] RAW: 06 B0 00 00 01 00 08 08 08 00 02 0A 00 00 08 08 00 00 00 00 00 00 00 00 00 00 00 00 00 00 00 00 00 00 00 00 00 00 00 00 00 00 00 00 00 00 00 00 00 00 00 00 00 00 00 00 00 00 00 00 00 00 00 00
[20:02:04.356] [CTRL ] 0xB0  Status          → headset_bat=100%  dock_bat=100%  conn=2.4GHz  mic_mute=unmuted  anc=anc  trans_level=8  bt=off  oled_brightness=10  2.4ghz_mode=performance  [undecoded from [14]]: 08 08 00 00 00 00 00 00 00 00 00 00 00 00 00 00 00 00 00 00 00 00 00 00 00 00 00 00 00 00 00 00 00 00 00 00 00 00 00 00 00 00 00 00 00 00 00 00 00 00
[20:02:04.409] [CTRL ] RAW: 06 20 01 12 02 00 04 14 14 14 14 14 14 14 14 14 14 05 00 01 64 64 64 00 64 64 00 00 00 00 00 00 00 00 00 00 00 00 00 00 00 00 00 00 00 00 00 00 00 00 00 00 00 00 00 00 00 00 00 00 00 00 00 00
[20:02:04.409] [CTRL ] 0x20  Mic/EQ          → gain=high  mic_vol=5  sidetone=off  vol=68%  audio_output=speaker  chatmix_game=100  chatmix_chat=100  stream_main=100  stream_aux=100  stream_mic=100  eq_bands=[14 14 14 14 14 14 14 14 14 14]  [undecoded from [26]]: 00 00 00 00 00 00 00 00 00 00 00 00 00 00 00 00 00 00 00 00 00 00 00 00 00 00 00 00 00 00 00 00 00 00 00 00 00 00
[20:02:04.471] [CTRL ] RAW: 06 10 30 30 30 30 2E 30 30 33 2E 30 38 32 30 30 30 31 2E 30 33 31 2E 30 30 30 30 30 30 32 2E 30 30 32 2E 30 30 31 30 30 30 32 2E 30 30 31 2E 30 30 30 00 00 00 00 00 00 00 00 00 00 00 00 00 00
[20:02:04.471] [CTRL ] 0x10  Firmware        → '0000.003.0820001.031.0000002.002.0010002.001.000'
[20:02:04.534] [CTRL ] RAW: 06 12 36 31 35 32 30 34 38 33 31 33 32 32 32 35 30 30 37 34 37 00 00 00 00 00 00 00 00 00 00 00 00 00 00 00 00 00 00 00 00 00 00 00 00 00 00 00 00 00 00 00 00 00 00 00 00 00 00 00 00 00 00 00
[20:02:04.534] [CTRL ] 0x12  Serial          → '6152048313222500747'
[20:02:06.658] [EVT  ] RAW: 07 31 01 13 00 00 00 00 00 00 00 00 00 00 00 00 00 00 00 00 00 00 00 00 00 00 00 00 00 00 00 00 00 00 00 00 00 00 00 00 00 00 00 00 00 00 00 00 00 00 00 00 00 00 00 00 00 00 00 00 00 00 00 00
[20:02:06.659] [EVT  ] 0x31  EQ Band Level   → band=1  level=19  (flat=20; offset=-1)
[20:02:06.771] [EVT  ] RAW: 07 31 01 12 00 00 00 00 00 00 00 00 00 00 00 00 00 00 00 00 00 00 00 00 00 00 00 00 00 00 00 00 00 00 00 00 00 00 00 00 00 00 00 00 00 00 00 00 00 00 00 00 00 00 00 00 00 00 00 00 00 00 00 00
[20:02:06.771] [EVT  ] 0x31  EQ Band Level   → band=1  level=18  (flat=20; offset=-2)
[20:02:06.867] [EVT  ] RAW: 07 31 01 11 00 00 00 00 00 00 00 00 00 00 00 00 00 00 00 00 00 00 00 00 00 00 00 00 00 00 00 00 00 00 00 00 00 00 00 00 00 00 00 00 00 00 00 00 00 00 00 00 00 00 00 00 00 00 00 00 00 00 00 00
[20:02:06.867] [EVT  ] 0x31  EQ Band Level   → band=1  level=17  (flat=20; offset=-3)
[20:02:07.075] [EVT  ] RAW: 07 31 01 10 00 00 00 00 00 00 00 00 00 00 00 00 00 00 00 00 00 00 00 00 00 00 00 00 00 00 00 00 00 00 00 00 00 00 00 00 00 00 00 00 00 00 00 00 00 00 00 00 00 00 00 00 00 00 00 00 00 00 00 00
[20:02:07.075] [EVT  ] 0x31  EQ Band Level   → band=1  level=16  (flat=20; offset=-4)
[20:02:08.380] [EVT  ] RAW: 07 31 01 0F 00 00 00 00 00 00 00 00 00 00 00 00 00 00 00 00 00 00 00 00 00 00 00 00 00 00 00 00 00 00 00 00 00 00 00 00 00 00 00 00 00 00 00 00 00 00 00 00 00 00 00 00 00 00 00 00 00 00 00 00
[20:02:08.380] [EVT  ] 0x31  EQ Band Level   → band=1  level=15  (flat=20; offset=-5)
[20:02:08.443] [EVT  ] RAW: 07 31 01 0E 00 00 00 00 00 00 00 00 00 00 00 00 00 00 00 00 00 00 00 00 00 00 00 00 00 00 00 00 00 00 00 00 00 00 00 00 00 00 00 00 00 00 00 00 00 00 00 00 00 00 00 00 00 00 00 00 00 00 00 00
[20:02:08.443] [EVT  ] 0x31  EQ Band Level   → band=1  level=14  (flat=20; offset=-6)
[20:02:08.514] [EVT  ] RAW: 07 31 01 0D 00 00 00 00 00 00 00 00 00 00 00 00 00 00 00 00 00 00 00 00 00 00 00 00 00 00 00 00 00 00 00 00 00 00 00 00 00 00 00 00 00 00 00 00 00 00 00 00 00 00 00 00 00 00 00 00 00 00 00 00
[20:02:08.514] [EVT  ] 0x31  EQ Band Level   → band=1  level=13  (flat=20; offset=-7)
[20:02:09.067] [EVT  ] RAW: 07 31 01 0C 00 00 00 00 00 00 00 00 00 00 00 00 00 00 00 00 00 00 00 00 00 00 00 00 00 00 00 00 00 00 00 00 00 00 00 00 00 00 00 00 00 00 00 00 00 00 00 00 00 00 00 00 00 00 00 00 00 00 00 00
[20:02:09.067] [EVT  ] 0x31  EQ Band Level   → band=1  level=12  (flat=20; offset=-8)
[20:02:09.139] [EVT  ] RAW: 07 31 01 0B 00 00 00 00 00 00 00 00 00 00 00 00 00 00 00 00 00 00 00 00 00 00 00 00 00 00 00 00 00 00 00 00 00 00 00 00 00 00 00 00 00 00 00 00 00 00 00 00 00 00 00 00 00 00 00 00 00 00 00 00
[20:02:09.139] [EVT  ] 0x31  EQ Band Level   → band=1  level=11  (flat=20; offset=-9)
[20:02:09.346] [EVT  ] RAW: 07 31 01 0A 00 00 00 00 00 00 00 00 00 00 00 00 00 00 00 00 00 00 00 00 00 00 00 00 00 00 00 00 00 00 00 00 00 00 00 00 00 00 00 00 00 00 00 00 00 00 00 00 00 00 00 00 00 00 00 00 00 00 00 00
[20:02:09.346] [EVT  ] 0x31  EQ Band Level   → band=1  level=10  (flat=20; offset=-10)
[20:02:09.459] [EVT  ] RAW: 07 31 01 09 00 00 00 00 00 00 00 00 00 00 00 00 00 00 00 00 00 00 00 00 00 00 00 00 00 00 00 00 00 00 00 00 00 00 00 00 00 00 00 00 00 00 00 00 00 00 00 00 00 00 00 00 00 00 00 00 00 00 00 00
[20:02:09.459] [EVT  ] 0x31  EQ Band Level   → band=1  level=9  (flat=20; offset=-11)
[20:02:10.275] [EVT  ] RAW: 07 31 01 08 00 00 00 00 00 00 00 00 00 00 00 00 00 00 00 00 00 00 00 00 00 00 00 00 00 00 00 00 00 00 00 00 00 00 00 00 00 00 00 00 00 00 00 00 00 00 00 00 00 00 00 00 00 00 00 00 00 00 00 00
[20:02:10.275] [EVT  ] 0x31  EQ Band Level   → band=1  level=8  (flat=20; offset=-12)
[20:02:10.595] [EVT  ] RAW: 07 31 01 07 00 00 00 00 00 00 00 00 00 00 00 00 00 00 00 00 00 00 00 00 00 00 00 00 00 00 00 00 00 00 00 00 00 00 00 00 00 00 00 00 00 00 00 00 00 00 00 00 00 00 00 00 00 00 00 00 00 00 00 00
[20:02:10.595] [EVT  ] 0x31  EQ Band Level   → band=1  level=7  (flat=20; offset=-13)
[20:02:10.899] [EVT  ] RAW: 07 31 01 06 00 00 00 00 00 00 00 00 00 00 00 00 00 00 00 00 00 00 00 00 00 00 00 00 00 00 00 00 00 00 00 00 00 00 00 00 00 00 00 00 00 00 00 00 00 00 00 00 00 00 00 00 00 00 00 00 00 00 00 00
[20:02:10.899] [EVT  ] 0x31  EQ Band Level   → band=1  level=6  (flat=20; offset=-14)
[20:02:11.218] [EVT  ] RAW: 07 31 01 05 00 00 00 00 00 00 00 00 00 00 00 00 00 00 00 00 00 00 00 00 00 00 00 00 00 00 00 00 00 00 00 00 00 00 00 00 00 00 00 00 00 00 00 00 00 00 00 00 00 00 00 00 00 00 00 00 00 00 00 00
[20:02:11.218] [EVT  ] 0x31  EQ Band Level   → band=1  level=5  (flat=20; offset=-15)
[20:02:11.427] [EVT  ] RAW: 07 31 01 04 00 00 00 00 00 00 00 00 00 00 00 00 00 00 00 00 00 00 00 00 00 00 00 00 00 00 00 00 00 00 00 00 00 00 00 00 00 00 00 00 00 00 00 00 00 00 00 00 00 00 00 00 00 00 00 00 00 00 00 00
[20:02:11.427] [EVT  ] 0x31  EQ Band Level   → band=1  level=4  (flat=20; offset=-16)
[20:02:11.538] [EVT  ] RAW: 07 31 01 03 00 00 00 00 00 00 00 00 00 00 00 00 00 00 00 00 00 00 00 00 00 00 00 00 00 00 00 00 00 00 00 00 00 00 00 00 00 00 00 00 00 00 00 00 00 00 00 00 00 00 00 00 00 00 00 00 00 00 00 00
[20:02:11.538] [EVT  ] 0x31  EQ Band Level   → band=1  level=3  (flat=20; offset=-17)
[20:02:12.100] [EVT  ] RAW: 07 31 01 02 00 00 00 00 00 00 00 00 00 00 00 00 00 00 00 00 00 00 00 00 00 00 00 00 00 00 00 00 00 00 00 00 00 00 00 00 00 00 00 00 00 00 00 00 00 00 00 00 00 00 00 00 00 00 00 00 00 00 00 00
[20:02:12.100] [EVT  ] 0x31  EQ Band Level   → band=1  level=2  (flat=20; offset=-18)
[20:02:12.163] [EVT  ] RAW: 07 31 01 01 00 00 00 00 00 00 00 00 00 00 00 00 00 00 00 00 00 00 00 00 00 00 00 00 00 00 00 00 00 00 00 00 00 00 00 00 00 00 00 00 00 00 00 00 00 00 00 00 00 00 00 00 00 00 00 00 00 00 00 00
[20:02:12.163] [EVT  ] 0x31  EQ Band Level   → band=1  level=1  (flat=20; offset=-19)
[20:02:12.259] [EVT  ] RAW: 07 31 01 00 00 00 00 00 00 00 00 00 00 00 00 00 00 00 00 00 00 00 00 00 00 00 00 00 00 00 00 00 00 00 00 00 00 00 00 00 00 00 00 00 00 00 00 00 00 00 00 00 00 00 00 00 00 00 00 00 00 00 00 00
[20:02:12.259] [EVT  ] 0x31  EQ Band Level   → band=1  level=0  (flat=20; offset=-20)
[20:02:14.564] [EVT  ] RAW: 07 31 01 01 00 00 00 00 00 00 00 00 00 00 00 00 00 00 00 00 00 00 00 00 00 00 00 00 00 00 00 00 00 00 00 00 00 00 00 00 00 00 00 00 00 00 00 00 00 00 00 00 00 00 00 00 00 00 00 00 00 00 00 00
[20:02:14.564] [EVT  ] 0x31  EQ Band Level   → band=1  level=1  (flat=20; offset=-19)
[20:02:14.754] [EVT  ] RAW: 07 31 01 02 00 00 00 00 00 00 00 00 00 00 00 00 00 00 00 00 00 00 00 00 00 00 00 00 00 00 00 00 00 00 00 00 00 00 00 00 00 00 00 00 00 00 00 00 00 00 00 00 00 00 00 00 00 00 00 00 00 00 00 00
[20:02:14.755] [EVT  ] 0x31  EQ Band Level   → band=1  level=2  (flat=20; offset=-18)
[20:02:14.851] [EVT  ] RAW: 07 31 01 03 00 00 00 00 00 00 00 00 00 00 00 00 00 00 00 00 00 00 00 00 00 00 00 00 00 00 00 00 00 00 00 00 00 00 00 00 00 00 00 00 00 00 00 00 00 00 00 00 00 00 00 00 00 00 00 00 00 00 00 00
[20:02:14.851] [EVT  ] 0x31  EQ Band Level   → band=1  level=3  (flat=20; offset=-17)
[20:02:14.962] [EVT  ] RAW: 07 31 01 04 00 00 00 00 00 00 00 00 00 00 00 00 00 00 00 00 00 00 00 00 00 00 00 00 00 00 00 00 00 00 00 00 00 00 00 00 00 00 00 00 00 00 00 00 00 00 00 00 00 00 00 00 00 00 00 00 00 00 00 00
[20:02:14.963] [EVT  ] 0x31  EQ Band Level   → band=1  level=4  (flat=20; offset=-16)
[20:02:15.074] [EVT  ] RAW: 07 31 01 06 00 00 00 00 00 00 00 00 00 00 00 00 00 00 00 00 00 00 00 00 00 00 00 00 00 00 00 00 00 00 00 00 00 00 00 00 00 00 00 00 00 00 00 00 00 00 00 00 00 00 00 00 00 00 00 00 00 00 00 00
[20:02:15.074] [EVT  ] 0x31  EQ Band Level   → band=1  level=6  (flat=20; offset=-14)
[20:02:15.740] [EVT  ] RAW: 07 31 01 07 00 00 00 00 00 00 00 00 00 00 00 00 00 00 00 00 00 00 00 00 00 00 00 00 00 00 00 00 00 00 00 00 00 00 00 00 00 00 00 00 00 00 00 00 00 00 00 00 00 00 00 00 00 00 00 00 00 00 00 00
[20:02:15.740] [EVT  ] 0x31  EQ Band Level   → band=1  level=7  (flat=20; offset=-13)
[20:02:15.801] [EVT  ] RAW: 07 31 01 08 00 00 00 00 00 00 00 00 00 00 00 00 00 00 00 00 00 00 00 00 00 00 00 00 00 00 00 00 00 00 00 00 00 00 00 00 00 00 00 00 00 00 00 00 00 00 00 00 00 00 00 00 00 00 00 00 00 00 00 00
[20:02:15.801] [EVT  ] 0x31  EQ Band Level   → band=1  level=8  (flat=20; offset=-12)
[20:02:15.890] [EVT  ] RAW: 07 31 01 09 00 00 00 00 00 00 00 00 00 00 00 00 00 00 00 00 00 00 00 00 00 00 00 00 00 00 00 00 00 00 00 00 00 00 00 00 00 00 00 00 00 00 00 00 00 00 00 00 00 00 00 00 00 00 00 00 00 00 00 00
[20:02:15.890] [EVT  ] 0x31  EQ Band Level   → band=1  level=9  (flat=20; offset=-11)
[20:02:16.065] [EVT  ] RAW: 07 31 01 0B 00 00 00 00 00 00 00 00 00 00 00 00 00 00 00 00 00 00 00 00 00 00 00 00 00 00 00 00 00 00 00 00 00 00 00 00 00 00 00 00 00 00 00 00 00 00 00 00 00 00 00 00 00 00 00 00 00 00 00 00
[20:02:16.065] [EVT  ] 0x31  EQ Band Level   → band=1  level=11  (flat=20; offset=-9)
[20:02:16.514] [EVT  ] RAW: 07 31 01 0C 00 00 00 00 00 00 00 00 00 00 00 00 00 00 00 00 00 00 00 00 00 00 00 00 00 00 00 00 00 00 00 00 00 00 00 00 00 00 00 00 00 00 00 00 00 00 00 00 00 00 00 00 00 00 00 00 00 00 00 00
[20:02:16.514] [EVT  ] 0x31  EQ Band Level   → band=1  level=12  (flat=20; offset=-8)
[20:02:16.627] [EVT  ] RAW: 07 31 01 0D 00 00 00 00 00 00 00 00 00 00 00 00 00 00 00 00 00 00 00 00 00 00 00 00 00 00 00 00 00 00 00 00 00 00 00 00 00 00 00 00 00 00 00 00 00 00 00 00 00 00 00 00 00 00 00 00 00 00 00 00
[20:02:16.627] [EVT  ] 0x31  EQ Band Level   → band=1  level=13  (flat=20; offset=-7)
[20:02:16.723] [EVT  ] RAW: 07 31 01 0E 00 00 00 00 00 00 00 00 00 00 00 00 00 00 00 00 00 00 00 00 00 00 00 00 00 00 00 00 00 00 00 00 00 00 00 00 00 00 00 00 00 00 00 00 00 00 00 00 00 00 00 00 00 00 00 00 00 00 00 00
[20:02:16.723] [EVT  ] 0x31  EQ Band Level   → band=1  level=14  (flat=20; offset=-6)
[20:02:16.835] [EVT  ] RAW: 07 31 01 0F 00 00 00 00 00 00 00 00 00 00 00 00 00 00 00 00 00 00 00 00 00 00 00 00 00 00 00 00 00 00 00 00 00 00 00 00 00 00 00 00 00 00 00 00 00 00 00 00 00 00 00 00 00 00 00 00 00 00 00 00
[20:02:16.835] [EVT  ] 0x31  EQ Band Level   → band=1  level=15  (flat=20; offset=-5)
[20:02:17.763] [EVT  ] RAW: 07 31 01 10 00 00 00 00 00 00 00 00 00 00 00 00 00 00 00 00 00 00 00 00 00 00 00 00 00 00 00 00 00 00 00 00 00 00 00 00 00 00 00 00 00 00 00 00 00 00 00 00 00 00 00 00 00 00 00 00 00 00 00 00
[20:02:17.763] [EVT  ] 0x31  EQ Band Level   → band=1  level=16  (flat=20; offset=-4)
[20:02:17.971] [EVT  ] RAW: 07 31 01 12 00 00 00 00 00 00 00 00 00 00 00 00 00 00 00 00 00 00 00 00 00 00 00 00 00 00 00 00 00 00 00 00 00 00 00 00 00 00 00 00 00 00 00 00 00 00 00 00 00 00 00 00 00 00 00 00 00 00 00 00
[20:02:17.971] [EVT  ] 0x31  EQ Band Level   → band=1  level=18  (flat=20; offset=-2)
[20:02:18.067] [EVT  ] RAW: 07 31 01 13 00 00 00 00 00 00 00 00 00 00 00 00 00 00 00 00 00 00 00 00 00 00 00 00 00 00 00 00 00 00 00 00 00 00 00 00 00 00 00 00 00 00 00 00 00 00 00 00 00 00 00 00 00 00 00 00 00 00 00 00
[20:02:18.067] [EVT  ] 0x31  EQ Band Level   → band=1  level=19  (flat=20; offset=-1)
[20:02:18.387] [EVT  ] RAW: 07 31 01 14 00 00 00 00 00 00 00 00 00 00 00 00 00 00 00 00 00 00 00 00 00 00 00 00 00 00 00 00 00 00 00 00 00 00 00 00 00 00 00 00 00 00 00 00 00 00 00 00 00 00 00 00 00 00 00 00 00 00 00 00
[20:02:18.387] [EVT  ] 0x31  EQ Band Level   → band=1  level=20  (flat=20; offset=+0)
[20:02:18.482] [EVT  ] RAW: 07 31 01 17 00 00 00 00 00 00 00 00 00 00 00 00 00 00 00 00 00 00 00 00 00 00 00 00 00 00 00 00 00 00 00 00 00 00 00 00 00 00 00 00 00 00 00 00 00 00 00 00 00 00 00 00 00 00 00 00 00 00 00 00
[20:02:18.483] [EVT  ] 0x31  EQ Band Level   → band=1  level=23  (flat=20; offset=+3)
[20:02:18.594] [EVT  ] RAW: 07 31 01 18 00 00 00 00 00 00 00 00 00 00 00 00 00 00 00 00 00 00 00 00 00 00 00 00 00 00 00 00 00 00 00 00 00 00 00 00 00 00 00 00 00 00 00 00 00 00 00 00 00 00 00 00 00 00 00 00 00 00 00 00
[20:02:18.594] [EVT  ] 0x31  EQ Band Level   → band=1  level=24  (flat=20; offset=+4)
[20:02:18.898] [EVT  ] RAW: 07 31 01 1A 00 00 00 00 00 00 00 00 00 00 00 00 00 00 00 00 00 00 00 00 00 00 00 00 00 00 00 00 00 00 00 00 00 00 00 00 00 00 00 00 00 00 00 00 00 00 00 00 00 00 00 00 00 00 00 00 00 00 00 00
[20:02:18.898] [EVT  ] 0x31  EQ Band Level   → band=1  level=26  (flat=20; offset=+6)
[20:02:19.011] [EVT  ] RAW: 07 31 01 1D 00 00 00 00 00 00 00 00 00 00 00 00 00 00 00 00 00 00 00 00 00 00 00 00 00 00 00 00 00 00 00 00 00 00 00 00 00 00 00 00 00 00 00 00 00 00 00 00 00 00 00 00 00 00 00 00 00 00 00 00
[20:02:19.011] [EVT  ] 0x31  EQ Band Level   → band=1  level=29  (flat=20; offset=+9)
[20:02:19.450] [EVT  ] RAW: 07 31 01 20 00 00 00 00 00 00 00 00 00 00 00 00 00 00 00 00 00 00 00 00 00 00 00 00 00 00 00 00 00 00 00 00 00 00 00 00 00 00 00 00 00 00 00 00 00 00 00 00 00 00 00 00 00 00 00 00 00 00 00 00
[20:02:19.450] [EVT  ] 0x31  EQ Band Level   → band=1  level=32  (flat=20; offset=+12)
[20:02:19.522] [EVT  ] RAW: 07 31 01 21 00 00 00 00 00 00 00 00 00 00 00 00 00 00 00 00 00 00 00 00 00 00 00 00 00 00 00 00 00 00 00 00 00 00 00 00 00 00 00 00 00 00 00 00 00 00 00 00 00 00 00 00 00 00 00 00 00 00 00 00
[20:02:19.522] [EVT  ] 0x31  EQ Band Level   → band=1  level=33  (flat=20; offset=+13)
[20:02:19.842] [EVT  ] RAW: 07 31 01 23 00 00 00 00 00 00 00 00 00 00 00 00 00 00 00 00 00 00 00 00 00 00 00 00 00 00 00 00 00 00 00 00 00 00 00 00 00 00 00 00 00 00 00 00 00 00 00 00 00 00 00 00 00 00 00 00 00 00 00 00
[20:02:19.842] [EVT  ] 0x31  EQ Band Level   → band=1  level=35  (flat=20; offset=+15)
[20:02:20.016] [EVT  ] RAW: 07 31 01 25 00 00 00 00 00 00 00 00 00 00 00 00 00 00 00 00 00 00 00 00 00 00 00 00 00 00 00 00 00 00 00 00 00 00 00 00 00 00 00 00 00 00 00 00 00 00 00 00 00 00 00 00 00 00 00 00 00 00 00 00
[20:02:20.016] [EVT  ] 0x31  EQ Band Level   → band=1  level=37  (flat=20; offset=+17)
[20:02:20.258] [EVT  ] RAW: 07 31 01 26 00 00 00 00 00 00 00 00 00 00 00 00 00 00 00 00 00 00 00 00 00 00 00 00 00 00 00 00 00 00 00 00 00 00 00 00 00 00 00 00 00 00 00 00 00 00 00 00 00 00 00 00 00 00 00 00 00 00 00 00
[20:02:20.258] [EVT  ] 0x31  EQ Band Level   → band=1  level=38  (flat=20; offset=+18)
[20:02:20.370] [EVT  ] RAW: 07 31 01 28 00 00 00 00 00 00 00 00 00 00 00 00 00 00 00 00 00 00 00 00 00 00 00 00 00 00 00 00 00 00 00 00 00 00 00 00 00 00 00 00 00 00 00 00 00 00 00 00 00 00 00 00 00 00 00 00 00 00 00 00
[20:02:20.371] [EVT  ] 0x31  EQ Band Level   → band=1  level=40  (flat=20; offset=+20)
[20:02:21.431] [EVT  ] RAW: 07 31 01 27 00 00 00 00 00 00 00 00 00 00 00 00 00 00 00 00 00 00 00 00 00 00 00 00 00 00 00 00 00 00 00 00 00 00 00 00 00 00 00 00 00 00 00 00 00 00 00 00 00 00 00 00 00 00 00 00 00 00 00 00
[20:02:21.431] [EVT  ] 0x31  EQ Band Level   → band=1  level=39  (flat=20; offset=+19)
[20:02:21.506] [EVT  ] RAW: 07 31 01 25 00 00 00 00 00 00 00 00 00 00 00 00 00 00 00 00 00 00 00 00 00 00 00 00 00 00 00 00 00 00 00 00 00 00 00 00 00 00 00 00 00 00 00 00 00 00 00 00 00 00 00 00 00 00 00 00 00 00 00 00
[20:02:21.506] [EVT  ] 0x31  EQ Band Level   → band=1  level=37  (flat=20; offset=+17)
[20:02:21.618] [EVT  ] RAW: 07 31 01 24 00 00 00 00 00 00 00 00 00 00 00 00 00 00 00 00 00 00 00 00 00 00 00 00 00 00 00 00 00 00 00 00 00 00 00 00 00 00 00 00 00 00 00 00 00 00 00 00 00 00 00 00 00 00 00 00 00 00 00 00
[20:02:21.618] [EVT  ] 0x31  EQ Band Level   → band=1  level=36  (flat=20; offset=+16)
[20:02:21.923] [EVT  ] RAW: 07 31 01 22 00 00 00 00 00 00 00 00 00 00 00 00 00 00 00 00 00 00 00 00 00 00 00 00 00 00 00 00 00 00 00 00 00 00 00 00 00 00 00 00 00 00 00 00 00 00 00 00 00 00 00 00 00 00 00 00 00 00 00 00
[20:02:21.923] [EVT  ] 0x31  EQ Band Level   → band=1  level=34  (flat=20; offset=+14)
[20:02:22.034] [EVT  ] RAW: 07 31 01 20 00 00 00 00 00 00 00 00 00 00 00 00 00 00 00 00 00 00 00 00 00 00 00 00 00 00 00 00 00 00 00 00 00 00 00 00 00 00 00 00 00 00 00 00 00 00 00 00 00 00 00 00 00 00 00 00 00 00 00 00
[20:02:22.034] [EVT  ] 0x31  EQ Band Level   → band=1  level=32  (flat=20; offset=+12)
[20:02:22.338] [EVT  ] RAW: 07 31 01 1F 00 00 00 00 00 00 00 00 00 00 00 00 00 00 00 00 00 00 00 00 00 00 00 00 00 00 00 00 00 00 00 00 00 00 00 00 00 00 00 00 00 00 00 00 00 00 00 00 00 00 00 00 00 00 00 00 00 00 00 00
[20:02:22.338] [EVT  ] 0x31  EQ Band Level   → band=1  level=31  (flat=20; offset=+11)
[20:02:22.434] [EVT  ] RAW: 07 31 01 1E 00 00 00 00 00 00 00 00 00 00 00 00 00 00 00 00 00 00 00 00 00 00 00 00 00 00 00 00 00 00 00 00 00 00 00 00 00 00 00 00 00 00 00 00 00 00 00 00 00 00 00 00 00 00 00 00 00 00 00 00
[20:02:22.434] [EVT  ] 0x31  EQ Band Level   → band=1  level=30  (flat=20; offset=+10)
[20:02:22.871] [EVT  ] RAW: 07 31 01 1C 00 00 00 00 00 00 00 00 00 00 00 00 00 00 00 00 00 00 00 00 00 00 00 00 00 00 00 00 00 00 00 00 00 00 00 00 00 00 00 00 00 00 00 00 00 00 00 00 00 00 00 00 00 00 00 00 00 00 00 00
[20:02:22.871] [EVT  ] 0x31  EQ Band Level   → band=1  level=28  (flat=20; offset=+8)
[20:02:22.962] [EVT  ] RAW: 07 31 01 1A 00 00 00 00 00 00 00 00 00 00 00 00 00 00 00 00 00 00 00 00 00 00 00 00 00 00 00 00 00 00 00 00 00 00 00 00 00 00 00 00 00 00 00 00 00 00 00 00 00 00 00 00 00 00 00 00 00 00 00 00
[20:02:22.962] [EVT  ] 0x31  EQ Band Level   → band=1  level=26  (flat=20; offset=+6)
[20:02:23.406] [EVT  ] RAW: 07 31 01 19 00 00 00 00 00 00 00 00 00 00 00 00 00 00 00 00 00 00 00 00 00 00 00 00 00 00 00 00 00 00 00 00 00 00 00 00 00 00 00 00 00 00 00 00 00 00 00 00 00 00 00 00 00 00 00 00 00 00 00 00
[20:02:23.406] [EVT  ] 0x31  EQ Band Level   → band=1  level=25  (flat=20; offset=+5)
[20:02:23.475] [EVT  ] RAW: 07 31 01 18 00 00 00 00 00 00 00 00 00 00 00 00 00 00 00 00 00 00 00 00 00 00 00 00 00 00 00 00 00 00 00 00 00 00 00 00 00 00 00 00 00 00 00 00 00 00 00 00 00 00 00 00 00 00 00 00 00 00 00 00
[20:02:23.475] [EVT  ] 0x31  EQ Band Level   → band=1  level=24  (flat=20; offset=+4)
[20:02:23.587] [EVT  ] RAW: 07 31 01 17 00 00 00 00 00 00 00 00 00 00 00 00 00 00 00 00 00 00 00 00 00 00 00 00 00 00 00 00 00 00 00 00 00 00 00 00 00 00 00 00 00 00 00 00 00 00 00 00 00 00 00 00 00 00 00 00 00 00 00 00
[20:02:23.587] [EVT  ] 0x31  EQ Band Level   → band=1  level=23  (flat=20; offset=+3)
[20:02:24.014] [EVT  ] RAW: 07 31 01 16 00 00 00 00 00 00 00 00 00 00 00 00 00 00 00 00 00 00 00 00 00 00 00 00 00 00 00 00 00 00 00 00 00 00 00 00 00 00 00 00 00 00 00 00 00 00 00 00 00 00 00 00 00 00 00 00 00 00 00 00
[20:02:24.014] [EVT  ] 0x31  EQ Band Level   → band=1  level=22  (flat=20; offset=+2)
[20:02:24.575] [EVT  ] RAW: 07 31 01 15 00 00 00 00 00 00 00 00 00 00 00 00 00 00 00 00 00 00 00 00 00 00 00 00 00 00 00 00 00 00 00 00 00 00 00 00 00 00 00 00 00 00 00 00 00 00 00 00 00 00 00 00 00 00 00 00 00 00 00 00
[20:02:24.575] [EVT  ] 0x31  EQ Band Level   → band=1  level=21  (flat=20; offset=+1)
[20:02:24.930] [EVT  ] RAW: 07 31 01 14 00 00 00 00 00 00 00 00 00 00 00 00 00 00 00 00 00 00 00 00 00 00 00 00 00 00 00 00 00 00 00 00 00 00 00 00 00 00 00 00 00 00 00 00 00 00 00 00 00 00 00 00 00 00 00 00 00 00 00 00
[20:02:24.931] [EVT  ] 0x31  EQ Band Level   → band=1  level=20  (flat=20; offset=+0)
[20:02:29.500] 
[INFO ] Stopped by user.
