[22:00:11.532] [INFO ] Control handle opened  (0xFFC0): \\?\HID#VID_1038&PID_12E0&MI_04&Col01#8&26fe868d&0&0000#{4d1e55b2-f16f-11cf-88cb-001111000030}
[22:00:11.534] [INFO ] Events  handle opened  (0xFF00): \\?\HID#VID_1038&PID_12E0&MI_04&Col02#8&26fe868d&0&0001#{4d1e55b2-f16f-11cf-88cb-001111000030}
[22:00:11.535] 
[22:00:11.535] [INFO ] Sending candidate query commands (Nova 7X origin, verifying on Nova Pro)…
[22:00:11.535] [QUERY] TX  0xB0  status        (battery, partial decode – see HidCommands.md §6.1)
[22:00:11.535] [QUERY]     06 B0 00 00 00 00 00 00 00 00 00 00 00 00 00 00 00 00 00 00 00 00 00 00 00 00 00 00 00 00 00 00 00 00 00 00 00 00 00 00 00 00 00 00 00 00 00 00 00 00 00 00 00 00 00 00 00 00 00 00 00 00 00 00
[22:00:11.629] [QUERY] TX  0x20  mic / EQ      (gain level, sidetone raw, 10 EQ band values)
[22:00:11.629] [QUERY]     06 20 00 00 00 00 00 00 00 00 00 00 00 00 00 00 00 00 00 00 00 00 00 00 00 00 00 00 00 00 00 00 00 00 00 00 00 00 00 00 00 00 00 00 00 00 00 00 00 00 00 00 00 00 00 00 00 00 00 00 00 00 00 00
[22:00:11.725] [QUERY] TX  0x10  firmware ver  (ASCII string)
[22:00:11.725] [QUERY]     06 10 00 00 00 00 00 00 00 00 00 00 00 00 00 00 00 00 00 00 00 00 00 00 00 00 00 00 00 00 00 00 00 00 00 00 00 00 00 00 00 00 00 00 00 00 00 00 00 00 00 00 00 00 00 00 00 00 00 00 00 00 00 00
[22:00:11.821] [QUERY] TX  0x12  serial number (ASCII string)
[22:00:11.821] [QUERY]     06 12 00 00 00 00 00 00 00 00 00 00 00 00 00 00 00 00 00 00 00 00 00 00 00 00 00 00 00 00 00 00 00 00 00 00 00 00 00 00 00 00 00 00 00 00 00 00 00 00 00 00 00 00 00 00 00 00 00 00 00 00 00 00
[22:00:11.917] 
[22:00:11.917] [INFO ] Event loop active – interact with the headset. Ctrl+C to stop.
[22:00:11.917] [INFO ] Try: volume wheel, mute button, ANC button, ChatMix dial, gain button.
[22:00:11.917] 
[22:00:11.917] [CTRL ] RAW: 06 B0 00 00 04 01 04 08 08 00 00 0A 06 00 08 08 00 00 00 00 00 00 00 00 00 00 00 00 00 00 00 00 00 00 00 00 00 00 00 00 00 00 00 00 00 00 00 00 00 00 00 00 00 00 00 00 00 00 00 00 00 00 00 00
[22:00:11.917] [CTRL ] 0xB0  Status          → headset_bat=50%  dock_bat=100%  conn=2.4GHz+BT  mic_mute=unmuted  vol?=10  anc?=0x00  [2-3]=00 00  [5]=1
[22:00:11.969] [CTRL ] RAW: 06 20 01 30 02 00 00 14 14 14 14 14 14 14 14 14 14 0A 00 02 64 64 64 00 64 64 00 00 00 00 00 00 00 00 00 00 00 00 00 00 00 00 00 00 00 00 00 00 00 00 00 00 00 00 00 00 00 00 00 00 00 00 00 00
[22:00:11.970] [CTRL ] 0x20  Mic/EQ          → gain=high  mic_vol=10  sidetone=off  [2]=0x01  [3]=0x30  chatmix_game?=100  chatmix_chat?=100  eq_bands=[14 14 14 14 14 14 14 14 14 14]
[22:00:12.033] [CTRL ] RAW: 06 10 30 30 30 30 2E 30 30 33 2E 30 38 32 30 30 30 31 2E 30 33 31 2E 30 30 30 30 30 30 32 2E 30 30 32 2E 30 30 31 30 30 30 32 2E 30 30 31 2E 30 30 30 00 00 00 00 00 00 00 00 00 00 00 00 00 00
[22:00:12.033] [CTRL ] 0x10  Firmware        → '0000.003.0820001.031.0000002.002.0010002.001.000'
[22:00:12.094] [CTRL ] RAW: 06 12 36 31 35 32 30 34 38 33 31 33 32 32 32 35 30 30 37 34 37 00 00 00 00 00 00 00 00 00 00 00 00 00 00 00 00 00 00 00 00 00 00 00 00 00 00 00 00 00 00 00 00 00 00 00 00 00 00 00 00 00 00 00
[22:00:12.094] [CTRL ] 0x12  Serial          → '6152048313222500747'
[22:00:24.574] [EVT  ] RAW: 07 25 33 00 00 00 00 00 00 00 00 00 00 00 00 00 00 00 00 00 00 00 00 00 00 00 00 00 00 00 00 00 00 00 00 00 00 00 00 00 00 00 00 00 00 00 00 00 00 00 00 00 00 00 00 00 00 00 00 00 00 00 00 00
[22:00:24.574] [EVT  ] 0x25  Volume          → 9% (raw=0x33)
[22:00:24.636] [EVT  ] RAW: 07 25 35 00 00 00 00 00 00 00 00 00 00 00 00 00 00 00 00 00 00 00 00 00 00 00 00 00 00 00 00 00 00 00 00 00 00 00 00 00 00 00 00 00 00 00 00 00 00 00 00 00 00 00 00 00 00 00 00 00 00 00 00 00
[22:00:24.637] [EVT  ] 0x25  Volume          → 5% (raw=0x35)
[22:00:24.955] [EVT  ] RAW: 07 25 36 00 00 00 00 00 00 00 00 00 00 00 00 00 00 00 00 00 00 00 00 00 00 00 00 00 00 00 00 00 00 00 00 00 00 00 00 00 00 00 00 00 00 00 00 00 00 00 00 00 00 00 00 00 00 00 00 00 00 00 00 00
[22:00:24.957] [EVT  ] 0x25  Volume          → 4% (raw=0x36)
[22:00:25.052] [EVT  ] RAW: 07 25 38 00 00 00 00 00 00 00 00 00 00 00 00 00 00 00 00 00 00 00 00 00 00 00 00 00 00 00 00 00 00 00 00 00 00 00 00 00 00 00 00 00 00 00 00 00 00 00 00 00 00 00 00 00 00 00 00 00 00 00 00 00
[22:00:25.053] [EVT  ] 0x25  Volume          → 0% (raw=0x38)
[22:00:26.544] 
[INFO ] Stopped by user.
