[14:22:47.032] [INFO ] Control handle opened  (0xFFC0): \\?\HID#VID_1038&PID_12E0&MI_04&Col01#8&26fe868d&0&0000#{4d1e55b2-f16f-11cf-88cb-001111000030}
[14:22:47.032] [INFO ] Events  handle opened  (0xFF00): \\?\HID#VID_1038&PID_12E0&MI_04&Col02#8&26fe868d&0&0001#{4d1e55b2-f16f-11cf-88cb-001111000030}
[14:22:47.032] 
[14:22:47.032] [INFO ] Sending candidate query commands (Nova 7X origin, verifying on Nova Pro)…
[14:22:47.032] [QUERY] TX  0xB0  status        (battery, partial decode – see HidCommands.md §6.1)
[14:22:47.034] [QUERY]     06 B0 00 00 00 00 00 00 00 00 00 00 00 00 00 00 00 00 00 00 00 00 00 00 00 00 00 00 00 00 00 00 00 00 00 00 00 00 00 00 00 00 00 00 00 00 00 00 00 00 00 00 00 00 00 00 00 00 00 00 00 00 00 00
[14:22:47.124] [QUERY] TX  0x20  mic / EQ      (gain level, sidetone raw, 10 EQ band values)
[14:22:47.124] [QUERY]     06 20 00 00 00 00 00 00 00 00 00 00 00 00 00 00 00 00 00 00 00 00 00 00 00 00 00 00 00 00 00 00 00 00 00 00 00 00 00 00 00 00 00 00 00 00 00 00 00 00 00 00 00 00 00 00 00 00 00 00 00 00 00 00
[14:22:47.221] [QUERY] TX  0x10  firmware ver  (ASCII string)
[14:22:47.221] [QUERY]     06 10 00 00 00 00 00 00 00 00 00 00 00 00 00 00 00 00 00 00 00 00 00 00 00 00 00 00 00 00 00 00 00 00 00 00 00 00 00 00 00 00 00 00 00 00 00 00 00 00 00 00 00 00 00 00 00 00 00 00 00 00 00 00
[14:22:47.317] [QUERY] TX  0x12  serial number (ASCII string)
[14:22:47.317] [QUERY]     06 12 00 00 00 00 00 00 00 00 00 00 00 00 00 00 00 00 00 00 00 00 00 00 00 00 00 00 00 00 00 00 00 00 00 00 00 00 00 00 00 00 00 00 00 00 00 00 00 00 00 00 00 00 00 00 00 00 00 00 00 00 00 00
[14:22:47.413] 
[14:22:47.413] [INFO ] Event loop active – interact with the headset. Ctrl+C to stop.
[14:22:47.413] [INFO ] Try: volume wheel, mute button, ANC button, ChatMix dial, gain button.
[14:22:47.413] 
[14:22:47.413] [CTRL ] RAW: 06 B0 00 00 01 00 01 08 08 00 00 0A 00 01 08 08 00 00 00 00 00 00 00 00 00 00 00 00 00 00 00 00 00 00 00 00 00 00 00 00 00 00 00 00 00 00 00 00 00 00 00 00 00 00 00 00 00 00 00 00 00 00 00 00
[14:22:47.413] [CTRL ] 0xB0  Status          → headset_bat=12%  dock_bat=100%  conn=2.4GHz  mic_mute=unmuted  anc=off  bt=off  oled_brightness=10  2.4ghz_mode=range
[14:22:47.473] [CTRL ] RAW: 06 20 01 20 01 00 01 14 14 14 14 14 14 14 14 14 14 05 00 02 5B 64 64 00 64 64 00 00 00 00 00 00 00 00 00 00 00 00 00 00 00 00 00 00 00 00 00 00 00 00 00 00 00 00 00 00 00 00 00 00 00 00 00 00
[14:22:47.473] [CTRL ] 0x20  Mic/EQ          → gain=low  mic_vol=5  sidetone=off  vol=43%  chatmix_game=91  chatmix_chat=100  [2]=0x01  eq_bands=[14 14 14 14 14 14 14 14 14 14]
[14:22:47.535] [CTRL ] RAW: 06 10 30 30 30 30 2E 30 30 33 2E 30 38 32 30 30 30 31 2E 30 33 31 2E 30 30 30 30 30 30 32 2E 30 30 32 2E 30 30 31 30 30 30 32 2E 30 30 31 2E 30 30 30 00 00 00 00 00 00 00 00 00 00 00 00 00 00
[14:22:47.535] [CTRL ] 0x10  Firmware        → '0000.003.0820001.031.0000002.002.0010002.001.000'
[14:22:47.596] [CTRL ] RAW: 06 12 36 31 35 32 30 34 38 33 31 33 32 32 32 35 30 30 37 34 37 00 00 00 00 00 00 00 00 00 00 00 00 00 00 00 00 00 00 00 00 00 00 00 00 00 00 00 00 00 00 00 00 00 00 00 00 00 00 00 00 00 00 00
[14:22:47.596] [CTRL ] 0x12  Serial          → '6152048313222500747'
[14:22:51.096] [EVT  ] RAW: 07 C3 00 00 00 00 00 00 00 00 00 00 00 00 00 00 00 00 00 00 00 00 00 00 00 00 00 00 00 00 00 00 00 00 00 00 00 00 00 00 00 00 00 00 00 00 00 00 00 00 00 00 00 00 00 00 00 00 00 00 00 00 00 00
[14:22:51.096] [EVT  ] 0xC3  2.4 GHz Mode    → performance/speed (raw=0)
[14:22:54.391] [EVT  ] RAW: 07 B5 01 00 04 00 00 00 00 00 00 00 00 00 00 00 00 00 00 00 00 00 00 00 00 00 00 00 00 00 00 00 00 00 00 00 00 00 00 00 00 00 00 00 00 00 00 00 00 00 00 00 00 00 00 00 00 00 00 00 00 00 00 00
[14:22:54.391] [EVT  ] 0xB5  Connectivity    → wireless=False bluetooth=False  [2]=0x01 [3]=0x00
[14:22:54.467] [EVT  ] RAW: 07 B7 00 08 01 00 00 00 00 00 00 00 00 00 00 00 00 00 00 00 00 00 00 00 00 00 00 00 00 00 00 00 00 00 00 00 00 00 00 00 00 00 00 00 00 00 00 00 00 00 00 00 00 00 00 00 00 00 00 00 00 00 00 00
[14:22:54.467] [EVT  ] 0xB7  Battery         → headset=0% dock=100%  [4]=0x01
[14:22:55.092] [EVT  ] RAW: 07 B5 01 00 08 00 00 00 00 00 00 00 00 00 00 00 00 00 00 00 00 00 00 00 00 00 00 00 00 00 00 00 00 00 00 00 00 00 00 00 00 00 00 00 00 00 00 00 00 00 00 00 00 00 00 00 00 00 00 00 00 00 00 00
[14:22:55.092] [EVT  ] 0xB5  Connectivity    → wireless=True bluetooth=False  [2]=0x01 [3]=0x00
[14:22:55.220] [CTRL ] RAW: 06 10 30 30 30 30 2E 30 30 33 2E 30 38 32 30 30 30 31 2E 30 33 31 2E 30 30 30 30 30 30 30 2E 30 30 30 2E 30 30 30 30 30 30 30 2E 30 30 30 2E 30 30 30 00 00 00 00 00 00 00 00 00 00 00 00 00 00
[14:22:55.220] [CTRL ] 0x10  Firmware        → '0000.003.0820001.031.0000000.000.0000000.000.000'
[14:22:55.345] [EVT  ] RAW: 07 B7 01 08 08 00 00 00 00 00 00 00 00 00 00 00 00 00 00 00 00 00 00 00 00 00 00 00 00 00 00 00 00 00 00 00 00 00 00 00 00 00 00 00 00 00 00 00 00 00 00 00 00 00 00 00 00 00 00 00 00 00 00 00
[14:22:55.345] [EVT  ] 0xB7  Battery         → headset=12% dock=100%  [4]=0x08
[14:22:55.348] [CTRL ] RAW: 06 10 30 30 30 30 2E 30 30 33 2E 30 38 32 30 30 30 31 2E 30 33 31 2E 30 30 30 30 30 30 30 2E 30 30 30 2E 30 30 30 30 30 30 30 2E 30 30 30 2E 30 30 30 00 00 00 00 00 00 00 00 00 00 00 00 00 00
[14:22:55.348] [CTRL ] 0x10  Firmware        → '0000.003.0820001.031.0000000.000.0000000.000.000'
[14:22:55.535] [CTRL ] RAW: 06 10 30 30 30 30 2E 30 30 33 2E 30 38 32 30 30 30 31 2E 30 33 31 2E 30 30 30 30 30 30 30 2E 30 30 30 2E 30 30 30 30 30 30 30 2E 30 30 30 2E 30 30 30 00 00 00 00 00 00 00 00 00 00 00 00 00 00
[14:22:55.535] [CTRL ] 0x10  Firmware        → '0000.003.0820001.031.0000000.000.0000000.000.000'
[14:22:55.604] [CTRL ] RAW: 06 10 30 30 30 30 2E 30 30 33 2E 30 38 32 30 30 30 31 2E 30 33 31 2E 30 30 30 30 30 30 32 2E 30 30 32 2E 30 30 31 30 30 30 32 2E 30 30 31 2E 30 30 30 00 00 00 00 00 00 00 00 00 00 00 00 00 00
[14:22:55.604] [CTRL ] 0x10  Firmware        → '0000.003.0820001.031.0000002.002.0010002.001.000'
[14:22:55.684] [CTRL ] RAW: 06 10 30 30 30 30 2E 30 30 33 2E 30 38 32 30 30 30 31 2E 30 33 31 2E 30 30 30 30 30 30 32 2E 30 30 32 2E 30 30 31 30 30 30 32 2E 30 30 31 2E 30 30 30 00 00 00 00 00 00 00 00 00 00 00 00 00 00
[14:22:55.684] [CTRL ] 0x10  Firmware        → '0000.003.0820001.031.0000002.002.0010002.001.000'
[14:22:55.764] [CTRL ] RAW: 06 B7 01 08 08 00 00 00 00 00 00 00 00 00 00 00 00 00 00 00 00 00 00 00 00 00 00 00 00 00 00 00 00 00 00 00 00 00 00 00 00 00 00 00 00 00 00 00 00 00 00 00 00 00 00 00 00 00 00 00 00 00 00 00
[14:22:55.764] [CTRL ] 0xB7  Battery         → headset=12% dock=100%  [4]=0x08
[14:22:55.844] [CTRL ] RAW: 06 B0 00 00 01 00 01 08 08 00 00 0A 00 00 08 08 00 00 00 00 00 00 00 00 00 00 00 00 00 00 00 00 00 00 00 00 00 00 00 00 00 00 00 00 00 00 00 00 00 00 00 00 00 00 00 00 00 00 00 00 00 00 00 00
[14:22:55.844] [CTRL ] 0xB0  Status          → headset_bat=12%  dock_bat=100%  conn=2.4GHz  mic_mute=unmuted  anc=off  bt=off  oled_brightness=10  2.4ghz_mode=performance
[14:22:55.940] [CTRL ] RAW: 06 B7 01 08 08 00 00 00 00 00 00 00 00 00 00 00 00 00 00 00 00 00 00 00 00 00 00 00 00 00 00 00 00 00 00 00 00 00 00 00 00 00 00 00 00 00 00 00 00 00 00 00 00 00 00 00 00 00 00 00 00 00 00 00
[14:22:55.940] [CTRL ] 0xB7  Battery         → headset=12% dock=100%  [4]=0x08
[14:22:56.020] [CTRL ] RAW: 06 B0 00 00 01 00 01 08 08 00 00 0A 00 00 08 08 00 00 00 00 00 00 00 00 00 00 00 00 00 00 00 00 00 00 00 00 00 00 00 00 00 00 00 00 00 00 00 00 00 00 00 00 00 00 00 00 00 00 00 00 00 00 00 00
[14:22:56.020] [CTRL ] 0xB0  Status          → headset_bat=12%  dock_bat=100%  conn=2.4GHz  mic_mute=unmuted  anc=off  bt=off  oled_brightness=10  2.4ghz_mode=performance
[14:22:56.100] [CTRL ] RAW: 06 B7 01 08 08 00 00 00 00 00 00 00 00 00 00 00 00 00 00 00 00 00 00 00 00 00 00 00 00 00 00 00 00 00 00 00 00 00 00 00 00 00 00 00 00 00 00 00 00 00 00 00 00 00 00 00 00 00 00 00 00 00 00 00
[14:22:56.100] [CTRL ] 0xB7  Battery         → headset=12% dock=100%  [4]=0x08
[14:22:56.180] [CTRL ] RAW: 06 B0 00 00 01 00 01 08 08 00 00 0A 00 00 08 08 00 00 00 00 00 00 00 00 00 00 00 00 00 00 00 00 00 00 00 00 00 00 00 00 00 00 00 00 00 00 00 00 00 00 00 00 00 00 00 00 00 00 00 00 00 00 00 00
[14:22:56.180] [CTRL ] 0xB0  Status          → headset_bat=12%  dock_bat=100%  conn=2.4GHz  mic_mute=unmuted  anc=off  bt=off  oled_brightness=10  2.4ghz_mode=performance
[14:22:56.260] [CTRL ] RAW: 06 B7 01 08 08 00 00 00 00 00 00 00 00 00 00 00 00 00 00 00 00 00 00 00 00 00 00 00 00 00 00 00 00 00 00 00 00 00 00 00 00 00 00 00 00 00 00 00 00 00 00 00 00 00 00 00 00 00 00 00 00 00 00 00
[14:22:56.260] [CTRL ] 0xB7  Battery         → headset=12% dock=100%  [4]=0x08
[14:22:56.340] [CTRL ] RAW: 06 B0 00 00 01 00 01 08 08 00 00 0A 00 00 08 08 00 00 00 00 00 00 00 00 00 00 00 00 00 00 00 00 00 00 00 00 00 00 00 00 00 00 00 00 00 00 00 00 00 00 00 00 00 00 00 00 00 00 00 00 00 00 00 00
[14:22:56.340] [CTRL ] 0xB0  Status          → headset_bat=12%  dock_bat=100%  conn=2.4GHz  mic_mute=unmuted  anc=off  bt=off  oled_brightness=10  2.4ghz_mode=performance
[14:22:56.436] [CTRL ] RAW: 06 10 30 30 30 30 2E 30 30 33 2E 30 38 32 30 30 30 31 2E 30 33 31 2E 30 30 30 30 30 30 32 2E 30 30 32 2E 30 30 31 30 30 30 32 2E 30 30 31 2E 30 30 30 00 00 00 00 00 00 00 00 00 00 00 00 00 00
[14:22:56.436] [CTRL ] 0x10  Firmware        → '0000.003.0820001.031.0000002.002.0010002.001.000'
[14:22:56.515] [CTRL ] RAW: 06 10 30 30 30 30 2E 30 30 33 2E 30 38 32 30 30 30 31 2E 30 33 31 2E 30 30 30 30 30 30 32 2E 30 30 32 2E 30 30 31 30 30 30 32 2E 30 30 31 2E 30 30 30 00 00 00 00 00 00 00 00 00 00 00 00 00 00
[14:22:56.515] [CTRL ] 0x10  Firmware        → '0000.003.0820001.031.0000002.002.0010002.001.000'
[14:22:56.596] [CTRL ] RAW: 06 B7 01 08 08 00 00 00 00 00 00 00 00 00 00 00 00 00 00 00 00 00 00 00 00 00 00 00 00 00 00 00 00 00 00 00 00 00 00 00 00 00 00 00 00 00 00 00 00 00 00 00 00 00 00 00 00 00 00 00 00 00 00 00
[14:22:56.596] [CTRL ] 0xB7  Battery         → headset=12% dock=100%  [4]=0x08
[14:22:56.675] [CTRL ] RAW: 06 B0 00 00 01 00 01 08 08 00 00 0A 00 00 08 08 00 00 00 00 00 00 00 00 00 00 00 00 00 00 00 00 00 00 00 00 00 00 00 00 00 00 00 00 00 00 00 00 00 00 00 00 00 00 00 00 00 00 00 00 00 00 00 00
[14:22:56.675] [CTRL ] 0xB0  Status          → headset_bat=12%  dock_bat=100%  conn=2.4GHz  mic_mute=unmuted  anc=off  bt=off  oled_brightness=10  2.4ghz_mode=performance
[14:22:56.756] [CTRL ] RAW: 06 B7 01 08 08 00 00 00 00 00 00 00 00 00 00 00 00 00 00 00 00 00 00 00 00 00 00 00 00 00 00 00 00 00 00 00 00 00 00 00 00 00 00 00 00 00 00 00 00 00 00 00 00 00 00 00 00 00 00 00 00 00 00 00
[14:22:56.756] [CTRL ] 0xB7  Battery         → headset=12% dock=100%  [4]=0x08
[14:22:56.836] [CTRL ] RAW: 06 B0 00 00 01 00 01 08 08 00 00 0A 00 00 08 08 00 00 00 00 00 00 00 00 00 00 00 00 00 00 00 00 00 00 00 00 00 00 00 00 00 00 00 00 00 00 00 00 00 00 00 00 00 00 00 00 00 00 00 00 00 00 00 00
[14:22:56.836] [CTRL ] 0xB0  Status          → headset_bat=12%  dock_bat=100%  conn=2.4GHz  mic_mute=unmuted  anc=off  bt=off  oled_brightness=10  2.4ghz_mode=performance
[14:22:56.915] [CTRL ] RAW: 06 B7 01 08 08 00 00 00 00 00 00 00 00 00 00 00 00 00 00 00 00 00 00 00 00 00 00 00 00 00 00 00 00 00 00 00 00 00 00 00 00 00 00 00 00 00 00 00 00 00 00 00 00 00 00 00 00 00 00 00 00 00 00 00
[14:22:56.916] [CTRL ] 0xB7  Battery         → headset=12% dock=100%  [4]=0x08
[14:22:57.012] [CTRL ] RAW: 06 B0 00 00 01 00 01 08 08 00 00 0A 00 00 08 08 00 00 00 00 00 00 00 00 00 00 00 00 00 00 00 00 00 00 00 00 00 00 00 00 00 00 00 00 00 00 00 00 00 00 00 00 00 00 00 00 00 00 00 00 00 00 00 00
[14:22:57.012] [CTRL ] 0xB0  Status          → headset_bat=12%  dock_bat=100%  conn=2.4GHz  mic_mute=unmuted  anc=off  bt=off  oled_brightness=10  2.4ghz_mode=performance
[14:22:57.091] [CTRL ] RAW: 06 B7 01 08 08 00 00 00 00 00 00 00 00 00 00 00 00 00 00 00 00 00 00 00 00 00 00 00 00 00 00 00 00 00 00 00 00 00 00 00 00 00 00 00 00 00 00 00 00 00 00 00 00 00 00 00 00 00 00 00 00 00 00 00
[14:22:57.091] [CTRL ] 0xB7  Battery         → headset=12% dock=100%  [4]=0x08
[14:22:57.171] [CTRL ] RAW: 06 B0 00 00 01 00 01 08 08 00 00 0A 00 00 08 08 00 00 00 00 00 00 00 00 00 00 00 00 00 00 00 00 00 00 00 00 00 00 00 00 00 00 00 00 00 00 00 00 00 00 00 00 00 00 00 00 00 00 00 00 00 00 00 00
[14:22:57.171] [CTRL ] 0xB0  Status          → headset_bat=12%  dock_bat=100%  conn=2.4GHz  mic_mute=unmuted  anc=off  bt=off  oled_brightness=10  2.4ghz_mode=performance
[14:22:57.251] [CTRL ] RAW: 06 10 30 30 30 30 2E 30 30 33 2E 30 38 32 30 30 30 31 2E 30 33 31 2E 30 30 30 30 30 30 32 2E 30 30 32 2E 30 30 31 30 30 30 32 2E 30 30 31 2E 30 30 30 00 00 00 00 00 00 00 00 00 00 00 00 00 00
[14:22:57.251] [CTRL ] 0x10  Firmware        → '0000.003.0820001.031.0000002.002.0010002.001.000'
[14:22:57.331] [CTRL ] RAW: 06 10 30 30 30 30 2E 30 30 33 2E 30 38 32 30 30 30 31 2E 30 33 31 2E 30 30 30 30 30 30 32 2E 30 30 32 2E 30 30 31 30 30 30 32 2E 30 30 31 2E 30 30 30 00 00 00 00 00 00 00 00 00 00 00 00 00 00
[14:22:57.331] [CTRL ] 0x10  Firmware        → '0000.003.0820001.031.0000002.002.0010002.001.000'
[14:22:57.412] [CTRL ] RAW: 06 10 30 30 30 30 2E 30 30 33 2E 30 38 32 30 30 30 31 2E 30 33 31 2E 30 30 30 30 30 30 32 2E 30 30 32 2E 30 30 31 30 30 30 32 2E 30 30 31 2E 30 30 30 00 00 00 00 00 00 00 00 00 00 00 00 00 00
[14:22:57.412] [CTRL ] 0x10  Firmware        → '0000.003.0820001.031.0000002.002.0010002.001.000'
[14:22:57.507] [CTRL ] RAW: 06 10 30 30 30 30 2E 30 30 33 2E 30 38 32 30 30 30 31 2E 30 33 31 2E 30 30 30 30 30 30 32 2E 30 30 32 2E 30 30 31 30 30 30 32 2E 30 30 31 2E 30 30 30 00 00 00 00 00 00 00 00 00 00 00 00 00 00
[14:22:57.507] [CTRL ] 0x10  Firmware        → '0000.003.0820001.031.0000002.002.0010002.001.000'
[14:22:57.587] [CTRL ] RAW: 06 10 30 30 30 30 2E 30 30 33 2E 30 38 32 30 30 30 31 2E 30 33 31 2E 30 30 30 30 30 30 32 2E 30 30 32 2E 30 30 31 30 30 30 32 2E 30 30 31 2E 30 30 30 00 00 00 00 00 00 00 00 00 00 00 00 00 00
[14:22:57.587] [CTRL ] 0x10  Firmware        → '0000.003.0820001.031.0000002.002.0010002.001.000'
[14:22:57.668] [CTRL ] RAW: 06 10 30 30 30 30 2E 30 30 33 2E 30 38 32 30 30 30 31 2E 30 33 31 2E 30 30 30 30 30 30 32 2E 30 30 32 2E 30 30 31 30 30 30 32 2E 30 30 31 2E 30 30 30 00 00 00 00 00 00 00 00 00 00 00 00 00 00
[14:22:57.668] [CTRL ] 0x10  Firmware        → '0000.003.0820001.031.0000002.002.0010002.001.000'
[14:22:57.748] [CTRL ] RAW: 06 10 30 30 30 30 2E 30 30 33 2E 30 38 32 30 30 30 31 2E 30 33 31 2E 30 30 30 30 30 30 32 2E 30 30 32 2E 30 30 31 30 30 30 32 2E 30 30 31 2E 30 30 30 00 00 00 00 00 00 00 00 00 00 00 00 00 00
[14:22:57.748] [CTRL ] 0x10  Firmware        → '0000.003.0820001.031.0000002.002.0010002.001.000'
[14:22:57.828] [CTRL ] RAW: 06 10 30 30 30 30 2E 30 30 33 2E 30 38 32 30 30 30 31 2E 30 33 31 2E 30 30 30 30 30 30 32 2E 30 30 32 2E 30 30 31 30 30 30 32 2E 30 30 31 2E 30 30 30 00 00 00 00 00 00 00 00 00 00 00 00 00 00
[14:22:57.828] [CTRL ] 0x10  Firmware        → '0000.003.0820001.031.0000002.002.0010002.001.000'
[14:22:58.133] [CTRL ] RAW: 06 10 30 30 30 30 2E 30 30 33 2E 30 38 32 30 30 30 31 2E 30 33 31 2E 30 30 30 30 30 30 32 2E 30 30 32 2E 30 30 31 30 30 30 32 2E 30 30 31 2E 30 30 30 00 00 00 00 00 00 00 00 00 00 00 00 00 00
[14:22:58.133] [CTRL ] 0x10  Firmware        → '0000.003.0820001.031.0000002.002.0010002.001.000'
[14:22:58.212] [CTRL ] RAW: 06 10 30 30 30 30 2E 30 30 33 2E 30 38 32 30 30 30 31 2E 30 33 31 2E 30 30 30 30 30 30 32 2E 30 30 32 2E 30 30 31 30 30 30 32 2E 30 30 31 2E 30 30 30 00 00 00 00 00 00 00 00 00 00 00 00 00 00
[14:22:58.212] [CTRL ] 0x10  Firmware        → '0000.003.0820001.031.0000002.002.0010002.001.000'
[14:22:58.292] [CTRL ] RAW: 06 10 30 30 30 30 2E 30 30 33 2E 30 38 32 30 30 30 31 2E 30 33 31 2E 30 30 30 30 30 30 32 2E 30 30 32 2E 30 30 31 30 30 30 32 2E 30 30 31 2E 30 30 30 00 00 00 00 00 00 00 00 00 00 00 00 00 00
[14:22:58.292] [CTRL ] 0x10  Firmware        → '0000.003.0820001.031.0000002.002.0010002.001.000'
[14:22:58.371] [CTRL ] RAW: 06 10 30 30 30 30 2E 30 30 33 2E 30 38 32 30 30 30 31 2E 30 33 31 2E 30 30 30 30 30 30 32 2E 30 30 32 2E 30 30 31 30 30 30 32 2E 30 30 31 2E 30 30 30 00 00 00 00 00 00 00 00 00 00 00 00 00 00
[14:22:58.372] [CTRL ] 0x10  Firmware        → '0000.003.0820001.031.0000002.002.0010002.001.000'
[14:22:58.451] [CTRL ] RAW: 06 10 30 30 30 30 2E 30 30 33 2E 30 38 32 30 30 30 31 2E 30 33 31 2E 30 30 30 30 30 30 32 2E 30 30 32 2E 30 30 31 30 30 30 32 2E 30 30 31 2E 30 30 30 00 00 00 00 00 00 00 00 00 00 00 00 00 00
[14:22:58.452] [CTRL ] 0x10  Firmware        → '0000.003.0820001.031.0000002.002.0010002.001.000'
[14:22:58.548] [CTRL ] RAW: 06 10 30 30 30 30 2E 30 30 33 2E 30 38 32 30 30 30 31 2E 30 33 31 2E 30 30 30 30 30 30 32 2E 30 30 32 2E 30 30 31 30 30 30 32 2E 30 30 31 2E 30 30 30 00 00 00 00 00 00 00 00 00 00 00 00 00 00
[14:22:58.548] [CTRL ] 0x10  Firmware        → '0000.003.0820001.031.0000002.002.0010002.001.000'
[14:22:58.628] [CTRL ] RAW: 06 10 30 30 30 30 2E 30 30 33 2E 30 38 32 30 30 30 31 2E 30 33 31 2E 30 30 30 30 30 30 32 2E 30 30 32 2E 30 30 31 30 30 30 32 2E 30 30 31 2E 30 30 30 00 00 00 00 00 00 00 00 00 00 00 00 00 00
[14:22:58.628] [CTRL ] 0x10  Firmware        → '0000.003.0820001.031.0000002.002.0010002.001.000'
[14:22:58.707] [CTRL ] RAW: 06 10 30 30 30 30 2E 30 30 33 2E 30 38 32 30 30 30 31 2E 30 33 31 2E 30 30 30 30 30 30 32 2E 30 30 32 2E 30 30 31 30 30 30 32 2E 30 30 31 2E 30 30 30 00 00 00 00 00 00 00 00 00 00 00 00 00 00
[14:22:58.707] [CTRL ] 0x10  Firmware        → '0000.003.0820001.031.0000002.002.0010002.001.000'
[14:23:01.840] [EVT  ] RAW: 07 B2 01 00 00 00 00 00 00 00 00 00 00 00 00 00 00 00 00 00 00 00 00 00 00 00 00 00 00 00 00 00 00 00 00 00 00 00 00 00 00 00 00 00 00 00 00 00 00 00 00 00 00 00 00 00 00 00 00 00 00 00 00 00
[14:23:01.840] [EVT  ] 0xB2  (unknown – raw bytes above)
[14:23:10.048] [EVT  ] RAW: 07 B2 00 00 00 00 00 00 00 00 00 00 00 00 00 00 00 00 00 00 00 00 00 00 00 00 00 00 00 00 00 00 00 00 00 00 00 00 00 00 00 00 00 00 00 00 00 00 00 00 00 00 00 00 00 00 00 00 00 00 00 00 00 00
[14:23:10.048] [EVT  ] 0xB2  (unknown – raw bytes above)
[14:23:29.747] [EVT  ] RAW: 07 B2 01 00 00 00 00 00 00 00 00 00 00 00 00 00 00 00 00 00 00 00 00 00 00 00 00 00 00 00 00 00 00 00 00 00 00 00 00 00 00 00 00 00 00 00 00 00 00 00 00 00 00 00 00 00 00 00 00 00 00 00 00 00
[14:23:29.748] [EVT  ] 0xB2  (unknown – raw bytes above)
[14:23:31.975] 
[INFO ] Stopped by user.
