[21:39:24.085] [INFO ] Control handle opened  (0xFFC0): \\?\HID#VID_1038&PID_12E0&MI_04&Col01#8&26fe868d&0&0000#{4d1e55b2-f16f-11cf-88cb-001111000030}
[21:39:24.093] [INFO ] Events  handle opened  (0xFF00): \\?\HID#VID_1038&PID_12E0&MI_04&Col02#8&26fe868d&0&0001#{4d1e55b2-f16f-11cf-88cb-001111000030}
[21:39:24.093] 
[21:39:24.093] [INFO ] Sending candidate query commands (Nova 7X origin, verifying on Nova Pro)…
[21:39:24.094] [QUERY] TX  0xB0  status        (battery, partial decode – see HidCommands.md §6.1)
[21:39:24.094] [QUERY]     06 B0 00 00 00 00 00 00 00 00 00 00 00 00 00 00 00 00 00 00 00 00 00 00 00 00 00 00 00 00 00 00 00 00 00 00 00 00 00 00 00 00 00 00 00 00 00 00 00 00 00 00 00 00 00 00 00 00 00 00 00 00 00 00
[21:39:24.189] [QUERY] TX  0x20  mic / EQ      (gain level, sidetone raw, 10 EQ band values)
[21:39:24.189] [QUERY]     06 20 00 00 00 00 00 00 00 00 00 00 00 00 00 00 00 00 00 00 00 00 00 00 00 00 00 00 00 00 00 00 00 00 00 00 00 00 00 00 00 00 00 00 00 00 00 00 00 00 00 00 00 00 00 00 00 00 00 00 00 00 00 00
[21:39:24.285] [QUERY] TX  0x10  firmware ver  (ASCII string)
[21:39:24.285] [QUERY]     06 10 00 00 00 00 00 00 00 00 00 00 00 00 00 00 00 00 00 00 00 00 00 00 00 00 00 00 00 00 00 00 00 00 00 00 00 00 00 00 00 00 00 00 00 00 00 00 00 00 00 00 00 00 00 00 00 00 00 00 00 00 00 00
[21:39:24.381] [QUERY] TX  0x12  serial number (ASCII string)
[21:39:24.381] [QUERY]     06 12 00 00 00 00 00 00 00 00 00 00 00 00 00 00 00 00 00 00 00 00 00 00 00 00 00 00 00 00 00 00 00 00 00 00 00 00 00 00 00 00 00 00 00 00 00 00 00 00 00 00 00 00 00 00 00 00 00 00 00 00 00 00
[21:39:24.477] 
[21:39:24.477] [INFO ] Event loop active – interact with the headset. Ctrl+C to stop.
[21:39:24.477] [INFO ] Try: volume wheel, mute button, ANC button, ChatMix dial, gain button.
[21:39:24.477] 
[21:39:24.477] [CTRL ] RAW: 06 B0 00 00 04 01 05 08 08 01 01 0A 05 00 08 08 00 00 00 00 00 00 00 00 00 00 00 00 00 00 00 00 00 00 00 00 00 00 00 00 00 00 00 00 00 00 00 00 00 00 00 00 00 00 00 00 00 00 00 00 00 00 00 00
[21:39:24.477] [CTRL ] 0xB0  Status (partial)→ headset_bat=62%  dock_bat=100%  [2-5]=00 00 04 01  [8-15]=08 01 01 0A 05 00 08 08
[21:39:24.537] [CTRL ] RAW: 06 20 01 1D 02 00 00 14 14 14 14 14 14 14 14 14 14 03 03 02 64 53 64 00 64 64 00 00 00 00 00 00 00 00 00 00 00 00 00 00 00 00 00 00 00 00 00 00 00 00 00 00 00 00 00 00 00 00 00 00 00 00 00 00
[21:39:24.537] [CTRL ] 0x20  Mic/EQ          → [2]=1  [3]=29  [4]=2  [17]=3 (mic_vol?)  eq_bands=[14 14 14 14 14 14 14 14 14 14]
[21:39:24.598] [CTRL ] RAW: 06 10 30 30 30 30 2E 30 30 33 2E 30 38 32 30 30 30 31 2E 30 33 31 2E 30 30 30 30 30 30 32 2E 30 30 32 2E 30 30 31 30 30 30 32 2E 30 30 31 2E 30 30 30 00 00 00 00 00 00 00 00 00 00 00 00 00 00
[21:39:24.598] [CTRL ] 0x10  Firmware        → '0000.003.0820001.031.0000002.002.0010002.001.000'
[21:39:24.660] [CTRL ] RAW: 06 12 36 31 35 32 30 34 38 33 31 33 32 32 32 35 30 30 37 34 37 00 00 00 00 00 00 00 00 00 00 00 00 00 00 00 00 00 00 00 00 00 00 00 00 00 00 00 00 00 00 00 00 00 00 00 00 00 00 00 00 00 00 00
[21:39:24.660] [CTRL ] 0x12  Serial          → '6152048313222500747'
[21:39:27.308] [EVT  ] RAW: 07 BB 00 00 00 00 00 00 00 00 00 00 00 00 00 00 00 00 00 00 00 00 00 00 00 00 00 00 00 00 00 00 00 00 00 00 00 00 00 00 00 00 00 00 00 00 00 00 00 00 00 00 00 00 00 00 00 00 00 00 00 00 00 00
[21:39:27.308] [EVT  ] 0xBB  Mic Mute        → unmuted
[21:39:28.875] [EVT  ] RAW: 07 BB 01 00 00 00 00 00 00 00 00 00 00 00 00 00 00 00 00 00 00 00 00 00 00 00 00 00 00 00 00 00 00 00 00 00 00 00 00 00 00 00 00 00 00 00 00 00 00 00 00 00 00 00 00 00 00 00 00 00 00 00 00 00
[21:39:28.877] [EVT  ] 0xBB  Mic Mute        → muted
[21:39:49.992] [CTRL ] RAW: 06 B7 05 08 08 00 00 00 00 00 00 00 00 00 00 00 00 00 00 00 00 00 00 00 00 00 00 00 00 00 00 00 00 00 00 00 00 00 00 00 00 00 00 00 00 00 00 00 00 00 00 00 00 00 00 00 00 00 00 00 00 00 00 00
[21:39:49.992] [CTRL ] 0xB7  Battery         → headset=62% dock=100%  [4]=0x08
[21:39:50.054] [CTRL ] RAW: 06 B0 00 00 04 01 05 08 08 01 01 0A 05 00 08 08 00 00 00 00 00 00 00 00 00 00 00 00 00 00 00 00 00 00 00 00 00 00 00 00 00 00 00 00 00 00 00 00 00 00 00 00 00 00 00 00 00 00 00 00 00 00 00 00
[21:39:50.054] [CTRL ] 0xB0  Status (partial)→ headset_bat=62%  dock_bat=100%  [2-5]=00 00 04 01  [8-15]=08 01 01 0A 05 00 08 08
[21:39:50.116] [CTRL ] RAW: 06 B7 05 08 08 00 00 00 00 00 00 00 00 00 00 00 00 00 00 00 00 00 00 00 00 00 00 00 00 00 00 00 00 00 00 00 00 00 00 00 00 00 00 00 00 00 00 00 00 00 00 00 00 00 00 00 00 00 00 00 00 00 00 00
[21:39:50.116] [CTRL ] 0xB7  Battery         → headset=62% dock=100%  [4]=0x08
[21:39:50.188] [CTRL ] RAW: 06 B0 00 00 04 01 05 08 08 01 01 0A 05 00 08 08 00 00 00 00 00 00 00 00 00 00 00 00 00 00 00 00 00 00 00 00 00 00 00 00 00 00 00 00 00 00 00 00 00 00 00 00 00 00 00 00 00 00 00 00 00 00 00 00
[21:39:50.188] [CTRL ] 0xB0  Status (partial)→ headset_bat=62%  dock_bat=100%  [2-5]=00 00 04 01  [8-15]=08 01 01 0A 05 00 08 08
[21:39:50.284] [CTRL ] RAW: 06 B7 05 08 08 00 00 00 00 00 00 00 00 00 00 00 00 00 00 00 00 00 00 00 00 00 00 00 00 00 00 00 00 00 00 00 00 00 00 00 00 00 00 00 00 00 00 00 00 00 00 00 00 00 00 00 00 00 00 00 00 00 00 00
[21:39:50.284] [CTRL ] 0xB7  Battery         → headset=62% dock=100%  [4]=0x08
[21:39:50.363] [CTRL ] RAW: 06 B0 00 00 04 01 05 08 08 01 01 0A 05 00 08 08 00 00 00 00 00 00 00 00 00 00 00 00 00 00 00 00 00 00 00 00 00 00 00 00 00 00 00 00 00 00 00 00 00 00 00 00 00 00 00 00 00 00 00 00 00 00 00 00
[21:39:50.363] [CTRL ] 0xB0  Status (partial)→ headset_bat=62%  dock_bat=100%  [2-5]=00 00 04 01  [8-15]=08 01 01 0A 05 00 08 08
[21:39:50.812] [CTRL ] RAW: 06 10 30 30 30 30 2E 30 30 33 2E 30 38 32 30 30 30 31 2E 30 33 31 2E 30 30 30 30 30 30 32 2E 30 30 32 2E 30 30 31 30 30 30 32 2E 30 30 31 2E 30 30 30 00 00 00 00 00 00 00 00 00 00 00 00 00 00
[21:39:50.812] [CTRL ] 0x10  Firmware        → '0000.003.0820001.031.0000002.002.0010002.001.000'
[21:39:50.892] [CTRL ] RAW: 06 10 30 30 30 30 2E 30 30 33 2E 30 38 32 30 30 30 31 2E 30 33 31 2E 30 30 30 30 30 30 32 2E 30 30 32 2E 30 30 31 30 30 30 32 2E 30 30 31 2E 30 30 30 00 00 00 00 00 00 00 00 00 00 00 00 00 00
[21:39:50.892] [CTRL ] 0x10  Firmware        → '0000.003.0820001.031.0000002.002.0010002.001.000'
[21:39:51.833] [CTRL ] RAW: 06 10 30 30 30 30 2E 30 30 33 2E 30 38 32 30 30 30 31 2E 30 33 31 2E 30 30 30 30 30 30 32 2E 30 30 32 2E 30 30 31 30 30 30 32 2E 30 30 31 2E 30 30 30 00 00 00 00 00 00 00 00 00 00 00 00 00 00
[21:39:51.833] [CTRL ] 0x10  Firmware        → '0000.003.0820001.031.0000002.002.0010002.001.000'
[21:43:11.435] [EVT  ] RAW: 07 83 02 00 00 00 00 00 00 00 00 00 00 00 00 00 00 00 00 00 00 00 00 00 00 00 00 00 00 00 00 00 00 00 00 00 00 00 00 00 00 00 00 00 00 00 00 00 00 00 00 00 00 00 00 00 00 00 00 00 00 00 00 00
[21:43:11.435] [EVT  ] 0x83  0x83 (dim screen?)   → 2  (range 0–6)
[21:43:11.644] [EVT  ] RAW: 07 83 01 00 00 00 00 00 00 00 00 00 00 00 00 00 00 00 00 00 00 00 00 00 00 00 00 00 00 00 00 00 00 00 00 00 00 00 00 00 00 00 00 00 00 00 00 00 00 00 00 00 00 00 00 00 00 00 00 00 00 00 00 00
[21:43:11.644] [EVT  ] 0x83  0x83 (dim screen?)   → 1  (range 0–6)
[21:43:13.453] [EVT  ] RAW: 07 83 00 00 00 00 00 00 00 00 00 00 00 00 00 00 00 00 00 00 00 00 00 00 00 00 00 00 00 00 00 00 00 00 00 00 00 00 00 00 00 00 00 00 00 00 00 00 00 00 00 00 00 00 00 00 00 00 00 00 00 00 00 00
[21:43:13.453] [EVT  ] 0x83  0x83 (dim screen?)   → 0  (range 0–6)
[21:43:15.388] [EVT  ] RAW: 07 83 01 00 00 00 00 00 00 00 00 00 00 00 00 00 00 00 00 00 00 00 00 00 00 00 00 00 00 00 00 00 00 00 00 00 00 00 00 00 00 00 00 00 00 00 00 00 00 00 00 00 00 00 00 00 00 00 00 00 00 00 00 00
[21:43:15.388] [EVT  ] 0x83  0x83 (dim screen?)   → 1  (range 0–6)
[21:43:15.500] [EVT  ] RAW: 07 83 02 00 00 00 00 00 00 00 00 00 00 00 00 00 00 00 00 00 00 00 00 00 00 00 00 00 00 00 00 00 00 00 00 00 00 00 00 00 00 00 00 00 00 00 00 00 00 00 00 00 00 00 00 00 00 00 00 00 00 00 00 00
[21:43:15.500] [EVT  ] 0x83  0x83 (dim screen?)   → 2  (range 0–6)
[21:43:15.611] [EVT  ] RAW: 07 83 03 00 00 00 00 00 00 00 00 00 00 00 00 00 00 00 00 00 00 00 00 00 00 00 00 00 00 00 00 00 00 00 00 00 00 00 00 00 00 00 00 00 00 00 00 00 00 00 00 00 00 00 00 00 00 00 00 00 00 00 00 00
[21:43:15.613] [EVT  ] 0x83  0x83 (dim screen?)   → 3  (range 0–6)
[21:43:15.708] [EVT  ] RAW: 07 83 04 00 00 00 00 00 00 00 00 00 00 00 00 00 00 00 00 00 00 00 00 00 00 00 00 00 00 00 00 00 00 00 00 00 00 00 00 00 00 00 00 00 00 00 00 00 00 00 00 00 00 00 00 00 00 00 00 00 00 00 00 00
[21:43:15.709] [EVT  ] 0x83  0x83 (dim screen?)   → 4  (range 0–6)
[21:43:15.820] [EVT  ] RAW: 07 83 05 00 00 00 00 00 00 00 00 00 00 00 00 00 00 00 00 00 00 00 00 00 00 00 00 00 00 00 00 00 00 00 00 00 00 00 00 00 00 00 00 00 00 00 00 00 00 00 00 00 00 00 00 00 00 00 00 00 00 00 00 00
[21:43:15.821] [EVT  ] 0x83  0x83 (dim screen?)   → 5  (range 0–6)
[21:43:16.256] [EVT  ] RAW: 07 83 06 00 00 00 00 00 00 00 00 00 00 00 00 00 00 00 00 00 00 00 00 00 00 00 00 00 00 00 00 00 00 00 00 00 00 00 00 00 00 00 00 00 00 00 00 00 00 00 00 00 00 00 00 00 00 00 00 00 00 00 00 00
[21:43:16.256] [EVT  ] 0x83  0x83 (dim screen?)   → 6  (range 0–6)
[21:43:34.940] [EVT  ] RAW: 07 83 04 00 00 00 00 00 00 00 00 00 00 00 00 00 00 00 00 00 00 00 00 00 00 00 00 00 00 00 00 00 00 00 00 00 00 00 00 00 00 00 00 00 00 00 00 00 00 00 00 00 00 00 00 00 00 00 00 00 00 00 00 00
[21:43:34.940] [EVT  ] 0x83  0x83 (dim screen?)   → 4  (range 0–6)
[21:43:35.052] [EVT  ] RAW: 07 83 03 00 00 00 00 00 00 00 00 00 00 00 00 00 00 00 00 00 00 00 00 00 00 00 00 00 00 00 00 00 00 00 00 00 00 00 00 00 00 00 00 00 00 00 00 00 00 00 00 00 00 00 00 00 00 00 00 00 00 00 00 00
[21:43:35.052] [EVT  ] 0x83  0x83 (dim screen?)   → 3  (range 0–6)
[21:43:35.491] [EVT  ] RAW: 07 83 02 00 00 00 00 00 00 00 00 00 00 00 00 00 00 00 00 00 00 00 00 00 00 00 00 00 00 00 00 00 00 00 00 00 00 00 00 00 00 00 00 00 00 00 00 00 00 00 00 00 00 00 00 00 00 00 00 00 00 00 00 00
[21:43:35.491] [EVT  ] 0x83  0x83 (dim screen?)   → 2  (range 0–6)
[21:43:35.564] [EVT  ] RAW: 07 83 01 00 00 00 00 00 00 00 00 00 00 00 00 00 00 00 00 00 00 00 00 00 00 00 00 00 00 00 00 00 00 00 00 00 00 00 00 00 00 00 00 00 00 00 00 00 00 00 00 00 00 00 00 00 00 00 00 00 00 00 00 00
[21:43:35.564] [EVT  ] 0x83  0x83 (dim screen?)   → 1  (range 0–6)
[21:43:38.992] [EVT  ] RAW: 07 83 02 00 00 00 00 00 00 00 00 00 00 00 00 00 00 00 00 00 00 00 00 00 00 00 00 00 00 00 00 00 00 00 00 00 00 00 00 00 00 00 00 00 00 00 00 00 00 00 00 00 00 00 00 00 00 00 00 00 00 00 00 00
[21:43:38.992] [EVT  ] 0x83  0x83 (dim screen?)   → 2  (range 0–6)
[21:43:41.660] [EVT  ] RAW: 07 83 03 00 00 00 00 00 00 00 00 00 00 00 00 00 00 00 00 00 00 00 00 00 00 00 00 00 00 00 00 00 00 00 00 00 00 00 00 00 00 00 00 00 00 00 00 00 00 00 00 00 00 00 00 00 00 00 00 00 00 00 00 00
[21:43:41.660] [EVT  ] 0x83  0x83 (dim screen?)   → 3  (range 0–6)
[21:43:44.364] [EVT  ] RAW: 07 83 04 00 00 00 00 00 00 00 00 00 00 00 00 00 00 00 00 00 00 00 00 00 00 00 00 00 00 00 00 00 00 00 00 00 00 00 00 00 00 00 00 00 00 00 00 00 00 00 00 00 00 00 00 00 00 00 00 00 00 00 00 00
[21:43:44.364] [EVT  ] 0x83  0x83 (dim screen?)   → 4  (range 0–6)
[21:43:47.564] [EVT  ] RAW: 07 83 05 00 00 00 00 00 00 00 00 00 00 00 00 00 00 00 00 00 00 00 00 00 00 00 00 00 00 00 00 00 00 00 00 00 00 00 00 00 00 00 00 00 00 00 00 00 00 00 00 00 00 00 00 00 00 00 00 00 00 00 00 00
[21:43:47.564] [EVT  ] 0x83  0x83 (dim screen?)   → 5  (range 0–6)
[21:43:47.772] [EVT  ] RAW: 07 83 06 00 00 00 00 00 00 00 00 00 00 00 00 00 00 00 00 00 00 00 00 00 00 00 00 00 00 00 00 00 00 00 00 00 00 00 00 00 00 00 00 00 00 00 00 00 00 00 00 00 00 00 00 00 00 00 00 00 00 00 00 00
[21:43:47.772] [EVT  ] 0x83  0x83 (dim screen?)   → 6  (range 0–6)
[21:43:57.852] [EVT  ] RAW: 07 89 00 00 00 00 00 00 00 00 00 00 00 00 00 00 00 00 00 00 00 00 00 00 00 00 00 00 00 00 00 00 00 00 00 00 00 00 00 00 00 00 00 00 00 00 00 00 00 00 00 00 00 00 00 00 00 00 00 00 00 00 00 00
[21:43:57.852] [EVT  ] 0x89  0x89 (home screen?)  → 0 (detailed?)
[21:43:59.156] [EVT  ] RAW: 07 89 01 00 00 00 00 00 00 00 00 00 00 00 00 00 00 00 00 00 00 00 00 00 00 00 00 00 00 00 00 00 00 00 00 00 00 00 00 00 00 00 00 00 00 00 00 00 00 00 00 00 00 00 00 00 00 00 00 00 00 00 00 00
[21:43:59.156] [EVT  ] 0x89  0x89 (home screen?)  → 1 (simple?)
[21:44:33.227] [EVT  ] RAW: 07 BF 09 00 00 00 00 00 00 00 00 00 00 00 00 00 00 00 00 00 00 00 00 00 00 00 00 00 00 00 00 00 00 00 00 00 00 00 00 00 00 00 00 00 00 00 00 00 00 00 00 00 00 00 00 00 00 00 00 00 00 00 00 00
[21:44:33.229] [EVT  ] 0xBF  0xBF (mic LED?)      → 9  (range 1–10)
[21:44:33.323] [EVT  ] RAW: 07 BF 08 00 00 00 00 00 00 00 00 00 00 00 00 00 00 00 00 00 00 00 00 00 00 00 00 00 00 00 00 00 00 00 00 00 00 00 00 00 00 00 00 00 00 00 00 00 00 00 00 00 00 00 00 00 00 00 00 00 00 00 00 00
[21:44:33.323] [EVT  ] 0xBF  0xBF (mic LED?)      → 8  (range 1–10)
[21:44:34.668] [EVT  ] RAW: 07 BF 09 00 00 00 00 00 00 00 00 00 00 00 00 00 00 00 00 00 00 00 00 00 00 00 00 00 00 00 00 00 00 00 00 00 00 00 00 00 00 00 00 00 00 00 00 00 00 00 00 00 00 00 00 00 00 00 00 00 00 00 00 00
[21:44:34.668] [EVT  ] 0xBF  0xBF (mic LED?)      → 9  (range 1–10)
[21:44:34.780] [EVT  ] RAW: 07 BF 0A 00 00 00 00 00 00 00 00 00 00 00 00 00 00 00 00 00 00 00 00 00 00 00 00 00 00 00 00 00 00 00 00 00 00 00 00 00 00 00 00 00 00 00 00 00 00 00 00 00 00 00 00 00 00 00 00 00 00 00 00 00
[21:44:34.781] [EVT  ] 0xBF  0xBF (mic LED?)      → 10  (range 1–10)
[21:45:10.334] [EVT  ] RAW: 07 C1 06 00 00 00 00 00 00 00 00 00 00 00 00 00 00 00 00 00 00 00 00 00 00 00 00 00 00 00 00 00 00 00 00 00 00 00 00 00 00 00 00 00 00 00 00 00 00 00 00 00 00 00 00 00 00 00 00 00 00 00 00 00
[21:45:10.334] [EVT  ] 0xC1  0xC1 (auto off?)     → 6  (range 0–6)
[21:45:14.060] [EVT  ] RAW: 07 C1 05 00 00 00 00 00 00 00 00 00 00 00 00 00 00 00 00 00 00 00 00 00 00 00 00 00 00 00 00 00 00 00 00 00 00 00 00 00 00 00 00 00 00 00 00 00 00 00 00 00 00 00 00 00 00 00 00 00 00 00 00 00
[21:45:14.060] [EVT  ] 0xC1  0xC1 (auto off?)     → 5  (range 0–6)
[21:45:14.155] [EVT  ] RAW: 07 C1 03 00 00 00 00 00 00 00 00 00 00 00 00 00 00 00 00 00 00 00 00 00 00 00 00 00 00 00 00 00 00 00 00 00 00 00 00 00 00 00 00 00 00 00 00 00 00 00 00 00 00 00 00 00 00 00 00 00 00 00 00 00
[21:45:14.157] [EVT  ] 0xC1  0xC1 (auto off?)     → 3  (range 0–6)
[21:45:14.267] [EVT  ] RAW: 07 C1 02 00 00 00 00 00 00 00 00 00 00 00 00 00 00 00 00 00 00 00 00 00 00 00 00 00 00 00 00 00 00 00 00 00 00 00 00 00 00 00 00 00 00 00 00 00 00 00 00 00 00 00 00 00 00 00 00 00 00 00 00 00
[21:45:14.267] [EVT  ] 0xC1  0xC1 (auto off?)     → 2  (range 0–6)
[21:45:14.364] [EVT  ] RAW: 07 C1 01 00 00 00 00 00 00 00 00 00 00 00 00 00 00 00 00 00 00 00 00 00 00 00 00 00 00 00 00 00 00 00 00 00 00 00 00 00 00 00 00 00 00 00 00 00 00 00 00 00 00 00 00 00 00 00 00 00 00 00 00 00
[21:45:14.364] [EVT  ] 0xC1  0xC1 (auto off?)     → 1  (range 0–6)
[21:45:14.476] [EVT  ] RAW: 07 C1 00 00 00 00 00 00 00 00 00 00 00 00 00 00 00 00 00 00 00 00 00 00 00 00 00 00 00 00 00 00 00 00 00 00 00 00 00 00 00 00 00 00 00 00 00 00 00 00 00 00 00 00 00 00 00 00 00 00 00 00 00 00
[21:45:14.476] [EVT  ] 0xC1  0xC1 (auto off?)     → 0  (range 0–6)
[21:45:30.412] [EVT  ] RAW: 07 C1 01 00 00 00 00 00 00 00 00 00 00 00 00 00 00 00 00 00 00 00 00 00 00 00 00 00 00 00 00 00 00 00 00 00 00 00 00 00 00 00 00 00 00 00 00 00 00 00 00 00 00 00 00 00 00 00 00 00 00 00 00 00
[21:45:30.412] [EVT  ] 0xC1  0xC1 (auto off?)     → 1  (range 0–6)
[21:45:30.850] [EVT  ] RAW: 07 C1 02 00 00 00 00 00 00 00 00 00 00 00 00 00 00 00 00 00 00 00 00 00 00 00 00 00 00 00 00 00 00 00 00 00 00 00 00 00 00 00 00 00 00 00 00 00 00 00 00 00 00 00 00 00 00 00 00 00 00 00 00 00
[21:45:30.850] [EVT  ] 0xC1  0xC1 (auto off?)     → 2  (range 0–6)
[21:45:33.533] [EVT  ] RAW: 07 C1 03 00 00 00 00 00 00 00 00 00 00 00 00 00 00 00 00 00 00 00 00 00 00 00 00 00 00 00 00 00 00 00 00 00 00 00 00 00 00 00 00 00 00 00 00 00 00 00 00 00 00 00 00 00 00 00 00 00 00 00 00 00
[21:45:33.533] [EVT  ] 0xC1  0xC1 (auto off?)     → 3  (range 0–6)
[21:45:36.204] [EVT  ] RAW: 07 C1 04 00 00 00 00 00 00 00 00 00 00 00 00 00 00 00 00 00 00 00 00 00 00 00 00 00 00 00 00 00 00 00 00 00 00 00 00 00 00 00 00 00 00 00 00 00 00 00 00 00 00 00 00 00 00 00 00 00 00 00 00 00
[21:45:36.204] [EVT  ] 0xC1  0xC1 (auto off?)     → 4  (range 0–6)
[21:45:39.324] [EVT  ] RAW: 07 C1 05 00 00 00 00 00 00 00 00 00 00 00 00 00 00 00 00 00 00 00 00 00 00 00 00 00 00 00 00 00 00 00 00 00 00 00 00 00 00 00 00 00 00 00 00 00 00 00 00 00 00 00 00 00 00 00 00 00 00 00 00 00
[21:45:39.324] [EVT  ] 0xC1  0xC1 (auto off?)     → 5  (range 0–6)
[21:45:42.427] [EVT  ] RAW: 07 C1 06 00 00 00 00 00 00 00 00 00 00 00 00 00 00 00 00 00 00 00 00 00 00 00 00 00 00 00 00 00 00 00 00 00 00 00 00 00 00 00 00 00 00 00 00 00 00 00 00 00 00 00 00 00 00 00 00 00 00 00 00 00
[21:45:42.429] [EVT  ] 0xC1  0xC1 (auto off?)     → 6  (range 0–6)
[21:46:53.573] 
[INFO ] Stopped by user.
