[22:00:38.537] [INFO ] Control handle opened  (0xFFC0): \\?\HID#VID_1038&PID_12E0&MI_04&Col01#8&26fe868d&0&0000#{4d1e55b2-f16f-11cf-88cb-001111000030}
[22:00:38.538] [INFO ] Events  handle opened  (0xFF00): \\?\HID#VID_1038&PID_12E0&MI_04&Col02#8&26fe868d&0&0001#{4d1e55b2-f16f-11cf-88cb-001111000030}
[22:00:38.538] 
[22:00:38.539] [INFO ] Sending candidate query commands (Nova 7X origin, verifying on Nova Pro)…
[22:00:38.540] [QUERY] TX  0xB0  status        (battery, partial decode – see HidCommands.md §6.1)
[22:00:38.540] [QUERY]     06 B0 00 00 00 00 00 00 00 00 00 00 00 00 00 00 00 00 00 00 00 00 00 00 00 00 00 00 00 00 00 00 00 00 00 00 00 00 00 00 00 00 00 00 00 00 00 00 00 00 00 00 00 00 00 00 00 00 00 00 00 00 00 00
[22:00:38.637] [QUERY] TX  0x20  mic / EQ      (gain level, sidetone raw, 10 EQ band values)
[22:00:38.637] [QUERY]     06 20 00 00 00 00 00 00 00 00 00 00 00 00 00 00 00 00 00 00 00 00 00 00 00 00 00 00 00 00 00 00 00 00 00 00 00 00 00 00 00 00 00 00 00 00 00 00 00 00 00 00 00 00 00 00 00 00 00 00 00 00 00 00
[22:00:38.733] [QUERY] TX  0x10  firmware ver  (ASCII string)
[22:00:38.733] [QUERY]     06 10 00 00 00 00 00 00 00 00 00 00 00 00 00 00 00 00 00 00 00 00 00 00 00 00 00 00 00 00 00 00 00 00 00 00 00 00 00 00 00 00 00 00 00 00 00 00 00 00 00 00 00 00 00 00 00 00 00 00 00 00 00 00
[22:00:38.829] [QUERY] TX  0x12  serial number (ASCII string)
[22:00:38.829] [QUERY]     06 12 00 00 00 00 00 00 00 00 00 00 00 00 00 00 00 00 00 00 00 00 00 00 00 00 00 00 00 00 00 00 00 00 00 00 00 00 00 00 00 00 00 00 00 00 00 00 00 00 00 00 00 00 00 00 00 00 00 00 00 00 00 00
[22:00:38.925] 
[22:00:38.925] [INFO ] Event loop active – interact with the headset. Ctrl+C to stop.
[22:00:38.925] [INFO ] Try: volume wheel, mute button, ANC button, ChatMix dial, gain button.
[22:00:38.925] 
[22:00:38.925] [CTRL ] RAW: 06 B0 00 00 04 01 04 08 08 00 00 0A 06 00 08 08 00 00 00 00 00 00 00 00 00 00 00 00 00 00 00 00 00 00 00 00 00 00 00 00 00 00 00 00 00 00 00 00 00 00 00 00 00 00 00 00 00 00 00 00 00 00 00 00
[22:00:38.925] [CTRL ] 0xB0  Status          → headset_bat=50%  dock_bat=100%  conn=2.4GHz+BT  mic_mute=unmuted  vol?=10  anc?=0x00  [2-3]=00 00  [5]=1
[22:00:38.980] [CTRL ] RAW: 06 20 01 00 02 00 00 14 14 14 14 14 14 14 14 14 14 0A 00 02 64 64 64 00 64 64 00 00 00 00 00 00 00 00 00 00 00 00 00 00 00 00 00 00 00 00 00 00 00 00 00 00 00 00 00 00 00 00 00 00 00 00 00 00
[22:00:38.980] [CTRL ] 0x20  Mic/EQ          → gain=high  mic_vol=10  sidetone=off  [2]=0x01  [3]=0x00  chatmix_game?=100  chatmix_chat?=100  eq_bands=[14 14 14 14 14 14 14 14 14 14]
[22:00:39.042] [CTRL ] RAW: 06 10 30 30 30 30 2E 30 30 33 2E 30 38 32 30 30 30 31 2E 30 33 31 2E 30 30 30 30 30 30 32 2E 30 30 32 2E 30 30 31 30 30 30 32 2E 30 30 31 2E 30 30 30 00 00 00 00 00 00 00 00 00 00 00 00 00 00
[22:00:39.042] [CTRL ] 0x10  Firmware        → '0000.003.0820001.031.0000002.002.0010002.001.000'
[22:00:39.104] [CTRL ] RAW: 06 12 36 31 35 32 30 34 38 33 31 33 32 32 32 35 30 30 37 34 37 00 00 00 00 00 00 00 00 00 00 00 00 00 00 00 00 00 00 00 00 00 00 00 00 00 00 00 00 00 00 00 00 00 00 00 00 00 00 00 00 00 00 00
[22:00:39.104] [CTRL ] 0x12  Serial          → '6152048313222500747'
[22:00:41.531] [EVT  ] RAW: 07 25 02 00 00 00 00 00 00 00 00 00 00 00 00 00 00 00 00 00 00 00 00 00 00 00 00 00 00 00 00 00 00 00 00 00 00 00 00 00 00 00 00 00 00 00 00 00 00 00 00 00 00 00 00 00 00 00 00 00 00 00 00 00
[22:00:41.531] [EVT  ] 0x25  Volume          → 96% (raw=0x02)
[22:00:41.644] [EVT  ] RAW: 07 25 04 00 00 00 00 00 00 00 00 00 00 00 00 00 00 00 00 00 00 00 00 00 00 00 00 00 00 00 00 00 00 00 00 00 00 00 00 00 00 00 00 00 00 00 00 00 00 00 00 00 00 00 00 00 00 00 00 00 00 00 00 00
[22:00:41.645] [EVT  ] 0x25  Volume          → 93% (raw=0x04)
[22:00:41.740] [EVT  ] RAW: 07 25 05 00 00 00 00 00 00 00 00 00 00 00 00 00 00 00 00 00 00 00 00 00 00 00 00 00 00 00 00 00 00 00 00 00 00 00 00 00 00 00 00 00 00 00 00 00 00 00 00 00 00 00 00 00 00 00 00 00 00 00 00 00
[22:00:41.741] [EVT  ] 0x25  Volume          → 91% (raw=0x05)
[22:00:42.060] [EVT  ] RAW: 07 25 06 00 00 00 00 00 00 00 00 00 00 00 00 00 00 00 00 00 00 00 00 00 00 00 00 00 00 00 00 00 00 00 00 00 00 00 00 00 00 00 00 00 00 00 00 00 00 00 00 00 00 00 00 00 00 00 00 00 00 00 00 00
[22:00:42.060] [EVT  ] 0x25  Volume          → 89% (raw=0x06)
[22:00:42.156] [EVT  ] RAW: 07 25 08 00 00 00 00 00 00 00 00 00 00 00 00 00 00 00 00 00 00 00 00 00 00 00 00 00 00 00 00 00 00 00 00 00 00 00 00 00 00 00 00 00 00 00 00 00 00 00 00 00 00 00 00 00 00 00 00 00 00 00 00 00
[22:00:42.157] [EVT  ] 0x25  Volume          → 86% (raw=0x08)
[22:00:42.268] [EVT  ] RAW: 07 25 09 00 00 00 00 00 00 00 00 00 00 00 00 00 00 00 00 00 00 00 00 00 00 00 00 00 00 00 00 00 00 00 00 00 00 00 00 00 00 00 00 00 00 00 00 00 00 00 00 00 00 00 00 00 00 00 00 00 00 00 00 00
[22:00:42.269] [EVT  ] 0x25  Volume          → 84% (raw=0x09)
[22:00:42.572] [EVT  ] RAW: 07 25 0C 00 00 00 00 00 00 00 00 00 00 00 00 00 00 00 00 00 00 00 00 00 00 00 00 00 00 00 00 00 00 00 00 00 00 00 00 00 00 00 00 00 00 00 00 00 00 00 00 00 00 00 00 00 00 00 00 00 00 00 00 00
[22:00:42.572] [EVT  ] 0x25  Volume          → 79% (raw=0x0C)
[22:00:42.684] [EVT  ] RAW: 07 25 0D 00 00 00 00 00 00 00 00 00 00 00 00 00 00 00 00 00 00 00 00 00 00 00 00 00 00 00 00 00 00 00 00 00 00 00 00 00 00 00 00 00 00 00 00 00 00 00 00 00 00 00 00 00 00 00 00 00 00 00 00 00
[22:00:42.684] [EVT  ] 0x25  Volume          → 77% (raw=0x0D)
[22:00:42.892] [EVT  ] RAW: 07 25 0E 00 00 00 00 00 00 00 00 00 00 00 00 00 00 00 00 00 00 00 00 00 00 00 00 00 00 00 00 00 00 00 00 00 00 00 00 00 00 00 00 00 00 00 00 00 00 00 00 00 00 00 00 00 00 00 00 00 00 00 00 00
[22:00:42.893] [EVT  ] 0x25  Volume          → 75% (raw=0x0E)
[22:00:43.004] [EVT  ] RAW: 07 25 10 00 00 00 00 00 00 00 00 00 00 00 00 00 00 00 00 00 00 00 00 00 00 00 00 00 00 00 00 00 00 00 00 00 00 00 00 00 00 00 00 00 00 00 00 00 00 00 00 00 00 00 00 00 00 00 00 00 00 00 00 00
[22:00:43.004] [EVT  ] 0x25  Volume          → 71% (raw=0x10)
[22:00:43.100] [EVT  ] RAW: 07 25 11 00 00 00 00 00 00 00 00 00 00 00 00 00 00 00 00 00 00 00 00 00 00 00 00 00 00 00 00 00 00 00 00 00 00 00 00 00 00 00 00 00 00 00 00 00 00 00 00 00 00 00 00 00 00 00 00 00 00 00 00 00
[22:00:43.100] [EVT  ] 0x25  Volume          → 70% (raw=0x11)
[22:00:43.307] [EVT  ] RAW: 07 25 13 00 00 00 00 00 00 00 00 00 00 00 00 00 00 00 00 00 00 00 00 00 00 00 00 00 00 00 00 00 00 00 00 00 00 00 00 00 00 00 00 00 00 00 00 00 00 00 00 00 00 00 00 00 00 00 00 00 00 00 00 00
[22:00:43.307] [EVT  ] 0x25  Volume          → 66% (raw=0x13)
[22:00:43.420] [EVT  ] RAW: 07 25 15 00 00 00 00 00 00 00 00 00 00 00 00 00 00 00 00 00 00 00 00 00 00 00 00 00 00 00 00 00 00 00 00 00 00 00 00 00 00 00 00 00 00 00 00 00 00 00 00 00 00 00 00 00 00 00 00 00 00 00 00 00
[22:00:43.420] [EVT  ] 0x25  Volume          → 62% (raw=0x15)
[22:00:43.612] [EVT  ] RAW: 07 25 16 00 00 00 00 00 00 00 00 00 00 00 00 00 00 00 00 00 00 00 00 00 00 00 00 00 00 00 00 00 00 00 00 00 00 00 00 00 00 00 00 00 00 00 00 00 00 00 00 00 00 00 00 00 00 00 00 00 00 00 00 00
[22:00:43.613] [EVT  ] 0x25  Volume          → 61% (raw=0x16)
[22:00:43.724] [EVT  ] RAW: 07 25 18 00 00 00 00 00 00 00 00 00 00 00 00 00 00 00 00 00 00 00 00 00 00 00 00 00 00 00 00 00 00 00 00 00 00 00 00 00 00 00 00 00 00 00 00 00 00 00 00 00 00 00 00 00 00 00 00 00 00 00 00 00
[22:00:43.724] [EVT  ] 0x25  Volume          → 57% (raw=0x18)
[22:00:43.820] [EVT  ] RAW: 07 25 19 00 00 00 00 00 00 00 00 00 00 00 00 00 00 00 00 00 00 00 00 00 00 00 00 00 00 00 00 00 00 00 00 00 00 00 00 00 00 00 00 00 00 00 00 00 00 00 00 00 00 00 00 00 00 00 00 00 00 00 00 00
[22:00:43.821] [EVT  ] 0x25  Volume          → 55% (raw=0x19)
[22:00:43.995] [EVT  ] RAW: 07 25 1A 00 00 00 00 00 00 00 00 00 00 00 00 00 00 00 00 00 00 00 00 00 00 00 00 00 00 00 00 00 00 00 00 00 00 00 00 00 00 00 00 00 00 00 00 00 00 00 00 00 00 00 00 00 00 00 00 00 00 00 00 00
[22:00:43.995] [EVT  ] 0x25  Volume          → 54% (raw=0x1A)
[22:00:44.107] [EVT  ] RAW: 07 25 1C 00 00 00 00 00 00 00 00 00 00 00 00 00 00 00 00 00 00 00 00 00 00 00 00 00 00 00 00 00 00 00 00 00 00 00 00 00 00 00 00 00 00 00 00 00 00 00 00 00 00 00 00 00 00 00 00 00 00 00 00 00
[22:00:44.109] [EVT  ] 0x25  Volume          → 50% (raw=0x1C)
[22:00:44.540] [EVT  ] RAW: 07 25 1D 00 00 00 00 00 00 00 00 00 00 00 00 00 00 00 00 00 00 00 00 00 00 00 00 00 00 00 00 00 00 00 00 00 00 00 00 00 00 00 00 00 00 00 00 00 00 00 00 00 00 00 00 00 00 00 00 00 00 00 00 00
[22:00:44.540] [EVT  ] 0x25  Volume          → 48% (raw=0x1D)
[22:00:44.620] [EVT  ] RAW: 07 25 20 00 00 00 00 00 00 00 00 00 00 00 00 00 00 00 00 00 00 00 00 00 00 00 00 00 00 00 00 00 00 00 00 00 00 00 00 00 00 00 00 00 00 00 00 00 00 00 00 00 00 00 00 00 00 00 00 00 00 00 00 00
[22:00:44.620] [EVT  ] 0x25  Volume          → 43% (raw=0x20)
[22:00:45.785] 
[INFO ] Stopped by user.
