[21:59:47.308] [INFO ] Control handle opened  (0xFFC0): \\?\HID#VID_1038&PID_12E0&MI_04&Col01#8&26fe868d&0&0000#{4d1e55b2-f16f-11cf-88cb-001111000030}
[21:59:47.308] [INFO ] Events  handle opened  (0xFF00): \\?\HID#VID_1038&PID_12E0&MI_04&Col02#8&26fe868d&0&0001#{4d1e55b2-f16f-11cf-88cb-001111000030}
[21:59:47.310] 
[21:59:47.310] [INFO ] Sending candidate query commands (Nova 7X origin, verifying on Nova Pro)…
[21:59:47.310] [QUERY] TX  0xB0  status        (battery, partial decode – see HidCommands.md §6.1)
[21:59:47.310] [QUERY]     06 B0 00 00 00 00 00 00 00 00 00 00 00 00 00 00 00 00 00 00 00 00 00 00 00 00 00 00 00 00 00 00 00 00 00 00 00 00 00 00 00 00 00 00 00 00 00 00 00 00 00 00 00 00 00 00 00 00 00 00 00 00 00 00
[21:59:47.405] [QUERY] TX  0x20  mic / EQ      (gain level, sidetone raw, 10 EQ band values)
[21:59:47.405] [QUERY]     06 20 00 00 00 00 00 00 00 00 00 00 00 00 00 00 00 00 00 00 00 00 00 00 00 00 00 00 00 00 00 00 00 00 00 00 00 00 00 00 00 00 00 00 00 00 00 00 00 00 00 00 00 00 00 00 00 00 00 00 00 00 00 00
[21:59:47.501] [QUERY] TX  0x10  firmware ver  (ASCII string)
[21:59:47.501] [QUERY]     06 10 00 00 00 00 00 00 00 00 00 00 00 00 00 00 00 00 00 00 00 00 00 00 00 00 00 00 00 00 00 00 00 00 00 00 00 00 00 00 00 00 00 00 00 00 00 00 00 00 00 00 00 00 00 00 00 00 00 00 00 00 00 00
[21:59:47.597] [QUERY] TX  0x12  serial number (ASCII string)
[21:59:47.597] [QUERY]     06 12 00 00 00 00 00 00 00 00 00 00 00 00 00 00 00 00 00 00 00 00 00 00 00 00 00 00 00 00 00 00 00 00 00 00 00 00 00 00 00 00 00 00 00 00 00 00 00 00 00 00 00 00 00 00 00 00 00 00 00 00 00 00
[21:59:47.693] 
[21:59:47.693] [INFO ] Event loop active – interact with the headset. Ctrl+C to stop.
[21:59:47.693] [INFO ] Try: volume wheel, mute button, ANC button, ChatMix dial, gain button.
[21:59:47.693] 
[21:59:47.693] [CTRL ] RAW: 06 B0 00 00 04 01 04 08 08 00 00 0A 06 00 08 08 00 00 00 00 00 00 00 00 00 00 00 00 00 00 00 00 00 00 00 00 00 00 00 00 00 00 00 00 00 00 00 00 00 00 00 00 00 00 00 00 00 00 00 00 00 00 00 00
[21:59:47.694] [CTRL ] 0xB0  Status          → headset_bat=50%  dock_bat=100%  conn=2.4GHz+BT  mic_mute=unmuted  vol?=10  anc?=0x00  [2-3]=00 00  [5]=1
[21:59:47.746] [CTRL ] RAW: 06 20 01 1D 02 00 00 14 14 14 14 14 14 14 14 14 14 0A 00 02 64 64 64 00 64 64 00 00 00 00 00 00 00 00 00 00 00 00 00 00 00 00 00 00 00 00 00 00 00 00 00 00 00 00 00 00 00 00 00 00 00 00 00 00
[21:59:47.746] [CTRL ] 0x20  Mic/EQ          → gain=high  mic_vol=10  sidetone=off  [2]=0x01  [3]=0x1D  chatmix_game?=100  chatmix_chat?=100  eq_bands=[14 14 14 14 14 14 14 14 14 14]
[21:59:47.809] [CTRL ] RAW: 06 10 30 30 30 30 2E 30 30 33 2E 30 38 32 30 30 30 31 2E 30 33 31 2E 30 30 30 30 30 30 32 2E 30 30 32 2E 30 30 31 30 30 30 32 2E 30 30 31 2E 30 30 30 00 00 00 00 00 00 00 00 00 00 00 00 00 00
[21:59:47.809] [CTRL ] 0x10  Firmware        → '0000.003.0820001.031.0000002.002.0010002.001.000'
[21:59:47.872] [CTRL ] RAW: 06 12 36 31 35 32 30 34 38 33 31 33 32 32 32 35 30 30 37 34 37 00 00 00 00 00 00 00 00 00 00 00 00 00 00 00 00 00 00 00 00 00 00 00 00 00 00 00 00 00 00 00 00 00 00 00 00 00 00 00 00 00 00 00
[21:59:47.872] [CTRL ] 0x12  Serial          → '6152048313222500747'
[22:00:06.007] [EVT  ] RAW: 07 25 1F 00 00 00 00 00 00 00 00 00 00 00 00 00 00 00 00 00 00 00 00 00 00 00 00 00 00 00 00 00 00 00 00 00 00 00 00 00 00 00 00 00 00 00 00 00 00 00 00 00 00 00 00 00 00 00 00 00 00 00 00 00
[22:00:06.007] [EVT  ] 0x25  Volume          → 45% (raw=0x1F)
[22:00:06.077] [EVT  ] RAW: 07 25 20 00 00 00 00 00 00 00 00 00 00 00 00 00 00 00 00 00 00 00 00 00 00 00 00 00 00 00 00 00 00 00 00 00 00 00 00 00 00 00 00 00 00 00 00 00 00 00 00 00 00 00 00 00 00 00 00 00 00 00 00 00
[22:00:06.077] [EVT  ] 0x25  Volume          → 43% (raw=0x20)
[22:00:06.187] [EVT  ] RAW: 07 25 21 00 00 00 00 00 00 00 00 00 00 00 00 00 00 00 00 00 00 00 00 00 00 00 00 00 00 00 00 00 00 00 00 00 00 00 00 00 00 00 00 00 00 00 00 00 00 00 00 00 00 00 00 00 00 00 00 00 00 00 00 00
[22:00:06.187] [EVT  ] 0x25  Volume          → 41% (raw=0x21)
[22:00:07.243] [EVT  ] RAW: 07 25 22 00 00 00 00 00 00 00 00 00 00 00 00 00 00 00 00 00 00 00 00 00 00 00 00 00 00 00 00 00 00 00 00 00 00 00 00 00 00 00 00 00 00 00 00 00 00 00 00 00 00 00 00 00 00 00 00 00 00 00 00 00
[22:00:07.243] [EVT  ] 0x25  Volume          → 39% (raw=0x22)
[22:00:07.324] [EVT  ] RAW: 07 25 24 00 00 00 00 00 00 00 00 00 00 00 00 00 00 00 00 00 00 00 00 00 00 00 00 00 00 00 00 00 00 00 00 00 00 00 00 00 00 00 00 00 00 00 00 00 00 00 00 00 00 00 00 00 00 00 00 00 00 00 00 00
[22:00:07.324] [EVT  ] 0x25  Volume          → 36% (raw=0x24)
[22:00:07.419] [EVT  ] RAW: 07 25 25 00 00 00 00 00 00 00 00 00 00 00 00 00 00 00 00 00 00 00 00 00 00 00 00 00 00 00 00 00 00 00 00 00 00 00 00 00 00 00 00 00 00 00 00 00 00 00 00 00 00 00 00 00 00 00 00 00 00 00 00 00
[22:00:07.421] [EVT  ] 0x25  Volume          → 34% (raw=0x25)
[22:00:07.853] [EVT  ] RAW: 07 25 26 00 00 00 00 00 00 00 00 00 00 00 00 00 00 00 00 00 00 00 00 00 00 00 00 00 00 00 00 00 00 00 00 00 00 00 00 00 00 00 00 00 00 00 00 00 00 00 00 00 00 00 00 00 00 00 00 00 00 00 00 00
[22:00:07.853] [EVT  ] 0x25  Volume          → 32% (raw=0x26)
[22:00:07.933] [EVT  ] RAW: 07 25 29 00 00 00 00 00 00 00 00 00 00 00 00 00 00 00 00 00 00 00 00 00 00 00 00 00 00 00 00 00 00 00 00 00 00 00 00 00 00 00 00 00 00 00 00 00 00 00 00 00 00 00 00 00 00 00 00 00 00 00 00 00
[22:00:07.933] [EVT  ] 0x25  Volume          → 27% (raw=0x29)
[22:00:08.252] [EVT  ] RAW: 07 25 2B 00 00 00 00 00 00 00 00 00 00 00 00 00 00 00 00 00 00 00 00 00 00 00 00 00 00 00 00 00 00 00 00 00 00 00 00 00 00 00 00 00 00 00 00 00 00 00 00 00 00 00 00 00 00 00 00 00 00 00 00 00
[22:00:08.252] [EVT  ] 0x25  Volume          → 23% (raw=0x2B)
[22:00:08.364] [EVT  ] RAW: 07 25 2D 00 00 00 00 00 00 00 00 00 00 00 00 00 00 00 00 00 00 00 00 00 00 00 00 00 00 00 00 00 00 00 00 00 00 00 00 00 00 00 00 00 00 00 00 00 00 00 00 00 00 00 00 00 00 00 00 00 00 00 00 00
[22:00:08.364] [EVT  ] 0x25  Volume          → 20% (raw=0x2D)
[22:00:08.700] [EVT  ] RAW: 07 25 2F 00 00 00 00 00 00 00 00 00 00 00 00 00 00 00 00 00 00 00 00 00 00 00 00 00 00 00 00 00 00 00 00 00 00 00 00 00 00 00 00 00 00 00 00 00 00 00 00 00 00 00 00 00 00 00 00 00 00 00 00 00
[22:00:08.700] [EVT  ] 0x25  Volume          → 16% (raw=0x2F)
[22:00:08.812] [EVT  ] RAW: 07 25 30 00 00 00 00 00 00 00 00 00 00 00 00 00 00 00 00 00 00 00 00 00 00 00 00 00 00 00 00 00 00 00 00 00 00 00 00 00 00 00 00 00 00 00 00 00 00 00 00 00 00 00 00 00 00 00 00 00 00 00 00 00
[22:00:08.813] [EVT  ] 0x25  Volume          → 14% (raw=0x30)
[22:00:09.934] 
[INFO ] Stopped by user.
