[14:36:50.585] [INFO ] Control handle opened  (0xFFC0): \\?\HID#VID_1038&PID_12E0&MI_04&Col01#8&26fe868d&0&0000#{4d1e55b2-f16f-11cf-88cb-001111000030}
[14:36:50.585] [INFO ] Events  handle opened  (0xFF00): \\?\HID#VID_1038&PID_12E0&MI_04&Col02#8&26fe868d&0&0001#{4d1e55b2-f16f-11cf-88cb-001111000030}
[14:36:50.585] 
[14:36:50.587] [INFO ] Event loop active – interact with the headset. Ctrl+C to stop.
[14:36:50.587] [INFO ] Try: volume wheel, mute button, ANC button, ChatMix dial, gain button.
[14:36:50.587] 
[14:36:59.947] [CTRL ] RAW: 06 B7 01 08 08 00 00 00 00 00 00 00 00 00 00 00 00 00 00 00 00 00 00 00 00 00 00 00 00 00 00 00 00 00 00 00 00 00 00 00 00 00 00 00 00 00 00 00 00 00 00 00 00 00 00 00 00 00 00 00 00 00 00 00
[14:36:59.949] [CTRL ] 0xB7  Battery         → headset=12% dock=100%  [4]=0x08
[14:37:00.009] [CTRL ] RAW: 06 B0 00 02 01 00 01 08 0A 00 00 0A 00 00 08 08 00 00 00 00 00 00 00 00 00 00 00 00 00 00 00 00 00 00 00 00 00 00 00 00 00 00 00 00 00 00 00 00 00 00 00 00 00 00 00 00 00 00 00 00 00 00 00 00
[14:37:00.009] [CTRL ] 0xB0  Status          → headset_bat=12%  dock_bat=100%  conn=2.4GHz  mic_mute=unmuted  anc=off  bt=off  oled_brightness=10  2.4ghz_mode=performance
[14:37:00.070] [CTRL ] RAW: 06 B7 01 08 08 00 00 00 00 00 00 00 00 00 00 00 00 00 00 00 00 00 00 00 00 00 00 00 00 00 00 00 00 00 00 00 00 00 00 00 00 00 00 00 00 00 00 00 00 00 00 00 00 00 00 00 00 00 00 00 00 00 00 00
[14:37:00.071] [CTRL ] 0xB7  Battery         → headset=12% dock=100%  [4]=0x08
[14:37:00.146] [CTRL ] RAW: 06 B0 00 02 01 00 01 08 0A 00 00 0A 00 00 08 08 00 00 00 00 00 00 00 00 00 00 00 00 00 00 00 00 00 00 00 00 00 00 00 00 00 00 00 00 00 00 00 00 00 00 00 00 00 00 00 00 00 00 00 00 00 00 00 00
[14:37:00.146] [CTRL ] 0xB0  Status          → headset_bat=12%  dock_bat=100%  conn=2.4GHz  mic_mute=unmuted  anc=off  bt=off  oled_brightness=10  2.4ghz_mode=performance
[14:37:00.227] [CTRL ] RAW: 06 B7 01 08 08 00 00 00 00 00 00 00 00 00 00 00 00 00 00 00 00 00 00 00 00 00 00 00 00 00 00 00 00 00 00 00 00 00 00 00 00 00 00 00 00 00 00 00 00 00 00 00 00 00 00 00 00 00 00 00 00 00 00 00
[14:37:00.227] [CTRL ] 0xB7  Battery         → headset=12% dock=100%  [4]=0x08
[14:37:00.307] [CTRL ] RAW: 06 B0 00 02 01 00 01 08 0A 00 00 0A 00 00 08 08 00 00 00 00 00 00 00 00 00 00 00 00 00 00 00 00 00 00 00 00 00 00 00 00 00 00 00 00 00 00 00 00 00 00 00 00 00 00 00 00 00 00 00 00 00 00 00 00
[14:37:00.307] [CTRL ] 0xB0  Status          → headset_bat=12%  dock_bat=100%  conn=2.4GHz  mic_mute=unmuted  anc=off  bt=off  oled_brightness=10  2.4ghz_mode=performance
[14:37:00.605] [CTRL ] RAW: 06 10 30 30 30 30 2E 30 30 33 2E 30 38 32 30 30 30 31 2E 30 33 31 2E 30 30 30 30 30 30 32 2E 30 30 32 2E 30 30 31 30 30 30 32 2E 30 30 31 2E 30 30 30 00 00 00 00 00 00 00 00 00 00 00 00 00 00
[14:37:00.605] [CTRL ] 0x10  Firmware        → '0000.003.0820001.031.0000002.002.0010002.001.000'
[14:37:00.789] [CTRL ] RAW: 06 10 30 30 30 30 2E 30 30 33 2E 30 38 32 30 30 30 31 2E 30 33 31 2E 30 30 30 30 30 30 32 2E 30 30 32 2E 30 30 31 30 30 30 32 2E 30 30 31 2E 30 30 30 00 00 00 00 00 00 00 00 00 00 00 00 00 00
[14:37:00.789] [CTRL ] 0x10  Firmware        → '0000.003.0820001.031.0000002.002.0010002.001.000'
[14:37:00.851] [CTRL ] RAW: 06 10 30 30 30 30 2E 30 30 33 2E 30 38 32 30 30 30 31 2E 30 33 31 2E 30 30 30 30 30 30 32 2E 30 30 32 2E 30 30 31 30 30 30 32 2E 30 30 31 2E 30 30 30 00 00 00 00 00 00 00 00 00 00 00 00 00 00
[14:37:00.851] [CTRL ] 0x10  Firmware        → '0000.003.0820001.031.0000002.002.0010002.001.000'
[14:37:07.922] [CTRL ] RAW: 06 B7 01 08 08 00 00 00 00 00 00 00 00 00 00 00 00 00 00 00 00 00 00 00 00 00 00 00 00 00 00 00 00 00 00 00 00 00 00 00 00 00 00 00 00 00 00 00 00 00 00 00 00 00 00 00 00 00 00 00 00 00 00 00
[14:37:07.923] [CTRL ] 0xB7  Battery         → headset=12% dock=100%  [4]=0x08
[14:37:08.002] [CTRL ] RAW: 06 B0 00 02 01 00 01 08 0A 00 00 0A 00 00 08 08 00 00 00 00 00 00 00 00 00 00 00 00 00 00 00 00 00 00 00 00 00 00 00 00 00 00 00 00 00 00 00 00 00 00 00 00 00 00 00 00 00 00 00 00 00 00 00 00
[14:37:08.003] [CTRL ] 0xB0  Status          → headset_bat=12%  dock_bat=100%  conn=2.4GHz  mic_mute=unmuted  anc=off  bt=off  oled_brightness=10  2.4ghz_mode=performance
[14:37:08.082] [CTRL ] RAW: 06 B7 01 08 08 00 00 00 00 00 00 00 00 00 00 00 00 00 00 00 00 00 00 00 00 00 00 00 00 00 00 00 00 00 00 00 00 00 00 00 00 00 00 00 00 00 00 00 00 00 00 00 00 00 00 00 00 00 00 00 00 00 00 00
[14:37:08.082] [CTRL ] 0xB7  Battery         → headset=12% dock=100%  [4]=0x08
[14:37:08.163] [CTRL ] RAW: 06 B0 00 02 01 00 01 08 0A 00 00 0A 00 00 08 08 00 00 00 00 00 00 00 00 00 00 00 00 00 00 00 00 00 00 00 00 00 00 00 00 00 00 00 00 00 00 00 00 00 00 00 00 00 00 00 00 00 00 00 00 00 00 00 00
[14:37:08.163] [CTRL ] 0xB0  Status          → headset_bat=12%  dock_bat=100%  conn=2.4GHz  mic_mute=unmuted  anc=off  bt=off  oled_brightness=10  2.4ghz_mode=performance
[14:37:08.590] [CTRL ] RAW: 06 10 30 30 30 30 2E 30 30 33 2E 30 38 32 30 30 30 31 2E 30 33 31 2E 30 30 30 30 30 30 32 2E 30 30 32 2E 30 30 31 30 30 30 32 2E 30 30 31 2E 30 30 30 00 00 00 00 00 00 00 00 00 00 00 00 00 00
[14:37:08.590] [CTRL ] 0x10  Firmware        → '0000.003.0820001.031.0000002.002.0010002.001.000'
[14:37:08.651] [CTRL ] RAW: 06 10 30 30 30 30 2E 30 30 33 2E 30 38 32 30 30 30 31 2E 30 33 31 2E 30 30 30 30 30 30 32 2E 30 30 32 2E 30 30 31 30 30 30 32 2E 30 30 31 2E 30 30 30 00 00 00 00 00 00 00 00 00 00 00 00 00 00
[14:37:08.651] [CTRL ] 0x10  Firmware        → '0000.003.0820001.031.0000002.002.0010002.001.000'
[14:37:08.714] [CTRL ] RAW: 06 10 30 30 30 30 2E 30 30 33 2E 30 38 32 30 30 30 31 2E 30 33 31 2E 30 30 30 30 30 30 32 2E 30 30 32 2E 30 30 31 30 30 30 32 2E 30 30 31 2E 30 30 30 00 00 00 00 00 00 00 00 00 00 00 00 00 00
[14:37:08.714] [CTRL ] 0x10  Firmware        → '0000.003.0820001.031.0000002.002.0010002.001.000'
[14:37:08.786] [CTRL ] RAW: 06 10 30 30 30 30 2E 30 30 33 2E 30 38 32 30 30 30 31 2E 30 33 31 2E 30 30 30 30 30 30 32 2E 30 30 32 2E 30 30 31 30 30 30 32 2E 30 30 31 2E 30 30 30 00 00 00 00 00 00 00 00 00 00 00 00 00 00
[14:37:08.787] [CTRL ] 0x10  Firmware        → '0000.003.0820001.031.0000002.002.0010002.001.000'
[14:37:16.144] 
[INFO ] Stopped by user.
