[21:08:29.924] [INFO ] Control handle opened  (0xFFC0): \\?\HID#VID_1038&PID_12E0&MI_04&Col01#8&26fe868d&0&0000#{4d1e55b2-f16f-11cf-88cb-001111000030}
[21:08:29.926] [INFO ] Events  handle opened  (0xFF00): \\?\HID#VID_1038&PID_12E0&MI_04&Col02#8&26fe868d&0&0001#{4d1e55b2-f16f-11cf-88cb-001111000030}
[21:08:29.926] 
[21:08:29.926] [INFO ] Sending candidate query commands (Nova 7X origin, verifying on Nova Pro)…
[21:08:29.927] [QUERY] TX  0xB0  status        (battery, partial decode – see HidCommands.md §6.1)
[21:08:29.927] [QUERY]     06 B0 00 00 00 00 00 00 00 00 00 00 00 00 00 00 00 00 00 00 00 00 00 00 00 00 00 00 00 00 00 00 00 00 00 00 00 00 00 00 00 00 00 00 00 00 00 00 00 00 00 00 00 00 00 00 00 00 00 00 00 00 00 00
[21:08:30.015] [QUERY] TX  0x20  mic / EQ      (gain level, sidetone raw, 10 EQ band values)
[21:08:30.015] [QUERY]     06 20 00 00 00 00 00 00 00 00 00 00 00 00 00 00 00 00 00 00 00 00 00 00 00 00 00 00 00 00 00 00 00 00 00 00 00 00 00 00 00 00 00 00 00 00 00 00 00 00 00 00 00 00 00 00 00 00 00 00 00 00 00 00
[21:08:30.112] [QUERY] TX  0x10  firmware ver  (ASCII string)
[21:08:30.112] [QUERY]     06 10 00 00 00 00 00 00 00 00 00 00 00 00 00 00 00 00 00 00 00 00 00 00 00 00 00 00 00 00 00 00 00 00 00 00 00 00 00 00 00 00 00 00 00 00 00 00 00 00 00 00 00 00 00 00 00 00 00 00 00 00 00 00
[21:08:30.208] [QUERY] TX  0x12  serial number (ASCII string)
[21:08:30.208] [QUERY]     06 12 00 00 00 00 00 00 00 00 00 00 00 00 00 00 00 00 00 00 00 00 00 00 00 00 00 00 00 00 00 00 00 00 00 00 00 00 00 00 00 00 00 00 00 00 00 00 00 00 00 00 00 00 00 00 00 00 00 00 00 00 00 00
[21:08:30.304] 
[21:08:30.304] [INFO ] Event loop active – interact with the headset. Ctrl+C to stop.
[21:08:30.304] [INFO ] Try: volume wheel, mute button, ANC button, ChatMix dial, gain button.
[21:08:30.304] 
[21:08:30.304] [CTRL ] RAW: 06 B0 00 00 01 00 05 08 08 00 01 0A 05 00 08 08 00 00 00 00 00 00 00 00 00 00 00 00 00 00 00 00 00 00 00 00 00 00 00 00 00 00 00 00 00 00 00 00 00 00 00 00 00 00 00 00 00 00 00 00 00 00 00 00
[21:08:30.304] [CTRL ] 0xB0  Status (partial)→ headset_bat=62%  dock_bat=100%  [2-5]=00 00 01 00  [8-15]=08 00 01 0A 05 00 08 08
[21:08:30.362] [CTRL ] RAW: 06 20 01 1D 02 00 00 14 14 14 14 14 14 14 14 14 14 0A 00 01 64 53 64 00 64 64 00 00 00 00 00 00 00 00 00 00 00 00 00 00 00 00 00 00 00 00 00 00 00 00 00 00 00 00 00 00 00 00 00 00 00 00 00 00
[21:08:30.362] [CTRL ] 0x20  Mic/EQ          → gain=1  sidetone_raw=29  [4]=2  eq_bands=[14 14 14 14 14 14 14 14 14 14]
[21:08:30.424] [CTRL ] RAW: 06 10 30 30 30 30 2E 30 30 33 2E 30 38 32 30 30 30 31 2E 30 33 31 2E 30 30 30 30 30 30 32 2E 30 30 32 2E 30 30 31 30 30 30 32 2E 30 30 31 2E 30 30 30 00 00 00 00 00 00 00 00 00 00 00 00 00 00
[21:08:30.424] [CTRL ] 0x10  Firmware        → '0000.003.0820001.031.0000002.002.0010002.001.000'
[21:08:30.487] [CTRL ] RAW: 06 12 36 31 35 32 30 34 38 33 31 33 32 32 32 35 30 30 37 34 37 00 00 00 00 00 00 00 00 00 00 00 00 00 00 00 00 00 00 00 00 00 00 00 00 00 00 00 00 00 00 00 00 00 00 00 00 00 00 00 00 00 00 00
[21:08:30.487] [CTRL ] 0x12  Serial          → '6152048313222500747'
[21:08:39.103] [EVT  ] RAW: 07 B5 01 00 04 00 00 00 00 00 00 00 00 00 00 00 00 00 00 00 00 00 00 00 00 00 00 00 00 00 00 00 00 00 00 00 00 00 00 00 00 00 00 00 00 00 00 00 00 00 00 00 00 00 00 00 00 00 00 00 00 00 00 00
[21:08:39.103] [EVT  ] 0xB5  Connectivity    → wireless=False bluetooth=False
[21:08:39.198] [EVT  ] RAW: 07 B7 00 08 01 00 00 00 00 00 00 00 00 00 00 00 00 00 00 00 00 00 00 00 00 00 00 00 00 00 00 00 00 00 00 00 00 00 00 00 00 00 00 00 00 00 00 00 00 00 00 00 00 00 00 00 00 00 00 00 00 00 00 00
[21:08:39.198] [EVT  ] 0xB7  Battery         → headset=0% dock=100%  [4]=0x01
[21:08:48.302] [EVT  ] RAW: 07 B5 01 00 08 00 00 00 00 00 00 00 00 00 00 00 00 00 00 00 00 00 00 00 00 00 00 00 00 00 00 00 00 00 00 00 00 00 00 00 00 00 00 00 00 00 00 00 00 00 00 00 00 00 00 00 00 00 00 00 00 00 00 00
[21:08:48.303] [EVT  ] 0xB5  Connectivity    → wireless=True bluetooth=False
[21:08:48.414] [EVT  ] RAW: 07 B7 05 08 08 00 00 00 00 00 00 00 00 00 00 00 00 00 00 00 00 00 00 00 00 00 00 00 00 00 00 00 00 00 00 00 00 00 00 00 00 00 00 00 00 00 00 00 00 00 00 00 00 00 00 00 00 00 00 00 00 00 00 00
[21:08:48.414] [EVT  ] 0xB7  Battery         → headset=62% dock=100%  [4]=0x08
[21:08:48.431] [CTRL ] RAW: 06 10 30 30 30 30 2E 30 30 33 2E 30 38 32 30 30 30 31 2E 30 33 31 2E 30 30 30 30 30 30 30 2E 30 30 30 2E 30 30 30 30 30 30 30 2E 30 30 30 2E 30 30 30 00 00 00 00 00 00 00 00 00 00 00 00 00 00
[21:08:48.431] [CTRL ] 0x10  Firmware        → '0000.003.0820001.031.0000000.000.0000000.000.000'
[21:08:48.613] [CTRL ] RAW: 06 10 30 30 30 30 2E 30 30 33 2E 30 38 32 30 30 30 31 2E 30 33 31 2E 30 30 30 30 30 30 32 2E 30 30 32 2E 30 30 31 30 30 30 32 2E 30 30 31 2E 30 30 30 00 00 00 00 00 00 00 00 00 00 00 00 00 00
[21:08:48.613] [CTRL ] 0x10  Firmware        → '0000.003.0820001.031.0000002.002.0010002.001.000'
[21:08:48.675] [CTRL ] RAW: 06 10 30 30 30 30 2E 30 30 33 2E 30 38 32 30 30 30 31 2E 30 33 31 2E 30 30 30 30 30 30 32 2E 30 30 32 2E 30 30 31 30 30 30 32 2E 30 30 31 2E 30 30 30 00 00 00 00 00 00 00 00 00 00 00 00 00 00
[21:08:48.675] [CTRL ] 0x10  Firmware        → '0000.003.0820001.031.0000002.002.0010002.001.000'
[21:08:59.795] [EVT  ] RAW: 07 B7 05 00 08 00 00 00 00 00 00 00 00 00 00 00 00 00 00 00 00 00 00 00 00 00 00 00 00 00 00 00 00 00 00 00 00 00 00 00 00 00 00 00 00 00 00 00 00 00 00 00 00 00 00 00 00 00 00 00 00 00 00 00
[21:08:59.795] [EVT  ] 0xB7  Battery         → headset=62% dock=0%  [4]=0x08
[21:09:06.063] [EVT  ] RAW: 07 B7 05 08 08 00 00 00 00 00 00 00 00 00 00 00 00 00 00 00 00 00 00 00 00 00 00 00 00 00 00 00 00 00 00 00 00 00 00 00 00 00 00 00 00 00 00 00 00 00 00 00 00 00 00 00 00 00 00 00 00 00 00 00
[21:09:06.063] [EVT  ] 0xB7  Battery         → headset=62% dock=100%  [4]=0x08
[21:09:14.382] [EVT  ] RAW: 07 B5 04 02 08 00 00 00 00 00 00 00 00 00 00 00 00 00 00 00 00 00 00 00 00 00 00 00 00 00 00 00 00 00 00 00 00 00 00 00 00 00 00 00 00 00 00 00 00 00 00 00 00 00 00 00 00 00 00 00 00 00 00 00
[21:09:14.382] [EVT  ] 0xB5  Connectivity    → wireless=True bluetooth=False
[21:09:15.966] [EVT  ] RAW: 07 B5 04 01 08 00 00 00 00 00 00 00 00 00 00 00 00 00 00 00 00 00 00 00 00 00 00 00 00 00 00 00 00 00 00 00 00 00 00 00 00 00 00 00 00 00 00 00 00 00 00 00 00 00 00 00 00 00 00 00 00 00 00 00
[21:09:15.967] [EVT  ] 0xB5  Connectivity    → wireless=True bluetooth=True
[21:10:05.614] [EVT  ] RAW: 07 37 09 00 00 00 00 00 00 00 00 00 00 00 00 00 00 00 00 00 00 00 00 00 00 00 00 00 00 00 00 00 00 00 00 00 00 00 00 00 00 00 00 00 00 00 00 00 00 00 00 00 00 00 00 00 00 00 00 00 00 00 00 00
[21:10:05.614] [EVT  ] 0x37  (unknown – raw bytes above)
[21:10:05.823] [EVT  ] RAW: 07 37 08 00 00 00 00 00 00 00 00 00 00 00 00 00 00 00 00 00 00 00 00 00 00 00 00 00 00 00 00 00 00 00 00 00 00 00 00 00 00 00 00 00 00 00 00 00 00 00 00 00 00 00 00 00 00 00 00 00 00 00 00 00
[21:10:05.823] [EVT  ] 0x37  (unknown – raw bytes above)
[21:10:06.880] [EVT  ] RAW: 07 37 07 00 00 00 00 00 00 00 00 00 00 00 00 00 00 00 00 00 00 00 00 00 00 00 00 00 00 00 00 00 00 00 00 00 00 00 00 00 00 00 00 00 00 00 00 00 00 00 00 00 00 00 00 00 00 00 00 00 00 00 00 00
[21:10:06.880] [EVT  ] 0x37  (unknown – raw bytes above)
[21:10:06.959] [EVT  ] RAW: 07 37 06 00 00 00 00 00 00 00 00 00 00 00 00 00 00 00 00 00 00 00 00 00 00 00 00 00 00 00 00 00 00 00 00 00 00 00 00 00 00 00 00 00 00 00 00 00 00 00 00 00 00 00 00 00 00 00 00 00 00 00 00 00
[21:10:06.959] [EVT  ] 0x37  (unknown – raw bytes above)
[21:10:07.071] [EVT  ] RAW: 07 37 05 00 00 00 00 00 00 00 00 00 00 00 00 00 00 00 00 00 00 00 00 00 00 00 00 00 00 00 00 00 00 00 00 00 00 00 00 00 00 00 00 00 00 00 00 00 00 00 00 00 00 00 00 00 00 00 00 00 00 00 00 00
[21:10:07.071] [EVT  ] 0x37  (unknown – raw bytes above)
[21:10:07.278] [EVT  ] RAW: 07 37 04 00 00 00 00 00 00 00 00 00 00 00 00 00 00 00 00 00 00 00 00 00 00 00 00 00 00 00 00 00 00 00 00 00 00 00 00 00 00 00 00 00 00 00 00 00 00 00 00 00 00 00 00 00 00 00 00 00 00 00 00 00
[21:10:07.278] [EVT  ] 0x37  (unknown – raw bytes above)
[21:10:07.375] [EVT  ] RAW: 07 37 03 00 00 00 00 00 00 00 00 00 00 00 00 00 00 00 00 00 00 00 00 00 00 00 00 00 00 00 00 00 00 00 00 00 00 00 00 00 00 00 00 00 00 00 00 00 00 00 00 00 00 00 00 00 00 00 00 00 00 00 00 00
[21:10:07.375] [EVT  ] 0x37  (unknown – raw bytes above)
[21:10:07.598] [EVT  ] RAW: 07 37 02 00 00 00 00 00 00 00 00 00 00 00 00 00 00 00 00 00 00 00 00 00 00 00 00 00 00 00 00 00 00 00 00 00 00 00 00 00 00 00 00 00 00 00 00 00 00 00 00 00 00 00 00 00 00 00 00 00 00 00 00 00
[21:10:07.598] [EVT  ] 0x37  (unknown – raw bytes above)
[21:10:07.806] [EVT  ] RAW: 07 37 01 00 00 00 00 00 00 00 00 00 00 00 00 00 00 00 00 00 00 00 00 00 00 00 00 00 00 00 00 00 00 00 00 00 00 00 00 00 00 00 00 00 00 00 00 00 00 00 00 00 00 00 00 00 00 00 00 00 00 00 00 00
[21:10:07.806] [EVT  ] 0x37  (unknown – raw bytes above)
[21:10:08.622] [EVT  ] RAW: 07 37 02 00 00 00 00 00 00 00 00 00 00 00 00 00 00 00 00 00 00 00 00 00 00 00 00 00 00 00 00 00 00 00 00 00 00 00 00 00 00 00 00 00 00 00 00 00 00 00 00 00 00 00 00 00 00 00 00 00 00 00 00 00
[21:10:08.622] [EVT  ] 0x37  (unknown – raw bytes above)
[21:10:08.734] [EVT  ] RAW: 07 37 03 00 00 00 00 00 00 00 00 00 00 00 00 00 00 00 00 00 00 00 00 00 00 00 00 00 00 00 00 00 00 00 00 00 00 00 00 00 00 00 00 00 00 00 00 00 00 00 00 00 00 00 00 00 00 00 00 00 00 00 00 00
[21:10:08.734] [EVT  ] 0x37  (unknown – raw bytes above)
[21:10:08.831] [EVT  ] RAW: 07 37 05 00 00 00 00 00 00 00 00 00 00 00 00 00 00 00 00 00 00 00 00 00 00 00 00 00 00 00 00 00 00 00 00 00 00 00 00 00 00 00 00 00 00 00 00 00 00 00 00 00 00 00 00 00 00 00 00 00 00 00 00 00
[21:10:08.831] [EVT  ] 0x37  (unknown – raw bytes above)
[21:10:08.943] [EVT  ] RAW: 07 37 06 00 00 00 00 00 00 00 00 00 00 00 00 00 00 00 00 00 00 00 00 00 00 00 00 00 00 00 00 00 00 00 00 00 00 00 00 00 00 00 00 00 00 00 00 00 00 00 00 00 00 00 00 00 00 00 00 00 00 00 00 00
[21:10:08.943] [EVT  ] 0x37  (unknown – raw bytes above)
[21:10:09.039] [EVT  ] RAW: 07 37 08 00 00 00 00 00 00 00 00 00 00 00 00 00 00 00 00 00 00 00 00 00 00 00 00 00 00 00 00 00 00 00 00 00 00 00 00 00 00 00 00 00 00 00 00 00 00 00 00 00 00 00 00 00 00 00 00 00 00 00 00 00
[21:10:09.039] [EVT  ] 0x37  (unknown – raw bytes above)
[21:10:09.151] [EVT  ] RAW: 07 37 09 00 00 00 00 00 00 00 00 00 00 00 00 00 00 00 00 00 00 00 00 00 00 00 00 00 00 00 00 00 00 00 00 00 00 00 00 00 00 00 00 00 00 00 00 00 00 00 00 00 00 00 00 00 00 00 00 00 00 00 00 00
[21:10:09.151] [EVT  ] 0x37  (unknown – raw bytes above)
[21:10:09.247] [EVT  ] RAW: 07 37 0A 00 00 00 00 00 00 00 00 00 00 00 00 00 00 00 00 00 00 00 00 00 00 00 00 00 00 00 00 00 00 00 00 00 00 00 00 00 00 00 00 00 00 00 00 00 00 00 00 00 00 00 00 00 00 00 00 00 00 00 00 00
[21:10:09.247] [EVT  ] 0x37  (unknown – raw bytes above)
[21:10:29.295] [EVT  ] RAW: 07 83 02 00 00 00 00 00 00 00 00 00 00 00 00 00 00 00 00 00 00 00 00 00 00 00 00 00 00 00 00 00 00 00 00 00 00 00 00 00 00 00 00 00 00 00 00 00 00 00 00 00 00 00 00 00 00 00 00 00 00 00 00 00
[21:10:29.295] [EVT  ] 0x83  (unknown – raw bytes above)
[21:10:29.407] [EVT  ] RAW: 07 83 01 00 00 00 00 00 00 00 00 00 00 00 00 00 00 00 00 00 00 00 00 00 00 00 00 00 00 00 00 00 00 00 00 00 00 00 00 00 00 00 00 00 00 00 00 00 00 00 00 00 00 00 00 00 00 00 00 00 00 00 00 00
[21:10:29.407] [EVT  ] 0x83  (unknown – raw bytes above)
[21:10:30.334] [EVT  ] RAW: 07 83 00 00 00 00 00 00 00 00 00 00 00 00 00 00 00 00 00 00 00 00 00 00 00 00 00 00 00 00 00 00 00 00 00 00 00 00 00 00 00 00 00 00 00 00 00 00 00 00 00 00 00 00 00 00 00 00 00 00 00 00 00 00
[21:10:30.335] [EVT  ] 0x83  (unknown – raw bytes above)
[21:10:31.016] [EVT  ] RAW: 07 83 01 00 00 00 00 00 00 00 00 00 00 00 00 00 00 00 00 00 00 00 00 00 00 00 00 00 00 00 00 00 00 00 00 00 00 00 00 00 00 00 00 00 00 00 00 00 00 00 00 00 00 00 00 00 00 00 00 00 00 00 00 00
[21:10:31.016] [EVT  ] 0x83  (unknown – raw bytes above)
[21:10:31.078] [EVT  ] RAW: 07 83 02 00 00 00 00 00 00 00 00 00 00 00 00 00 00 00 00 00 00 00 00 00 00 00 00 00 00 00 00 00 00 00 00 00 00 00 00 00 00 00 00 00 00 00 00 00 00 00 00 00 00 00 00 00 00 00 00 00 00 00 00 00
[21:10:31.078] [EVT  ] 0x83  (unknown – raw bytes above)
[21:10:31.167] [EVT  ] RAW: 07 83 03 00 00 00 00 00 00 00 00 00 00 00 00 00 00 00 00 00 00 00 00 00 00 00 00 00 00 00 00 00 00 00 00 00 00 00 00 00 00 00 00 00 00 00 00 00 00 00 00 00 00 00 00 00 00 00 00 00 00 00 00 00
[21:10:31.167] [EVT  ] 0x83  (unknown – raw bytes above)
[21:10:31.263] [EVT  ] RAW: 07 83 04 00 00 00 00 00 00 00 00 00 00 00 00 00 00 00 00 00 00 00 00 00 00 00 00 00 00 00 00 00 00 00 00 00 00 00 00 00 00 00 00 00 00 00 00 00 00 00 00 00 00 00 00 00 00 00 00 00 00 00 00 00
[21:10:31.263] [EVT  ] 0x83  (unknown – raw bytes above)
[21:10:31.375] [EVT  ] RAW: 07 83 06 00 00 00 00 00 00 00 00 00 00 00 00 00 00 00 00 00 00 00 00 00 00 00 00 00 00 00 00 00 00 00 00 00 00 00 00 00 00 00 00 00 00 00 00 00 00 00 00 00 00 00 00 00 00 00 00 00 00 00 00 00
[21:10:31.375] [EVT  ] 0x83  (unknown – raw bytes above)
[21:10:32.302] [EVT  ] RAW: 07 83 05 00 00 00 00 00 00 00 00 00 00 00 00 00 00 00 00 00 00 00 00 00 00 00 00 00 00 00 00 00 00 00 00 00 00 00 00 00 00 00 00 00 00 00 00 00 00 00 00 00 00 00 00 00 00 00 00 00 00 00 00 00
[21:10:32.302] [EVT  ] 0x83  (unknown – raw bytes above)
[21:10:32.398] [EVT  ] RAW: 07 83 04 00 00 00 00 00 00 00 00 00 00 00 00 00 00 00 00 00 00 00 00 00 00 00 00 00 00 00 00 00 00 00 00 00 00 00 00 00 00 00 00 00 00 00 00 00 00 00 00 00 00 00 00 00 00 00 00 00 00 00 00 00
[21:10:32.398] [EVT  ] 0x83  (unknown – raw bytes above)
[21:10:32.510] [EVT  ] RAW: 07 83 03 00 00 00 00 00 00 00 00 00 00 00 00 00 00 00 00 00 00 00 00 00 00 00 00 00 00 00 00 00 00 00 00 00 00 00 00 00 00 00 00 00 00 00 00 00 00 00 00 00 00 00 00 00 00 00 00 00 00 00 00 00
[21:10:32.511] [EVT  ] 0x83  (unknown – raw bytes above)
[21:10:32.719] [EVT  ] RAW: 07 83 02 00 00 00 00 00 00 00 00 00 00 00 00 00 00 00 00 00 00 00 00 00 00 00 00 00 00 00 00 00 00 00 00 00 00 00 00 00 00 00 00 00 00 00 00 00 00 00 00 00 00 00 00 00 00 00 00 00 00 00 00 00
[21:10:32.719] [EVT  ] 0x83  (unknown – raw bytes above)
[21:10:33.582] [EVT  ] RAW: 07 83 03 00 00 00 00 00 00 00 00 00 00 00 00 00 00 00 00 00 00 00 00 00 00 00 00 00 00 00 00 00 00 00 00 00 00 00 00 00 00 00 00 00 00 00 00 00 00 00 00 00 00 00 00 00 00 00 00 00 00 00 00 00
[21:10:33.583] [EVT  ] 0x83  (unknown – raw bytes above)
[21:10:38.271] [EVT  ] RAW: 07 89 00 00 00 00 00 00 00 00 00 00 00 00 00 00 00 00 00 00 00 00 00 00 00 00 00 00 00 00 00 00 00 00 00 00 00 00 00 00 00 00 00 00 00 00 00 00 00 00 00 00 00 00 00 00 00 00 00 00 00 00 00 00
[21:10:38.271] [EVT  ] 0x89  (unknown – raw bytes above)
[21:10:39.199] [EVT  ] RAW: 07 89 01 00 00 00 00 00 00 00 00 00 00 00 00 00 00 00 00 00 00 00 00 00 00 00 00 00 00 00 00 00 00 00 00 00 00 00 00 00 00 00 00 00 00 00 00 00 00 00 00 00 00 00 00 00 00 00 00 00 00 00 00 00
[21:10:39.199] [EVT  ] 0x89  (unknown – raw bytes above)
[21:10:51.774] [EVT  ] RAW: 07 BF 09 00 00 00 00 00 00 00 00 00 00 00 00 00 00 00 00 00 00 00 00 00 00 00 00 00 00 00 00 00 00 00 00 00 00 00 00 00 00 00 00 00 00 00 00 00 00 00 00 00 00 00 00 00 00 00 00 00 00 00 00 00
[21:10:51.774] [EVT  ] 0xBF  (unknown – raw bytes above)
[21:10:51.886] [EVT  ] RAW: 07 BF 07 00 00 00 00 00 00 00 00 00 00 00 00 00 00 00 00 00 00 00 00 00 00 00 00 00 00 00 00 00 00 00 00 00 00 00 00 00 00 00 00 00 00 00 00 00 00 00 00 00 00 00 00 00 00 00 00 00 00 00 00 00
[21:10:51.887] [EVT  ] 0xBF  (unknown – raw bytes above)
[21:10:51.983] [EVT  ] RAW: 07 BF 06 00 00 00 00 00 00 00 00 00 00 00 00 00 00 00 00 00 00 00 00 00 00 00 00 00 00 00 00 00 00 00 00 00 00 00 00 00 00 00 00 00 00 00 00 00 00 00 00 00 00 00 00 00 00 00 00 00 00 00 00 00
[21:10:51.983] [EVT  ] 0xBF  (unknown – raw bytes above)
[21:10:52.094] [EVT  ] RAW: 07 BF 04 00 00 00 00 00 00 00 00 00 00 00 00 00 00 00 00 00 00 00 00 00 00 00 00 00 00 00 00 00 00 00 00 00 00 00 00 00 00 00 00 00 00 00 00 00 00 00 00 00 00 00 00 00 00 00 00 00 00 00 00 00
[21:10:52.094] [EVT  ] 0xBF  (unknown – raw bytes above)
[21:10:52.191] [EVT  ] RAW: 07 BF 03 00 00 00 00 00 00 00 00 00 00 00 00 00 00 00 00 00 00 00 00 00 00 00 00 00 00 00 00 00 00 00 00 00 00 00 00 00 00 00 00 00 00 00 00 00 00 00 00 00 00 00 00 00 00 00 00 00 00 00 00 00
[21:10:52.191] [EVT  ] 0xBF  (unknown – raw bytes above)
[21:10:52.303] [EVT  ] RAW: 07 BF 02 00 00 00 00 00 00 00 00 00 00 00 00 00 00 00 00 00 00 00 00 00 00 00 00 00 00 00 00 00 00 00 00 00 00 00 00 00 00 00 00 00 00 00 00 00 00 00 00 00 00 00 00 00 00 00 00 00 00 00 00 00
[21:10:52.303] [EVT  ] 0xBF  (unknown – raw bytes above)
[21:10:52.398] [EVT  ] RAW: 07 BF 01 00 00 00 00 00 00 00 00 00 00 00 00 00 00 00 00 00 00 00 00 00 00 00 00 00 00 00 00 00 00 00 00 00 00 00 00 00 00 00 00 00 00 00 00 00 00 00 00 00 00 00 00 00 00 00 00 00 00 00 00 00
[21:10:52.398] [EVT  ] 0xBF  (unknown – raw bytes above)
[21:10:53.647] [EVT  ] RAW: 07 BF 03 00 00 00 00 00 00 00 00 00 00 00 00 00 00 00 00 00 00 00 00 00 00 00 00 00 00 00 00 00 00 00 00 00 00 00 00 00 00 00 00 00 00 00 00 00 00 00 00 00 00 00 00 00 00 00 00 00 00 00 00 00
[21:10:53.647] [EVT  ] 0xBF  (unknown – raw bytes above)
[21:10:53.743] [EVT  ] RAW: 07 BF 04 00 00 00 00 00 00 00 00 00 00 00 00 00 00 00 00 00 00 00 00 00 00 00 00 00 00 00 00 00 00 00 00 00 00 00 00 00 00 00 00 00 00 00 00 00 00 00 00 00 00 00 00 00 00 00 00 00 00 00 00 00
[21:10:53.743] [EVT  ] 0xBF  (unknown – raw bytes above)
[21:10:53.855] [EVT  ] RAW: 07 BF 05 00 00 00 00 00 00 00 00 00 00 00 00 00 00 00 00 00 00 00 00 00 00 00 00 00 00 00 00 00 00 00 00 00 00 00 00 00 00 00 00 00 00 00 00 00 00 00 00 00 00 00 00 00 00 00 00 00 00 00 00 00
[21:10:53.855] [EVT  ] 0xBF  (unknown – raw bytes above)
[21:10:53.951] [EVT  ] RAW: 07 BF 07 00 00 00 00 00 00 00 00 00 00 00 00 00 00 00 00 00 00 00 00 00 00 00 00 00 00 00 00 00 00 00 00 00 00 00 00 00 00 00 00 00 00 00 00 00 00 00 00 00 00 00 00 00 00 00 00 00 00 00 00 00
[21:10:53.951] [EVT  ] 0xBF  (unknown – raw bytes above)
[21:10:54.510] [EVT  ] RAW: 07 BF 09 00 00 00 00 00 00 00 00 00 00 00 00 00 00 00 00 00 00 00 00 00 00 00 00 00 00 00 00 00 00 00 00 00 00 00 00 00 00 00 00 00 00 00 00 00 00 00 00 00 00 00 00 00 00 00 00 00 00 00 00 00
[21:10:54.510] [EVT  ] 0xBF  (unknown – raw bytes above)
[21:10:54.574] [EVT  ] RAW: 07 BF 0A 00 00 00 00 00 00 00 00 00 00 00 00 00 00 00 00 00 00 00 00 00 00 00 00 00 00 00 00 00 00 00 00 00 00 00 00 00 00 00 00 00 00 00 00 00 00 00 00 00 00 00 00 00 00 00 00 00 00 00 00 00
[21:10:54.574] [EVT  ] 0xBF  (unknown – raw bytes above)
[21:10:57.887] [EVT  ] RAW: 07 C1 04 00 00 00 00 00 00 00 00 00 00 00 00 00 00 00 00 00 00 00 00 00 00 00 00 00 00 00 00 00 00 00 00 00 00 00 00 00 00 00 00 00 00 00 00 00 00 00 00 00 00 00 00 00 00 00 00 00 00 00 00 00
[21:10:57.887] [EVT  ] 0xC1  (unknown – raw bytes above)
[21:10:57.982] [EVT  ] RAW: 07 C1 02 00 00 00 00 00 00 00 00 00 00 00 00 00 00 00 00 00 00 00 00 00 00 00 00 00 00 00 00 00 00 00 00 00 00 00 00 00 00 00 00 00 00 00 00 00 00 00 00 00 00 00 00 00 00 00 00 00 00 00 00 00
[21:10:57.983] [EVT  ] 0xC1  (unknown – raw bytes above)
[21:10:58.094] [EVT  ] RAW: 07 C1 00 00 00 00 00 00 00 00 00 00 00 00 00 00 00 00 00 00 00 00 00 00 00 00 00 00 00 00 00 00 00 00 00 00 00 00 00 00 00 00 00 00 00 00 00 00 00 00 00 00 00 00 00 00 00 00 00 00 00 00 00 00
[21:10:58.094] [EVT  ] 0xC1  (unknown – raw bytes above)
[21:10:58.814] [EVT  ] RAW: 07 C1 02 00 00 00 00 00 00 00 00 00 00 00 00 00 00 00 00 00 00 00 00 00 00 00 00 00 00 00 00 00 00 00 00 00 00 00 00 00 00 00 00 00 00 00 00 00 00 00 00 00 00 00 00 00 00 00 00 00 00 00 00 00
[21:10:58.814] [EVT  ] 0xC1  (unknown – raw bytes above)
[21:10:58.926] [EVT  ] RAW: 07 C1 04 00 00 00 00 00 00 00 00 00 00 00 00 00 00 00 00 00 00 00 00 00 00 00 00 00 00 00 00 00 00 00 00 00 00 00 00 00 00 00 00 00 00 00 00 00 00 00 00 00 00 00 00 00 00 00 00 00 00 00 00 00
[21:10:58.926] [EVT  ] 0xC1  (unknown – raw bytes above)
[21:10:59.023] [EVT  ] RAW: 07 C1 05 00 00 00 00 00 00 00 00 00 00 00 00 00 00 00 00 00 00 00 00 00 00 00 00 00 00 00 00 00 00 00 00 00 00 00 00 00 00 00 00 00 00 00 00 00 00 00 00 00 00 00 00 00 00 00 00 00 00 00 00 00
[21:10:59.023] [EVT  ] 0xC1  (unknown – raw bytes above)
[21:10:59.134] [EVT  ] RAW: 07 C1 06 00 00 00 00 00 00 00 00 00 00 00 00 00 00 00 00 00 00 00 00 00 00 00 00 00 00 00 00 00 00 00 00 00 00 00 00 00 00 00 00 00 00 00 00 00 00 00 00 00 00 00 00 00 00 00 00 00 00 00 00 00
[21:10:59.134] [EVT  ] 0xC1  (unknown – raw bytes above)
[21:10:59.821] [EVT  ] RAW: 07 C1 04 00 00 00 00 00 00 00 00 00 00 00 00 00 00 00 00 00 00 00 00 00 00 00 00 00 00 00 00 00 00 00 00 00 00 00 00 00 00 00 00 00 00 00 00 00 00 00 00 00 00 00 00 00 00 00 00 00 00 00 00 00
[21:10:59.821] [EVT  ] 0xC1  (unknown – raw bytes above)
[21:10:59.884] [EVT  ] RAW: 07 C1 03 00 00 00 00 00 00 00 00 00 00 00 00 00 00 00 00 00 00 00 00 00 00 00 00 00 00 00 00 00 00 00 00 00 00 00 00 00 00 00 00 00 00 00 00 00 00 00 00 00 00 00 00 00 00 00 00 00 00 00 00 00
[21:10:59.884] [EVT  ] 0xC1  (unknown – raw bytes above)
[21:11:00.478] [EVT  ] RAW: 07 C1 04 00 00 00 00 00 00 00 00 00 00 00 00 00 00 00 00 00 00 00 00 00 00 00 00 00 00 00 00 00 00 00 00 00 00 00 00 00 00 00 00 00 00 00 00 00 00 00 00 00 00 00 00 00 00 00 00 00 00 00 00 00
[21:11:00.478] [EVT  ] 0xC1  (unknown – raw bytes above)
[21:11:00.894] [EVT  ] RAW: 07 C1 05 00 00 00 00 00 00 00 00 00 00 00 00 00 00 00 00 00 00 00 00 00 00 00 00 00 00 00 00 00 00 00 00 00 00 00 00 00 00 00 00 00 00 00 00 00 00 00 00 00 00 00 00 00 00 00 00 00 00 00 00 00
[21:11:00.895] [EVT  ] 0xC1  (unknown – raw bytes above)
[21:11:12.893] 
[INFO ] Stopped by user.
