[22:18:19.147] [INFO ] Control handle opened  (0xFFC0): \\?\HID#VID_1038&PID_12E0&MI_04&Col01#8&26fe868d&0&0000#{4d1e55b2-f16f-11cf-88cb-001111000030}
[22:18:19.147] [INFO ] Events  handle opened  (0xFF00): \\?\HID#VID_1038&PID_12E0&MI_04&Col02#8&26fe868d&0&0001#{4d1e55b2-f16f-11cf-88cb-001111000030}
[22:18:19.147] 
[22:18:19.147] [INFO ] Sending candidate query commands (Nova 7X origin, verifying on Nova Pro)…
[22:18:19.147] [QUERY] TX  0xB0  status        (battery, partial decode – see HidCommands.md §6.1)
[22:18:19.147] [QUERY]     06 B0 00 00 00 00 00 00 00 00 00 00 00 00 00 00 00 00 00 00 00 00 00 00 00 00 00 00 00 00 00 00 00 00 00 00 00 00 00 00 00 00 00 00 00 00 00 00 00 00 00 00 00 00 00 00 00 00 00 00 00 00 00 00
[22:18:19.245] [QUERY] TX  0x20  mic / EQ      (gain level, sidetone raw, 10 EQ band values)
[22:18:19.245] [QUERY]     06 20 00 00 00 00 00 00 00 00 00 00 00 00 00 00 00 00 00 00 00 00 00 00 00 00 00 00 00 00 00 00 00 00 00 00 00 00 00 00 00 00 00 00 00 00 00 00 00 00 00 00 00 00 00 00 00 00 00 00 00 00 00 00
[22:18:19.341] [QUERY] TX  0x10  firmware ver  (ASCII string)
[22:18:19.344] [QUERY]     06 10 00 00 00 00 00 00 00 00 00 00 00 00 00 00 00 00 00 00 00 00 00 00 00 00 00 00 00 00 00 00 00 00 00 00 00 00 00 00 00 00 00 00 00 00 00 00 00 00 00 00 00 00 00 00 00 00 00 00 00 00 00 00
[22:18:19.439] [QUERY] TX  0x12  serial number (ASCII string)
[22:18:19.439] [QUERY]     06 12 00 00 00 00 00 00 00 00 00 00 00 00 00 00 00 00 00 00 00 00 00 00 00 00 00 00 00 00 00 00 00 00 00 00 00 00 00 00 00 00 00 00 00 00 00 00 00 00 00 00 00 00 00 00 00 00 00 00 00 00 00 00
[22:18:19.533] 
[22:18:19.533] [INFO ] Event loop active – interact with the headset. Ctrl+C to stop.
[22:18:19.533] [INFO ] Try: volume wheel, mute button, ANC button, ChatMix dial, gain button.
[22:18:19.533] 
[22:18:19.533] [CTRL ] RAW: 06 B0 00 00 01 00 04 00 08 00 02 0A 06 00 08 08 00 00 00 00 00 00 00 00 00 00 00 00 00 00 00 00 00 00 00 00 00 00 00 00 00 00 00 00 00 00 00 00 00 00 00 00 00 00 00 00 00 00 00 00 00 00 00 00
[22:18:19.534] [CTRL ] 0xB0  Status          → headset_bat=50%  dock_bat=0%  conn=2.4GHz  mic_mute=unmuted  anc=anc  [5]=0  [11]=0x0A
[22:18:19.597] [CTRL ] RAW: 06 20 01 20 02 00 00 14 14 14 14 14 14 14 14 14 14 0A 00 02 64 64 64 00 64 64 00 00 00 00 00 00 00 00 00 00 00 00 00 00 00 00 00 00 00 00 00 00 00 00 00 00 00 00 00 00 00 00 00 00 00 00 00 00
[22:18:19.597] [CTRL ] 0x20  Mic/EQ          → gain=high  mic_vol=10  sidetone=off  vol=43%  chatmix_game=100  chatmix_chat=100  [2]=0x01  eq_bands=[14 14 14 14 14 14 14 14 14 14]
[22:18:19.660] [CTRL ] RAW: 06 10 30 30 30 30 2E 30 30 33 2E 30 38 32 30 30 30 31 2E 30 33 31 2E 30 30 30 30 30 30 32 2E 30 30 32 2E 30 30 31 30 30 30 32 2E 30 30 31 2E 30 30 30 00 00 00 00 00 00 00 00 00 00 00 00 00 00
[22:18:19.661] [CTRL ] 0x10  Firmware        → '0000.003.0820001.031.0000002.002.0010002.001.000'
[22:18:19.723] [CTRL ] RAW: 06 12 36 31 35 32 30 34 38 33 31 33 32 32 32 35 30 30 37 34 37 00 00 00 00 00 00 00 00 00 00 00 00 00 00 00 00 00 00 00 00 00 00 00 00 00 00 00 00 00 00 00 00 00 00 00 00 00 00 00 00 00 00 00
[22:18:19.723] [CTRL ] 0x12  Serial          → '6152048313222500747'
[22:18:38.717] [EVT  ] RAW: 07 B7 04 08 08 00 00 00 00 00 00 00 00 00 00 00 00 00 00 00 00 00 00 00 00 00 00 00 00 00 00 00 00 00 00 00 00 00 00 00 00 00 00 00 00 00 00 00 00 00 00 00 00 00 00 00 00 00 00 00 00 00 00 00
[22:18:38.717] [EVT  ] 0xB7  Battery         → headset=50% dock=100%  [4]=0x08
[22:18:39.599] 
[INFO ] Stopped by user.
